******************************************************************************
                  TI ARM Linker Unix v18.12.4                  
******************************************************************************
>> Linked Fri Feb 28 19:05:20 2020

OUTPUT FILE NAME:   <bc_magnet_sensor_06_2020-02-18.out>
ENTRY POINT SYMBOL: "_c_int00_noargs"  address: 00003e49


MEMORY CONFIGURATION

         name            origin    length      used     unused   attr    fill
----------------------  --------  ---------  --------  --------  ----  --------
  FLASH                 00000000   00100000  0000414e  000fbeb2  R  X
  SRAM                  20000000   00040000  000056de  0003a922  RW X


SEGMENT ALLOCATION MAP

run origin  load origin   length   init length attrs members
----------  ----------- ---------- ----------- ----- -------
00000000    00000000    00004150   00004150    r-x
  00000000    00000000    00000208   00000208    r-- .intvecs
  00000208    00000208    000024b4   000024b4    r-- .const
  000026bc    000026bc    00001a52   00001a52    r-x .text
  00004110    00004110    00000040   00000040    r-- .cinit
20000000    20000000    000056e2   00000000    rw-
  20000000    20000000    0000026c   00000000    rw- .vtable
  20000270    20000270    00004e20   00000000    rw- .stack
  20005090    20005090    00000648   00000000    rw- .bss
  200056d8    200056d8    0000000a   00000000    rw- .data


SECTION ALLOCATION MAP

 output                                  attributes/
section   page    origin      length       input sections
--------  ----  ----------  ----------   ----------------
.intvecs   0    00000000    00000208     
                  00000000    00000208     tm4c1294ncpdt_startup_ccs.obj (.intvecs)

.const     0    00000208    000024b4     
                  00000208    00002000     lcd_functions.obj (.const:font_12_16)
                  00002208    000001b0     driverlib.lib : sysctl.obj (.const:g_pppui32XTALtoVCO)
                  000023b8    0000009c                   : interrupt.obj (.const:g_pui32Regs)
                  00002454    00000090                   : gpio.obj (.const:g_pui32GPIOBaseAddrs)
                  000024e4    0000006c                   : sysctl.obj (.const:g_pui32Xtals)
                  00002550    00000060                   : timer.obj (.const:g_ppui32TimerIntMap)
                  000025b0    00000040                   : timer.obj (.const:g_ppui32TimerIntMapSnowflake)
                  000025f0    00000040                   : uart.obj (.const:g_ppui32UARTIntMap)
                  00002630    00000040                   : uart.obj (.const:g_ppui32UARTIntMapSnowflake)
                  00002670    00000030                   : sysctl.obj (.const:g_sXTALtoMEMTIM)
                  000026a0    00000014                   : interrupt.obj (.const:g_pui32EnRegs)
                  000026b4    00000008                   : sysctl.obj (.const:g_pui32VCOFrequencies)

.text      0    000026bc    00001a52     
                  000026bc    000004e4     configuration.obj (.text)
                  00002ba0    000004dc     functions.obj (.text)
                  0000307c    00000358     lcd_functions.obj (.text)
                  000033d4    00000200     driverlib.lib : sysctl.obj (.text:SysCtlClockFreqSet)
                  000035d4    000001a0     Interrupt_handler.obj (.text)
                  00003774    00000132     driverlib.lib : gpio.obj (.text:GPIOPadConfigSet)
                  000038a6    0000009c     rtsv7M4_T_le_v4SPD16_eabi.lib : memcpy_t2.asm.obj (.text)
                  00003942    0000007a     driverlib.lib : adc.obj (.text:ADCSequenceStepConfigure)
                  000039bc    0000007a     rtsv7M4_T_le_v4SPD16_eabi.lib : memset_t2.asm.obj (.text)
                  00003a36    00000002     --HOLE-- [fill = 0]
                  00003a38    00000068     driverlib.lib : interrupt.obj (.text:IntEnable)
                  00003aa0    00000068     rtsv7M4_T_le_v4SPD16_eabi.lib : copy_decompress_lzss.c.obj (.text:decompress:lzss:__TI_decompress_lzss)
                  00003b08    00000060     driverlib.lib : timer.obj (.text:TimerConfigure)
                  00003b68    0000004e                   : adc.obj (.text:ADCSequenceConfigure)
                  00003bb6    00000002     --HOLE-- [fill = 0]
                  00003bb8    0000004c                   : gpio.obj (.text:GPIOPinConfigure)
                  00003c04    0000004c                   : timer.obj (.text:_TimerIntNumberGet)
                  00003c50    00000048                   : sysctl.obj (.text:_SysCtlFrequencyGet)
                  00003c98    00000046                   : uart.obj (.text:UARTConfigSetExpClk)
                  00003cde    00000002     --HOLE-- [fill = 0]
                  00003ce0    00000044     rtsv7M4_T_le_v4SPD16_eabi.lib : autoinit.c.obj (.text:__TI_auto_init_nobinit_nopinit:__TI_auto_init_nobinit_nopinit)
                  00003d24    00000044     main_06.obj (.text)
                  00003d68    00000040     driverlib.lib : uart.obj (.text:_UARTIntNumberGet)
                  00003da8    00000038                   : sysctl.obj (.text:SysCtlPeripheralReady)
                  00003de0    00000034                   : interrupt.obj (.text:IntRegister)
                  00003e14    00000034                   : sysctl.obj (.text:SysCtlPeripheralEnable)
                  00003e48    00000034     rtsv7M4_T_le_v4SPD16_eabi.lib : boot_cortex_m.c.obj (.text:_c_int00_noargs:_c_int00_noargs)
                  00003e7c    0000002e     driverlib.lib : adc.obj (.text:ADCIntStatus)
                  00003eaa    0000002c                   : gpio.obj (.text:GPIODirModeSet)
                  00003ed6    00000002     --HOLE-- [fill = 0]
                  00003ed8    00000024                   : interrupt.obj (.text:IntPrioritySet)
                  00003efc    00000020                   : uart.obj (.text:UARTDisable)
                  00003f1c    00000020                   : sysctl.obj (.text:_SysCtlMemTimingGet)
                  00003f3c    0000001e                   : adc.obj (.text:ADCSequenceDataGet)
                  00003f5a    00000018                   : adc.obj (.text:ADCProcessorTrigger)
                  00003f72    00000018                   : gpio.obj (.text:GPIOPinTypeGPIOOutput)
                  00003f8a    00000002     --HOLE-- [fill = 0]
                  00003f8c    00000018                   : timer.obj (.text:TimerDisable)
                  00003fa4    00000018                   : timer.obj (.text:TimerIntRegister)
                  00003fbc    00000018                   : uart.obj (.text:UARTIntRegister)
                  00003fd4    00000016                   : gpio.obj (.text:GPIOPinTypeUART)
                  00003fea    00000014                   : uart.obj (.text:UARTEnable)
                  00003ffe    00000014     rtsv7M4_T_le_v4SPD16_eabi.lib : strlen.c.obj (.text:strlen)
                  00004012    00000012     driverlib.lib : timer.obj (.text:TimerLoadSet)
                  00004024    00000010                   : interrupt.obj (.text:IntMasterEnable)
                  00004034    0000000e                   : adc.obj (.text:ADCSequenceEnable)
                  00004042    0000000e                   : timer.obj (.text:TimerEnable)
                  00004050    0000000e                   : uart.obj (.text:UARTCharPutNonBlocking)
                  0000405e    0000000e                   : uart.obj (.text:UARTCharsAvail)
                  0000406c    0000000e     rtsv7M4_T_le_v4SPD16_eabi.lib : copy_decompress_none.c.obj (.text:decompress:none:__TI_decompress_none)
                  0000407a    0000000c     driverlib.lib : cpu.obj (.text:CPUcpsie)
                  00004086    0000000c                   : uart.obj (.text:UARTTxIntModeSet)
                  00004092    0000000c     rtsv7M4_T_le_v4SPD16_eabi.lib : copy_zero_init.c.obj (.text:decompress:ZI:__TI_zero_init)
                  0000409e    0000000c     tm4c1294ncpdt_startup_ccs.obj (.text)
                  000040aa    0000000a     driverlib.lib : adc.obj (.text:ADCIntClear)
                  000040b4    0000000a                   : uart.obj (.text:UARTCharGet)
                  000040be    0000000a                   : uart.obj (.text:UARTFIFODisable)
                  000040c8    0000000a                   : uart.obj (.text:UARTFIFOEnable)
                  000040d2    0000000a                   : uart.obj (.text:UARTIntStatus)
                  000040dc    00000008                   : timer.obj (.text:TimerIntEnable)
                  000040e4    00000008                   : uart.obj (.text:UARTIntEnable)
                  000040ec    00000006                   : gpio.obj (.text:GPIOPinWrite)
                  000040f2    00000006                   : sysctl.obj (.text:SysCtlDelay)
                  000040f8    00000006                   : uart.obj (.text:UARTFIFOLevelSet)
                  000040fe    00000004                   : timer.obj (.text:TimerIntClear)
                  00004102    00000004                   : uart.obj (.text:UARTIntClear)
                  00004106    00000004     rtsv7M4_T_le_v4SPD16_eabi.lib : pre_init.c.obj (.text:_system_pre_init)
                  0000410a    00000004                                   : exit.c.obj (.text:abort:abort)

.cinit     0    00004110    00000040     
                  00004110    0000000c     (__TI_handler_table)
                  0000411c    00000004     --HOLE-- [fill = 0]
                  00004120    00000008     (.cinit..bss.load) [load image, compression = zero_init]
                  00004128    00000008     (.cinit..vtable.load) [load image, compression = zero_init]
                  00004130    00000007     (.cinit..data.load) [load image, compression = lzss]
                  00004137    00000001     --HOLE-- [fill = 0]
                  00004138    00000018     (__TI_cinit_table)

.init_array 
*          0    00000000    00000000     UNINITIALIZED

.vtable    0    20000000    0000026c     UNINITIALIZED
                  20000000    0000026c     driverlib.lib : interrupt.obj (.vtable)

.bss       0    20005090    00000648     UNINITIALIZED
                  20005090    00000100     (.common:CosResults)
                  20005190    00000100     (.common:SinResults)
                  20005290    00000080     (.common:CosOffset)
                  20005310    00000080     (.common:DiffCosResults)
                  20005390    00000080     (.common:DiffSinResults)
                  20005410    00000080     (.common:SinOffset)
                  20005490    00000080     (.common:negCosResults)
                  20005510    00000080     (.common:negSinResults)
                  20005590    00000080     (.common:posCosResults)
                  20005610    00000080     (.common:posSinResults)
                  20005690    00000020     (.common:ADCValues_SS0)
                  200056b0    00000010     (.common:ADCValues_SS1)
                  200056c0    00000010     (.common:ADCValues_SS2)
                  200056d0    00000004     (.common:SysClock)
                  200056d4    00000004     (.common:ucPtr)

.data      0    200056d8    0000000a     UNINITIALIZED
                  200056d8    00000008     Interrupt_handler.obj (.data)
                  200056e0    00000002     lcd_functions.obj (.data)

.stack     0    20000270    00004e20     UNINITIALIZED
                  20000270    00000004     rtsv7M4_T_le_v4SPD16_eabi.lib : boot_cortex_m.c.obj (.stack)
                  20000274    00004e1c     --HOLE--

MODULE SUMMARY

       Module                          code   ro data   rw data
       ------                          ----   -------   -------
    ./
       lcd_functions.obj               856    8192      2      
       functions.obj                   1244   0         1600   
       configuration.obj               1252   0         0      
       tm4c1294ncpdt_startup_ccs.obj   12     520       0      
       Interrupt_handler.obj           416    0         12     
       main_06.obj                     68     0         4      
    +--+-------------------------------+------+---------+---------+
       Total:                          3848   8712      1618   
                                                               
    /home/ole/ccs930/TivaWare_C_Series-2.1.4.178/driverlib/ccs/Debug/driverlib.lib
       sysctl.obj                      730    596       0      
       interrupt.obj                   208    176       620    
       gpio.obj                        478    144       0      
       uart.obj                        308    128       0      
       timer.obj                       264    160       0      
       adc.obj                         324    0         0      
       cpu.obj                         12     0         0      
    +--+-------------------------------+------+---------+---------+
       Total:                          2324   1204      620    
                                                               
    /home/ole/ccs930/ccs/tools/compiler/ti-cgt-arm_18.12.4.LTS/lib/rtsv7M4_T_le_v4SPD16_eabi.lib
       memcpy_t2.asm.obj               156    0         0      
       memset_t2.asm.obj               122    0         0      
       copy_decompress_lzss.c.obj      104    0         0      
       autoinit.c.obj                  68     0         0      
       boot_cortex_m.c.obj             52     0         0      
       strlen.c.obj                    20     0         0      
       copy_decompress_none.c.obj      14     0         0      
       copy_zero_init.c.obj            12     0         0      
       exit.c.obj                      4      0         0      
       pre_init.c.obj                  4      0         0      
    +--+-------------------------------+------+---------+---------+
       Total:                          556    0         0      
                                                               
       Stack:                          0      0         20000  
       Linker Generated:               0      59        0      
    +--+-------------------------------+------+---------+---------+
       Grand Total:                    6728   9975      22238  


LINKER GENERATED COPY TABLES

__TI_cinit_table @ 00004138 records: 3, size/record: 8, table size: 24
	.bss: load addr=00004120, load size=00000008 bytes, run addr=20005090, run size=00000648 bytes, compression=zero_init
	.vtable: load addr=00004128, load size=00000008 bytes, run addr=20000000, run size=0000026c bytes, compression=zero_init
	.data: load addr=00004130, load size=00000007 bytes, run addr=200056d8, run size=0000000a bytes, compression=lzss


LINKER GENERATED HANDLER TABLE

__TI_handler_table @ 00004110 records: 3, size/record: 4, table size: 12
	index: 0, handler: __TI_zero_init
	index: 1, handler: __TI_decompress_lzss
	index: 2, handler: __TI_decompress_none


GLOBAL SYMBOLS: SORTED ALPHABETICALLY BY Name 

address   name                          
-------   ----                          
000040ab  ADCIntClear                   
00003e7d  ADCIntStatus                  
00003f5b  ADCProcessorTrigger           
00003b69  ADCSequenceConfigure          
00003f3d  ADCSequenceDataGet            
00004035  ADCSequenceEnable             
00003943  ADCSequenceStepConfigure      
20005690  ADCValues_SS0                 
200056b0  ADCValues_SS1                 
200056c0  ADCValues_SS2                 
0000410b  C$$EXIT                       
0000407b  CPUcpsie                      
00002ec9  Computations                  
000026e1  ConfigureADC                  
00002877  ConfigureGPIO                 
00002939  ConfigureLCD                  
000028db  ConfigureTimer0               
00002809  ConfigureUART                 
20005290  CosOffset                     
20005090  CosResults                    
20005310  DiffCosResults                
20005390  DiffSinResults                
00003eab  GPIODirModeSet                
00003775  GPIOPadConfigSet              
00003bb9  GPIOPinConfigure              
00003f73  GPIOPinTypeGPIOOutput         
00003fd5  GPIOPinTypeUART               
000040ed  GPIOPinWrite                  
00002e03  GetADCValues                  
00003a39  IntEnable                     
00004025  IntMasterEnable               
00003ed9  IntPrioritySet                
00003de1  IntRegister                   
00002bb3  ReadArray                     
0000409f  ResetISR                      
00002ba1  SetUpTime                     
20005410  SinOffset                     
20005190  SinResults                    
200056d0  SysClock                      
000033d5  SysCtlClockFreqSet            
000040f3  SysCtlDelay                   
00003e15  SysCtlPeripheralEnable        
00003da9  SysCtlPeripheralReady         
000035d5  Timer0IntHandler              
00003b09  TimerConfigure                
00003f8d  TimerDisable                  
00004043  TimerEnable                   
000040ff  TimerIntClear                 
000040dd  TimerIntEnable                
00003fa5  TimerIntRegister              
00004013  TimerLoadSet                  
000040b5  UARTCharGet                   
00004051  UARTCharPutNonBlocking        
0000405f  UARTCharsAvail                
00003c99  UARTConfigSetExpClk           
00003efd  UARTDisable                   
00003feb  UARTEnable                    
000040bf  UARTFIFODisable               
000040c9  UARTFIFOEnable                
000040f9  UARTFIFOLevelSet              
00004103  UARTIntClear                  
000040e5  UARTIntEnable                 
00003651  UARTIntHandler                
00003fbd  UARTIntRegister               
000040d3  UARTIntStatus                 
00004087  UARTTxIntModeSet              
20005090  __STACK_END                   
00004e20  __STACK_SIZE                  
20000470  __STACK_TOP                   
00004138  __TI_CINIT_Base               
00004150  __TI_CINIT_Limit              
00004110  __TI_Handler_Table_Base       
0000411c  __TI_Handler_Table_Limit      
00003ce1  __TI_auto_init_nobinit_nopinit
00003aa1  __TI_decompress_lzss          
0000406d  __TI_decompress_none          
ffffffff  __TI_pprof_out_hndl           
ffffffff  __TI_prof_data_size           
ffffffff  __TI_prof_data_start          
00000000  __TI_static_base__            
00004093  __TI_zero_init                
000039bd  __aeabi_memclr                
000039bd  __aeabi_memclr4               
000039bd  __aeabi_memclr8               
000038a7  __aeabi_memcpy                
000038a7  __aeabi_memcpy4               
000038a7  __aeabi_memcpy8               
000039bf  __aeabi_memset                
000039bf  __aeabi_memset4               
000039bf  __aeabi_memset8               
ffffffff  __binit__                     
ffffffff  __c_args__                    
UNDEFED   __mpu_init                    
20000270  __stack                       
00003e49  _c_int00_noargs               
UNDEFED   _system_post_cinit            
00004107  _system_pre_init              
0000410b  abort                         
ffffffff  binit                         
00000208  font_12_16                    
20000000  g_pfnRAMVectors               
00000000  g_pfnVectors                  
200056d8  m                             
00003d25  main                          
000038a7  memcpy                        
000039c5  memset                        
200056dc  n                             
20005490  negCosResults                 
20005510  negSinResults                 
200056e0  offset                        
20005590  posCosResults                 
20005610  posSinResults                 
00003171  print_string                  
0000307d  screen_show_nr                
000030ad  screen_write_nr               
00003fff  strlen                        
200056d4  ucPtr                         
000026bd  wait                          
000030c7  write_char                    
000032d3  write_cmd_data                
000032b3  write_command                 
000032f3  write_data                    
00003339  write_position                
0000323d  write_screen_color            


GLOBAL SYMBOLS: SORTED BY Symbol Address 

address   name                          
-------   ----                          
00000000  __TI_static_base__            
00000000  g_pfnVectors                  
00000208  font_12_16                    
000026bd  wait                          
000026e1  ConfigureADC                  
00002809  ConfigureUART                 
00002877  ConfigureGPIO                 
000028db  ConfigureTimer0               
00002939  ConfigureLCD                  
00002ba1  SetUpTime                     
00002bb3  ReadArray                     
00002e03  GetADCValues                  
00002ec9  Computations                  
0000307d  screen_show_nr                
000030ad  screen_write_nr               
000030c7  write_char                    
00003171  print_string                  
0000323d  write_screen_color            
000032b3  write_command                 
000032d3  write_cmd_data                
000032f3  write_data                    
00003339  write_position                
000033d5  SysCtlClockFreqSet            
000035d5  Timer0IntHandler              
00003651  UARTIntHandler                
00003775  GPIOPadConfigSet              
000038a7  __aeabi_memcpy                
000038a7  __aeabi_memcpy4               
000038a7  __aeabi_memcpy8               
000038a7  memcpy                        
00003943  ADCSequenceStepConfigure      
000039bd  __aeabi_memclr                
000039bd  __aeabi_memclr4               
000039bd  __aeabi_memclr8               
000039bf  __aeabi_memset                
000039bf  __aeabi_memset4               
000039bf  __aeabi_memset8               
000039c5  memset                        
00003a39  IntEnable                     
00003aa1  __TI_decompress_lzss          
00003b09  TimerConfigure                
00003b69  ADCSequenceConfigure          
00003bb9  GPIOPinConfigure              
00003c99  UARTConfigSetExpClk           
00003ce1  __TI_auto_init_nobinit_nopinit
00003d25  main                          
00003da9  SysCtlPeripheralReady         
00003de1  IntRegister                   
00003e15  SysCtlPeripheralEnable        
00003e49  _c_int00_noargs               
00003e7d  ADCIntStatus                  
00003eab  GPIODirModeSet                
00003ed9  IntPrioritySet                
00003efd  UARTDisable                   
00003f3d  ADCSequenceDataGet            
00003f5b  ADCProcessorTrigger           
00003f73  GPIOPinTypeGPIOOutput         
00003f8d  TimerDisable                  
00003fa5  TimerIntRegister              
00003fbd  UARTIntRegister               
00003fd5  GPIOPinTypeUART               
00003feb  UARTEnable                    
00003fff  strlen                        
00004013  TimerLoadSet                  
00004025  IntMasterEnable               
00004035  ADCSequenceEnable             
00004043  TimerEnable                   
00004051  UARTCharPutNonBlocking        
0000405f  UARTCharsAvail                
0000406d  __TI_decompress_none          
0000407b  CPUcpsie                      
00004087  UARTTxIntModeSet              
00004093  __TI_zero_init                
0000409f  ResetISR                      
000040ab  ADCIntClear                   
000040b5  UARTCharGet                   
000040bf  UARTFIFODisable               
000040c9  UARTFIFOEnable                
000040d3  UARTIntStatus                 
000040dd  TimerIntEnable                
000040e5  UARTIntEnable                 
000040ed  GPIOPinWrite                  
000040f3  SysCtlDelay                   
000040f9  UARTFIFOLevelSet              
000040ff  TimerIntClear                 
00004103  UARTIntClear                  
00004107  _system_pre_init              
0000410b  C$$EXIT                       
0000410b  abort                         
00004110  __TI_Handler_Table_Base       
0000411c  __TI_Handler_Table_Limit      
00004138  __TI_CINIT_Base               
00004150  __TI_CINIT_Limit              
00004e20  __STACK_SIZE                  
20000000  g_pfnRAMVectors               
20000270  __stack                       
20000470  __STACK_TOP                   
20005090  CosResults                    
20005090  __STACK_END                   
20005190  SinResults                    
20005290  CosOffset                     
20005310  DiffCosResults                
20005390  DiffSinResults                
20005410  SinOffset                     
20005490  negCosResults                 
20005510  negSinResults                 
20005590  posCosResults                 
20005610  posSinResults                 
20005690  ADCValues_SS0                 
200056b0  ADCValues_SS1                 
200056c0  ADCValues_SS2                 
200056d0  SysClock                      
200056d4  ucPtr                         
200056d8  m                             
200056dc  n                             
200056e0  offset                        
ffffffff  __TI_pprof_out_hndl           
ffffffff  __TI_prof_data_size           
ffffffff  __TI_prof_data_start          
ffffffff  __binit__                     
ffffffff  __c_args__                    
ffffffff  binit                         
UNDEFED   __mpu_init                    
UNDEFED   _system_post_cinit            

[124 symbols]
