******************************************************************************
                  TI ARM Linker Unix v20.2.0                   
******************************************************************************
>> Linked Fri May 29 08:51:30 2020

OUTPUT FILE NAME:   <BP_TMR_sensor_array.out>
ENTRY POINT SYMBOL: "_c_int00_noargs"  address: 00007f11


MEMORY CONFIGURATION

         name            origin    length      used     unused   attr    fill
----------------------  --------  ---------  --------  --------  ----  --------
  FLASH                 00000000   00100000  0000ab46  000f54ba  R  X
  SRAM                  20000000   00040000  00006743  000398bd  RW X


SEGMENT ALLOCATION MAP

run origin  load origin   length   init length attrs members
----------  ----------- ---------- ----------- ----- -------
00000000    00000000    0000ab50   0000ab50    r-x
  00000000    00000000    00000208   00000208    r-- .intvecs
  00000208    00000208    0000810a   0000810a    r-x .text
  00008318    00008318    000027f4   000027f4    r-- .const
  0000ab10    0000ab10    00000040   00000040    r-- .cinit
20000000    20000000    000050a3   00000000    rw-
  20000000    20000000    0000026c   00000000    rw- .vtable
  20000270    20000270    00004e20   00000000    rw- .stack
  20005090    20005090    00000013   00000000    rw- .data
20005400    20005400    000016a4   00000000    rw-
  20005400    20005400    000016a4   00000000    rw- .bss


SECTION ALLOCATION MAP

 output                                  attributes/
section   page    origin      length       input sections
--------  ----  ----------  ----------   ----------------
.intvecs   0    00000000    00000208     
                  00000000    00000208     tm4c1294ncpdt_startup_ccs.obj (.intvecs)

.text      0    00000208    0000810a     
                  00000208    00002b38     lcd_functions.obj (.text)
                  00002d40    00000a4e     rtsv7M4_T_le_v4SPD16_eabi.lib : _printfi.c.obj (.text:__TI_printfi)
                  0000378e    00000002                                   : div0.asm.obj (.text)
                  00003790    000009c4     adc_functions.obj (.text)
                  00004154    00000738     rtsv7M4_T_le_v4SPD16_eabi.lib : k_rem_pio2.c.obj (.text:__kernel_rem_pio2)
                  0000488c    000005dc                                   : s_cos.c.obj (.text:cos)
                  00004e68    000005c4                                   : s_sin.c.obj (.text:sin)
                  0000542c    0000034c     uartDMA.obj (.text)
                  00005778    000002ec     rtsv7M4_T_le_v4SPD16_eabi.lib : s_atan.c.obj (.text:atan)
                  00005a64    00000270                                   : _printfi.c.obj (.text:_pconv_a)
                  00005cd4    00000200     driverlib.lib : sysctl.obj (.text:SysCtlClockFreqSet)
                  00005ed4    000001d8     rtsv7M4_T_le_v4SPD16_eabi.lib : e_atan2.c.obj (.text:atan2)
                  000060ac    000001d0                                   : _printfi.c.obj (.text:_pconv_g)
                  0000627c    000001b6                                   : fd_add_t2.asm.obj (.text)
                  00006432    00000002     --HOLE-- [fill = 0]
                  00006434    0000018c     main.obj (.text)
                  000065c0    00000174     rtsv7M4_T_le_v4SPD16_eabi.lib : k_sin.c.obj (.text:__kernel_sin)
                  00006734    0000016c                                   : k_cos.c.obj (.text:__kernel_cos)
                  000068a0    00000158                                   : e_sqrt.c.obj (.text:sqrt)
                  000069f8    0000013c                                   : _printfi.c.obj (.text:_pconv_e)
                  00006b34    00000136                                   : fd_div_t2.asm.obj (.text)
                  00006c6a    00000132     driverlib.lib : gpio.obj (.text:GPIOPadConfigSet)
                  00006d9c    00000124     rtsv7M4_T_le_v4SPD16_eabi.lib : _printfi.c.obj (.text:fcvt)
                  00006ec0    00000110                                   : s_scalbn.c.obj (.text:scalbn)
                  00006fd0    000000fc                                   : fd_mul_t2.asm.obj (.text)
                  000070cc    000000f8                                   : s_floor.c.obj (.text:floor)
                  000071c4    000000c0     debug_functions.obj (.text)
                  00007284    000000b1     rtsv7M4_T_le_v4SPD16_eabi.lib : _printfi.c.obj (.text:_ltostr)
                  00007335    00000001     --HOLE-- [fill = 0]
                  00007336    0000009c                                   : memcpy_t2.asm.obj (.text)
                  000073d2    00000096                                   : ull_div_t2.asm.obj (.text)
                  00007468    00000086                                   : fd_cmp_t2.asm.obj (.text:__aeabi_cdcmple)
                  000074ee    00000086                                   : fd_cmp_t2.asm.obj (.text:__aeabi_cdrcmple)
                  00007574    0000007c     driverlib.lib : udma.obj (.text:uDMAChannelTransferSet)
                  000075f0    0000007a                   : adc.obj (.text:ADCSequenceStepConfigure)
                  0000766a    0000007a     rtsv7M4_T_le_v4SPD16_eabi.lib : memset_t2.asm.obj (.text)
                  000076e4    0000006e                                   : _printfi.c.obj (.text:_mcpy)
                  00007752    00000002     --HOLE-- [fill = 0]
                  00007754    00000068     driverlib.lib : interrupt.obj (.text:IntEnable)
                  000077bc    00000068     rtsv7M4_T_le_v4SPD16_eabi.lib : copy_decompress_lzss.c.obj (.text:decompress:lzss:__TI_decompress_lzss)
                  00007824    00000064                                   : s_frexp.c.obj (.text:frexp)
                  00007888    00000064     timer_functions.obj (.text)
                  000078ec    00000060     driverlib.lib : timer.obj (.text:TimerConfigure)
                  0000794c    00000056     rtsv7M4_T_le_v4SPD16_eabi.lib : _printfi.c.obj (.text:_pconv_f)
                  000079a2    00000054                                   : _ltoa.c.obj (.text:__TI_ltoa)
                  000079f6    00000052                                   : _printfi.c.obj (.text:_ecpy)
                  00007a48    00000050     driverlib.lib : adc.obj (.text:_ADCIntNumberGet)
                  00007a98    0000004e                   : adc.obj (.text:ADCSequenceConfigure)
                  00007ae6    00000002     --HOLE-- [fill = 0]
                  00007ae8    0000004c                   : gpio.obj (.text:GPIOPinConfigure)
                  00007b34    0000004c                   : timer.obj (.text:_TimerIntNumberGet)
                  00007b80    0000004c     rtsv7M4_T_le_v4SPD16_eabi.lib : atoi.c.obj (.text:atoi)
                  00007bcc    00000048     driverlib.lib : sysctl.obj (.text:_SysCtlFrequencyGet)
                  00007c14    00000048     rtsv7M4_T_le_v4SPD16_eabi.lib : fd_toi_t2.asm.obj (.text)
                  00007c5c    00000048     driverlib.lib : udma.obj (.text:uDMAChannelAttributeDisable)
                  00007ca4    00000046                   : uart.obj (.text:UARTConfigSetExpClk)
                  00007cea    00000002     --HOLE-- [fill = 0]
                  00007cec    00000044     rtsv7M4_T_le_v4SPD16_eabi.lib : autoinit.c.obj (.text:__TI_auto_init_nobinit_nopinit:__TI_auto_init_nobinit_nopinit)
                  00007d30    00000044     driverlib.lib : udma.obj (.text:uDMAChannelAttributeEnable)
                  00007d74    00000040                   : uart.obj (.text:_UARTIntNumberGet)
                  00007db4    00000040     rtsv7M4_T_le_v4SPD16_eabi.lib : sprintf.c.obj (.text:sprintf)
                  00007df4    0000003e                                   : _printfi.c.obj (.text:_fcpy)
                  00007e32    00000002     --HOLE-- [fill = 0]
                  00007e34    0000003c     EEPROM_functions.obj (.text)
                  00007e70    00000038     driverlib.lib : sysctl.obj (.text:SysCtlPeripheralReady)
                  00007ea8    00000034                   : interrupt.obj (.text:IntRegister)
                  00007edc    00000034                   : sysctl.obj (.text:SysCtlPeripheralEnable)
                  00007f10    00000034     rtsv7M4_T_le_v4SPD16_eabi.lib : boot_cortex_m.c.obj (.text:_c_int00_noargs:_c_int00_noargs)
                  00007f44    0000002e                                   : i_tofd_t2.asm.obj (.text)
                  00007f72    0000002c     driverlib.lib : gpio.obj (.text:GPIODirModeSet)
                  00007f9e    00000002     --HOLE-- [fill = 0]
                  00007fa0    0000002c                   : udma.obj (.text:uDMAChannelAssign)
                  00007fcc    00000024                   : interrupt.obj (.text:IntPrioritySet)
                  00007ff0    00000024                   : udma.obj (.text:uDMAChannelControlSet)
                  00008014    00000020                   : uart.obj (.text:UARTDisable)
                  00008034    00000020                   : sysctl.obj (.text:_SysCtlMemTimingGet)
                  00008054    0000001e                   : adc.obj (.text:ADCSequenceDataGet)
                  00008072    0000001c     rtsv7M4_T_le_v4SPD16_eabi.lib : memccpy.c.obj (.text:memccpy)
                  0000808e    0000001a                                   : s_copysign.c.obj (.text:copysign)
                  000080a8    00000018     driverlib.lib : adc.obj (.text:ADCIntRegister)
                  000080c0    00000018                   : adc.obj (.text:ADCProcessorTrigger)
                  000080d8    00000018                   : gpio.obj (.text:GPIOPinTypeGPIOOutput)
                  000080f0    00000018                   : timer.obj (.text:TimerIntRegister)
                  00008108    00000018                   : uart.obj (.text:UARTIntRegister)
                  00008120    00000018     rtsv7M4_T_le_v4SPD16_eabi.lib : sprintf.c.obj (.text:_outs)
                  00008138    00000018     driverlib.lib : udma.obj (.text:uDMAChannelEnable)
                  00008150    00000016                   : gpio.obj (.text:GPIOPinTypeUART)
                  00008166    00000016     rtsv7M4_T_le_v4SPD16_eabi.lib : strchr.c.obj (.text:strchr)
                  0000817c    00000014     driverlib.lib : uart.obj (.text:UARTEnable)
                  00008190    00000014     rtsv7M4_T_le_v4SPD16_eabi.lib : strlen.c.obj (.text:strlen)
                  000081a4    00000012     driverlib.lib : timer.obj (.text:TimerLoadSet)
                  000081b6    00000012     rtsv7M4_T_le_v4SPD16_eabi.lib : wcslen.c.obj (.text:wcslen)
                  000081c8    00000010     driverlib.lib : adc.obj (.text:ADCIntEnable)
                  000081d8    00000010                   : interrupt.obj (.text:IntMasterDisable)
                  000081e8    00000010                   : interrupt.obj (.text:IntMasterEnable)
                  000081f8    00000010                   : udma.obj (.text:uDMAEnable)
                  00008208    0000000e                   : adc.obj (.text:ADCHardwareOversampleConfigure)
                  00008216    0000000e                   : adc.obj (.text:ADCSequenceEnable)
                  00008224    0000000e                   : timer.obj (.text:TimerEnable)
                  00008232    0000000e                   : uart.obj (.text:UARTCharGetNonBlocking)
                  00008240    0000000e                   : uart.obj (.text:UARTCharPutNonBlocking)
                  0000824e    0000000e                   : uart.obj (.text:UARTCharsAvail)
                  0000825c    0000000e     rtsv7M4_T_le_v4SPD16_eabi.lib : copy_decompress_none.c.obj (.text:decompress:none:__TI_decompress_none)
                  0000826a    0000000c     driverlib.lib : cpu.obj (.text:CPUcpsid)
                  00008276    0000000c                   : cpu.obj (.text:CPUcpsie)
                  00008282    0000000c     rtsv7M4_T_le_v4SPD16_eabi.lib : copy_zero_init.c.obj (.text:decompress:ZI:__TI_zero_init)
                  0000828e    0000000c     tm4c1294ncpdt_startup_ccs.obj (.text)
                  0000829a    00000002     --HOLE-- [fill = 0]
                  0000829c    0000000c     driverlib.lib : udma.obj (.text:uDMAControlBaseSet)
                  000082a8    0000000a                   : adc.obj (.text:ADCIntClear)
                  000082b2    0000000a                   : uart.obj (.text:UARTFIFOEnable)
                  000082bc    0000000a                   : uart.obj (.text:UARTIntStatus)
                  000082c6    0000000a     rtsv7M4_T_le_v4SPD16_eabi.lib : sprintf.c.obj (.text:_outc)
                  000082d0    00000008     driverlib.lib : timer.obj (.text:TimerIntEnable)
                  000082d8    00000008                   : uart.obj (.text:UARTDMAEnable)
                  000082e0    00000008                   : uart.obj (.text:UARTIntEnable)
                  000082e8    00000008     rtsv7M4_T_le_v4SPD16_eabi.lib : errno.c.obj (.text:__aeabi_errno_addr)
                  000082f0    00000006     driverlib.lib : gpio.obj (.text:GPIOPinWrite)
                  000082f6    00000006                   : sysctl.obj (.text:SysCtlDelay)
                  000082fc    00000006                   : uart.obj (.text:UARTFIFOLevelSet)
                  00008302    00000004                   : timer.obj (.text:TimerIntClear)
                  00008306    00000004                   : uart.obj (.text:UARTIntClear)
                  0000830a    00000004     rtsv7M4_T_le_v4SPD16_eabi.lib : pre_init.c.obj (.text:_system_pre_init)
                  0000830e    00000004                                   : exit.c.obj (.text:abort:abort)

.const     0    00008318    000027f4     
                  00008318    00002000     lcd_functions.obj (.const:font_12_16)
                  0000a318    000001b0     driverlib.lib : sysctl.obj (.const:g_pppui32XTALtoVCO)
                  0000a4c8    00000158     rtsv7M4_T_le_v4SPD16_eabi.lib : k_rem_pio2.c.obj (.const:$O1$$)
                  0000a620    00000101                                   : ctype.c.obj (.const:.string:_ctypes_)
                  0000a721    00000003     --HOLE-- [fill = 0]
                  0000a724    0000009c     driverlib.lib : interrupt.obj (.const:g_pui32Regs)
                  0000a7c0    00000098     rtsv7M4_T_le_v4SPD16_eabi.lib : s_atan.c.obj (.const:$O1$$)
                  0000a858    00000090     driverlib.lib : gpio.obj (.const:g_pui32GPIOBaseAddrs)
                  0000a8e8    0000006c                   : sysctl.obj (.const:g_pui32Xtals)
                  0000a954    00000060                   : timer.obj (.const:g_ppui32TimerIntMap)
                  0000a9b4    00000040                   : timer.obj (.const:g_ppui32TimerIntMapSnowflake)
                  0000a9f4    00000040                   : uart.obj (.const:g_ppui32UARTIntMap)
                  0000aa34    00000040                   : uart.obj (.const:g_ppui32UARTIntMapSnowflake)
                  0000aa74    00000030                   : sysctl.obj (.const:g_sXTALtoMEMTIM)
                  0000aaa4    00000014                   : interrupt.obj (.const:g_pui32EnRegs)
                  0000aab8    00000008                   : sysctl.obj (.const:g_pui32VCOFrequencies)
                  0000aac0    00000004     lcd_functions.obj (.const:$P$T10$5)
                  0000aac4    00000004     lcd_functions.obj (.const:$P$T11$6)
                  0000aac8    00000004     lcd_functions.obj (.const:$P$T12$7)
                  0000aacc    00000004     lcd_functions.obj (.const:$P$T14$8)
                  0000aad0    00000004     lcd_functions.obj (.const:$P$T16$9)
                  0000aad4    00000004     lcd_functions.obj (.const:$P$T18$10)
                  0000aad8    00000004     lcd_functions.obj (.const:$P$T23$11)
                  0000aadc    00000004     lcd_functions.obj (.const:$P$T24$12)
                  0000aae0    00000004     lcd_functions.obj (.const:$P$T25$13)
                  0000aae4    00000004     lcd_functions.obj (.const:$P$T26$14)
                  0000aae8    00000004     lcd_functions.obj (.const:$P$T29$15)
                  0000aaec    00000004     lcd_functions.obj (.const:$P$T30$16)
                  0000aaf0    00000004     lcd_functions.obj (.const:$P$T32$17)
                  0000aaf4    00000004     lcd_functions.obj (.const:$P$T36$18)
                  0000aaf8    00000004     lcd_functions.obj (.const:$P$T37$19)
                  0000aafc    00000004     lcd_functions.obj (.const:$P$T38$20)
                  0000ab00    00000004     lcd_functions.obj (.const:$P$T4$2)
                  0000ab04    00000004     lcd_functions.obj (.const:$P$T5$3)
                  0000ab08    00000004     lcd_functions.obj (.const:$P$T6$4)

.cinit     0    0000ab10    00000040     
                  0000ab10    0000000c     (__TI_handler_table)
                  0000ab1c    00000009     (.cinit..data.load) [load image, compression = lzss]
                  0000ab25    00000003     --HOLE-- [fill = 0]
                  0000ab28    00000008     (.cinit..bss.load) [load image, compression = zero_init]
                  0000ab30    00000008     (.cinit..vtable.load) [load image, compression = zero_init]
                  0000ab38    00000018     (__TI_cinit_table)

.init_array 
*          0    00000000    00000000     UNINITIALIZED

.vtable    0    20000000    0000026c     UNINITIALIZED
                  20000000    0000026c     driverlib.lib : interrupt.obj (.vtable)

.data      0    20005090    00000013     UNINITIALIZED
                  20005090    00000009     uartDMA.obj (.data:stepperMotorCommand$1)
                  20005099    00000001     --HOLE--
                  2000509a    00000002     main.obj (.data)
                  2000509c    00000004     rtsv7M4_T_le_v4SPD16_eabi.lib : errno.c.obj (.data)
                  200050a0    00000003     lcd_functions.obj (.data)

.bss       0    20005400    000016a4     UNINITIALIZED
                  20005400    00000c00     (.common:color)
                  20006000    00000400     (.common:pui8ControlTable)
                  20006400    00000282     (.common:sensor)
                  20006682    00000100     adc_functions.obj (.bss:CosResults)
                  20006782    00000100     adc_functions.obj (.bss:SinResults)
                  20006882    00000080     (.common:CosOffset)
                  20006902    00000080     (.common:SinOffset)
                  20006982    00000080     (.common:oldDiffCosResults)
                  20006a02    00000080     (.common:oldDiffSinResults)
                  20006a82    00000001     (.common:commandFromTouch)
                  20006a83    00000001     --HOLE--
                  20006a84    0000000c     (.common:setting)
                  20006a90    00000008     uartDMA.obj (.bss:UART0receive)
                  20006a98    00000004     main.obj (.bss)
                  20006a9c    00000004     (.common:backColor)
                  20006aa0    00000004     (.common:settings)

.stack     0    20000270    00004e20     UNINITIALIZED
                  20000270    00000004     rtsv7M4_T_le_v4SPD16_eabi.lib : boot_cortex_m.c.obj (.stack)
                  20000274    00004e1c     --HOLE--

__llvm_prf_cnts 
*          0    20000000    00000000     UNINITIALIZED

MODULE SUMMARY

       Module                          code    ro data   rw data
       ------                          ----    -------   -------
    ./
       lcd_functions.obj               11064   8268      3335   
       adc_functions.obj               2500    0         768    
       uartDMA.obj                     844     0         1041   
       main.obj                        396     0         653    
       tm4c1294ncpdt_startup_ccs.obj   12      520       0      
       debug_functions.obj             192     0         0      
       timer_functions.obj             100     0         0      
       EEPROM_functions.obj            60      0         12     
    +--+-------------------------------+-------+---------+---------+
       Total:                          15168   8788      5809   
                                                                
    /home/ole/CodeComposerStudio10/TivaWare_C_Series-2.1.4.178/driverlib/ccs/Debug/driverlib.lib
       sysctl.obj                      730     596       0      
       interrupt.obj                   224     176       620    
       gpio.obj                        478     144       0      
       uart.obj                        298     128       0      
       adc.obj                         412     0         0      
       timer.obj                       240     160       0      
       udma.obj                        396     0         0      
       cpu.obj                         24      0         0      
    +--+-------------------------------+-------+---------+---------+
       Total:                          2802    1204      620    
                                                                
    /home/ole/CodeComposerStudio10/ccs/tools/compiler/ti-cgt-arm_20.2.0.LTS/lib/rtsv7M4_T_le_v4SPD16_eabi.lib
       _printfi.c.obj                  4851    0         0      
       k_rem_pio2.c.obj                1848    344       0      
       s_cos.c.obj                     1500    0         0      
       s_sin.c.obj                     1476    0         0      
       s_atan.c.obj                    748     152       0      
       e_atan2.c.obj                   472     0         0      
       fd_add_t2.asm.obj               438     0         0      
       k_sin.c.obj                     372     0         0      
       k_cos.c.obj                     364     0         0      
       e_sqrt.c.obj                    344     0         0      
       fd_div_t2.asm.obj               310     0         0      
       s_scalbn.c.obj                  272     0         0      
       fd_cmp_t2.asm.obj               268     0         0      
       ctype.c.obj                     0       257       0      
       fd_mul_t2.asm.obj               252     0         0      
       s_floor.c.obj                   248     0         0      
       memcpy_t2.asm.obj               156     0         0      
       ull_div_t2.asm.obj              150     0         0      
       memset_t2.asm.obj               122     0         0      
       copy_decompress_lzss.c.obj      104     0         0      
       s_frexp.c.obj                   100     0         0      
       sprintf.c.obj                   98      0         0      
       _ltoa.c.obj                     84      0         0      
       atoi.c.obj                      76      0         0      
       fd_toi_t2.asm.obj               72      0         0      
       autoinit.c.obj                  68      0         0      
       boot_cortex_m.c.obj             52      0         0      
       i_tofd_t2.asm.obj               46      0         0      
       memccpy.c.obj                   28      0         0      
       s_copysign.c.obj                26      0         0      
       strchr.c.obj                    22      0         0      
       strlen.c.obj                    20      0         0      
       wcslen.c.obj                    18      0         0      
       copy_decompress_none.c.obj      14      0         0      
       copy_zero_init.c.obj            12      0         0      
       errno.c.obj                     8       0         4      
       exit.c.obj                      4       0         0      
       pre_init.c.obj                  4       0         0      
       div0.asm.obj                    2       0         0      
    +--+-------------------------------+-------+---------+---------+
       Total:                          15049   753       4      
                                                                
       Stack:                          0       0         20000  
       Linker Generated:               0       61        0      
    +--+-------------------------------+-------+---------+---------+
       Grand Total:                    33019   10806     26433  


LINKER GENERATED COPY TABLES

__TI_cinit_table @ 0000ab38 records: 3, size/record: 8, table size: 24
	.data: load addr=0000ab1c, load size=00000009 bytes, run addr=20005090, run size=00000013 bytes, compression=lzss
	.bss: load addr=0000ab28, load size=00000008 bytes, run addr=20005400, run size=000016a4 bytes, compression=zero_init
	.vtable: load addr=0000ab30, load size=00000008 bytes, run addr=20000000, run size=0000026c bytes, compression=zero_init


LINKER GENERATED HANDLER TABLE

__TI_handler_table @ 0000ab10 records: 3, size/record: 4, table size: 12
	index: 0, handler: __TI_zero_init
	index: 1, handler: __TI_decompress_lzss
	index: 2, handler: __TI_decompress_none


GLOBAL SYMBOLS: SORTED ALPHABETICALLY BY Name 

address   name                          
-------   ----                          
000064cf  ADC1IntHandler                
00008209  ADCHardwareOversampleConfigure
000082a9  ADCIntClear                   
000081c9  ADCIntEnable                  
000080a9  ADCIntRegister                
000080c1  ADCProcessorTrigger           
00007a99  ADCSequenceConfigure          
00008055  ADCSequenceDataGet            
00008217  ADCSequenceEnable             
000075f1  ADCSequenceStepConfigure      
0000830f  C$$EXIT                       
0000826b  CPUcpsid                      
00008277  CPUcpsie                      
00003fe9  ConfigureADC                  
0000725b  ConfigureDebugGPIO            
000028c9  ConfigureLCD5Inch             
00002ab7  ConfigureLCD7Inch             
00007895  ConfigureTimer0               
00005655  ConfigureUART0                
000056d1  ConfigureUART2                
20006882  CosOffset                     
00007f73  GPIODirModeSet                
00006c6b  GPIOPadConfigSet              
00007ae9  GPIOPinConfigure              
000080d9  GPIOPinTypeGPIOOutput         
00008151  GPIOPinTypeUART               
000082f1  GPIOPinWrite                  
00007755  IntEnable                     
000081d9  IntMasterDisable              
000081e9  IntMasterEnable               
00007fcd  IntPrioritySet                
00007ea9  IntRegister                   
0000828f  ResetISR                      
20006902  SinOffset                     
00005cd5  SysCtlClockFreqSet            
000082f7  SysCtlDelay                   
00007edd  SysCtlPeripheralEnable        
00007e71  SysCtlPeripheralReady         
00006485  Timer0IntHandler              
000078ed  TimerConfigure                
00008225  TimerEnable                   
00008303  TimerIntClear                 
000082d1  TimerIntEnable                
000080f1  TimerIntRegister              
000081a5  TimerLoadSet                  
0000542d  UART0ClearInterrupt           
00006521  UART0IntHandler               
0000554d  UART2IntHandler               
00008233  UARTCharGetNonBlocking        
00008241  UARTCharPutNonBlocking        
0000824f  UARTCharsAvail                
00007ca5  UARTConfigSetExpClk           
000082d9  UARTDMAEnable                 
00008015  UARTDisable                   
0000817d  UARTEnable                    
000082b3  UARTFIFOEnable                
000082fd  UARTFIFOLevelSet              
0000543b  UARTGetIntStatus              
00008307  UARTIntClear                  
000082e1  UARTIntEnable                 
00008109  UARTIntRegister               
000082bd  UARTIntStatus                 
20005090  __STACK_END                   
00004e20  __STACK_SIZE                  
20000470  __STACK_TOP                   
0000ab38  __TI_CINIT_Base               
0000ab50  __TI_CINIT_Limit              
0000ab10  __TI_Handler_Table_Base       
0000ab1c  __TI_Handler_Table_Limit      
00007ced  __TI_auto_init_nobinit_nopinit
000077bd  __TI_decompress_lzss          
0000825d  __TI_decompress_none          
000079a3  __TI_ltoa                     
ffffffff  __TI_pprof_out_hndl           
00002d41  __TI_printfi                  
ffffffff  __TI_prof_data_size           
ffffffff  __TI_prof_data_start          
00000000  __TI_static_base__            
00008283  __TI_zero_init                
00007469  __aeabi_cdcmpeq               
00007469  __aeabi_cdcmple               
000074ef  __aeabi_cdrcmple              
00007c15  __aeabi_d2iz                  
00006287  __aeabi_dadd                  
00006b35  __aeabi_ddiv                  
00006fd1  __aeabi_dmul                  
0000627d  __aeabi_dsub                  
000082e9  __aeabi_errno_addr            
00007f45  __aeabi_i2d                   
0000378f  __aeabi_idiv0                 
0000378f  __aeabi_ldiv0                 
0000766b  __aeabi_memclr                
0000766b  __aeabi_memclr4               
0000766b  __aeabi_memclr8               
00007337  __aeabi_memcpy                
00007337  __aeabi_memcpy4               
00007337  __aeabi_memcpy8               
0000766d  __aeabi_memset                
0000766d  __aeabi_memset4               
0000766d  __aeabi_memset8               
000073d3  __aeabi_uldivmod              
ffffffff  __binit__                     
ffffffff  __c_args__                    
00006735  __kernel_cos                  
00004155  __kernel_rem_pio2             
000065c1  __kernel_sin                  
UNDEFED   __mpu_init                    
20000270  __stack                       
20000000  __start___llvm_prf_cnts       
20000000  __stop___llvm_prf_cnts        
00007f11  _c_int00_noargs               
0000a620  _ctypes_                      
UNDEFED   _system_post_cinit            
0000830b  _system_pre_init              
0000830f  abort                         
000037ad  adcIntClear                   
00005779  atan                          
00005ed5  atan2                         
00005ed5  atan2l                        
00005779  atanl                         
00007b81  atoi                          
20006a9c  backColor                     
ffffffff  binit                         
20005400  color                         
20006a82  commandFromTouch              
00003aad  computeArrows                 
000055eb  configureUartUDMA             
0000808f  copysign                      
0000808f  copysignl                     
0000488d  cos                           
0000488d  cosl                          
00000839  drawDisplay5Inch              
00000a55  drawDisplay7Inch              
2000509c  errno                         
000070cd  floor                         
000070cd  floorl                        
00007825  frexp                         
00007825  frexpl                        
20000000  g_pfnRAMVectors               
00000000  g_pfnVectors                  
00000377  generateColors                
000037ef  getADCHardwareAveraging       
0000546b  getMaxArrowLength             
0000544b  getRelativeAbsoluteSetting    
00005447  getUART0RxData                
00006ec1  ldexp                         
00006ec1  ldexpl                        
00007e35  loadSettings                  
00006435  main                          
00008073  memccpy                       
00007337  memcpy                        
00007673  memset                        
0000720f  offLED                        
00007241  offOszi                       
200050a0  offset                        
20006982  oldDiffCosResults             
20006a02  oldDiffSinResults             
000071f7  onLED                         
00007227  onOszi                        
0000548b  prepareNextReceiveDMA         
0000048d  printString                   
20006000  pui8ControlTable              
00000367  readTouchscreen               
0000556f  receiveDataFromMotor          
00007e63  saveSettings                  
00006ec1  scalbn                        
00006ec1  scalbnl                       
000054c7  sendCommandToMotor            
000054a5  sendUARTDMA                   
20006400  sensor                        
000006a3  setLCDBackgroundColor         
000037b9  setMultiplexer                
20006a84  setting                       
20006aa0  settings                      
00004e69  sin                           
00004e69  sinl                          
00007db5  sprintf                       
000068a1  sqrt                          
000068a1  sqrtl                         
00003791  startADConversion             
0000381f  storeArraySensorData          
00008167  strchr                        
00008191  strlen                        
00007889  timer0IntClear                
000071c5  toggleLED                     
000071dd  toggleOszi                    
00007fa1  uDMAChannelAssign             
00007c5d  uDMAChannelAttributeDisable   
00007d31  uDMAChannelAttributeEnable    
00007ff1  uDMAChannelControlSet         
00008139  uDMAChannelEnable             
00007575  uDMAChannelTransferSet        
0000829d  uDMAControlBaseSet            
000081f9  uDMAEnable                    
000081b7  wcslen                        
000005c1  writeChar                     
00000ca9  writeCmdData                  
00000c89  writeCommand                  
00000cc9  writeData                     
00000209  writeInfos                    
00000dc5  writeLine                     
0000210d  writeLine0Degree              
000021b5  writeLine180Degree            
00002209  writeLine270Degree            
00002161  writeLine90Degree             
00002265  writeLineQuadrant1_I          
0000233d  writeLineQuadrant1_II         
00002403  writeLineQuadrant2_I          
000024c9  writeLineQuadrant2_II         
000025a1  writeLineQuadrant3_I          
00002667  writeLineQuadrant3_II         
0000272d  writeLineQuadrant4_I          
000027f3  writeLineQuadrant4_II         
00000d15  writePosition                 
0000072d  writeRecangle                 
000007af  writeScreenColor7INCH         


GLOBAL SYMBOLS: SORTED BY Symbol Address 

address   name                          
-------   ----                          
00000000  __TI_static_base__            
00000000  g_pfnVectors                  
00000209  writeInfos                    
00000367  readTouchscreen               
00000377  generateColors                
0000048d  printString                   
000005c1  writeChar                     
000006a3  setLCDBackgroundColor         
0000072d  writeRecangle                 
000007af  writeScreenColor7INCH         
00000839  drawDisplay5Inch              
00000a55  drawDisplay7Inch              
00000c89  writeCommand                  
00000ca9  writeCmdData                  
00000cc9  writeData                     
00000d15  writePosition                 
00000dc5  writeLine                     
0000210d  writeLine0Degree              
00002161  writeLine90Degree             
000021b5  writeLine180Degree            
00002209  writeLine270Degree            
00002265  writeLineQuadrant1_I          
0000233d  writeLineQuadrant1_II         
00002403  writeLineQuadrant2_I          
000024c9  writeLineQuadrant2_II         
000025a1  writeLineQuadrant3_I          
00002667  writeLineQuadrant3_II         
0000272d  writeLineQuadrant4_I          
000027f3  writeLineQuadrant4_II         
000028c9  ConfigureLCD5Inch             
00002ab7  ConfigureLCD7Inch             
00002d41  __TI_printfi                  
0000378f  __aeabi_idiv0                 
0000378f  __aeabi_ldiv0                 
00003791  startADConversion             
000037ad  adcIntClear                   
000037b9  setMultiplexer                
000037ef  getADCHardwareAveraging       
0000381f  storeArraySensorData          
00003aad  computeArrows                 
00003fe9  ConfigureADC                  
00004155  __kernel_rem_pio2             
0000488d  cos                           
0000488d  cosl                          
00004e20  __STACK_SIZE                  
00004e69  sin                           
00004e69  sinl                          
0000542d  UART0ClearInterrupt           
0000543b  UARTGetIntStatus              
00005447  getUART0RxData                
0000544b  getRelativeAbsoluteSetting    
0000546b  getMaxArrowLength             
0000548b  prepareNextReceiveDMA         
000054a5  sendUARTDMA                   
000054c7  sendCommandToMotor            
0000554d  UART2IntHandler               
0000556f  receiveDataFromMotor          
000055eb  configureUartUDMA             
00005655  ConfigureUART0                
000056d1  ConfigureUART2                
00005779  atan                          
00005779  atanl                         
00005cd5  SysCtlClockFreqSet            
00005ed5  atan2                         
00005ed5  atan2l                        
0000627d  __aeabi_dsub                  
00006287  __aeabi_dadd                  
00006435  main                          
00006485  Timer0IntHandler              
000064cf  ADC1IntHandler                
00006521  UART0IntHandler               
000065c1  __kernel_sin                  
00006735  __kernel_cos                  
000068a1  sqrt                          
000068a1  sqrtl                         
00006b35  __aeabi_ddiv                  
00006c6b  GPIOPadConfigSet              
00006ec1  ldexp                         
00006ec1  ldexpl                        
00006ec1  scalbn                        
00006ec1  scalbnl                       
00006fd1  __aeabi_dmul                  
000070cd  floor                         
000070cd  floorl                        
000071c5  toggleLED                     
000071dd  toggleOszi                    
000071f7  onLED                         
0000720f  offLED                        
00007227  onOszi                        
00007241  offOszi                       
0000725b  ConfigureDebugGPIO            
00007337  __aeabi_memcpy                
00007337  __aeabi_memcpy4               
00007337  __aeabi_memcpy8               
00007337  memcpy                        
000073d3  __aeabi_uldivmod              
00007469  __aeabi_cdcmpeq               
00007469  __aeabi_cdcmple               
000074ef  __aeabi_cdrcmple              
00007575  uDMAChannelTransferSet        
000075f1  ADCSequenceStepConfigure      
0000766b  __aeabi_memclr                
0000766b  __aeabi_memclr4               
0000766b  __aeabi_memclr8               
0000766d  __aeabi_memset                
0000766d  __aeabi_memset4               
0000766d  __aeabi_memset8               
00007673  memset                        
00007755  IntEnable                     
000077bd  __TI_decompress_lzss          
00007825  frexp                         
00007825  frexpl                        
00007889  timer0IntClear                
00007895  ConfigureTimer0               
000078ed  TimerConfigure                
000079a3  __TI_ltoa                     
00007a99  ADCSequenceConfigure          
00007ae9  GPIOPinConfigure              
00007b81  atoi                          
00007c15  __aeabi_d2iz                  
00007c5d  uDMAChannelAttributeDisable   
00007ca5  UARTConfigSetExpClk           
00007ced  __TI_auto_init_nobinit_nopinit
00007d31  uDMAChannelAttributeEnable    
00007db5  sprintf                       
00007e35  loadSettings                  
00007e63  saveSettings                  
00007e71  SysCtlPeripheralReady         
00007ea9  IntRegister                   
00007edd  SysCtlPeripheralEnable        
00007f11  _c_int00_noargs               
00007f45  __aeabi_i2d                   
00007f73  GPIODirModeSet                
00007fa1  uDMAChannelAssign             
00007fcd  IntPrioritySet                
00007ff1  uDMAChannelControlSet         
00008015  UARTDisable                   
00008055  ADCSequenceDataGet            
00008073  memccpy                       
0000808f  copysign                      
0000808f  copysignl                     
000080a9  ADCIntRegister                
000080c1  ADCProcessorTrigger           
000080d9  GPIOPinTypeGPIOOutput         
000080f1  TimerIntRegister              
00008109  UARTIntRegister               
00008139  uDMAChannelEnable             
00008151  GPIOPinTypeUART               
00008167  strchr                        
0000817d  UARTEnable                    
00008191  strlen                        
000081a5  TimerLoadSet                  
000081b7  wcslen                        
000081c9  ADCIntEnable                  
000081d9  IntMasterDisable              
000081e9  IntMasterEnable               
000081f9  uDMAEnable                    
00008209  ADCHardwareOversampleConfigure
00008217  ADCSequenceEnable             
00008225  TimerEnable                   
00008233  UARTCharGetNonBlocking        
00008241  UARTCharPutNonBlocking        
0000824f  UARTCharsAvail                
0000825d  __TI_decompress_none          
0000826b  CPUcpsid                      
00008277  CPUcpsie                      
00008283  __TI_zero_init                
0000828f  ResetISR                      
0000829d  uDMAControlBaseSet            
000082a9  ADCIntClear                   
000082b3  UARTFIFOEnable                
000082bd  UARTIntStatus                 
000082d1  TimerIntEnable                
000082d9  UARTDMAEnable                 
000082e1  UARTIntEnable                 
000082e9  __aeabi_errno_addr            
000082f1  GPIOPinWrite                  
000082f7  SysCtlDelay                   
000082fd  UARTFIFOLevelSet              
00008303  TimerIntClear                 
00008307  UARTIntClear                  
0000830b  _system_pre_init              
0000830f  C$$EXIT                       
0000830f  abort                         
0000a620  _ctypes_                      
0000ab10  __TI_Handler_Table_Base       
0000ab1c  __TI_Handler_Table_Limit      
0000ab38  __TI_CINIT_Base               
0000ab50  __TI_CINIT_Limit              
20000000  __start___llvm_prf_cnts       
20000000  __stop___llvm_prf_cnts        
20000000  g_pfnRAMVectors               
20000270  __stack                       
20000470  __STACK_TOP                   
20005090  __STACK_END                   
2000509c  errno                         
200050a0  offset                        
20005400  color                         
20006000  pui8ControlTable              
20006400  sensor                        
20006882  CosOffset                     
20006902  SinOffset                     
20006982  oldDiffCosResults             
20006a02  oldDiffSinResults             
20006a82  commandFromTouch              
20006a84  setting                       
20006a9c  backColor                     
20006aa0  settings                      
ffffffff  __TI_pprof_out_hndl           
ffffffff  __TI_prof_data_size           
ffffffff  __TI_prof_data_start          
ffffffff  __binit__                     
ffffffff  __c_args__                    
ffffffff  binit                         
UNDEFED   __mpu_init                    
UNDEFED   _system_post_cinit            

[216 symbols]
