******************************************************************************
                  TI ARM Linker Unix v20.2.0                   
******************************************************************************
>> Linked Tue May 19 13:53:28 2020

OUTPUT FILE NAME:   <BP_TMR_sensor_array.out>
ENTRY POINT SYMBOL: "_c_int00_noargs"  address: 00007d71


MEMORY CONFIGURATION

         name            origin    length      used     unused   attr    fill
----------------------  --------  ---------  --------  --------  ----  --------
  FLASH                 00000000   00100000  0000a9ae  000f5652  R  X
  SRAM                  20000000   00040000  00006738  000398c8  RW X


SEGMENT ALLOCATION MAP

run origin  load origin   length   init length attrs members
----------  ----------- ---------- ----------- ----- -------
00000000    00000000    0000a9b8   0000a9b8    r-x
  00000000    00000000    00000208   00000208    r-- .intvecs
  00000208    00000208    00007f6a   00007f6a    r-x .text
  00008178    00008178    000027f4   000027f4    r-- .const
  0000a970    0000a970    00000048   00000048    r-- .cinit
20000000    20000000    000050ab   00000000    rw-
  20000000    20000000    0000026c   00000000    rw- .vtable
  20000270    20000270    00004e20   00000000    rw- .stack
  20005090    20005090    0000001b   00000000    rw- .data
20005400    20005400    00001691   00000000    rw-
  20005400    20005400    00001691   00000000    rw- .bss


SECTION ALLOCATION MAP

 output                                  attributes/
section   page    origin      length       input sections
--------  ----  ----------  ----------   ----------------
.intvecs   0    00000000    00000208     
                  00000000    00000208     tm4c1294ncpdt_startup_ccs.obj (.intvecs)

.text      0    00000208    00007f6a     
                  00000208    00002b64     lcd_functions.obj (.text)
                  00002d6c    00000a4e     rtsv7M4_T_le_v4SPD16_eabi.lib : _printfi.c.obj (.text:__TI_printfi)
                  000037ba    00000002                                   : div0.asm.obj (.text)
                  000037bc    000008e8     adc_functions.obj (.text)
                  000040a4    00000738     rtsv7M4_T_le_v4SPD16_eabi.lib : k_rem_pio2.c.obj (.text:__kernel_rem_pio2)
                  000047dc    000005dc                                   : s_cos.c.obj (.text:cos)
                  00004db8    000005c4                                   : s_sin.c.obj (.text:sin)
                  0000537c    000002ec                                   : s_atan.c.obj (.text:atan)
                  00005668    000002dc     uartDMA.obj (.text)
                  00005944    00000270     rtsv7M4_T_le_v4SPD16_eabi.lib : _printfi.c.obj (.text:_pconv_a)
                  00005bb4    00000208     main.obj (.text)
                  00005dbc    00000200     driverlib.lib : sysctl.obj (.text:SysCtlClockFreqSet)
                  00005fbc    000001d8     rtsv7M4_T_le_v4SPD16_eabi.lib : e_atan2.c.obj (.text:atan2)
                  00006194    000001d0                                   : _printfi.c.obj (.text:_pconv_g)
                  00006364    000001b6                                   : fd_add_t2.asm.obj (.text)
                  0000651a    00000002     --HOLE-- [fill = 0]
                  0000651c    00000174                                   : k_sin.c.obj (.text:__kernel_sin)
                  00006690    0000016c                                   : k_cos.c.obj (.text:__kernel_cos)
                  000067fc    00000158                                   : e_sqrt.c.obj (.text:sqrt)
                  00006954    0000013c                                   : _printfi.c.obj (.text:_pconv_e)
                  00006a90    00000136                                   : fd_div_t2.asm.obj (.text)
                  00006bc6    00000132     driverlib.lib : gpio.obj (.text:GPIOPadConfigSet)
                  00006cf8    00000124     rtsv7M4_T_le_v4SPD16_eabi.lib : _printfi.c.obj (.text:fcvt)
                  00006e1c    00000110                                   : s_scalbn.c.obj (.text:scalbn)
                  00006f2c    000000fc                                   : fd_mul_t2.asm.obj (.text)
                  00007028    000000f8                                   : s_floor.c.obj (.text:floor)
                  00007120    000000b1                                   : _printfi.c.obj (.text:_ltostr)
                  000071d1    00000001     --HOLE-- [fill = 0]
                  000071d2    0000009c                                   : memcpy_t2.asm.obj (.text)
                  0000726e    00000096                                   : ull_div_t2.asm.obj (.text)
                  00007304    00000086                                   : fd_cmp_t2.asm.obj (.text:__aeabi_cdcmple)
                  0000738a    00000086                                   : fd_cmp_t2.asm.obj (.text:__aeabi_cdrcmple)
                  00007410    0000007c     driverlib.lib : udma.obj (.text:uDMAChannelTransferSet)
                  0000748c    0000007a                   : adc.obj (.text:ADCSequenceStepConfigure)
                  00007506    0000007a     rtsv7M4_T_le_v4SPD16_eabi.lib : memset_t2.asm.obj (.text)
                  00007580    0000006e                                   : _printfi.c.obj (.text:_mcpy)
                  000075ee    00000002     --HOLE-- [fill = 0]
                  000075f0    00000068     driverlib.lib : interrupt.obj (.text:IntEnable)
                  00007658    00000068     rtsv7M4_T_le_v4SPD16_eabi.lib : copy_decompress_lzss.c.obj (.text:decompress:lzss:__TI_decompress_lzss)
                  000076c0    00000064                                   : s_frexp.c.obj (.text:frexp)
                  00007724    00000064     timer_functions.obj (.text)
                  00007788    00000060     driverlib.lib : timer.obj (.text:TimerConfigure)
                  000077e8    00000056     rtsv7M4_T_le_v4SPD16_eabi.lib : _printfi.c.obj (.text:_pconv_f)
                  0000783e    00000054                                   : _ltoa.c.obj (.text:__TI_ltoa)
                  00007892    00000052                                   : _printfi.c.obj (.text:_ecpy)
                  000078e4    00000050     driverlib.lib : adc.obj (.text:_ADCIntNumberGet)
                  00007934    0000004e                   : adc.obj (.text:ADCSequenceConfigure)
                  00007982    00000002     --HOLE-- [fill = 0]
                  00007984    0000004c                   : gpio.obj (.text:GPIOPinConfigure)
                  000079d0    0000004c                   : timer.obj (.text:_TimerIntNumberGet)
                  00007a1c    0000004c     rtsv7M4_T_le_v4SPD16_eabi.lib : atoi.c.obj (.text:atoi)
                  00007a68    00000048     driverlib.lib : sysctl.obj (.text:_SysCtlFrequencyGet)
                  00007ab0    00000048     rtsv7M4_T_le_v4SPD16_eabi.lib : fd_toi_t2.asm.obj (.text)
                  00007af8    00000048     driverlib.lib : udma.obj (.text:uDMAChannelAttributeDisable)
                  00007b40    00000046                   : uart.obj (.text:UARTConfigSetExpClk)
                  00007b86    00000002     --HOLE-- [fill = 0]
                  00007b88    00000044     rtsv7M4_T_le_v4SPD16_eabi.lib : autoinit.c.obj (.text:__TI_auto_init_nobinit_nopinit:__TI_auto_init_nobinit_nopinit)
                  00007bcc    00000044     driverlib.lib : udma.obj (.text:uDMAChannelAttributeEnable)
                  00007c10    00000040                   : uart.obj (.text:_UARTIntNumberGet)
                  00007c50    00000040     rtsv7M4_T_le_v4SPD16_eabi.lib : sprintf.c.obj (.text:sprintf)
                  00007c90    0000003e                                   : _printfi.c.obj (.text:_fcpy)
                  00007cce    00000002     --HOLE-- [fill = 0]
                  00007cd0    00000038     driverlib.lib : sysctl.obj (.text:SysCtlPeripheralReady)
                  00007d08    00000034                   : interrupt.obj (.text:IntRegister)
                  00007d3c    00000034                   : sysctl.obj (.text:SysCtlPeripheralEnable)
                  00007d70    00000034     rtsv7M4_T_le_v4SPD16_eabi.lib : boot_cortex_m.c.obj (.text:_c_int00_noargs:_c_int00_noargs)
                  00007da4    0000002e                                   : i_tofd_t2.asm.obj (.text)
                  00007dd2    0000002c     driverlib.lib : gpio.obj (.text:GPIODirModeSet)
                  00007dfe    00000002     --HOLE-- [fill = 0]
                  00007e00    0000002c                   : udma.obj (.text:uDMAChannelAssign)
                  00007e2c    00000024                   : interrupt.obj (.text:IntPrioritySet)
                  00007e50    00000024                   : udma.obj (.text:uDMAChannelControlSet)
                  00007e74    00000020                   : uart.obj (.text:UARTDisable)
                  00007e94    00000020                   : sysctl.obj (.text:_SysCtlMemTimingGet)
                  00007eb4    0000001e                   : adc.obj (.text:ADCSequenceDataGet)
                  00007ed2    0000001c     rtsv7M4_T_le_v4SPD16_eabi.lib : memccpy.c.obj (.text:memccpy)
                  00007eee    0000001a                                   : s_copysign.c.obj (.text:copysign)
                  00007f08    00000018     driverlib.lib : adc.obj (.text:ADCIntRegister)
                  00007f20    00000018                   : adc.obj (.text:ADCProcessorTrigger)
                  00007f38    00000018                   : gpio.obj (.text:GPIOPinTypeGPIOOutput)
                  00007f50    00000018                   : timer.obj (.text:TimerIntRegister)
                  00007f68    00000018                   : uart.obj (.text:UARTIntRegister)
                  00007f80    00000018     rtsv7M4_T_le_v4SPD16_eabi.lib : sprintf.c.obj (.text:_outs)
                  00007f98    00000018     driverlib.lib : udma.obj (.text:uDMAChannelEnable)
                  00007fb0    00000016                   : gpio.obj (.text:GPIOPinTypeUART)
                  00007fc6    00000016     rtsv7M4_T_le_v4SPD16_eabi.lib : strchr.c.obj (.text:strchr)
                  00007fdc    00000014     driverlib.lib : uart.obj (.text:UARTEnable)
                  00007ff0    00000014     rtsv7M4_T_le_v4SPD16_eabi.lib : strlen.c.obj (.text:strlen)
                  00008004    00000012     driverlib.lib : timer.obj (.text:TimerLoadSet)
                  00008016    00000012     rtsv7M4_T_le_v4SPD16_eabi.lib : wcslen.c.obj (.text:wcslen)
                  00008028    00000010     driverlib.lib : adc.obj (.text:ADCIntEnable)
                  00008038    00000010                   : interrupt.obj (.text:IntMasterDisable)
                  00008048    00000010                   : interrupt.obj (.text:IntMasterEnable)
                  00008058    00000010                   : udma.obj (.text:uDMAEnable)
                  00008068    0000000e                   : adc.obj (.text:ADCHardwareOversampleConfigure)
                  00008076    0000000e                   : adc.obj (.text:ADCSequenceEnable)
                  00008084    0000000e                   : timer.obj (.text:TimerEnable)
                  00008092    0000000e                   : uart.obj (.text:UARTCharGetNonBlocking)
                  000080a0    0000000e                   : uart.obj (.text:UARTCharPutNonBlocking)
                  000080ae    0000000e                   : uart.obj (.text:UARTCharsAvail)
                  000080bc    0000000e     rtsv7M4_T_le_v4SPD16_eabi.lib : copy_decompress_none.c.obj (.text:decompress:none:__TI_decompress_none)
                  000080ca    0000000c     driverlib.lib : cpu.obj (.text:CPUcpsid)
                  000080d6    0000000c                   : cpu.obj (.text:CPUcpsie)
                  000080e2    0000000c     rtsv7M4_T_le_v4SPD16_eabi.lib : copy_zero_init.c.obj (.text:decompress:ZI:__TI_zero_init)
                  000080ee    0000000c     tm4c1294ncpdt_startup_ccs.obj (.text)
                  000080fa    00000002     --HOLE-- [fill = 0]
                  000080fc    0000000c     driverlib.lib : udma.obj (.text:uDMAControlBaseSet)
                  00008108    0000000a                   : adc.obj (.text:ADCIntClear)
                  00008112    0000000a                   : uart.obj (.text:UARTFIFOEnable)
                  0000811c    0000000a                   : uart.obj (.text:UARTIntStatus)
                  00008126    0000000a     rtsv7M4_T_le_v4SPD16_eabi.lib : sprintf.c.obj (.text:_outc)
                  00008130    00000008     driverlib.lib : timer.obj (.text:TimerIntEnable)
                  00008138    00000008                   : uart.obj (.text:UARTDMAEnable)
                  00008140    00000008                   : uart.obj (.text:UARTIntEnable)
                  00008148    00000008     rtsv7M4_T_le_v4SPD16_eabi.lib : errno.c.obj (.text:__aeabi_errno_addr)
                  00008150    00000006     driverlib.lib : gpio.obj (.text:GPIOPinWrite)
                  00008156    00000006                   : sysctl.obj (.text:SysCtlDelay)
                  0000815c    00000006                   : uart.obj (.text:UARTFIFOLevelSet)
                  00008162    00000004                   : timer.obj (.text:TimerIntClear)
                  00008166    00000004                   : uart.obj (.text:UARTIntClear)
                  0000816a    00000004     rtsv7M4_T_le_v4SPD16_eabi.lib : pre_init.c.obj (.text:_system_pre_init)
                  0000816e    00000004                                   : exit.c.obj (.text:abort:abort)

.const     0    00008178    000027f4     
                  00008178    00002000     lcd_functions.obj (.const:font_12_16)
                  0000a178    000001b0     driverlib.lib : sysctl.obj (.const:g_pppui32XTALtoVCO)
                  0000a328    00000158     rtsv7M4_T_le_v4SPD16_eabi.lib : k_rem_pio2.c.obj (.const:$O1$$)
                  0000a480    00000101                                   : ctype.c.obj (.const:.string:_ctypes_)
                  0000a581    00000003     --HOLE-- [fill = 0]
                  0000a584    0000009c     driverlib.lib : interrupt.obj (.const:g_pui32Regs)
                  0000a620    00000098     rtsv7M4_T_le_v4SPD16_eabi.lib : s_atan.c.obj (.const:$O1$$)
                  0000a6b8    00000090     driverlib.lib : gpio.obj (.const:g_pui32GPIOBaseAddrs)
                  0000a748    0000006c                   : sysctl.obj (.const:g_pui32Xtals)
                  0000a7b4    00000060                   : timer.obj (.const:g_ppui32TimerIntMap)
                  0000a814    00000040                   : timer.obj (.const:g_ppui32TimerIntMapSnowflake)
                  0000a854    00000040                   : uart.obj (.const:g_ppui32UARTIntMap)
                  0000a894    00000040                   : uart.obj (.const:g_ppui32UARTIntMapSnowflake)
                  0000a8d4    00000030                   : sysctl.obj (.const:g_sXTALtoMEMTIM)
                  0000a904    00000014                   : interrupt.obj (.const:g_pui32EnRegs)
                  0000a918    00000008                   : sysctl.obj (.const:g_pui32VCOFrequencies)
                  0000a920    00000004     lcd_functions.obj (.const:$P$T10$5)
                  0000a924    00000004     lcd_functions.obj (.const:$P$T11$6)
                  0000a928    00000004     lcd_functions.obj (.const:$P$T12$7)
                  0000a92c    00000004     lcd_functions.obj (.const:$P$T14$8)
                  0000a930    00000004     lcd_functions.obj (.const:$P$T16$9)
                  0000a934    00000004     lcd_functions.obj (.const:$P$T18$10)
                  0000a938    00000004     lcd_functions.obj (.const:$P$T23$11)
                  0000a93c    00000004     lcd_functions.obj (.const:$P$T24$12)
                  0000a940    00000004     lcd_functions.obj (.const:$P$T25$13)
                  0000a944    00000004     lcd_functions.obj (.const:$P$T26$14)
                  0000a948    00000004     lcd_functions.obj (.const:$P$T29$15)
                  0000a94c    00000004     lcd_functions.obj (.const:$P$T30$16)
                  0000a950    00000004     lcd_functions.obj (.const:$P$T32$17)
                  0000a954    00000004     lcd_functions.obj (.const:$P$T36$18)
                  0000a958    00000004     lcd_functions.obj (.const:$P$T37$19)
                  0000a95c    00000004     lcd_functions.obj (.const:$P$T38$20)
                  0000a960    00000004     lcd_functions.obj (.const:$P$T4$2)
                  0000a964    00000004     lcd_functions.obj (.const:$P$T5$3)
                  0000a968    00000004     lcd_functions.obj (.const:$P$T6$4)

.cinit     0    0000a970    00000048     
                  0000a970    00000012     (.cinit..data.load) [load image, compression = lzss]
                  0000a982    00000002     --HOLE-- [fill = 0]
                  0000a984    0000000c     (__TI_handler_table)
                  0000a990    00000008     (.cinit..bss.load) [load image, compression = zero_init]
                  0000a998    00000008     (.cinit..vtable.load) [load image, compression = zero_init]
                  0000a9a0    00000018     (__TI_cinit_table)

.init_array 
*          0    00000000    00000000     UNINITIALIZED

.vtable    0    20000000    0000026c     UNINITIALIZED
                  20000000    0000026c     driverlib.lib : interrupt.obj (.vtable)

.data      0    20005090    0000001b     UNINITIALIZED
                  20005090    00000009     uartDMA.obj (.data:stepperMotorCommand$1)
                  20005099    00000001     --HOLE--
                  2000509a    00000006     main.obj (.data)
                  200050a0    00000004     main.obj (.data:backColor)
                  200050a4    00000004     rtsv7M4_T_le_v4SPD16_eabi.lib : errno.c.obj (.data)
                  200050a8    00000003     lcd_functions.obj (.data)

.bss       0    20005400    00001691     UNINITIALIZED
                  20005400    00000c00     lcd_functions.obj (.bss:color)
                  20006000    00000400     (.common:pui8ControlTable)
                  20006400    00000100     adc_functions.obj (.bss:CosResults)
                  20006500    00000100     adc_functions.obj (.bss:SinResults)
                  20006600    00000100     (.common:DiffResults)
                  20006700    00000080     (.common:CosOffset)
                  20006780    00000080     (.common:DiffCosResults)
                  20006800    00000080     (.common:DiffSinResults)
                  20006880    00000080     (.common:SinOffset)
                  20006900    00000080     (.common:arrowLength)
                  20006980    00000080     (.common:oldDiffCosResults)
                  20006a00    00000080     (.common:oldDiffSinResults)
                  20006a80    00000008     uartDMA.obj (.bss:UART0receive)
                  20006a88    00000008     main.obj (.bss)
                  20006a90    00000001     (.common:commandFromTouch)

.stack     0    20000270    00004e20     UNINITIALIZED
                  20000270    00000004     rtsv7M4_T_le_v4SPD16_eabi.lib : boot_cortex_m.c.obj (.stack)
                  20000274    00004e1c     --HOLE--

__llvm_prf_cnts 
*          0    20000000    00000000     UNINITIALIZED

MODULE SUMMARY

       Module                          code    ro data   rw data
       ------                          ----    -------   -------
    ./
       lcd_functions.obj               11108   8268      3331   
       adc_functions.obj               2280    0         1408   
       uartDMA.obj                     732     0         1041   
       main.obj                        520     0         19     
       tm4c1294ncpdt_startup_ccs.obj   12      520       0      
       timer_functions.obj             100     0         0      
    +--+-------------------------------+-------+---------+---------+
       Total:                          14752   8788      5799   
                                                                
    /home/ole/CodeComposerStudio10/TivaWare_C_Series-2.1.4.178/driverlib/ccs/Debug/driverlib.lib
       sysctl.obj                      730     596       0      
       interrupt.obj                   224     176       620    
       gpio.obj                        478     144       0      
       uart.obj                        298     128       0      
       adc.obj                         412     0         0      
       timer.obj                       240     160       0      
       udma.obj                        396     0         0      
       cpu.obj                         24      0         0      
    +--+-------------------------------+-------+---------+---------+
       Total:                          2802    1204      620    
                                                                
    /home/ole/CodeComposerStudio10/ccs/tools/compiler/ti-cgt-arm_20.2.0.LTS/lib/rtsv7M4_T_le_v4SPD16_eabi.lib
       _printfi.c.obj                  4851    0         0      
       k_rem_pio2.c.obj                1848    344       0      
       s_cos.c.obj                     1500    0         0      
       s_sin.c.obj                     1476    0         0      
       s_atan.c.obj                    748     152       0      
       e_atan2.c.obj                   472     0         0      
       fd_add_t2.asm.obj               438     0         0      
       k_sin.c.obj                     372     0         0      
       k_cos.c.obj                     364     0         0      
       e_sqrt.c.obj                    344     0         0      
       fd_div_t2.asm.obj               310     0         0      
       s_scalbn.c.obj                  272     0         0      
       fd_cmp_t2.asm.obj               268     0         0      
       ctype.c.obj                     0       257       0      
       fd_mul_t2.asm.obj               252     0         0      
       s_floor.c.obj                   248     0         0      
       memcpy_t2.asm.obj               156     0         0      
       ull_div_t2.asm.obj              150     0         0      
       memset_t2.asm.obj               122     0         0      
       copy_decompress_lzss.c.obj      104     0         0      
       s_frexp.c.obj                   100     0         0      
       sprintf.c.obj                   98      0         0      
       _ltoa.c.obj                     84      0         0      
       atoi.c.obj                      76      0         0      
       fd_toi_t2.asm.obj               72      0         0      
       autoinit.c.obj                  68      0         0      
       boot_cortex_m.c.obj             52      0         0      
       i_tofd_t2.asm.obj               46      0         0      
       memccpy.c.obj                   28      0         0      
       s_copysign.c.obj                26      0         0      
       strchr.c.obj                    22      0         0      
       strlen.c.obj                    20      0         0      
       wcslen.c.obj                    18      0         0      
       copy_decompress_none.c.obj      14      0         0      
       copy_zero_init.c.obj            12      0         0      
       errno.c.obj                     8       0         4      
       exit.c.obj                      4       0         0      
       pre_init.c.obj                  4       0         0      
       div0.asm.obj                    2       0         0      
    +--+-------------------------------+-------+---------+---------+
       Total:                          15049   753       4      
                                                                
       Stack:                          0       0         20000  
       Linker Generated:               0       70        0      
    +--+-------------------------------+-------+---------+---------+
       Grand Total:                    32603   10815     26423  


LINKER GENERATED COPY TABLES

__TI_cinit_table @ 0000a9a0 records: 3, size/record: 8, table size: 24
	.data: load addr=0000a970, load size=00000012 bytes, run addr=20005090, run size=0000001b bytes, compression=lzss
	.bss: load addr=0000a990, load size=00000008 bytes, run addr=20005400, run size=00001691 bytes, compression=zero_init
	.vtable: load addr=0000a998, load size=00000008 bytes, run addr=20000000, run size=0000026c bytes, compression=zero_init


LINKER GENERATED HANDLER TABLE

__TI_handler_table @ 0000a984 records: 3, size/record: 4, table size: 12
	index: 0, handler: __TI_zero_init
	index: 1, handler: __TI_decompress_lzss
	index: 2, handler: __TI_decompress_none


GLOBAL SYMBOLS: SORTED ALPHABETICALLY BY Name 

address   name                          
-------   ----                          
00005c33  ADC0IntHandler                
00008069  ADCHardwareOversampleConfigure
00008109  ADCIntClear                   
00008029  ADCIntEnable                  
00007f09  ADCIntRegister                
00007f21  ADCProcessorTrigger           
00007935  ADCSequenceConfigure          
00007eb5  ADCSequenceDataGet            
00008077  ADCSequenceEnable             
0000748d  ADCSequenceStepConfigure      
0000816f  C$$EXIT                       
000080cb  CPUcpsid                      
000080d7  CPUcpsie                      
00003f31  ConfigureADC                  
00002d45  ConfigureGPIO                 
000028d9  ConfigureLCD5Inch             
00002ac3  ConfigureLCD7Inch             
00007731  ConfigureTimer0               
0000580f  ConfigureUART0                
0000588b  ConfigureUART2                
20006700  CosOffset                     
20006780  DiffCosResults                
20006600  DiffResults                   
20006800  DiffSinResults                
00007dd3  GPIODirModeSet                
00006bc7  GPIOPadConfigSet              
00007985  GPIOPinConfigure              
00007f39  GPIOPinTypeGPIOOutput         
00007fb1  GPIOPinTypeUART               
00008151  GPIOPinWrite                  
000075f1  IntEnable                     
00008039  IntMasterDisable              
00008049  IntMasterEnable               
00007e2d  IntPrioritySet                
00007d09  IntRegister                   
000037e5  ReadArray                     
000080ef  ResetISR                      
20006880  SinOffset                     
00005dbd  SysCtlClockFreqSet            
00008157  SysCtlDelay                   
00007d3d  SysCtlPeripheralEnable        
00007cd1  SysCtlPeripheralReady         
00005bf7  Timer0IntHandler              
00007789  TimerConfigure                
00008085  TimerEnable                   
00008163  TimerIntClear                 
00008131  TimerIntEnable                
00007f51  TimerIntRegister              
00008005  TimerLoadSet                  
00005ca7  UART0IntHandler               
000058eb  UART2IntHandler               
00008093  UARTCharGetNonBlocking        
000080a1  UARTCharPutNonBlocking        
000080af  UARTCharsAvail                
00007b41  UARTConfigSetExpClk           
00008139  UARTDMAEnable                 
00007e75  UARTDisable                   
00007fdd  UARTEnable                    
00008113  UARTFIFOEnable                
0000815d  UARTFIFOLevelSet              
00008167  UARTIntClear                  
00008141  UARTIntEnable                 
00007f69  UARTIntRegister               
0000811d  UARTIntStatus                 
20005090  __STACK_END                   
00004e20  __STACK_SIZE                  
20000470  __STACK_TOP                   
0000a9a0  __TI_CINIT_Base               
0000a9b8  __TI_CINIT_Limit              
0000a984  __TI_Handler_Table_Base       
0000a990  __TI_Handler_Table_Limit      
00007b89  __TI_auto_init_nobinit_nopinit
00007659  __TI_decompress_lzss          
000080bd  __TI_decompress_none          
0000783f  __TI_ltoa                     
ffffffff  __TI_pprof_out_hndl           
00002d6d  __TI_printfi                  
ffffffff  __TI_prof_data_size           
ffffffff  __TI_prof_data_start          
00000000  __TI_static_base__            
000080e3  __TI_zero_init                
00007305  __aeabi_cdcmpeq               
00007305  __aeabi_cdcmple               
0000738b  __aeabi_cdrcmple              
00007ab1  __aeabi_d2iz                  
0000636f  __aeabi_dadd                  
00006a91  __aeabi_ddiv                  
00006f2d  __aeabi_dmul                  
00006365  __aeabi_dsub                  
00008149  __aeabi_errno_addr            
00007da5  __aeabi_i2d                   
000037bb  __aeabi_idiv0                 
000037bb  __aeabi_ldiv0                 
00007507  __aeabi_memclr                
00007507  __aeabi_memclr4               
00007507  __aeabi_memclr8               
000071d3  __aeabi_memcpy                
000071d3  __aeabi_memcpy4               
000071d3  __aeabi_memcpy8               
00007509  __aeabi_memset                
00007509  __aeabi_memset4               
00007509  __aeabi_memset8               
0000726f  __aeabi_uldivmod              
ffffffff  __binit__                     
ffffffff  __c_args__                    
00006691  __kernel_cos                  
000040a5  __kernel_rem_pio2             
0000651d  __kernel_sin                  
UNDEFED   __mpu_init                    
20000270  __stack                       
20000000  __start___llvm_prf_cnts       
20000000  __stop___llvm_prf_cnts        
00007d71  _c_int00_noargs               
0000a480  _ctypes_                      
UNDEFED   _system_post_cinit            
0000816b  _system_pre_init              
0000816f  abort                         
000037d9  adcIntClear                   
20006900  arrowLength                   
0000537d  atan                          
00005fbd  atan2                         
00005fbd  atan2l                        
0000537d  atanl                         
00007a1d  atoi                          
ffffffff  binit                         
20006a90  commandFromTouch              
00003a6d  computeArrows                 
000057a5  configureUartUDMA             
00007eef  copysign                      
00007eef  copysignl                     
000047dd  cos                           
000047dd  cosl                          
00000841  drawDisplay5Inch              
00000a61  drawDisplay7Inch              
200050a4  errno                         
00007029  floor                         
00007029  floorl                        
000076c1  frexp                         
000076c1  frexpl                        
20000000  g_pfnRAMVectors               
00000000  g_pfnVectors                  
0000038f  generateColors                
00005669  getUART0RxData                
00006e1d  ldexp                         
00006e1d  ldexpl                        
00005bb5  main                          
00007ed3  memccpy                       
000071d3  memcpy                        
0000750f  memset                        
200050a8  offset                        
20006980  oldDiffCosResults             
20006a00  oldDiffSinResults             
0000566d  prepareReceiveDMA             
000004b9  printString                   
20006000  pui8ControlTable              
0000037f  readTouchscreen               
00005729  receiveDataFromMotor          
00006e1d  scalbn                        
00006e1d  scalbnl                       
000056a3  sendCommandToMotor            
00005687  sendUARTDMA                   
00004db9  sin                           
00004db9  sinl                          
00007c51  sprintf                       
000067fd  sqrt                          
000067fd  sqrtl                         
000037bd  startAdcConversion            
00007fc7  strchr                        
00007ff1  strlen                        
00007725  timer0IntClear                
00007e01  uDMAChannelAssign             
00007af9  uDMAChannelAttributeDisable   
00007bcd  uDMAChannelAttributeEnable    
00007e51  uDMAChannelControlSet         
00007f99  uDMAChannelEnable             
00007411  uDMAChannelTransferSet        
000080fd  uDMAControlBaseSet            
00008059  uDMAEnable                    
00008017  wcslen                        
000005d5  writeChar                     
00000cad  writeCmdData                  
00000c8d  writeCommand                  
00000cdd  writeData                     
00000209  writeInfos                    
00000dd5  writeLine                     
0000211d  writeLine0Degree              
000021c5  writeLine180Degree            
00002219  writeLine270Degree            
00002171  writeLine90Degree             
00002275  writeLineQuadrant1_I          
0000234d  writeLineQuadrant1_II         
00002413  writeLineQuadrant2_I          
000024d9  writeLineQuadrant2_II         
000025b1  writeLineQuadrant3_I          
00002677  writeLineQuadrant3_II         
0000273d  writeLineQuadrant4_I          
00002803  writeLineQuadrant4_II         
00000d23  writePosition                 
0000073d  writeRecangle                 
000006b7  writeScreenColor5INCH         
000007bf  writeScreenColor7INCH         


GLOBAL SYMBOLS: SORTED BY Symbol Address 

address   name                          
-------   ----                          
00000000  __TI_static_base__            
00000000  g_pfnVectors                  
00000209  writeInfos                    
0000037f  readTouchscreen               
0000038f  generateColors                
000004b9  printString                   
000005d5  writeChar                     
000006b7  writeScreenColor5INCH         
0000073d  writeRecangle                 
000007bf  writeScreenColor7INCH         
00000841  drawDisplay5Inch              
00000a61  drawDisplay7Inch              
00000c8d  writeCommand                  
00000cad  writeCmdData                  
00000cdd  writeData                     
00000d23  writePosition                 
00000dd5  writeLine                     
0000211d  writeLine0Degree              
00002171  writeLine90Degree             
000021c5  writeLine180Degree            
00002219  writeLine270Degree            
00002275  writeLineQuadrant1_I          
0000234d  writeLineQuadrant1_II         
00002413  writeLineQuadrant2_I          
000024d9  writeLineQuadrant2_II         
000025b1  writeLineQuadrant3_I          
00002677  writeLineQuadrant3_II         
0000273d  writeLineQuadrant4_I          
00002803  writeLineQuadrant4_II         
000028d9  ConfigureLCD5Inch             
00002ac3  ConfigureLCD7Inch             
00002d45  ConfigureGPIO                 
00002d6d  __TI_printfi                  
000037bb  __aeabi_idiv0                 
000037bb  __aeabi_ldiv0                 
000037bd  startAdcConversion            
000037d9  adcIntClear                   
000037e5  ReadArray                     
00003a6d  computeArrows                 
00003f31  ConfigureADC                  
000040a5  __kernel_rem_pio2             
000047dd  cos                           
000047dd  cosl                          
00004db9  sin                           
00004db9  sinl                          
00004e20  __STACK_SIZE                  
0000537d  atan                          
0000537d  atanl                         
00005669  getUART0RxData                
0000566d  prepareReceiveDMA             
00005687  sendUARTDMA                   
000056a3  sendCommandToMotor            
00005729  receiveDataFromMotor          
000057a5  configureUartUDMA             
0000580f  ConfigureUART0                
0000588b  ConfigureUART2                
000058eb  UART2IntHandler               
00005bb5  main                          
00005bf7  Timer0IntHandler              
00005c33  ADC0IntHandler                
00005ca7  UART0IntHandler               
00005dbd  SysCtlClockFreqSet            
00005fbd  atan2                         
00005fbd  atan2l                        
00006365  __aeabi_dsub                  
0000636f  __aeabi_dadd                  
0000651d  __kernel_sin                  
00006691  __kernel_cos                  
000067fd  sqrt                          
000067fd  sqrtl                         
00006a91  __aeabi_ddiv                  
00006bc7  GPIOPadConfigSet              
00006e1d  ldexp                         
00006e1d  ldexpl                        
00006e1d  scalbn                        
00006e1d  scalbnl                       
00006f2d  __aeabi_dmul                  
00007029  floor                         
00007029  floorl                        
000071d3  __aeabi_memcpy                
000071d3  __aeabi_memcpy4               
000071d3  __aeabi_memcpy8               
000071d3  memcpy                        
0000726f  __aeabi_uldivmod              
00007305  __aeabi_cdcmpeq               
00007305  __aeabi_cdcmple               
0000738b  __aeabi_cdrcmple              
00007411  uDMAChannelTransferSet        
0000748d  ADCSequenceStepConfigure      
00007507  __aeabi_memclr                
00007507  __aeabi_memclr4               
00007507  __aeabi_memclr8               
00007509  __aeabi_memset                
00007509  __aeabi_memset4               
00007509  __aeabi_memset8               
0000750f  memset                        
000075f1  IntEnable                     
00007659  __TI_decompress_lzss          
000076c1  frexp                         
000076c1  frexpl                        
00007725  timer0IntClear                
00007731  ConfigureTimer0               
00007789  TimerConfigure                
0000783f  __TI_ltoa                     
00007935  ADCSequenceConfigure          
00007985  GPIOPinConfigure              
00007a1d  atoi                          
00007ab1  __aeabi_d2iz                  
00007af9  uDMAChannelAttributeDisable   
00007b41  UARTConfigSetExpClk           
00007b89  __TI_auto_init_nobinit_nopinit
00007bcd  uDMAChannelAttributeEnable    
00007c51  sprintf                       
00007cd1  SysCtlPeripheralReady         
00007d09  IntRegister                   
00007d3d  SysCtlPeripheralEnable        
00007d71  _c_int00_noargs               
00007da5  __aeabi_i2d                   
00007dd3  GPIODirModeSet                
00007e01  uDMAChannelAssign             
00007e2d  IntPrioritySet                
00007e51  uDMAChannelControlSet         
00007e75  UARTDisable                   
00007eb5  ADCSequenceDataGet            
00007ed3  memccpy                       
00007eef  copysign                      
00007eef  copysignl                     
00007f09  ADCIntRegister                
00007f21  ADCProcessorTrigger           
00007f39  GPIOPinTypeGPIOOutput         
00007f51  TimerIntRegister              
00007f69  UARTIntRegister               
00007f99  uDMAChannelEnable             
00007fb1  GPIOPinTypeUART               
00007fc7  strchr                        
00007fdd  UARTEnable                    
00007ff1  strlen                        
00008005  TimerLoadSet                  
00008017  wcslen                        
00008029  ADCIntEnable                  
00008039  IntMasterDisable              
00008049  IntMasterEnable               
00008059  uDMAEnable                    
00008069  ADCHardwareOversampleConfigure
00008077  ADCSequenceEnable             
00008085  TimerEnable                   
00008093  UARTCharGetNonBlocking        
000080a1  UARTCharPutNonBlocking        
000080af  UARTCharsAvail                
000080bd  __TI_decompress_none          
000080cb  CPUcpsid                      
000080d7  CPUcpsie                      
000080e3  __TI_zero_init                
000080ef  ResetISR                      
000080fd  uDMAControlBaseSet            
00008109  ADCIntClear                   
00008113  UARTFIFOEnable                
0000811d  UARTIntStatus                 
00008131  TimerIntEnable                
00008139  UARTDMAEnable                 
00008141  UARTIntEnable                 
00008149  __aeabi_errno_addr            
00008151  GPIOPinWrite                  
00008157  SysCtlDelay                   
0000815d  UARTFIFOLevelSet              
00008163  TimerIntClear                 
00008167  UARTIntClear                  
0000816b  _system_pre_init              
0000816f  C$$EXIT                       
0000816f  abort                         
0000a480  _ctypes_                      
0000a984  __TI_Handler_Table_Base       
0000a990  __TI_Handler_Table_Limit      
0000a9a0  __TI_CINIT_Base               
0000a9b8  __TI_CINIT_Limit              
20000000  __start___llvm_prf_cnts       
20000000  __stop___llvm_prf_cnts        
20000000  g_pfnRAMVectors               
20000270  __stack                       
20000470  __STACK_TOP                   
20005090  __STACK_END                   
200050a4  errno                         
200050a8  offset                        
20006000  pui8ControlTable              
20006600  DiffResults                   
20006700  CosOffset                     
20006780  DiffCosResults                
20006800  DiffSinResults                
20006880  SinOffset                     
20006900  arrowLength                   
20006980  oldDiffCosResults             
20006a00  oldDiffSinResults             
20006a90  commandFromTouch              
ffffffff  __TI_pprof_out_hndl           
ffffffff  __TI_prof_data_size           
ffffffff  __TI_prof_data_start          
ffffffff  __binit__                     
ffffffff  __c_args__                    
ffffffff  binit                         
UNDEFED   __mpu_init                    
UNDEFED   _system_post_cinit            

[201 symbols]
