******************************************************************************
                  TI ARM Linker Unix v20.2.0                   
******************************************************************************
>> Linked Mon Aug 10 11:06:21 2020

OUTPUT FILE NAME:   <BP_TMR_sensor_array.out>
ENTRY POINT SYMBOL: "_c_int00_noargs"  address: 0000bd09


MEMORY CONFIGURATION

         name            origin    length      used     unused   attr    fill
----------------------  --------  ---------  --------  --------  ----  --------
  FLASH                 00000000   00100000  0000f5aa  000f0a56  R  X
  SRAM                  20000000   00040000  0002f532  00010ace  RW X


SEGMENT ALLOCATION MAP

run origin  load origin   length   init length attrs members
----------  ----------- ---------- ----------- ----- -------
00000000    00000000    0000f5b0   0000f5b0    r-x
  00000000    00000000    00000208   00000208    r-- .intvecs
  00000208    00000208    0000bc32   0000bc32    r-x .text
  0000be40    0000be40    00002a10   00002a10    r-- .const
  0000e850    0000e850    00000d60   00000d60    r-- .cinit
20000000    20000000    0002dc80   00000000    rw-
  20000000    20000000    0000026c   00000000    rw- .vtable
  20000270    20000270    000249f0   00000000    rw- .stack
  20024c60    20024c60    00009020   00000000    rw- .data
2002e000    2002e000    000018b6   00000000    rw-
  2002e000    2002e000    000018b6   00000000    rw- .bss


SECTION ALLOCATION MAP

 output                                  attributes/
section   page    origin      length       input sections
--------  ----  ----------  ----------   ----------------
.intvecs   0    00000000    00000208     
                  00000000    00000208     tm4c1294ncpdt_startup_ccs.obj (.intvecs)

.text      0    00000208    0000bc32     
                  00000208    00002fa0     lcd_functions.obj (.text)
                  000031a8    00000f80     sysctl.obj (.text)
                  00004128    00000b94     gpio.obj (.text)
                  00004cbc    00000a4e     rtsv7M4_T_le_v4SPD16_eabi.lib : _printfi.c.obj (.text:__TI_printfi)
                  0000570a    00000002                                   : div0.asm.obj (.text)
                  0000570c    000009f0     adc_functions.obj (.text)
                  000060fc    00000842     adc.obj (.text)
                  0000693e    00000002     --HOLE-- [fill = 0]
                  00006940    00000738     rtsv7M4_T_le_v4SPD16_eabi.lib : k_rem_pio2.c.obj (.text:__kernel_rem_pio2)
                  00007078    00000642     timer.obj (.text)
                  000076ba    00000002     --HOLE-- [fill = 0]
                  000076bc    0000062e     uart.obj (.text)
                  00007cea    00000002     --HOLE-- [fill = 0]
                  00007cec    000005dc     rtsv7M4_T_le_v4SPD16_eabi.lib : s_cos.c.obj (.text:cos)
                  000082c8    000005c4                                   : s_sin.c.obj (.text:sin)
                  0000888c    000004e0     udma.obj (.text)
                  00008d6c    00000470     eeprom.obj (.text)
                  000091dc    000003d4     uartDMA.obj (.text)
                  000095b0    000003c0     interrupt.obj (.text)
                  00009970    000002ec     rtsv7M4_T_le_v4SPD16_eabi.lib : s_atan.c.obj (.text:atan)
                  00009c5c    000002dc     touch.obj (.text)
                  00009f38    000002bc     main.obj (.text)
                  0000a1f4    00000270     rtsv7M4_T_le_v4SPD16_eabi.lib : _printfi.c.obj (.text:_pconv_a)
                  0000a464    000001d8                                   : e_atan2.c.obj (.text:atan2)
                  0000a63c    000001d0                                   : _printfi.c.obj (.text:_pconv_g)
                  0000a80c    000001b6                                   : fd_add_t2.asm.obj (.text)
                  0000a9c2    00000002     --HOLE-- [fill = 0]
                  0000a9c4    00000174                                   : k_sin.c.obj (.text:__kernel_sin)
                  0000ab38    0000016c                                   : k_cos.c.obj (.text:__kernel_cos)
                  0000aca4    00000158                                   : e_sqrt.c.obj (.text:sqrt)
                  0000adfc    0000013c                                   : _printfi.c.obj (.text:_pconv_e)
                  0000af38    00000136                                   : fd_div_t2.asm.obj (.text)
                  0000b06e    00000002     --HOLE-- [fill = 0]
                  0000b070    00000124                                   : _printfi.c.obj (.text:fcvt)
                  0000b194    00000110                                   : s_scalbn.c.obj (.text:scalbn)
                  0000b2a4    000000fc                                   : fd_mul_t2.asm.obj (.text)
                  0000b3a0    000000f8                                   : s_floor.c.obj (.text:floor)
                  0000b498    000000d8     EEPROM_functions.obj (.text)
                  0000b570    000000b1     rtsv7M4_T_le_v4SPD16_eabi.lib : _printfi.c.obj (.text:_ltostr)
                  0000b621    00000001     --HOLE-- [fill = 0]
                  0000b622    0000009c                                   : memcpy_t2.asm.obj (.text)
                  0000b6be    00000096                                   : ull_div_t2.asm.obj (.text)
                  0000b754    00000086                                   : fd_cmp_t2.asm.obj (.text:__aeabi_cdcmple)
                  0000b7da    00000086                                   : fd_cmp_t2.asm.obj (.text:__aeabi_cdrcmple)
                  0000b860    0000007a                                   : memset_t2.asm.obj (.text)
                  0000b8da    0000006e                                   : _printfi.c.obj (.text:_mcpy)
                  0000b948    00000068                                   : copy_decompress_lzss.c.obj (.text:decompress:lzss:__TI_decompress_lzss)
                  0000b9b0    00000064                                   : s_frexp.c.obj (.text:frexp)
                  0000ba14    00000064     timer_functions.obj (.text)
                  0000ba78    00000056     rtsv7M4_T_le_v4SPD16_eabi.lib : _printfi.c.obj (.text:_pconv_f)
                  0000bace    00000054                                   : _ltoa.c.obj (.text:__TI_ltoa)
                  0000bb22    00000052                                   : _printfi.c.obj (.text:_ecpy)
                  0000bb74    0000004c                                   : atoi.c.obj (.text:atoi)
                  0000bbc0    00000048                                   : fd_toi_t2.asm.obj (.text)
                  0000bc08    00000044                                   : autoinit.c.obj (.text:__TI_auto_init_nobinit_nopinit:__TI_auto_init_nobinit_nopinit)
                  0000bc4c    00000040                                   : sprintf.c.obj (.text:sprintf)
                  0000bc8c    0000003e                                   : _printfi.c.obj (.text:_fcpy)
                  0000bcca    0000003e     cpu.obj (.text)
                  0000bd08    00000034     rtsv7M4_T_le_v4SPD16_eabi.lib : boot_cortex_m.c.obj (.text:_c_int00_noargs:_c_int00_noargs)
                  0000bd3c    0000002e                                   : i_tofd_t2.asm.obj (.text)
                  0000bd6a    0000001c                                   : memccpy.c.obj (.text:memccpy)
                  0000bd86    0000001a                                   : s_copysign.c.obj (.text:copysign)
                  0000bda0    00000018                                   : sprintf.c.obj (.text:_outs)
                  0000bdb8    00000016                                   : strchr.c.obj (.text:strchr)
                  0000bdce    00000014                                   : strlen.c.obj (.text:strlen)
                  0000bde2    00000012                                   : wcslen.c.obj (.text:wcslen)
                  0000bdf4    0000000e                                   : copy_decompress_none.c.obj (.text:decompress:none:__TI_decompress_none)
                  0000be02    0000000c                                   : copy_zero_init.c.obj (.text:decompress:ZI:__TI_zero_init)
                  0000be0e    0000000c     tm4c1294ncpdt_startup_ccs.obj (.text)
                  0000be1a    0000000a     rtsv7M4_T_le_v4SPD16_eabi.lib : sprintf.c.obj (.text:_outc)
                  0000be24    00000008                                   : errno.c.obj (.text:__aeabi_errno_addr)
                  0000be2c    00000006     sysctl.obj (.text:SysCtlDelay)
                  0000be32    00000004     rtsv7M4_T_le_v4SPD16_eabi.lib : pre_init.c.obj (.text:_system_pre_init)
                  0000be36    00000004                                   : exit.c.obj (.text:abort:abort)

.const     0    0000be40    00002a10     
                  0000be40    00002000     lcd_functions.obj (.const:font_12_16)
                  0000de40    000001b0     sysctl.obj (.const:g_pppui32XTALtoVCO)
                  0000dff0    00000158     rtsv7M4_T_le_v4SPD16_eabi.lib : k_rem_pio2.c.obj (.const:$O1$$)
                  0000e148    00000101                                   : ctype.c.obj (.const:.string:_ctypes_)
                  0000e249    00000003     --HOLE-- [fill = 0]
                  0000e24c    000000d8     gpio.obj (.const:g_ppui32GPIOIntMapSnowflake)
                  0000e324    000000c0     gpio.obj (.const:g_ppui32GPIOIntMapBlizzard)
                  0000e3e4    0000009c     interrupt.obj (.const:g_pui32Regs)
                  0000e480    00000098     rtsv7M4_T_le_v4SPD16_eabi.lib : s_atan.c.obj (.const:$O1$$)
                  0000e518    00000090     gpio.obj (.const:g_pui32GPIOBaseAddrs)
                  0000e5a8    0000006c     sysctl.obj (.const:g_pui32Xtals)
                  0000e614    00000060     timer.obj (.const:g_ppui32TimerIntMap)
                  0000e674    00000040     timer.obj (.const:g_ppui32TimerIntMapSnowflake)
                  0000e6b4    00000040     uart.obj (.const:g_ppui32UARTIntMap)
                  0000e6f4    00000040     uart.obj (.const:g_ppui32UARTIntMapSnowflake)
                  0000e734    00000030     sysctl.obj (.const:g_sXTALtoMEMTIM)
                  0000e764    00000020     interrupt.obj (.const:g_pui32Priority)
                  0000e784    00000014     interrupt.obj (.const:g_pui32Dii16Regs)
                  0000e798    00000014     interrupt.obj (.const:g_pui32EnRegs)
                  0000e7ac    00000014     interrupt.obj (.const:g_pui32PendRegs)
                  0000e7c0    00000014     interrupt.obj (.const:g_pui32UnpendRegs)
                  0000e7d4    00000009     uartDMA.obj (.const:.string:$P$T0$2)
                  0000e7dd    00000003     --HOLE-- [fill = 0]
                  0000e7e0    00000008     sysctl.obj (.const:g_pui32VCOFrequencies)
                  0000e7e8    00000004     lcd_functions.obj (.const:$P$T16$2)
                  0000e7ec    00000004     lcd_functions.obj (.const:$P$T17$3)
                  0000e7f0    00000004     lcd_functions.obj (.const:$P$T18$4)
                  0000e7f4    00000004     lcd_functions.obj (.const:$P$T19$5)
                  0000e7f8    00000004     lcd_functions.obj (.const:$P$T2$1)
                  0000e7fc    00000004     lcd_functions.obj (.const:$P$T20$6)
                  0000e800    00000004     lcd_functions.obj (.const:$P$T21$7)
                  0000e804    00000004     lcd_functions.obj (.const:$P$T22$8)
                  0000e808    00000004     lcd_functions.obj (.const:$P$T23$9)
                  0000e80c    00000004     lcd_functions.obj (.const:$P$T24$10)
                  0000e810    00000004     lcd_functions.obj (.const:$P$T25$11)
                  0000e814    00000004     lcd_functions.obj (.const:$P$T26$12)
                  0000e818    00000004     lcd_functions.obj (.const:$P$T27$13)
                  0000e81c    00000004     lcd_functions.obj (.const:$P$T28$14)
                  0000e820    00000004     lcd_functions.obj (.const:$P$T35$15)
                  0000e824    00000004     lcd_functions.obj (.const:$P$T36$16)
                  0000e828    00000004     lcd_functions.obj (.const:$P$T37$17)
                  0000e82c    00000004     lcd_functions.obj (.const:$P$T38$18)
                  0000e830    00000004     lcd_functions.obj (.const:$P$T39$19)
                  0000e834    00000004     lcd_functions.obj (.const:$P$T40$20)
                  0000e838    00000004     lcd_functions.obj (.const:$P$T43$21)
                  0000e83c    00000004     lcd_functions.obj (.const:$P$T44$22)
                  0000e840    00000004     lcd_functions.obj (.const:$P$T48$23)
                  0000e844    00000004     lcd_functions.obj (.const:$P$T49$24)
                  0000e848    00000004     lcd_functions.obj (.const:$P$T50$25)
                  0000e84c    00000004     lcd_functions.obj (.const:$P$T52$26)

.cinit     0    0000e850    00000d60     
                  0000e850    00000d29     (.cinit..data.load) [load image, compression = lzss]
                  0000f579    00000003     --HOLE-- [fill = 0]
                  0000f57c    0000000c     (__TI_handler_table)
                  0000f588    00000008     (.cinit..bss.load) [load image, compression = zero_init]
                  0000f590    00000008     (.cinit..vtable.load) [load image, compression = zero_init]
                  0000f598    00000018     (__TI_cinit_table)

.init_array 
*          0    00000000    00000000     UNINITIALIZED

.vtable    0    20000000    0000026c     UNINITIALIZED
                  20000000    0000026c     interrupt.obj (.vtable)

.data      0    20024c60    00009020     UNINITIALIZED
                  20024c60    00002400     arrow_left.obj (.data:imgArrayArrowLButton)
                  20027060    00002400     arrow_right.obj (.data:imgArrayArrowRButton)
                  20029460    00002400     startButton.obj (.data:imgArrayStartButton)
                  2002b860    00002400     stopButton.obj (.data:imgArrayStopButton)
                  2002dc60    00000009     uartDMA.obj (.data:stepperMotorCommand$1)
                  2002dc69    00000001     --HOLE--
                  2002dc6a    00000002     main.obj (.data)
                  2002dc6c    00000004     lcd_functions.obj (.data:backImgRight)
                  2002dc70    00000004     lcd_functions.obj (.data:backImgStart)
                  2002dc74    00000004     lcd_functions.obj (.data:backImgStop)
                  2002dc78    00000004     lcd_functions.obj (.data:backMenu)
                  2002dc7c    00000004     rtsv7M4_T_le_v4SPD16_eabi.lib : errno.c.obj (.data)

.bss       0    2002e000    000018b6     UNINITIALIZED
                  2002e000    00000c00     (.common:color)
                  2002ec00    00000400     (.common:pui8ControlTable)
                  2002f000    00000282     (.common:SensorData)
                  2002f282    00000100     adc_functions.obj (.bss:CosResults)
                  2002f382    00000100     adc_functions.obj (.bss:SinResults)
                  2002f482    00000080     adc_functions.obj (.bss:negCosResults$3)
                  2002f502    00000080     adc_functions.obj (.bss:negSinResults$1)
                  2002f582    00000080     adc_functions.obj (.bss:posCosResults$4)
                  2002f602    00000080     adc_functions.obj (.bss:posSinResults$2)
                  2002f682    00000080     (.common:CosOffset)
                  2002f702    00000080     (.common:SinOffset)
                  2002f782    00000080     (.common:oldDiffCosResults)
                  2002f802    00000080     (.common:oldDiffSinResults)
                  2002f882    00000002     (.common:xpos)
                  2002f884    00000014     (.common:setting)
                  2002f898    00000008     uartDMA.obj (.bss:UART0receive)
                  2002f8a0    00000008     adc.obj (.bss:g_pui8OversampleFactor)
                  2002f8a8    00000008     main.obj (.bss)
                  2002f8b0    00000004     (.common:backColor)
                  2002f8b4    00000002     (.common:ypos)

.stack     0    20000270    000249f0     UNINITIALIZED
                  20000270    00000004     rtsv7M4_T_le_v4SPD16_eabi.lib : boot_cortex_m.c.obj (.stack)
                  20000274    000249ec     --HOLE--

__llvm_prf_cnts 
*          0    20000000    00000000     UNINITIALIZED

MODULE SUMMARY

       Module                          code    ro data   rw data
       ------                          ----    -------   -------
    ./
       tm4c1294ncpdt_startup_ccs.obj   12      520       0      
    +--+-------------------------------+-------+---------+---------+
       Total:                          12      520       0      
                                                                
    ./Image_Src/
       arrow_left.obj                  0       0         9216   
       arrow_right.obj                 0       0         9216   
       startButton.obj                 0       0         9216   
       stopButton.obj                  0       0         9216   
    +--+-------------------------------+-------+---------+---------+
       Total:                          0       0         36864  
                                                                
    ./main/
       main.obj                        700     0         3086   
    +--+-------------------------------+-------+---------+---------+
       Total:                          700     0         3086   
                                                                
    ./src/
       lcd_functions.obj               12192   8296      276    
       adc_functions.obj               2544    0         1922   
       uartDMA.obj                     980     9         1041   
       touch.obj                       732     0         0      
       EEPROM_functions.obj            216     0         20     
       timer_functions.obj             100     0         0      
    +--+-------------------------------+-------+---------+---------+
       Total:                          16764   8305      3259   
                                                                
    ./tivaware/src/
       sysctl.obj                      3974    596       0      
       gpio.obj                        2964    552       0      
       adc.obj                         2114    0         8      
       interrupt.obj                   960     268       620    
       timer.obj                       1602    160       0      
       uart.obj                        1582    128       0      
       udma.obj                        1248    0         0      
       eeprom.obj                      1136    0         0      
       cpu.obj                         62      0         0      
    +--+-------------------------------+-------+---------+---------+
       Total:                          15642   1704      628    
                                                                
    /home/ole/CodeComposerStudio10/ccs/tools/compiler/ti-cgt-arm_20.2.0.LTS/lib/rtsv7M4_T_le_v4SPD16_eabi.lib
       _printfi.c.obj                  4851    0         0      
       k_rem_pio2.c.obj                1848    344       0      
       s_cos.c.obj                     1500    0         0      
       s_sin.c.obj                     1476    0         0      
       s_atan.c.obj                    748     152       0      
       e_atan2.c.obj                   472     0         0      
       fd_add_t2.asm.obj               438     0         0      
       k_sin.c.obj                     372     0         0      
       k_cos.c.obj                     364     0         0      
       e_sqrt.c.obj                    344     0         0      
       fd_div_t2.asm.obj               310     0         0      
       s_scalbn.c.obj                  272     0         0      
       fd_cmp_t2.asm.obj               268     0         0      
       ctype.c.obj                     0       257       0      
       fd_mul_t2.asm.obj               252     0         0      
       s_floor.c.obj                   248     0         0      
       memcpy_t2.asm.obj               156     0         0      
       ull_div_t2.asm.obj              150     0         0      
       memset_t2.asm.obj               122     0         0      
       copy_decompress_lzss.c.obj      104     0         0      
       s_frexp.c.obj                   100     0         0      
       sprintf.c.obj                   98      0         0      
       _ltoa.c.obj                     84      0         0      
       atoi.c.obj                      76      0         0      
       fd_toi_t2.asm.obj               72      0         0      
       autoinit.c.obj                  68      0         0      
       boot_cortex_m.c.obj             52      0         0      
       i_tofd_t2.asm.obj               46      0         0      
       memccpy.c.obj                   28      0         0      
       s_copysign.c.obj                26      0         0      
       strchr.c.obj                    22      0         0      
       strlen.c.obj                    20      0         0      
       wcslen.c.obj                    18      0         0      
       copy_decompress_none.c.obj      14      0         0      
       copy_zero_init.c.obj            12      0         0      
       errno.c.obj                     8       0         4      
       exit.c.obj                      4       0         0      
       pre_init.c.obj                  4       0         0      
       div0.asm.obj                    2       0         0      
    +--+-------------------------------+-------+---------+---------+
       Total:                          15049   753       4      
                                                                
       Stack:                          0       0         150000 
       Linker Generated:               0       3421      0      
    +--+-------------------------------+-------+---------+---------+
       Grand Total:                    48167   14703     193841 


LINKER GENERATED COPY TABLES

__TI_cinit_table @ 0000f598 records: 3, size/record: 8, table size: 24
	.data: load addr=0000e850, load size=00000d29 bytes, run addr=20024c60, run size=00009020 bytes, compression=lzss
	.bss: load addr=0000f588, load size=00000008 bytes, run addr=2002e000, run size=000018b6 bytes, compression=zero_init
	.vtable: load addr=0000f590, load size=00000008 bytes, run addr=20000000, run size=0000026c bytes, compression=zero_init


LINKER GENERATED HANDLER TABLE

__TI_handler_table @ 0000f57c records: 3, size/record: 4, table size: 12
	index: 0, handler: __TI_zero_init
	index: 1, handler: __TI_decompress_lzss
	index: 2, handler: __TI_decompress_none


GLOBAL SYMBOLS: SORTED ALPHABETICALLY BY Name 

address   name                              
-------   ----                              
0000a17f  ADC1InterruptHandler              
000068b5  ADCBusy                           
000068fd  ADCClockConfigGet                 
000068d3  ADCClockConfigSet                 
000066c7  ADCComparatorConfigure            
000067a9  ADCComparatorIntClear             
00006753  ADCComparatorIntDisable           
00006771  ADCComparatorIntEnable            
00006795  ADCComparatorIntStatus            
000066e3  ADCComparatorRegionSet            
0000670d  ADCComparatorReset                
00006695  ADCHardwareOversampleConfigure    
00006237  ADCIntClear                       
0000681d  ADCIntClearEx                     
0000619d  ADCIntDisable                     
000067bb  ADCIntDisableEx                   
000061b9  ADCIntEnable                      
000067d3  ADCIntEnableEx                    
00006157  ADCIntRegister                    
000061df  ADCIntStatus                      
000067eb  ADCIntStatusEx                    
0000617f  ADCIntUnregister                  
0000686f  ADCPhaseDelayGet                  
0000685d  ADCPhaseDelaySet                  
000064a9  ADCProcessorTrigger               
0000684b  ADCReferenceGet                   
0000682f  ADCReferenceSet                   
00006281  ADCSequenceConfigure              
00006899  ADCSequenceDMADisable             
0000687d  ADCSequenceDMAEnable              
00006467  ADCSequenceDataGet                
00006267  ADCSequenceDisable                
0000624d  ADCSequenceEnable                 
0000640b  ADCSequenceOverflow               
00006423  ADCSequenceOverflowClear          
0000631d  ADCSequenceStepConfigure          
00006439  ADCSequenceUnderflow              
00006451  ADCSequenceUnderflowClear         
000064cd  ADCSoftwareOversampleConfigure    
00006601  ADCSoftwareOversampleDataGet      
0000651f  ADCSoftwareOversampleStepConfigure
0000be37  C$$EXIT                           
0000bcff  CPUbasepriGet                     
0000bcf1  CPUbasepriSet                     
0000bccb  CPUcpsid                          
0000bce1  CPUcpsie                          
0000bcd7  CPUprimask                        
0000bced  CPUwfi                            
00009489  ConfigureUART0                    
0000951d  ConfigureUART2                    
2002f682  CosOffset                         
00008e31  EEPROMBlockCountGet               
000090ed  EEPROMBlockHide                   
00009079  EEPROMBlockLock                   
00009031  EEPROMBlockPasswordSet            
00008ff1  EEPROMBlockProtectGet             
00009005  EEPROMBlockProtectSet             
000090a1  EEPROMBlockUnlock                 
00008de1  EEPROMInit                        
0000917b  EEPROMIntClear                    
0000912d  EEPROMIntDisable                  
00009109  EEPROMIntEnable                   
0000914b  EEPROMIntStatus                   
00008fb3  EEPROMMassErase                   
00008e95  EEPROMProgram                     
00008f71  EEPROMProgramNonBlocking          
00008e3f  EEPROMRead                        
00008e25  EEPROMSizeGet                     
000091a3  EEPROMStatusGet                   
00004c95  GPIOADCTriggerDisable             
00004c77  GPIOADCTriggerEnable              
00004c59  GPIODMATriggerDisable             
00004c3b  GPIODMATriggerEnable              
000041e3  GPIODirModeGet                    
00004187  GPIODirModeSet                    
0000474b  GPIOIntClear                      
0000470f  GPIOIntDisable                    
000046f5  GPIOIntEnable                     
0000475f  GPIOIntRegister                   
00004797  GPIOIntRegisterPin                
00004729  GPIOIntStatus                     
000042d3  GPIOIntTypeGet                    
0000422f  GPIOIntTypeSet                    
0000477d  GPIOIntUnregister                 
000047c5  GPIOIntUnregisterPin              
000045a3  GPIOPadConfigGet                  
00004369  GPIOPadConfigSet                  
00004bdd  GPIOPinConfigure                  
000047e9  GPIOPinRead                       
00004821  GPIOPinTypeADC                    
00004845  GPIOPinTypeCAN                    
00004869  GPIOPinTypeComparator             
0000488d  GPIOPinTypeComparatorOutput       
000048b1  GPIOPinTypeDIVSCLK                
000048d5  GPIOPinTypeEPI                    
000048f9  GPIOPinTypeEthernetLED            
0000491d  GPIOPinTypeEthernetMII            
00004941  GPIOPinTypeGPIOInput              
00004965  GPIOPinTypeGPIOOutput             
00004989  GPIOPinTypeGPIOOutputOD           
000049ad  GPIOPinTypeHibernateRTCCLK        
000049d1  GPIOPinTypeI2C                    
000049f5  GPIOPinTypeI2CSCL                 
00004a19  GPIOPinTypeLCD                    
00004a3d  GPIOPinTypeOneWire                
00004a61  GPIOPinTypePWM                    
00004a85  GPIOPinTypeQEI                    
00004aa9  GPIOPinTypeSSI                    
00004acd  GPIOPinTypeTimer                  
00004af1  GPIOPinTypeTrace                  
00004b15  GPIOPinTypeUART                   
00004b39  GPIOPinTypeUSBAnalog              
00004b5d  GPIOPinTypeUSBDigital             
00004b81  GPIOPinTypeWakeHigh               
00004ba7  GPIOPinTypeWakeLow                
00004bcd  GPIOPinWakeStatus                 
00004801  GPIOPinWrite                      
00009771  IntDisable                        
000096ff  IntEnable                         
000097e3  IntIsEnabled                      
000095c3  IntMasterDisable                  
000095b3  IntMasterEnable                   
000098d9  IntPendClear                      
00009869  IntPendSet                        
000096db  IntPriorityGet                    
00009653  IntPriorityGroupingGet            
00009639  IntPriorityGroupingSet            
00009933  IntPriorityMaskGet                
00009927  IntPriorityMaskSet                
0000968b  IntPrioritySet                    
000095d3  IntRegister                       
0000993b  IntTrigger                        
00009625  IntUnregister                     
0000be0f  ResetISR                          
2002f000  SensorData                        
2002f702  SinOffset                         
000040e5  SysCtlAltClkConfig                
0000380d  SysCtlClockFreqSet                
00003cd5  SysCtlClockGet                    
000040c9  SysCtlClockOutConfig              
00003b05  SysCtlClockSet                    
00003711  SysCtlDeepSleep                   
00003e99  SysCtlDeepSleepClockConfigSet     
00003e7b  SysCtlDeepSleepClockSet           
000036f1  SysCtlDeepSleepPowerSet           
0000be2d  SysCtlDelay                       
0000329f  SysCtlFlashSectorSizeGet          
00003273  SysCtlFlashSizeGet                
00003f6f  SysCtlGPIOAHBDisable              
00003f53  SysCtlGPIOAHBEnable               
00003685  SysCtlIntClear                    
0000366d  SysCtlIntDisable                  
00003659  SysCtlIntEnable                   
00003631  SysCtlIntRegister                 
00003695  SysCtlIntStatus                   
00003649  SysCtlIntUnregister               
000036d7  SysCtlLDODeepSleepGet             
000036c7  SysCtlLDODeepSleepSet             
000036c1  SysCtlLDOSleepGet                 
000036b1  SysCtlLDOSleepSet                 
00003747  SysCtlMOSCConfigSet               
000040ad  SysCtlNMIClear                    
00004099  SysCtlNMIStatus                   
0000375d  SysCtlPIOSCCalibrate              
00003f3d  SysCtlPWMClockGet                 
00003f23  SysCtlPWMClockSet                 
000035dd  SysCtlPeripheralClockGating       
00003595  SysCtlPeripheralDeepSleepDisable  
00003545  SysCtlPeripheralDeepSleepEnable   
00003481  SysCtlPeripheralDisable           
00003445  SysCtlPeripheralEnable            
00003381  SysCtlPeripheralPowerOff          
00003345  SysCtlPeripheralPowerOn           
000032c5  SysCtlPeripheralPresent           
00003305  SysCtlPeripheralReady             
000033bd  SysCtlPeripheralReset             
00003509  SysCtlPeripheralSleepDisable      
000034c5  SysCtlPeripheralSleepEnable       
00003701  SysCtlReset                       
000037bd  SysCtlResetBehaviorGet            
000037ad  SysCtlResetBehaviorSet            
00003733  SysCtlResetCauseClear             
0000372d  SysCtlResetCauseGet               
00003269  SysCtlSRAMSizeGet                 
00003709  SysCtlSleep                       
000036dd  SysCtlSleepPowerSet               
00003f97  SysCtlUSBPLLDisable               
00003f8b  SysCtlUSBPLLEnable                
00003fdd  SysCtlVCOGet                      
00003fc5  SysCtlVoltageEventClear           
00003fa9  SysCtlVoltageEventConfig          
00003fb9  SysCtlVoltageEventStatus          
0000a159  Timer0InterruptHandler            
00007639  TimerADCEventGet                  
00007627  TimerADCEventSet                  
0000735d  TimerClockSourceGet               
00007333  TimerClockSourceSet               
00007127  TimerConfigure                    
00007247  TimerControlEvent                 
000071a3  TimerControlLevel                 
00007271  TimerControlStall                 
000071d9  TimerControlTrigger               
000072a7  TimerControlWaitOnTrigger         
00007659  TimerDMAEventGet                  
00007647  TimerDMAEventSet                  
00007109  TimerDisable                      
000070eb  TimerEnable                       
00007603  TimerIntClear                     
000075cd  TimerIntDisable                   
000075b5  TimerIntEnable                    
0000756f  TimerIntRegister                  
000075e5  TimerIntStatus                    
00007597  TimerIntUnregister                
00007427  TimerLoadGet                      
0000745d  TimerLoadGet64                    
000073fd  TimerLoadSet                      
00007443  TimerLoadSet64                    
00007507  TimerMatchGet                     
0000753d  TimerMatchGet64                   
000074dd  TimerMatchSet                     
00007523  TimerMatchSet64                   
00007397  TimerPrescaleGet                  
000073e1  TimerPrescaleMatchGet             
000073b3  TimerPrescaleMatchSet             
0000736d  TimerPrescaleSet                  
0000731d  TimerRTCDisable                   
00007307  TimerRTCEnable                    
00007615  TimerSynchronize                  
00007667  TimerUpdateMode                   
0000748f  TimerValueGet                     
000074ab  TimerValueGet64                   
00009fb5  TouchInterruptHandler             
000091dd  UART0ClearInterrupt               
0000a081  UART0InterruptHandler             
00009381  UART2IntHandler                   
00007c8d  UART9BitAddrSend                  
00007c67  UART9BitAddrSet                   
00007c51  UART9BitDisable                   
00007c3b  UART9BitEnable                    
00007adf  UARTBreakCtl                      
00007b09  UARTBusy                          
00007a87  UARTCharGet                       
00007a6b  UARTCharGetNonBlocking            
00007ac1  UARTCharPut                       
00007a9d  UARTCharPutNonBlocking            
00007a2f  UARTCharsAvail                    
00007c2b  UARTClockSourceGet                
00007c17  UARTClockSourceSet                
000077ff  UARTConfigGetExpClk               
00007789  UARTConfigSetExpClk               
00007bdd  UARTDMADisable                    
00007bc5  UARTDMAEnable                     
0000786f  UARTDisable                       
000078f3  UARTDisableSIR                    
0000784b  UARTEnable                        
000078c5  UARTEnableSIR                     
000078af  UARTFIFODisable                   
00007899  UARTFIFOEnable                    
00007761  UARTFIFOLevelGet                  
00007749  UARTFIFOLevelSet                  
000079ef  UARTFlowControlGet                
000079d3  UARTFlowControlSet                
000091eb  UARTGetIntStatus                  
00007bb3  UARTIntClear                      
00007b7d  UARTIntDisable                    
00007b65  UARTIntEnable                     
00007b27  UARTIntRegister                   
00007b95  UARTIntStatus                     
00007b45  UARTIntUnregister                 
00007cd5  UARTLoopbackEnable                
00007989  UARTModemControlClear             
000079ad  UARTModemControlGet               
00007951  UARTModemControlSet               
000079bf  UARTModemStatusGet                
00007737  UARTParityModeGet                 
0000771b  UARTParityModeSet                 
00007c07  UARTRxErrorClear                  
00007bf5  UARTRxErrorGet                    
0000793b  UARTSmartCardDisable              
00007909  UARTSmartCardEnable               
00007a4d  UARTSpaceAvail                    
00007a1d  UARTTxIntModeGet                  
00007a01  UARTTxIntModeSet                  
20024c60  __STACK_END                       
000249f0  __STACK_SIZE                      
20000470  __STACK_TOP                       
0000f598  __TI_CINIT_Base                   
0000f5b0  __TI_CINIT_Limit                  
0000f57c  __TI_Handler_Table_Base           
0000f588  __TI_Handler_Table_Limit          
0000bc09  __TI_auto_init_nobinit_nopinit    
0000b949  __TI_decompress_lzss              
0000bdf5  __TI_decompress_none              
0000bacf  __TI_ltoa                         
ffffffff  __TI_pprof_out_hndl               
00004cbd  __TI_printfi                      
ffffffff  __TI_prof_data_size               
ffffffff  __TI_prof_data_start              
00000000  __TI_static_base__                
0000be03  __TI_zero_init                    
0000b755  __aeabi_cdcmpeq                   
0000b755  __aeabi_cdcmple                   
0000b7db  __aeabi_cdrcmple                  
0000bbc1  __aeabi_d2iz                      
0000a817  __aeabi_dadd                      
0000af39  __aeabi_ddiv                      
0000b2a5  __aeabi_dmul                      
0000a80d  __aeabi_dsub                      
0000be25  __aeabi_errno_addr                
0000bd3d  __aeabi_i2d                       
0000570b  __aeabi_idiv0                     
0000570b  __aeabi_ldiv0                     
0000b861  __aeabi_memclr                    
0000b861  __aeabi_memclr4                   
0000b861  __aeabi_memclr8                   
0000b623  __aeabi_memcpy                    
0000b623  __aeabi_memcpy4                   
0000b623  __aeabi_memcpy8                   
0000b863  __aeabi_memset                    
0000b863  __aeabi_memset4                   
0000b863  __aeabi_memset8                   
0000b6bf  __aeabi_uldivmod                  
ffffffff  __binit__                         
ffffffff  __c_args__                        
0000ab39  __kernel_cos                      
00006941  __kernel_rem_pio2                 
0000a9c5  __kernel_sin                      
UNDEFED   __mpu_init                        
20000270  __stack                           
20000000  __start___llvm_prf_cnts           
20000000  __stop___llvm_prf_cnts            
0000bd09  _c_int00_noargs                   
0000e148  _ctypes_                          
UNDEFED   _system_post_cinit                
0000be33  _system_pre_init                  
0000be37  abort                             
00005729  adcIntClear                       
00009971  atan                              
0000a465  atan2                             
0000a465  atan2l                            
00009971  atanl                             
0000bb75  atoi                              
2002f8b0  backColor                         
2002dc6c  backImgRight                      
2002dc70  backImgStart                      
2002dc74  backImgStop                       
2002dc78  backMenu                          
ffffffff  binit                             
2002e000  color                             
00005a39  computeArrows                     
00005f6d  configureADC                      
0000b559  configureEEPROM                   
00002d13  configureLCD5Inch                 
00000209  configureLCD7Inch                 
0000ba21  configureTimer0                   
00009c5d  configureTouch                    
0000941f  configureUartUDMA                 
0000bd87  copysign                          
0000bd87  copysignl                         
00007ced  cos                               
00007ced  cosl                              
00000a11  drawDisplay5Inch                  
00000c29  drawDisplay7Inch                  
00000f7d  drawRectangle                     
2002dc7c  errno                             
0000b3a1  floor                             
0000b3a1  floorl                            
0000b9b1  frexp                             
0000b9b1  frexpl                            
20000000  g_pfnRAMVectors                   
00000000  g_pfnVectors                      
00002b41  generateColors                    
000091fb  getMaxArrowLengthUART             
000091f7  getUART0RxData                    
20024c60  imgArrayArrowLButton              
20027060  imgArrayArrowRButton              
20029460  imgArrayStartButton               
2002b860  imgArrayStopButton                
0000b499  initSettings                      
0000b195  ldexp                             
0000b195  ldexpl                            
0000b4cd  loadSettingsFromEEPROM            
00009f39  main                              
0000bd6b  memccpy                           
0000b623  memcpy                            
0000b869  memset                            
2002f782  oldDiffCosResults                 
2002f802  oldDiffSinResults                 
0000921b  prepareNextReceiveDMA             
0000070d  printString                       
2002ec00  pui8ControlTable                  
000093a3  receiveDataFromMotor              
0000b51f  saveSettingsToEEPROM              
0000b195  scalbn                            
0000b195  scalbnl                           
000092d7  sendCommandToMotor                
00009253  sendRawCommandToMotor             
00009235  sendUARTDMA                       
0000576b  setADCHardwareAveraging           
0000022d  setDisplayLayout                  
00002f2d  setLCD7inchHardware               
000008e9  setLCDBackgroundColor             
0000097d  setLCDBackgroundColor7            
00005735  setMultiplexer                    
2002f884  setting                           
000082c9  sin                               
000082c9  sinl                              
0000bc4d  sprintf                           
0000aca5  sqrt                              
0000aca5  sqrtl                             
0000570d  startADConversion                 
000057ad  storeArraySensorData              
0000bdb9  strchr                            
0000bdcf  strlen                            
0000ba15  timer0IntClear                    
00009ca1  touchGetItem                      
00009e31  touchRead                         
00008ce5  uDMAChannelAssign                 
0000898b  uDMAChannelAttributeDisable       
00008937  uDMAChannelAttributeEnable        
000089df  uDMAChannelAttributeGet           
00008a4f  uDMAChannelControlSet             
000088c3  uDMAChannelDisable                
000088ab  uDMAChannelEnable                 
000088db  uDMAChannelIsEnabled              
00008c5d  uDMAChannelModeGet                
0000891f  uDMAChannelRequest                
00008b89  uDMAChannelScatterGatherSet       
00008d41  uDMAChannelSelectDefault          
00008d2d  uDMAChannelSelectSecondary        
00008c15  uDMAChannelSizeGet                
00008a91  uDMAChannelTransferSet            
00008919  uDMAControlAlternateBaseGet       
00008913  uDMAControlBaseGet                
00008903  uDMAControlBaseSet                
00008895  uDMADisable                       
0000888d  uDMAEnable                        
000088a3  uDMAErrorStatusClear              
0000889d  uDMAErrorStatusGet                
00008cd1  uDMAIntClear                      
00008ca3  uDMAIntRegister                   
00008ccb  uDMAIntStatus                     
00008cb9  uDMAIntUnregister                 
0000bde3  wcslen                            
00000409  writeButton                       
00000805  writeChar                         
00002c3d  writeCmdData                      
00002c1d  writeCommand                      
00002c5d  writeData                         
00000585  writeInfo                         
0000103d  writeLine                         
00002385  writeLine0Degree                  
0000242d  writeLine180Degree                
00002481  writeLine270Degree                
000023d9  writeLine90Degree                 
000024dd  writeLineQuadrant1_I              
000025b5  writeLineQuadrant1_II             
0000267b  writeLineQuadrant2_I              
00002741  writeLineQuadrant2_II             
00002819  writeLineQuadrant3_I              
000028df  writeLineQuadrant3_II             
000029a5  writeLineQuadrant4_I              
00002a6b  writeLineQuadrant4_II             
00002ca3  writePosition                     
2002f882  xpos                              
2002f8b4  ypos                              


GLOBAL SYMBOLS: SORTED BY Symbol Address 

address   name                              
-------   ----                              
00000000  __TI_static_base__                
00000000  g_pfnVectors                      
00000209  configureLCD7Inch                 
0000022d  setDisplayLayout                  
00000409  writeButton                       
00000585  writeInfo                         
0000070d  printString                       
00000805  writeChar                         
000008e9  setLCDBackgroundColor             
0000097d  setLCDBackgroundColor7            
00000a11  drawDisplay5Inch                  
00000c29  drawDisplay7Inch                  
00000f7d  drawRectangle                     
0000103d  writeLine                         
00002385  writeLine0Degree                  
000023d9  writeLine90Degree                 
0000242d  writeLine180Degree                
00002481  writeLine270Degree                
000024dd  writeLineQuadrant1_I              
000025b5  writeLineQuadrant1_II             
0000267b  writeLineQuadrant2_I              
00002741  writeLineQuadrant2_II             
00002819  writeLineQuadrant3_I              
000028df  writeLineQuadrant3_II             
000029a5  writeLineQuadrant4_I              
00002a6b  writeLineQuadrant4_II             
00002b41  generateColors                    
00002c1d  writeCommand                      
00002c3d  writeCmdData                      
00002c5d  writeData                         
00002ca3  writePosition                     
00002d13  configureLCD5Inch                 
00002f2d  setLCD7inchHardware               
00003269  SysCtlSRAMSizeGet                 
00003273  SysCtlFlashSizeGet                
0000329f  SysCtlFlashSectorSizeGet          
000032c5  SysCtlPeripheralPresent           
00003305  SysCtlPeripheralReady             
00003345  SysCtlPeripheralPowerOn           
00003381  SysCtlPeripheralPowerOff          
000033bd  SysCtlPeripheralReset             
00003445  SysCtlPeripheralEnable            
00003481  SysCtlPeripheralDisable           
000034c5  SysCtlPeripheralSleepEnable       
00003509  SysCtlPeripheralSleepDisable      
00003545  SysCtlPeripheralDeepSleepEnable   
00003595  SysCtlPeripheralDeepSleepDisable  
000035dd  SysCtlPeripheralClockGating       
00003631  SysCtlIntRegister                 
00003649  SysCtlIntUnregister               
00003659  SysCtlIntEnable                   
0000366d  SysCtlIntDisable                  
00003685  SysCtlIntClear                    
00003695  SysCtlIntStatus                   
000036b1  SysCtlLDOSleepSet                 
000036c1  SysCtlLDOSleepGet                 
000036c7  SysCtlLDODeepSleepSet             
000036d7  SysCtlLDODeepSleepGet             
000036dd  SysCtlSleepPowerSet               
000036f1  SysCtlDeepSleepPowerSet           
00003701  SysCtlReset                       
00003709  SysCtlSleep                       
00003711  SysCtlDeepSleep                   
0000372d  SysCtlResetCauseGet               
00003733  SysCtlResetCauseClear             
00003747  SysCtlMOSCConfigSet               
0000375d  SysCtlPIOSCCalibrate              
000037ad  SysCtlResetBehaviorSet            
000037bd  SysCtlResetBehaviorGet            
0000380d  SysCtlClockFreqSet                
00003b05  SysCtlClockSet                    
00003cd5  SysCtlClockGet                    
00003e7b  SysCtlDeepSleepClockSet           
00003e99  SysCtlDeepSleepClockConfigSet     
00003f23  SysCtlPWMClockSet                 
00003f3d  SysCtlPWMClockGet                 
00003f53  SysCtlGPIOAHBEnable               
00003f6f  SysCtlGPIOAHBDisable              
00003f8b  SysCtlUSBPLLEnable                
00003f97  SysCtlUSBPLLDisable               
00003fa9  SysCtlVoltageEventConfig          
00003fb9  SysCtlVoltageEventStatus          
00003fc5  SysCtlVoltageEventClear           
00003fdd  SysCtlVCOGet                      
00004099  SysCtlNMIStatus                   
000040ad  SysCtlNMIClear                    
000040c9  SysCtlClockOutConfig              
000040e5  SysCtlAltClkConfig                
00004187  GPIODirModeSet                    
000041e3  GPIODirModeGet                    
0000422f  GPIOIntTypeSet                    
000042d3  GPIOIntTypeGet                    
00004369  GPIOPadConfigSet                  
000045a3  GPIOPadConfigGet                  
000046f5  GPIOIntEnable                     
0000470f  GPIOIntDisable                    
00004729  GPIOIntStatus                     
0000474b  GPIOIntClear                      
0000475f  GPIOIntRegister                   
0000477d  GPIOIntUnregister                 
00004797  GPIOIntRegisterPin                
000047c5  GPIOIntUnregisterPin              
000047e9  GPIOPinRead                       
00004801  GPIOPinWrite                      
00004821  GPIOPinTypeADC                    
00004845  GPIOPinTypeCAN                    
00004869  GPIOPinTypeComparator             
0000488d  GPIOPinTypeComparatorOutput       
000048b1  GPIOPinTypeDIVSCLK                
000048d5  GPIOPinTypeEPI                    
000048f9  GPIOPinTypeEthernetLED            
0000491d  GPIOPinTypeEthernetMII            
00004941  GPIOPinTypeGPIOInput              
00004965  GPIOPinTypeGPIOOutput             
00004989  GPIOPinTypeGPIOOutputOD           
000049ad  GPIOPinTypeHibernateRTCCLK        
000049d1  GPIOPinTypeI2C                    
000049f5  GPIOPinTypeI2CSCL                 
00004a19  GPIOPinTypeLCD                    
00004a3d  GPIOPinTypeOneWire                
00004a61  GPIOPinTypePWM                    
00004a85  GPIOPinTypeQEI                    
00004aa9  GPIOPinTypeSSI                    
00004acd  GPIOPinTypeTimer                  
00004af1  GPIOPinTypeTrace                  
00004b15  GPIOPinTypeUART                   
00004b39  GPIOPinTypeUSBAnalog              
00004b5d  GPIOPinTypeUSBDigital             
00004b81  GPIOPinTypeWakeHigh               
00004ba7  GPIOPinTypeWakeLow                
00004bcd  GPIOPinWakeStatus                 
00004bdd  GPIOPinConfigure                  
00004c3b  GPIODMATriggerEnable              
00004c59  GPIODMATriggerDisable             
00004c77  GPIOADCTriggerEnable              
00004c95  GPIOADCTriggerDisable             
00004cbd  __TI_printfi                      
0000570b  __aeabi_idiv0                     
0000570b  __aeabi_ldiv0                     
0000570d  startADConversion                 
00005729  adcIntClear                       
00005735  setMultiplexer                    
0000576b  setADCHardwareAveraging           
000057ad  storeArraySensorData              
00005a39  computeArrows                     
00005f6d  configureADC                      
00006157  ADCIntRegister                    
0000617f  ADCIntUnregister                  
0000619d  ADCIntDisable                     
000061b9  ADCIntEnable                      
000061df  ADCIntStatus                      
00006237  ADCIntClear                       
0000624d  ADCSequenceEnable                 
00006267  ADCSequenceDisable                
00006281  ADCSequenceConfigure              
0000631d  ADCSequenceStepConfigure          
0000640b  ADCSequenceOverflow               
00006423  ADCSequenceOverflowClear          
00006439  ADCSequenceUnderflow              
00006451  ADCSequenceUnderflowClear         
00006467  ADCSequenceDataGet                
000064a9  ADCProcessorTrigger               
000064cd  ADCSoftwareOversampleConfigure    
0000651f  ADCSoftwareOversampleStepConfigure
00006601  ADCSoftwareOversampleDataGet      
00006695  ADCHardwareOversampleConfigure    
000066c7  ADCComparatorConfigure            
000066e3  ADCComparatorRegionSet            
0000670d  ADCComparatorReset                
00006753  ADCComparatorIntDisable           
00006771  ADCComparatorIntEnable            
00006795  ADCComparatorIntStatus            
000067a9  ADCComparatorIntClear             
000067bb  ADCIntDisableEx                   
000067d3  ADCIntEnableEx                    
000067eb  ADCIntStatusEx                    
0000681d  ADCIntClearEx                     
0000682f  ADCReferenceSet                   
0000684b  ADCReferenceGet                   
0000685d  ADCPhaseDelaySet                  
0000686f  ADCPhaseDelayGet                  
0000687d  ADCSequenceDMAEnable              
00006899  ADCSequenceDMADisable             
000068b5  ADCBusy                           
000068d3  ADCClockConfigSet                 
000068fd  ADCClockConfigGet                 
00006941  __kernel_rem_pio2                 
000070eb  TimerEnable                       
00007109  TimerDisable                      
00007127  TimerConfigure                    
000071a3  TimerControlLevel                 
000071d9  TimerControlTrigger               
00007247  TimerControlEvent                 
00007271  TimerControlStall                 
000072a7  TimerControlWaitOnTrigger         
00007307  TimerRTCEnable                    
0000731d  TimerRTCDisable                   
00007333  TimerClockSourceSet               
0000735d  TimerClockSourceGet               
0000736d  TimerPrescaleSet                  
00007397  TimerPrescaleGet                  
000073b3  TimerPrescaleMatchSet             
000073e1  TimerPrescaleMatchGet             
000073fd  TimerLoadSet                      
00007427  TimerLoadGet                      
00007443  TimerLoadSet64                    
0000745d  TimerLoadGet64                    
0000748f  TimerValueGet                     
000074ab  TimerValueGet64                   
000074dd  TimerMatchSet                     
00007507  TimerMatchGet                     
00007523  TimerMatchSet64                   
0000753d  TimerMatchGet64                   
0000756f  TimerIntRegister                  
00007597  TimerIntUnregister                
000075b5  TimerIntEnable                    
000075cd  TimerIntDisable                   
000075e5  TimerIntStatus                    
00007603  TimerIntClear                     
00007615  TimerSynchronize                  
00007627  TimerADCEventSet                  
00007639  TimerADCEventGet                  
00007647  TimerDMAEventSet                  
00007659  TimerDMAEventGet                  
00007667  TimerUpdateMode                   
0000771b  UARTParityModeSet                 
00007737  UARTParityModeGet                 
00007749  UARTFIFOLevelSet                  
00007761  UARTFIFOLevelGet                  
00007789  UARTConfigSetExpClk               
000077ff  UARTConfigGetExpClk               
0000784b  UARTEnable                        
0000786f  UARTDisable                       
00007899  UARTFIFOEnable                    
000078af  UARTFIFODisable                   
000078c5  UARTEnableSIR                     
000078f3  UARTDisableSIR                    
00007909  UARTSmartCardEnable               
0000793b  UARTSmartCardDisable              
00007951  UARTModemControlSet               
00007989  UARTModemControlClear             
000079ad  UARTModemControlGet               
000079bf  UARTModemStatusGet                
000079d3  UARTFlowControlSet                
000079ef  UARTFlowControlGet                
00007a01  UARTTxIntModeSet                  
00007a1d  UARTTxIntModeGet                  
00007a2f  UARTCharsAvail                    
00007a4d  UARTSpaceAvail                    
00007a6b  UARTCharGetNonBlocking            
00007a87  UARTCharGet                       
00007a9d  UARTCharPutNonBlocking            
00007ac1  UARTCharPut                       
00007adf  UARTBreakCtl                      
00007b09  UARTBusy                          
00007b27  UARTIntRegister                   
00007b45  UARTIntUnregister                 
00007b65  UARTIntEnable                     
00007b7d  UARTIntDisable                    
00007b95  UARTIntStatus                     
00007bb3  UARTIntClear                      
00007bc5  UARTDMAEnable                     
00007bdd  UARTDMADisable                    
00007bf5  UARTRxErrorGet                    
00007c07  UARTRxErrorClear                  
00007c17  UARTClockSourceSet                
00007c2b  UARTClockSourceGet                
00007c3b  UART9BitEnable                    
00007c51  UART9BitDisable                   
00007c67  UART9BitAddrSet                   
00007c8d  UART9BitAddrSend                  
00007cd5  UARTLoopbackEnable                
00007ced  cos                               
00007ced  cosl                              
000082c9  sin                               
000082c9  sinl                              
0000888d  uDMAEnable                        
00008895  uDMADisable                       
0000889d  uDMAErrorStatusGet                
000088a3  uDMAErrorStatusClear              
000088ab  uDMAChannelEnable                 
000088c3  uDMAChannelDisable                
000088db  uDMAChannelIsEnabled              
00008903  uDMAControlBaseSet                
00008913  uDMAControlBaseGet                
00008919  uDMAControlAlternateBaseGet       
0000891f  uDMAChannelRequest                
00008937  uDMAChannelAttributeEnable        
0000898b  uDMAChannelAttributeDisable       
000089df  uDMAChannelAttributeGet           
00008a4f  uDMAChannelControlSet             
00008a91  uDMAChannelTransferSet            
00008b89  uDMAChannelScatterGatherSet       
00008c15  uDMAChannelSizeGet                
00008c5d  uDMAChannelModeGet                
00008ca3  uDMAIntRegister                   
00008cb9  uDMAIntUnregister                 
00008ccb  uDMAIntStatus                     
00008cd1  uDMAIntClear                      
00008ce5  uDMAChannelAssign                 
00008d2d  uDMAChannelSelectSecondary        
00008d41  uDMAChannelSelectDefault          
00008de1  EEPROMInit                        
00008e25  EEPROMSizeGet                     
00008e31  EEPROMBlockCountGet               
00008e3f  EEPROMRead                        
00008e95  EEPROMProgram                     
00008f71  EEPROMProgramNonBlocking          
00008fb3  EEPROMMassErase                   
00008ff1  EEPROMBlockProtectGet             
00009005  EEPROMBlockProtectSet             
00009031  EEPROMBlockPasswordSet            
00009079  EEPROMBlockLock                   
000090a1  EEPROMBlockUnlock                 
000090ed  EEPROMBlockHide                   
00009109  EEPROMIntEnable                   
0000912d  EEPROMIntDisable                  
0000914b  EEPROMIntStatus                   
0000917b  EEPROMIntClear                    
000091a3  EEPROMStatusGet                   
000091dd  UART0ClearInterrupt               
000091eb  UARTGetIntStatus                  
000091f7  getUART0RxData                    
000091fb  getMaxArrowLengthUART             
0000921b  prepareNextReceiveDMA             
00009235  sendUARTDMA                       
00009253  sendRawCommandToMotor             
000092d7  sendCommandToMotor                
00009381  UART2IntHandler                   
000093a3  receiveDataFromMotor              
0000941f  configureUartUDMA                 
00009489  ConfigureUART0                    
0000951d  ConfigureUART2                    
000095b3  IntMasterEnable                   
000095c3  IntMasterDisable                  
000095d3  IntRegister                       
00009625  IntUnregister                     
00009639  IntPriorityGroupingSet            
00009653  IntPriorityGroupingGet            
0000968b  IntPrioritySet                    
000096db  IntPriorityGet                    
000096ff  IntEnable                         
00009771  IntDisable                        
000097e3  IntIsEnabled                      
00009869  IntPendSet                        
000098d9  IntPendClear                      
00009927  IntPriorityMaskSet                
00009933  IntPriorityMaskGet                
0000993b  IntTrigger                        
00009971  atan                              
00009971  atanl                             
00009c5d  configureTouch                    
00009ca1  touchGetItem                      
00009e31  touchRead                         
00009f39  main                              
00009fb5  TouchInterruptHandler             
0000a081  UART0InterruptHandler             
0000a159  Timer0InterruptHandler            
0000a17f  ADC1InterruptHandler              
0000a465  atan2                             
0000a465  atan2l                            
0000a80d  __aeabi_dsub                      
0000a817  __aeabi_dadd                      
0000a9c5  __kernel_sin                      
0000ab39  __kernel_cos                      
0000aca5  sqrt                              
0000aca5  sqrtl                             
0000af39  __aeabi_ddiv                      
0000b195  ldexp                             
0000b195  ldexpl                            
0000b195  scalbn                            
0000b195  scalbnl                           
0000b2a5  __aeabi_dmul                      
0000b3a1  floor                             
0000b3a1  floorl                            
0000b499  initSettings                      
0000b4cd  loadSettingsFromEEPROM            
0000b51f  saveSettingsToEEPROM              
0000b559  configureEEPROM                   
0000b623  __aeabi_memcpy                    
0000b623  __aeabi_memcpy4                   
0000b623  __aeabi_memcpy8                   
0000b623  memcpy                            
0000b6bf  __aeabi_uldivmod                  
0000b755  __aeabi_cdcmpeq                   
0000b755  __aeabi_cdcmple                   
0000b7db  __aeabi_cdrcmple                  
0000b861  __aeabi_memclr                    
0000b861  __aeabi_memclr4                   
0000b861  __aeabi_memclr8                   
0000b863  __aeabi_memset                    
0000b863  __aeabi_memset4                   
0000b863  __aeabi_memset8                   
0000b869  memset                            
0000b949  __TI_decompress_lzss              
0000b9b1  frexp                             
0000b9b1  frexpl                            
0000ba15  timer0IntClear                    
0000ba21  configureTimer0                   
0000bacf  __TI_ltoa                         
0000bb75  atoi                              
0000bbc1  __aeabi_d2iz                      
0000bc09  __TI_auto_init_nobinit_nopinit    
0000bc4d  sprintf                           
0000bccb  CPUcpsid                          
0000bcd7  CPUprimask                        
0000bce1  CPUcpsie                          
0000bced  CPUwfi                            
0000bcf1  CPUbasepriSet                     
0000bcff  CPUbasepriGet                     
0000bd09  _c_int00_noargs                   
0000bd3d  __aeabi_i2d                       
0000bd6b  memccpy                           
0000bd87  copysign                          
0000bd87  copysignl                         
0000bdb9  strchr                            
0000bdcf  strlen                            
0000bde3  wcslen                            
0000bdf5  __TI_decompress_none              
0000be03  __TI_zero_init                    
0000be0f  ResetISR                          
0000be25  __aeabi_errno_addr                
0000be2d  SysCtlDelay                       
0000be33  _system_pre_init                  
0000be37  C$$EXIT                           
0000be37  abort                             
0000e148  _ctypes_                          
0000f57c  __TI_Handler_Table_Base           
0000f588  __TI_Handler_Table_Limit          
0000f598  __TI_CINIT_Base                   
0000f5b0  __TI_CINIT_Limit                  
000249f0  __STACK_SIZE                      
20000000  __start___llvm_prf_cnts           
20000000  __stop___llvm_prf_cnts            
20000000  g_pfnRAMVectors                   
20000270  __stack                           
20000470  __STACK_TOP                       
20024c60  __STACK_END                       
20024c60  imgArrayArrowLButton              
20027060  imgArrayArrowRButton              
20029460  imgArrayStartButton               
2002b860  imgArrayStopButton                
2002dc6c  backImgRight                      
2002dc70  backImgStart                      
2002dc74  backImgStop                       
2002dc78  backMenu                          
2002dc7c  errno                             
2002e000  color                             
2002ec00  pui8ControlTable                  
2002f000  SensorData                        
2002f682  CosOffset                         
2002f702  SinOffset                         
2002f782  oldDiffCosResults                 
2002f802  oldDiffSinResults                 
2002f882  xpos                              
2002f884  setting                           
2002f8b0  backColor                         
2002f8b4  ypos                              
ffffffff  __TI_pprof_out_hndl               
ffffffff  __TI_prof_data_size               
ffffffff  __TI_prof_data_start              
ffffffff  __binit__                         
ffffffff  __c_args__                        
ffffffff  binit                             
UNDEFED   __mpu_init                        
UNDEFED   _system_post_cinit                

[466 symbols]
