******************************************************************************
                  TI ARM Linker Unix v18.12.4                  
******************************************************************************
>> Linked Fri Mar  6 14:25:03 2020

OUTPUT FILE NAME:   <BP_TMR_sensor_array.out>
ENTRY POINT SYMBOL: "_c_int00_noargs"  address: 00002bd9


MEMORY CONFIGURATION

         name            origin    length      used     unused   attr    fill
----------------------  --------  ---------  --------  --------  ----  --------
  FLASH                 00000000   00100000  000053fe  000fac02  R  X
  SRAM                  20000000   00040000  000057de  0003a822  RW X


SEGMENT ALLOCATION MAP

run origin  load origin   length   init length attrs members
----------  ----------- ---------- ----------- ----- -------
00000000    00000000    00005400   00005400    r-x
  00000000    00000000    00000208   00000208    r-- .intvecs
  00000208    00000208    00002ce6   00002ce6    r-x .text
  00002ef0    00002ef0    000024d0   000024d0    r-- .const
  000053c0    000053c0    00000040   00000040    r-- .cinit
20000000    20000000    000057e2   00000000    rw-
  20000000    20000000    0000026c   00000000    rw- .vtable
  20000270    20000270    00004e20   00000000    rw- .stack
  20005090    20005090    00000744   00000000    rw- .bss
  200057d4    200057d4    0000000e   00000000    rw- .data


SECTION ALLOCATION MAP

 output                                  attributes/
section   page    origin      length       input sections
--------  ----  ----------  ----------   ----------------
.intvecs   0    00000000    00000208     
                  00000000    00000208     tm4c1294ncpdt_startup_ccs.obj (.intvecs)

.text      0    00000208    00002ce6     
                  00000208    00000dec     lcd_functions.obj (.text)
                  00000ff4    000006a0     functions.obj (.text)
                  00001694    00000508     configuration.obj (.text)
                  00001b9c    00000200     driverlib.lib : sysctl.obj (.text:SysCtlClockFreqSet)
                  00001d9c    000001b6     rtsv7M4_T_le_v4SPD16_eabi.lib : fd_add_t2.asm.obj (.text)
                  00001f52    00000002     --HOLE-- [fill = 0]
                  00001f54    00000158                                   : e_sqrt.c.obj (.text:sqrt)
                  000020ac    00000154     Interrupt_handler.obj (.text)
                  00002200    00000136     rtsv7M4_T_le_v4SPD16_eabi.lib : fd_div_t2.asm.obj (.text)
                  00002336    00000132     driverlib.lib : gpio.obj (.text:GPIOPadConfigSet)
                  00002468    000000fc     rtsv7M4_T_le_v4SPD16_eabi.lib : fd_mul_t2.asm.obj (.text)
                  00002564    0000009c                                   : memcpy_t2.asm.obj (.text)
                  00002600    00000086                                   : fd_cmp_t2.asm.obj (.text:__aeabi_cdcmple)
                  00002686    0000007a     driverlib.lib : adc.obj (.text:ADCSequenceStepConfigure)
                  00002700    0000007a     rtsv7M4_T_le_v4SPD16_eabi.lib : memset_t2.asm.obj (.text)
                  0000277a    00000002     --HOLE-- [fill = 0]
                  0000277c    00000068     driverlib.lib : interrupt.obj (.text:IntEnable)
                  000027e4    00000068     rtsv7M4_T_le_v4SPD16_eabi.lib : copy_decompress_lzss.c.obj (.text:decompress:lzss:__TI_decompress_lzss)
                  0000284c    00000060     driverlib.lib : timer.obj (.text:TimerConfigure)
                  000028ac    0000004e                   : adc.obj (.text:ADCSequenceConfigure)
                  000028fa    00000002     --HOLE-- [fill = 0]
                  000028fc    0000004c                   : gpio.obj (.text:GPIOPinConfigure)
                  00002948    0000004c                   : timer.obj (.text:_TimerIntNumberGet)
                  00002994    00000048                   : sysctl.obj (.text:_SysCtlFrequencyGet)
                  000029dc    00000048     main.obj (.text)
                  00002a24    00000048     rtsv7M4_T_le_v4SPD16_eabi.lib : fd_toi_t2.asm.obj (.text)
                  00002a6c    00000046     driverlib.lib : uart.obj (.text:UARTConfigSetExpClk)
                  00002ab2    00000002     --HOLE-- [fill = 0]
                  00002ab4    00000044     rtsv7M4_T_le_v4SPD16_eabi.lib : autoinit.c.obj (.text:__TI_auto_init_nobinit_nopinit:__TI_auto_init_nobinit_nopinit)
                  00002af8    00000040     driverlib.lib : uart.obj (.text:_UARTIntNumberGet)
                  00002b38    00000038                   : sysctl.obj (.text:SysCtlPeripheralReady)
                  00002b70    00000034                   : interrupt.obj (.text:IntRegister)
                  00002ba4    00000034                   : sysctl.obj (.text:SysCtlPeripheralEnable)
                  00002bd8    00000034     rtsv7M4_T_le_v4SPD16_eabi.lib : boot_cortex_m.c.obj (.text:_c_int00_noargs:_c_int00_noargs)
                  00002c0c    0000002e     driverlib.lib : adc.obj (.text:ADCIntStatus)
                  00002c3a    0000002e     rtsv7M4_T_le_v4SPD16_eabi.lib : i_tofd_t2.asm.obj (.text)
                  00002c68    0000002c     driverlib.lib : gpio.obj (.text:GPIODirModeSet)
                  00002c94    00000024                   : interrupt.obj (.text:IntPrioritySet)
                  00002cb8    00000020                   : uart.obj (.text:UARTDisable)
                  00002cd8    00000020                   : sysctl.obj (.text:_SysCtlMemTimingGet)
                  00002cf8    0000001e                   : adc.obj (.text:ADCSequenceDataGet)
                  00002d16    00000018                   : adc.obj (.text:ADCProcessorTrigger)
                  00002d2e    00000018                   : gpio.obj (.text:GPIOPinTypeGPIOOutput)
                  00002d46    00000002     --HOLE-- [fill = 0]
                  00002d48    00000018                   : timer.obj (.text:TimerDisable)
                  00002d60    00000018                   : timer.obj (.text:TimerIntRegister)
                  00002d78    00000018                   : uart.obj (.text:UARTIntRegister)
                  00002d90    00000016                   : gpio.obj (.text:GPIOPinTypeUART)
                  00002da6    00000014                   : uart.obj (.text:UARTEnable)
                  00002dba    00000014     rtsv7M4_T_le_v4SPD16_eabi.lib : strlen.c.obj (.text:strlen)
                  00002dce    00000012     driverlib.lib : timer.obj (.text:TimerLoadSet)
                  00002de0    00000010                   : interrupt.obj (.text:IntMasterDisable)
                  00002df0    00000010                   : interrupt.obj (.text:IntMasterEnable)
                  00002e00    0000000e                   : adc.obj (.text:ADCSequenceEnable)
                  00002e0e    0000000e                   : timer.obj (.text:TimerEnable)
                  00002e1c    0000000e                   : uart.obj (.text:UARTCharPutNonBlocking)
                  00002e2a    0000000e                   : uart.obj (.text:UARTCharsAvail)
                  00002e38    0000000e     rtsv7M4_T_le_v4SPD16_eabi.lib : copy_decompress_none.c.obj (.text:decompress:none:__TI_decompress_none)
                  00002e46    0000000c     driverlib.lib : cpu.obj (.text:CPUcpsid)
                  00002e52    0000000c                   : cpu.obj (.text:CPUcpsie)
                  00002e5e    0000000c                   : uart.obj (.text:UARTTxIntModeSet)
                  00002e6a    0000000c     rtsv7M4_T_le_v4SPD16_eabi.lib : copy_zero_init.c.obj (.text:decompress:ZI:__TI_zero_init)
                  00002e76    0000000c     tm4c1294ncpdt_startup_ccs.obj (.text)
                  00002e82    0000000a     driverlib.lib : adc.obj (.text:ADCIntClear)
                  00002e8c    0000000a                   : uart.obj (.text:UARTCharGet)
                  00002e96    0000000a                   : uart.obj (.text:UARTFIFODisable)
                  00002ea0    0000000a                   : uart.obj (.text:UARTFIFOEnable)
                  00002eaa    0000000a                   : uart.obj (.text:UARTIntStatus)
                  00002eb4    00000008                   : timer.obj (.text:TimerIntEnable)
                  00002ebc    00000008                   : uart.obj (.text:UARTIntEnable)
                  00002ec4    00000008     rtsv7M4_T_le_v4SPD16_eabi.lib : errno.c.obj (.text:__aeabi_errno_addr)
                  00002ecc    00000006     driverlib.lib : gpio.obj (.text:GPIOPinWrite)
                  00002ed2    00000006                   : sysctl.obj (.text:SysCtlDelay)
                  00002ed8    00000006                   : uart.obj (.text:UARTFIFOLevelSet)
                  00002ede    00000004                   : timer.obj (.text:TimerIntClear)
                  00002ee2    00000004                   : uart.obj (.text:UARTIntClear)
                  00002ee6    00000004     rtsv7M4_T_le_v4SPD16_eabi.lib : pre_init.c.obj (.text:_system_pre_init)
                  00002eea    00000004                                   : exit.c.obj (.text:abort:abort)

.const     0    00002ef0    000024d0     
                  00002ef0    00002000     fonts.obj (.const:font_12_16)
                  00004ef0    000001b0     driverlib.lib : sysctl.obj (.const:g_pppui32XTALtoVCO)
                  000050a0    0000009c                   : interrupt.obj (.const:g_pui32Regs)
                  0000513c    00000090                   : gpio.obj (.const:g_pui32GPIOBaseAddrs)
                  000051cc    0000006c                   : sysctl.obj (.const:g_pui32Xtals)
                  00005238    00000060                   : timer.obj (.const:g_ppui32TimerIntMap)
                  00005298    00000040                   : timer.obj (.const:g_ppui32TimerIntMapSnowflake)
                  000052d8    00000040                   : uart.obj (.const:g_ppui32UARTIntMap)
                  00005318    00000040                   : uart.obj (.const:g_ppui32UARTIntMapSnowflake)
                  00005358    00000030                   : sysctl.obj (.const:g_sXTALtoMEMTIM)
                  00005388    00000014                   : interrupt.obj (.const:g_pui32EnRegs)
                  0000539c    00000008                   : sysctl.obj (.const:g_pui32VCOFrequencies)
                  000053a4    00000004     lcd_functions.obj (.const:$P$T11$5)
                  000053a8    00000004     lcd_functions.obj (.const:$P$T12$6)
                  000053ac    00000004     lcd_functions.obj (.const:$P$T2$1)
                  000053b0    00000004     main.obj (.const:$P$T2$1)
                  000053b4    00000004     lcd_functions.obj (.const:$P$T6$2)
                  000053b8    00000004     lcd_functions.obj (.const:$P$T7$3)
                  000053bc    00000004     lcd_functions.obj (.const:$P$T8$4)

.cinit     0    000053c0    00000040     
                  000053c0    0000000c     (__TI_handler_table)
                  000053cc    00000004     --HOLE-- [fill = 0]
                  000053d0    00000008     (.cinit..bss.load) [load image, compression = zero_init]
                  000053d8    00000008     (.cinit..vtable.load) [load image, compression = zero_init]
                  000053e0    00000007     (.cinit..data.load) [load image, compression = lzss]
                  000053e7    00000001     --HOLE-- [fill = 0]
                  000053e8    00000018     (__TI_cinit_table)

.init_array 
*          0    00000000    00000000     UNINITIALIZED

.vtable    0    20000000    0000026c     UNINITIALIZED
                  20000000    0000026c     driverlib.lib : interrupt.obj (.vtable)

.bss       0    20005090    00000744     UNINITIALIZED
                  20005090    00000100     (.common:CosResults)
                  20005190    00000100     (.common:SinResults)
                  20005290    00000080     (.common:CosOffset)
                  20005310    00000080     (.common:DiffCosResults)
                  20005390    00000080     (.common:DiffSinResults)
                  20005410    00000080     (.common:SinOffset)
                  20005490    00000080     (.common:negCosResults)
                  20005510    00000080     (.common:negSinResults)
                  20005590    00000080     (.common:oldDiffCosResults)
                  20005610    00000080     (.common:oldDiffSinResults)
                  20005690    00000080     (.common:posCosResults)
                  20005710    00000080     (.common:posSinResults)
                  20005790    00000020     (.common:ADCValues_SS0)
                  200057b0    00000010     (.common:ADCValues_SS1)
                  200057c0    00000010     (.common:ADCValues_SS2)
                  200057d0    00000004     (.common:ucPtr)

.data      0    200057d4    0000000e     UNINITIALIZED
                  200057d4    00000008     Interrupt_handler.obj (.data)
                  200057dc    00000004     rtsv7M4_T_le_v4SPD16_eabi.lib : errno.c.obj (.data)
                  200057e0    00000002     lcd_functions.obj (.data)

.stack     0    20000270    00004e20     UNINITIALIZED
                  20000270    00000004     rtsv7M4_T_le_v4SPD16_eabi.lib : boot_cortex_m.c.obj (.stack)
                  20000274    00004e1c     --HOLE--

MODULE SUMMARY

       Module                          code    ro data   rw data
       ------                          ----    -------   -------
    ./
       fonts.obj                       0       8192      0      
       lcd_functions.obj               3564    24        258    
       functions.obj                   1696    0         1600   
       configuration.obj               1288    0         0      
       tm4c1294ncpdt_startup_ccs.obj   12      520       0      
       Interrupt_handler.obj           340     0         12     
       main.obj                        72      4         0      
    +--+-------------------------------+-------+---------+---------+
       Total:                          6972    8740      1870   
                                                                
    /home/ole/ccs930/TivaWare_C_Series-2.1.4.178/driverlib/ccs/Debug/driverlib.lib
       sysctl.obj                      730     596       0      
       interrupt.obj                   224     176       620    
       gpio.obj                        478     144       0      
       uart.obj                        308     128       0      
       timer.obj                       264     160       0      
       adc.obj                         324     0         0      
       cpu.obj                         24      0         0      
    +--+-------------------------------+-------+---------+---------+
       Total:                          2352    1204      620    
                                                                
    /home/ole/ccs930/ccs/tools/compiler/ti-cgt-arm_18.12.4.LTS/lib/rtsv7M4_T_le_v4SPD16_eabi.lib
       fd_add_t2.asm.obj               438     0         0      
       e_sqrt.c.obj                    344     0         0      
       fd_div_t2.asm.obj               310     0         0      
       fd_mul_t2.asm.obj               252     0         0      
       memcpy_t2.asm.obj               156     0         0      
       fd_cmp_t2.asm.obj               134     0         0      
       memset_t2.asm.obj               122     0         0      
       copy_decompress_lzss.c.obj      104     0         0      
       fd_toi_t2.asm.obj               72      0         0      
       autoinit.c.obj                  68      0         0      
       boot_cortex_m.c.obj             52      0         0      
       i_tofd_t2.asm.obj               46      0         0      
       strlen.c.obj                    20      0         0      
       copy_decompress_none.c.obj      14      0         0      
       copy_zero_init.c.obj            12      0         0      
       errno.c.obj                     8       0         4      
       exit.c.obj                      4       0         0      
       pre_init.c.obj                  4       0         0      
    +--+-------------------------------+-------+---------+---------+
       Total:                          2160    0         4      
                                                                
       Stack:                          0       0         20000  
       Linker Generated:               0       59        0      
    +--+-------------------------------+-------+---------+---------+
       Grand Total:                    11484   10003     22494  


LINKER GENERATED COPY TABLES

__TI_cinit_table @ 000053e8 records: 3, size/record: 8, table size: 24
	.bss: load addr=000053d0, load size=00000008 bytes, run addr=20005090, run size=00000744 bytes, compression=zero_init
	.vtable: load addr=000053d8, load size=00000008 bytes, run addr=20000000, run size=0000026c bytes, compression=zero_init
	.data: load addr=000053e0, load size=00000007 bytes, run addr=200057d4, run size=0000000e bytes, compression=lzss


LINKER GENERATED HANDLER TABLE

__TI_handler_table @ 000053c0 records: 3, size/record: 4, table size: 12
	index: 0, handler: __TI_zero_init
	index: 1, handler: __TI_decompress_lzss
	index: 2, handler: __TI_decompress_none


GLOBAL SYMBOLS: SORTED ALPHABETICALLY BY Name 

address   name                          
-------   ----                          
00002e83  ADCIntClear                   
00002c0d  ADCIntStatus                  
00002d17  ADCProcessorTrigger           
000028ad  ADCSequenceConfigure          
00002cf9  ADCSequenceDataGet            
00002e01  ADCSequenceEnable             
00002687  ADCSequenceStepConfigure      
20005790  ADCValues_SS0                 
200057b0  ADCValues_SS1                 
200057c0  ADCValues_SS2                 
00002eeb  C$$EXIT                       
00002e47  CPUcpsid                      
00002e53  CPUcpsie                      
00001385  Computations                  
00001695  ConfigureADC                  
0000182b  ConfigureGPIO                 
000018ed  ConfigureLCD                  
0000188f  ConfigureTimer0               
000017bd  ConfigureUART                 
20005290  CosOffset                     
20005090  CosResults                    
20005310  DiffCosResults                
20005390  DiffSinResults                
00002c69  GPIODirModeSet                
00002337  GPIOPadConfigSet              
000028fd  GPIOPinConfigure              
00002d2f  GPIOPinTypeGPIOOutput         
00002d91  GPIOPinTypeUART               
00002ecd  GPIOPinWrite                  
000012a5  GetADCValues                  
0000277d  IntEnable                     
00002de1  IntMasterDisable              
00002df1  IntMasterEnable               
00002c95  IntPrioritySet                
00002b71  IntRegister                   
00000ff5  ReadArray                     
00002e77  ResetISR                      
20005410  SinOffset                     
20005190  SinResults                    
00001b9d  SysCtlClockFreqSet            
00002ed3  SysCtlDelay                   
00002ba5  SysCtlPeripheralEnable        
00002b39  SysCtlPeripheralReady         
000020ad  Timer0IntHandler              
0000284d  TimerConfigure                
00002d49  TimerDisable                  
00002e0f  TimerEnable                   
00002edf  TimerIntClear                 
00002eb5  TimerIntEnable                
00002d61  TimerIntRegister              
00002dcf  TimerLoadSet                  
00002e8d  UARTCharGet                   
00002e1d  UARTCharPutNonBlocking        
00002e2b  UARTCharsAvail                
00002a6d  UARTConfigSetExpClk           
00002cb9  UARTDisable                   
00002da7  UARTEnable                    
00002e97  UARTFIFODisable               
00002ea1  UARTFIFOEnable                
00002ed9  UARTFIFOLevelSet              
00002ee3  UARTIntClear                  
00002ebd  UARTIntEnable                 
00002119  UARTIntHandler                
00002d79  UARTIntRegister               
00002eab  UARTIntStatus                 
00002e5f  UARTTxIntModeSet              
20005090  __STACK_END                   
00004e20  __STACK_SIZE                  
20000470  __STACK_TOP                   
000053e8  __TI_CINIT_Base               
00005400  __TI_CINIT_Limit              
000053c0  __TI_Handler_Table_Base       
000053cc  __TI_Handler_Table_Limit      
00002ab5  __TI_auto_init_nobinit_nopinit
000027e5  __TI_decompress_lzss          
00002e39  __TI_decompress_none          
ffffffff  __TI_pprof_out_hndl           
ffffffff  __TI_prof_data_size           
ffffffff  __TI_prof_data_start          
00000000  __TI_static_base__            
00002e6b  __TI_zero_init                
00002601  __aeabi_cdcmpeq               
00002601  __aeabi_cdcmple               
00002a25  __aeabi_d2iz                  
00001da7  __aeabi_dadd                  
00002201  __aeabi_ddiv                  
00002469  __aeabi_dmul                  
00001d9d  __aeabi_dsub                  
00002ec5  __aeabi_errno_addr            
00002c3b  __aeabi_i2d                   
00002701  __aeabi_memclr                
00002701  __aeabi_memclr4               
00002701  __aeabi_memclr8               
00002565  __aeabi_memcpy                
00002565  __aeabi_memcpy4               
00002565  __aeabi_memcpy8               
00002703  __aeabi_memset                
00002703  __aeabi_memset4               
00002703  __aeabi_memset8               
ffffffff  __binit__                     
ffffffff  __c_args__                    
UNDEFED   __mpu_init                    
20000270  __stack                       
00002bd9  _c_int00_noargs               
UNDEFED   _system_post_cinit            
00002ee7  _system_pre_init              
00002eeb  abort                         
ffffffff  binit                         
00000481  draw_arrows                   
00000689  draw_grid                     
200057dc  errno                         
00002ef0  font_12_16                    
20000000  g_pfnRAMVectors               
00000000  g_pfnVectors                  
200057d4  m                             
000029dd  main                          
00002565  memcpy                        
00002709  memset                        
200057d8  n                             
20005490  negCosResults                 
20005510  negSinResults                 
200057e0  offset                        
20005590  oldDiffCosResults             
20005610  oldDiffSinResults             
20005690  posCosResults                 
20005710  posSinResults                 
0000030f  print_string                  
00000209  screen_show_nr                
00000239  screen_write_nr               
00001f55  sqrt                          
00001f55  sqrtl                         
00002dbb  strlen                        
200057d0  ucPtr                         
00000253  write_char                    
00000747  write_cmd_data                
00000727  write_command                 
00000767  write_data                    
0000086d  write_line                    
000007b1  write_position                
000003ff  write_screen_color            


GLOBAL SYMBOLS: SORTED BY Symbol Address 

address   name                          
-------   ----                          
00000000  __TI_static_base__            
00000000  g_pfnVectors                  
00000209  screen_show_nr                
00000239  screen_write_nr               
00000253  write_char                    
0000030f  print_string                  
000003ff  write_screen_color            
00000481  draw_arrows                   
00000689  draw_grid                     
00000727  write_command                 
00000747  write_cmd_data                
00000767  write_data                    
000007b1  write_position                
0000086d  write_line                    
00000ff5  ReadArray                     
000012a5  GetADCValues                  
00001385  Computations                  
00001695  ConfigureADC                  
000017bd  ConfigureUART                 
0000182b  ConfigureGPIO                 
0000188f  ConfigureTimer0               
000018ed  ConfigureLCD                  
00001b9d  SysCtlClockFreqSet            
00001d9d  __aeabi_dsub                  
00001da7  __aeabi_dadd                  
00001f55  sqrt                          
00001f55  sqrtl                         
000020ad  Timer0IntHandler              
00002119  UARTIntHandler                
00002201  __aeabi_ddiv                  
00002337  GPIOPadConfigSet              
00002469  __aeabi_dmul                  
00002565  __aeabi_memcpy                
00002565  __aeabi_memcpy4               
00002565  __aeabi_memcpy8               
00002565  memcpy                        
00002601  __aeabi_cdcmpeq               
00002601  __aeabi_cdcmple               
00002687  ADCSequenceStepConfigure      
00002701  __aeabi_memclr                
00002701  __aeabi_memclr4               
00002701  __aeabi_memclr8               
00002703  __aeabi_memset                
00002703  __aeabi_memset4               
00002703  __aeabi_memset8               
00002709  memset                        
0000277d  IntEnable                     
000027e5  __TI_decompress_lzss          
0000284d  TimerConfigure                
000028ad  ADCSequenceConfigure          
000028fd  GPIOPinConfigure              
000029dd  main                          
00002a25  __aeabi_d2iz                  
00002a6d  UARTConfigSetExpClk           
00002ab5  __TI_auto_init_nobinit_nopinit
00002b39  SysCtlPeripheralReady         
00002b71  IntRegister                   
00002ba5  SysCtlPeripheralEnable        
00002bd9  _c_int00_noargs               
00002c0d  ADCIntStatus                  
00002c3b  __aeabi_i2d                   
00002c69  GPIODirModeSet                
00002c95  IntPrioritySet                
00002cb9  UARTDisable                   
00002cf9  ADCSequenceDataGet            
00002d17  ADCProcessorTrigger           
00002d2f  GPIOPinTypeGPIOOutput         
00002d49  TimerDisable                  
00002d61  TimerIntRegister              
00002d79  UARTIntRegister               
00002d91  GPIOPinTypeUART               
00002da7  UARTEnable                    
00002dbb  strlen                        
00002dcf  TimerLoadSet                  
00002de1  IntMasterDisable              
00002df1  IntMasterEnable               
00002e01  ADCSequenceEnable             
00002e0f  TimerEnable                   
00002e1d  UARTCharPutNonBlocking        
00002e2b  UARTCharsAvail                
00002e39  __TI_decompress_none          
00002e47  CPUcpsid                      
00002e53  CPUcpsie                      
00002e5f  UARTTxIntModeSet              
00002e6b  __TI_zero_init                
00002e77  ResetISR                      
00002e83  ADCIntClear                   
00002e8d  UARTCharGet                   
00002e97  UARTFIFODisable               
00002ea1  UARTFIFOEnable                
00002eab  UARTIntStatus                 
00002eb5  TimerIntEnable                
00002ebd  UARTIntEnable                 
00002ec5  __aeabi_errno_addr            
00002ecd  GPIOPinWrite                  
00002ed3  SysCtlDelay                   
00002ed9  UARTFIFOLevelSet              
00002edf  TimerIntClear                 
00002ee3  UARTIntClear                  
00002ee7  _system_pre_init              
00002eeb  C$$EXIT                       
00002eeb  abort                         
00002ef0  font_12_16                    
00004e20  __STACK_SIZE                  
000053c0  __TI_Handler_Table_Base       
000053cc  __TI_Handler_Table_Limit      
000053e8  __TI_CINIT_Base               
00005400  __TI_CINIT_Limit              
20000000  g_pfnRAMVectors               
20000270  __stack                       
20000470  __STACK_TOP                   
20005090  CosResults                    
20005090  __STACK_END                   
20005190  SinResults                    
20005290  CosOffset                     
20005310  DiffCosResults                
20005390  DiffSinResults                
20005410  SinOffset                     
20005490  negCosResults                 
20005510  negSinResults                 
20005590  oldDiffCosResults             
20005610  oldDiffSinResults             
20005690  posCosResults                 
20005710  posSinResults                 
20005790  ADCValues_SS0                 
200057b0  ADCValues_SS1                 
200057c0  ADCValues_SS2                 
200057d0  ucPtr                         
200057d4  m                             
200057d8  n                             
200057dc  errno                         
200057e0  offset                        
ffffffff  __TI_pprof_out_hndl           
ffffffff  __TI_prof_data_size           
ffffffff  __TI_prof_data_start          
ffffffff  __binit__                     
ffffffff  __c_args__                    
ffffffff  binit                         
UNDEFED   __mpu_init                    
UNDEFED   _system_post_cinit            

[140 symbols]
