******************************************************************************
                  TI ARM Linker Unix v20.2.0                   
******************************************************************************
>> Linked Thu Apr 16 12:48:55 2020

OUTPUT FILE NAME:   <BP_TMR_sensor_array.out>
ENTRY POINT SYMBOL: "_c_int00_noargs"  address: 000087a1


MEMORY CONFIGURATION

         name            origin    length      used     unused   attr    fill
----------------------  --------  ---------  --------  --------  ----  --------
  FLASH                 00000000   00100000  0000b586  000f4a7a  R  X
  SRAM                  20000000   00040000  0002a8cf  00015731  RW X


SEGMENT ALLOCATION MAP

run origin  load origin   length   init length attrs members
----------  ----------- ---------- ----------- ----- -------
00000000    00000000    0000b588   0000b588    r-x
  00000000    00000000    00000208   00000208    r-- .intvecs
  00000208    00000208    00008abe   00008abe    r-x .text
  00008cc8    00008cc8    00002818   00002818    r-- .const
  0000b4e0    0000b4e0    000000a8   000000a8    r-- .cinit
20000000    20000000    00029a80   00000000    rw-
  20000000    20000000    0000026c   00000000    rw- .vtable
  20000270    20000270    000249f0   00000000    rw- .sysmem
  20024c60    20024c60    00004e20   00000000    rw- .stack
20029c00    20029c00    00000e53   00000000    rw-
  20029c00    20029c00    00000c54   00000000    rw- .bss
  2002a854    2002a854    000001ff   00000000    rw- .data


SECTION ALLOCATION MAP

 output                                  attributes/
section   page    origin      length       input sections
--------  ----  ----------  ----------   ----------------
.intvecs   0    00000000    00000208     
                  00000000    00000208     tm4c1294ncpdt_startup_ccs.obj (.intvecs)

.text      0    00000208    00008abe     
                  00000208    00002920     lcd_functions.obj (.text)
                  00002b28    00000a4e     rtsv7M4_T_le_v4SPD16_eabi.lib : _printfi.c.obj (.text:__TI_printfi)
                  00003576    00000002                                   : _lock.c.obj (.text:_nop)
                  00003578    00000998     functions.obj (.text)
                  00003f10    00000738     rtsv7M4_T_le_v4SPD16_eabi.lib : k_rem_pio2.c.obj (.text:__kernel_rem_pio2)
                  00004648    000005dc                                   : s_cos.c.obj (.text:cos)
                  00004c24    000005c4                                   : s_sin.c.obj (.text:sin)
                  000051e8    000003c8     Interrupt_handler.obj (.text)
                  000055b0    00000394     configuration.obj (.text)
                  00005944    000002ec     rtsv7M4_T_le_v4SPD16_eabi.lib : s_atan.c.obj (.text:atan)
                  00005c30    00000270                                   : _printfi.c.obj (.text:_pconv_a)
                  00005ea0    00000200     driverlib.lib : sysctl.obj (.text:SysCtlClockFreqSet)
                  000060a0    000001d0     rtsv7M4_T_le_v4SPD16_eabi.lib : _printfi.c.obj (.text:_pconv_g)
                  00006270    000001b6                                   : fd_add_t2.asm.obj (.text)
                  00006426    00000002                                   : div0.asm.obj (.text)
                  00006428    00000174                                   : k_sin.c.obj (.text:__kernel_sin)
                  0000659c    0000016c                                   : k_cos.c.obj (.text:__kernel_cos)
                  00006708    00000158                                   : e_sqrt.c.obj (.text:sqrt)
                  00006860    0000013c                                   : _printfi.c.obj (.text:_pconv_e)
                  0000699c    00000136                                   : fd_div_t2.asm.obj (.text)
                  00006ad2    00000132     driverlib.lib : gpio.obj (.text:GPIOPadConfigSet)
                  00006c04    00000124     rtsv7M4_T_le_v4SPD16_eabi.lib : _printfi.c.obj (.text:fcvt)
                  00006d28    00000114                                   : fputs.c.obj (.text:fputs)
                  00006e3c    00000110                                   : s_scalbn.c.obj (.text:scalbn)
                  00006f4c    00000108                                   : memory.c.obj (.text:aligned_alloc)
                  00007054    000000fc                                   : fd_mul_t2.asm.obj (.text)
                  00007150    000000f8                                   : s_floor.c.obj (.text:floor)
                  00007248    000000e4                                   : memory.c.obj (.text:free)
                  0000732c    000000dc                                   : setvbuf.c.obj (.text:setvbuf)
                  00007408    000000b1                                   : _printfi.c.obj (.text:_ltostr)
                  000074b9    00000001     --HOLE-- [fill = 0]
                  000074ba    0000009c                                   : memcpy_t2.asm.obj (.text)
                  00007556    00000096                                   : ull_div_t2.asm.obj (.text)
                  000075ec    0000008c                                   : fputc.c.obj (.text:fputc)
                  00007678    00000086                                   : fd_cmp_t2.asm.obj (.text:__aeabi_cdcmple)
                  000076fe    00000086                                   : fd_cmp_t2.asm.obj (.text:__aeabi_cdrcmple)
                  00007784    0000007c     driverlib.lib : udma.obj (.text:uDMAChannelTransferSet)
                  00007800    0000007a                   : adc.obj (.text:ADCSequenceStepConfigure)
                  0000787a    0000007a     rtsv7M4_T_le_v4SPD16_eabi.lib : memset_t2.asm.obj (.text)
                  000078f4    00000074                                   : fclose.c.obj (.text:__TI_closefile)
                  00007968    00000070                                   : memory.c.obj (.text:split)
                  000079d8    0000006e                                   : _printfi.c.obj (.text:_mcpy)
                  00007a46    00000002     --HOLE-- [fill = 0]
                  00007a48    0000006c                                   : hostrename.c.obj (.text:HOSTrename)
                  00007ab4    00000068                                   : hostlseek.c.obj (.text:HOSTlseek)
                  00007b1c    00000068     driverlib.lib : interrupt.obj (.text:IntEnable)
                  00007b84    00000068     rtsv7M4_T_le_v4SPD16_eabi.lib : copy_decompress_lzss.c.obj (.text:decompress:lzss:__TI_decompress_lzss)
                  00007bec    00000068                                   : printf.c.obj (.text:printf)
                  00007c54    00000064                                   : s_frexp.c.obj (.text:frexp)
                  00007cb8    00000064                                   : fseek.c.obj (.text:fseek)
                  00007d1c    00000062                                   : _io_perm.c.obj (.text:__TI_wrt_ok)
                  00007d7e    00000002     --HOLE-- [fill = 0]
                  00007d80    00000060                                   : hostopen.c.obj (.text:HOSTopen)
                  00007de0    00000060     driverlib.lib : timer.obj (.text:TimerConfigure)
                  00007e40    0000005c     rtsv7M4_T_le_v4SPD16_eabi.lib : close.c.obj (.text:close)
                  00007e9c    00000058                                   : hostread.c.obj (.text:HOSTread)
                  00007ef4    00000058                                   : hostwrite.c.obj (.text:HOSTwrite)
                  00007f4c    00000056                                   : _printfi.c.obj (.text:_pconv_f)
                  00007fa2    00000054                                   : _ltoa.c.obj (.text:__TI_ltoa)
                  00007ff6    00000052                                   : _printfi.c.obj (.text:_ecpy)
                  00008048    00000050     driverlib.lib : adc.obj (.text:_ADCIntNumberGet)
                  00008098    00000050     main.obj (.text)
                  000080e8    0000004e     driverlib.lib : adc.obj (.text:ADCSequenceConfigure)
                  00008136    00000002     --HOLE-- [fill = 0]
                  00008138    0000004c                   : gpio.obj (.text:GPIOPinConfigure)
                  00008184    0000004c                   : timer.obj (.text:_TimerIntNumberGet)
                  000081d0    0000004c     rtsv7M4_T_le_v4SPD16_eabi.lib : fflush.c.obj (.text:__TI_doflush)
                  0000821c    0000004c                                   : atoi.c.obj (.text:atoi)
                  00008268    00000048     driverlib.lib : sysctl.obj (.text:_SysCtlFrequencyGet)
                  000082b0    00000048     rtsv7M4_T_le_v4SPD16_eabi.lib : exit.c.obj (.text:exit)
                  000082f8    00000048                                   : fd_toi_t2.asm.obj (.text)
                  00008340    00000048     driverlib.lib : udma.obj (.text:uDMAChannelAttributeDisable)
                  00008388    00000046                   : uart.obj (.text:UARTConfigSetExpClk)
                  000083ce    00000002     --HOLE-- [fill = 0]
                  000083d0    00000044     rtsv7M4_T_le_v4SPD16_eabi.lib : hostclose.c.obj (.text:HOSTclose)
                  00008414    00000044                                   : hostunlink.c.obj (.text:HOSTunlink)
                  00008458    00000044                                   : autoinit.c.obj (.text:__TI_auto_init_nobinit_nopinit:__TI_auto_init_nobinit_nopinit)
                  0000849c    00000044                                   : getdevice.c.obj (.text:getdevice)
                  000084e0    00000044                                   : fd_tou_t2.asm.obj (.text)
                  00008524    00000044     driverlib.lib : udma.obj (.text:uDMAChannelAttributeEnable)
                  00008568    00000040                   : uart.obj (.text:_UARTIntNumberGet)
                  000085a8    00000040     rtsv7M4_T_le_v4SPD16_eabi.lib : sprintf.c.obj (.text:sprintf)
                  000085e8    0000003e                                   : _printfi.c.obj (.text:_fcpy)
                  00008626    00000002     --HOLE-- [fill = 0]
                  00008628    00000038     driverlib.lib : sysctl.obj (.text:SysCtlPeripheralReady)
                  00008660    00000038     rtsv7M4_T_le_v4SPD16_eabi.lib : trgmsg.c.obj (.text:__TI_writemsg)
                  00008698    00000036                                   : strncpy.c.obj (.text:strncpy)
                  000086ce    00000002     --HOLE-- [fill = 0]
                  000086d0    00000034     driverlib.lib : interrupt.obj (.text:IntRegister)
                  00008704    00000034                   : sysctl.obj (.text:SysCtlPeripheralEnable)
                  00008738    00000034     rtsv7M4_T_le_v4SPD16_eabi.lib : fopen.c.obj (.text:__TI_cleanup)
                  0000876c    00000034                                   : trgmsg.c.obj (.text:__TI_readmsg)
                  000087a0    00000034                                   : boot_cortex_m.c.obj (.text:_c_int00_noargs:_c_int00_noargs)
                  000087d4    00000030                                   : getdevice.c.obj (.text:finddevice)
                  00008804    0000002e                                   : i_tofd_t2.asm.obj (.text)
                  00008832    0000002c     driverlib.lib : gpio.obj (.text:GPIODirModeSet)
                  0000885e    00000002     --HOLE-- [fill = 0]
                  00008860    0000002c     rtsv7M4_T_le_v4SPD16_eabi.lib : unlink.c.obj (.text:unlink)
                  0000888c    00000028                                   : memory.c.obj (.text:free_list_insert)
                  000088b4    00000028                                   : lseek.c.obj (.text:lseek)
                  000088dc    00000028                                   : write.c.obj (.text:write)
                  00008904    00000024     driverlib.lib : interrupt.obj (.text:IntPrioritySet)
                  00008928    00000024                   : udma.obj (.text:uDMAChannelControlSet)
                  0000894c    00000020                   : uart.obj (.text:UARTDisable)
                  0000896c    00000020                   : sysctl.obj (.text:_SysCtlMemTimingGet)
                  0000898c    00000020     rtsv7M4_T_le_v4SPD16_eabi.lib : memchr.c.obj (.text:memchr)
                  000089ac    0000001e     driverlib.lib : adc.obj (.text:ADCSequenceDataGet)
                  000089ca    00000002     --HOLE-- [fill = 0]
                  000089cc    0000001c     rtsv7M4_T_le_v4SPD16_eabi.lib : memory.c.obj (.text:free_list_remove)
                  000089e8    0000001c                                   : memccpy.c.obj (.text:memccpy)
                  00008a04    0000001a                                   : s_copysign.c.obj (.text:copysign)
                  00008a1e    00000018     driverlib.lib : adc.obj (.text:ADCIntRegister)
                  00008a36    00000018                   : adc.obj (.text:ADCProcessorTrigger)
                  00008a4e    00000018                   : gpio.obj (.text:GPIOPinTypeGPIOOutput)
                  00008a66    00000018                   : timer.obj (.text:TimerIntRegister)
                  00008a7e    00000018                   : uart.obj (.text:UARTIntRegister)
                  00008a96    00000018     rtsv7M4_T_le_v4SPD16_eabi.lib : sprintf.c.obj (.text:_outs)
                  00008aae    00000018                                   : strcmp.c.obj (.text:strcmp)
                  00008ac6    00000002     --HOLE-- [fill = 0]
                  00008ac8    00000018     driverlib.lib : udma.obj (.text:uDMAChannelEnable)
                  00008ae0    00000016                   : gpio.obj (.text:GPIOPinTypeUART)
                  00008af6    00000016     rtsv7M4_T_le_v4SPD16_eabi.lib : strchr.c.obj (.text:strchr)
                  00008b0c    00000014     driverlib.lib : uart.obj (.text:UARTEnable)
                  00008b20    00000014     rtsv7M4_T_le_v4SPD16_eabi.lib : strcpy.c.obj (.text:strcpy)
                  00008b34    00000014                                   : strlen.c.obj (.text:strlen)
                  00008b48    00000012     driverlib.lib : timer.obj (.text:TimerLoadSet)
                  00008b5a    00000012     rtsv7M4_T_le_v4SPD16_eabi.lib : wcslen.c.obj (.text:wcslen)
                  00008b6c    00000010     driverlib.lib : adc.obj (.text:ADCIntEnable)
                  00008b7c    00000010                   : interrupt.obj (.text:IntMasterDisable)
                  00008b8c    00000010                   : interrupt.obj (.text:IntMasterEnable)
                  00008b9c    00000010                   : udma.obj (.text:uDMAEnable)
                  00008bac    0000000e                   : adc.obj (.text:ADCHardwareOversampleConfigure)
                  00008bba    0000000e                   : adc.obj (.text:ADCSequenceEnable)
                  00008bc8    0000000e                   : timer.obj (.text:TimerEnable)
                  00008bd6    0000000e                   : uart.obj (.text:UARTCharGetNonBlocking)
                  00008be4    0000000e                   : uart.obj (.text:UARTCharPutNonBlocking)
                  00008bf2    0000000e                   : uart.obj (.text:UARTCharsAvail)
                  00008c00    0000000e     rtsv7M4_T_le_v4SPD16_eabi.lib : copy_decompress_none.c.obj (.text:decompress:none:__TI_decompress_none)
                  00008c0e    0000000c     driverlib.lib : cpu.obj (.text:CPUcpsid)
                  00008c1a    0000000c                   : cpu.obj (.text:CPUcpsie)
                  00008c26    0000000c     rtsv7M4_T_le_v4SPD16_eabi.lib : copy_zero_init.c.obj (.text:decompress:ZI:__TI_zero_init)
                  00008c32    0000000c     tm4c1294ncpdt_startup_ccs.obj (.text)
                  00008c3e    00000002     --HOLE-- [fill = 0]
                  00008c40    0000000c     driverlib.lib : udma.obj (.text:uDMAControlBaseSet)
                  00008c4c    0000000a                   : adc.obj (.text:ADCIntClear)
                  00008c56    0000000a                   : uart.obj (.text:UARTFIFOEnable)
                  00008c60    0000000a                   : uart.obj (.text:UARTIntStatus)
                  00008c6a    0000000a     rtsv7M4_T_le_v4SPD16_eabi.lib : sprintf.c.obj (.text:_outc)
                  00008c74    00000008     driverlib.lib : timer.obj (.text:TimerIntEnable)
                  00008c7c    00000008                   : uart.obj (.text:UARTDMAEnable)
                  00008c84    00000008                   : uart.obj (.text:UARTIntEnable)
                  00008c8c    00000008     rtsv7M4_T_le_v4SPD16_eabi.lib : errno.c.obj (.text:__aeabi_errno_addr)
                  00008c94    00000008                                   : memory.c.obj (.text:malloc)
                  00008c9c    00000006     driverlib.lib : gpio.obj (.text:GPIOPinWrite)
                  00008ca2    00000006                   : sysctl.obj (.text:SysCtlDelay)
                  00008ca8    00000006                   : uart.obj (.text:UARTFIFOLevelSet)
                  00008cae    00000004                   : timer.obj (.text:TimerIntClear)
                  00008cb2    00000004                   : uart.obj (.text:UARTIntClear)
                  00008cb6    00000004     rtsv7M4_T_le_v4SPD16_eabi.lib : printf.c.obj (.text:_outc)
                  00008cba    00000004                                   : printf.c.obj (.text:_outs)
                  00008cbe    00000004                                   : pre_init.c.obj (.text:_system_pre_init)
                  00008cc2    00000004                                   : exit.c.obj (.text:abort:abort)

.const     0    00008cc8    00002818     
                  00008cc8    00002000     fonts.obj (.const:font_12_16)
                  0000acc8    000001b0     driverlib.lib : sysctl.obj (.const:g_pppui32XTALtoVCO)
                  0000ae78    00000158     rtsv7M4_T_le_v4SPD16_eabi.lib : k_rem_pio2.c.obj (.const:$O1$$)
                  0000afd0    00000101                                   : ctype.c.obj (.const:.string:_ctypes_)
                  0000b0d1    00000003     --HOLE-- [fill = 0]
                  0000b0d4    0000009c     driverlib.lib : interrupt.obj (.const:g_pui32Regs)
                  0000b170    00000098     rtsv7M4_T_le_v4SPD16_eabi.lib : s_atan.c.obj (.const:$O1$$)
                  0000b208    00000090     driverlib.lib : gpio.obj (.const:g_pui32GPIOBaseAddrs)
                  0000b298    0000006c                   : sysctl.obj (.const:g_pui32Xtals)
                  0000b304    00000060                   : timer.obj (.const:g_ppui32TimerIntMap)
                  0000b364    00000040                   : timer.obj (.const:g_ppui32TimerIntMapSnowflake)
                  0000b3a4    00000040                   : uart.obj (.const:g_ppui32UARTIntMap)
                  0000b3e4    00000040                   : uart.obj (.const:g_ppui32UARTIntMapSnowflake)
                  0000b424    00000030                   : sysctl.obj (.const:g_sXTALtoMEMTIM)
                  0000b454    00000014                   : interrupt.obj (.const:g_pui32EnRegs)
                  0000b468    00000008                   : sysctl.obj (.const:g_pui32VCOFrequencies)
                  0000b470    00000004     lcd_functions.obj (.const:$P$T10$4)
                  0000b474    00000004     lcd_functions.obj (.const:$P$T11$5)
                  0000b478    00000004     lcd_functions.obj (.const:$P$T12$6)
                  0000b47c    00000004     lcd_functions.obj (.const:$P$T13$7)
                  0000b480    00000004     lcd_functions.obj (.const:$P$T14$8)
                  0000b484    00000004     main.obj (.const:$P$T2$1)
                  0000b488    00000004     lcd_functions.obj (.const:$P$T2$2)
                  0000b48c    00000004     lcd_functions.obj (.const:$P$T21$9)
                  0000b490    00000004     lcd_functions.obj (.const:$P$T22$10)
                  0000b494    00000004     lcd_functions.obj (.const:$P$T23$11)
                  0000b498    00000004     lcd_functions.obj (.const:$P$T24$12)
                  0000b49c    00000004     lcd_functions.obj (.const:$P$T25$13)
                  0000b4a0    00000004     lcd_functions.obj (.const:$P$T26$14)
                  0000b4a4    00000004     lcd_functions.obj (.const:$P$T29$15)
                  0000b4a8    00000004     Interrupt_handler.obj (.const:$P$T3$3)
                  0000b4ac    00000004     lcd_functions.obj (.const:$P$T30$16)
                  0000b4b0    00000004     lcd_functions.obj (.const:$P$T33$17)
                  0000b4b4    00000004     lcd_functions.obj (.const:$P$T34$18)
                  0000b4b8    00000004     lcd_functions.obj (.const:$P$T36$19)
                  0000b4bc    00000004     Interrupt_handler.obj (.const:$P$T4$4)
                  0000b4c0    00000004     lcd_functions.obj (.const:$P$T40$20)
                  0000b4c4    00000004     lcd_functions.obj (.const:$P$T41$21)
                  0000b4c8    00000004     lcd_functions.obj (.const:$P$T42$22)
                  0000b4cc    00000004     lcd_functions.obj (.const:$P$T44$23)
                  0000b4d0    00000004     lcd_functions.obj (.const:$P$T48$24)
                  0000b4d4    00000004     lcd_functions.obj (.const:$P$T49$25)
                  0000b4d8    00000004     lcd_functions.obj (.const:$P$T50$26)
                  0000b4dc    00000004     lcd_functions.obj (.const:$P$T9$3)

.cinit     0    0000b4e0    000000a8     
                  0000b4e0    00000073     (.cinit..data.load) [load image, compression = lzss]
                  0000b553    00000001     --HOLE-- [fill = 0]
                  0000b554    0000000c     (__TI_handler_table)
                  0000b560    00000008     (.cinit..bss.load) [load image, compression = zero_init]
                  0000b568    00000008     (.cinit..vtable.load) [load image, compression = zero_init]
                  0000b570    00000018     (__TI_cinit_table)

.init_array 
*          0    00000000    00000000     UNINITIALIZED

.vtable    0    20000000    0000026c     UNINITIALIZED
                  20000000    0000026c     driverlib.lib : interrupt.obj (.vtable)

.sysmem    0    20000270    000249f0     UNINITIALIZED
                  20000270    00000010     rtsv7M4_T_le_v4SPD16_eabi.lib : memory.c.obj (.sysmem)
                  20000280    000249e0     --HOLE--

.stack     0    20024c60    00004e20     UNINITIALIZED
                  20024c60    00000004     rtsv7M4_T_le_v4SPD16_eabi.lib : boot_cortex_m.c.obj (.stack)
                  20024c64    00004e1c     --HOLE--

.bss       0    20029c00    00000c54     UNINITIALIZED
                  20029c00    00000400     (.common:pui8ControlTable)
                  2002a000    00000120     rtsv7M4_T_le_v4SPD16_eabi.lib : trgmsg.c.obj (.bss:_CIOBUF_)
                  2002a120    00000100     (.common:CosResults)
                  2002a220    00000100     (.common:DiffResults)
                  2002a320    00000100     (.common:SinResults)
                  2002a420    000000a0     (.common:__TI_tmpnams)
                  2002a4c0    00000080     (.common:CosOffset)
                  2002a540    00000080     (.common:DiffCosResults)
                  2002a5c0    00000080     (.common:DiffSinResults)
                  2002a640    00000080     (.common:SinOffset)
                  2002a6c0    00000080     (.common:oldDiffCosResults)
                  2002a740    00000080     (.common:oldDiffSinResults)
                  2002a7c0    00000080     (.common:v_length)
                  2002a840    00000008     (.common:parmbuf)
                  2002a848    00000008     (.common:receive)
                  2002a850    00000004     (.common:maximumAnalogValue)

.data      0    2002a854    000001ff     UNINITIALIZED
                  2002a854    000000f0     rtsv7M4_T_le_v4SPD16_eabi.lib : defs.c.obj (.data:_ftable)
                  2002a944    00000078                                   : host_device.c.obj (.data:_device)
                  2002a9bc    00000050                                   : host_device.c.obj (.data:_stream)
                  2002aa0c    00000010                                   : defs.c.obj (.data)
                  2002aa1c    0000000c                                   : exit.c.obj (.data:$O1$$)
                  2002aa28    00000009     Interrupt_handler.obj (.data:command$2)
                  2002aa31    00000003     --HOLE--
                  2002aa34    00000008     rtsv7M4_T_le_v4SPD16_eabi.lib : _lock.c.obj (.data:$O1$$)
                  2002aa3c    00000008                                   : memory.c.obj (.data:$O1$$)
                  2002aa44    00000006     Interrupt_handler.obj (.data)
                  2002aa4a    00000002     --HOLE--
                  2002aa4c    00000004     rtsv7M4_T_le_v4SPD16_eabi.lib : errno.c.obj (.data)
                  2002aa50    00000003     lcd_functions.obj (.data)

__llvm_prf_cnts 
*          0    20000000    00000000     UNINITIALIZED

MODULE SUMMARY

       Module                          code    ro data   rw data
       ------                          ----    -------   -------
    ./
       lcd_functions.obj               10528   100       259    
       fonts.obj                       0       8192      0      
       functions.obj                   2456    0         1408   
       configuration.obj               916     0         1024   
       Interrupt_handler.obj           968     8         27     
       tm4c1294ncpdt_startup_ccs.obj   12      520       0      
       main.obj                        80      4         0      
    +--+-------------------------------+-------+---------+---------+
       Total:                          14960   8824      2718   
                                                                
    /home/ole/CodeComposerStudio10/TivaWare_C_Series-2.1.4.178/driverlib/ccs/Debug/driverlib.lib
       sysctl.obj                      730     596       0      
       interrupt.obj                   224     176       620    
       gpio.obj                        478     144       0      
       uart.obj                        298     128       0      
       adc.obj                         412     0         0      
       timer.obj                       240     160       0      
       udma.obj                        352     0         0      
       cpu.obj                         24      0         0      
    +--+-------------------------------+-------+---------+---------+
       Total:                          2758    1204      620    
                                                                
    /home/ole/CodeComposerStudio10/ccs/tools/compiler/ti-cgt-arm_20.2.0.LTS/lib/rtsv7M4_T_le_v4SPD16_eabi.lib
       _printfi.c.obj                  4851    0         0      
       k_rem_pio2.c.obj                1848    344       0      
       s_cos.c.obj                     1500    0         0      
       s_sin.c.obj                     1476    0         0      
       s_atan.c.obj                    748     152       0      
       memory.c.obj                    680     0         8      
       fd_add_t2.asm.obj               438     0         0      
       defs.c.obj                      0       0         416    
       trgmsg.c.obj                    108     0         288    
       k_sin.c.obj                     372     0         0      
       k_cos.c.obj                     364     0         0      
       e_sqrt.c.obj                    344     0         0      
       fd_div_t2.asm.obj               310     0         0      
       fputs.c.obj                     276     0         0      
       s_scalbn.c.obj                  272     0         0      
       fd_cmp_t2.asm.obj               268     0         0      
       ctype.c.obj                     0       257       0      
       fd_mul_t2.asm.obj               252     0         0      
       s_floor.c.obj                   248     0         0      
       setvbuf.c.obj                   220     0         0      
       host_device.c.obj               0       0         200    
       memcpy_t2.asm.obj               156     0         0      
       ull_div_t2.asm.obj              150     0         0      
       fputc.c.obj                     140     0         0      
       memset_t2.asm.obj               122     0         0      
       fclose.c.obj                    116     0         0      
       getdevice.c.obj                 116     0         0      
       printf.c.obj                    112     0         0      
       hostrename.c.obj                108     0         0      
       copy_decompress_lzss.c.obj      104     0         0      
       hostlseek.c.obj                 104     0         0      
       hostopen.c.obj                  96      0         8      
       fseek.c.obj                     100     0         0      
       s_frexp.c.obj                   100     0         0      
       _io_perm.c.obj                  98      0         0      
       sprintf.c.obj                   98      0         0      
       close.c.obj                     92      0         0      
       exit.c.obj                      76      0         12     
       hostread.c.obj                  88      0         0      
       hostwrite.c.obj                 88      0         0      
       _ltoa.c.obj                     84      0         0      
       atoi.c.obj                      76      0         0      
       fflush.c.obj                    76      0         0      
       fd_toi_t2.asm.obj               72      0         0      
       autoinit.c.obj                  68      0         0      
       fd_tou_t2.asm.obj               68      0         0      
       hostclose.c.obj                 68      0         0      
       hostunlink.c.obj                68      0         0      
       strncpy.c.obj                   54      0         0      
       boot_cortex_m.c.obj             52      0         0      
       fopen.c.obj                     52      0         0      
       i_tofd_t2.asm.obj               46      0         0      
       unlink.c.obj                    44      0         0      
       lseek.c.obj                     40      0         0      
       write.c.obj                     40      0         0      
       memchr.c.obj                    32      0         0      
       memccpy.c.obj                   28      0         0      
       s_copysign.c.obj                26      0         0      
       strcmp.c.obj                    24      0         0      
       strchr.c.obj                    22      0         0      
       strcpy.c.obj                    20      0         0      
       strlen.c.obj                    20      0         0      
       wcslen.c.obj                    18      0         0      
       copy_decompress_none.c.obj      14      0         0      
       copy_zero_init.c.obj            12      0         0      
       errno.c.obj                     8       0         4      
       _lock.c.obj                     2       0         8      
       pre_init.c.obj                  4       0         0      
       div0.asm.obj                    2       0         0      
    +--+-------------------------------+-------+---------+---------+
       Total:                          17779   753       944    
                                                                
       Heap:                           0       0         150000 
       Stack:                          0       0         20000  
       Linker Generated:               0       167       0      
    +--+-------------------------------+-------+---------+---------+
       Grand Total:                    35497   10948     174282 


LINKER GENERATED COPY TABLES

__TI_cinit_table @ 0000b570 records: 3, size/record: 8, table size: 24
	.data: load addr=0000b4e0, load size=00000073 bytes, run addr=2002a854, run size=000001ff bytes, compression=lzss
	.bss: load addr=0000b560, load size=00000008 bytes, run addr=20029c00, run size=00000c54 bytes, compression=zero_init
	.vtable: load addr=0000b568, load size=00000008 bytes, run addr=20000000, run size=0000026c bytes, compression=zero_init


LINKER GENERATED HANDLER TABLE

__TI_handler_table @ 0000b554 records: 3, size/record: 4, table size: 12
	index: 0, handler: __TI_zero_init
	index: 1, handler: __TI_decompress_lzss
	index: 2, handler: __TI_decompress_none


GLOBAL SYMBOLS: SORTED ALPHABETICALLY BY Name 

address   name                           
-------   ----                           
00005255  ADC0IntHandler                 
00008bad  ADCHardwareOversampleConfigure 
00008c4d  ADCIntClear                    
00008b6d  ADCIntEnable                   
00008a1f  ADCIntRegister                 
00008a37  ADCProcessorTrigger            
000080e9  ADCSequenceConfigure           
000089ad  ADCSequenceDataGet             
00008bbb  ADCSequenceEnable              
00007801  ADCSequenceStepConfigure       
00008cc3  C$$EXIT                        
0000868f  C$$IO$$                        
00008c0f  CPUcpsid                       
00008c1b  CPUcpsie                       
000055b1  ConfigureADC                   
00005827  ConfigureGPIO                  
000026ed  ConfigureLCD5Inch              
00002901  ConfigureLCD7Inch              
0000588b  ConfigureTimer0                
00005709  ConfigureUART0                 
000057c7  ConfigureUART2                 
000058d7  ConfigureUDMA                  
2002a4c0  CosOffset                      
2002a120  CosResults                     
2002a540  DiffCosResults                 
2002a220  DiffResults                    
2002a5c0  DiffSinResults                 
00008833  GPIODirModeSet                 
00006ad3  GPIOPadConfigSet               
00008139  GPIOPinConfigure               
00008a4f  GPIOPinTypeGPIOOutput          
00008ae1  GPIOPinTypeUART                
00008c9d  GPIOPinWrite                   
000083d1  HOSTclose                      
00007ab5  HOSTlseek                      
00007d81  HOSTopen                       
00007e9d  HOSTread                       
00007a49  HOSTrename                     
00008415  HOSTunlink                     
00007ef5  HOSTwrite                      
00007b1d  IntEnable                      
00008b7d  IntMasterDisable               
00008b8d  IntMasterEnable                
00008905  IntPrioritySet                 
000086d1  IntRegister                    
00003579  ReadArray                      
00008c33  ResetISR                       
2002a640  SinOffset                      
2002a320  SinResults                     
00005ea1  SysCtlClockFreqSet             
00008ca3  SysCtlDelay                    
00008705  SysCtlPeripheralEnable         
00008629  SysCtlPeripheralReady          
000051e9  Timer0IntHandler               
00007de1  TimerConfigure                 
00008bc9  TimerEnable                    
00008caf  TimerIntClear                  
00008c75  TimerIntEnable                 
00008a67  TimerIntRegister               
00008b49  TimerLoadSet                   
000052f1  UART0IntHandler                
00005485  UART2IntHandler                
00008bd7  UARTCharGetNonBlocking         
00008be5  UARTCharPutNonBlocking         
00008bf3  UARTCharsAvail                 
00008389  UARTConfigSetExpClk            
00008c7d  UARTDMAEnable                  
0000894d  UARTDisable                    
00008b0d  UARTEnable                     
00008c57  UARTFIFOEnable                 
00008ca9  UARTFIFOLevelSet               
00008cb3  UARTIntClear                   
00008c85  UARTIntEnable                  
00008a7f  UARTIntRegister                
00008c61  UARTIntStatus                  
2002a000  __CIOBUF_                      
20029a80  __STACK_END                    
00004e20  __STACK_SIZE                   
20024e60  __STACK_TOP                    
000249f0  __SYSMEM_SIZE                  
0000b570  __TI_CINIT_Base                
0000b588  __TI_CINIT_Limit               
0000b554  __TI_Handler_Table_Base        
0000b560  __TI_Handler_Table_Limit       
00008459  __TI_auto_init_nobinit_nopinit 
00008739  __TI_cleanup                   
2002aa1c  __TI_cleanup_ptr               
000078f5  __TI_closefile                 
00007b85  __TI_decompress_lzss           
00008c01  __TI_decompress_none           
000081d1  __TI_doflush                   
2002aa20  __TI_dtors_ptr                 
2002aa24  __TI_enable_exit_profile_output
2002aa0c  __TI_ft_end                    
00007fa3  __TI_ltoa                      
ffffffff  __TI_pprof_out_hndl            
00002b29  __TI_printfi                   
ffffffff  __TI_prof_data_size            
ffffffff  __TI_prof_data_start           
0000876d  __TI_readmsg                   
00000000  __TI_static_base__             
2002a420  __TI_tmpnams                   
00008661  __TI_writemsg                  
00007d1d  __TI_wrt_ok                    
00008c27  __TI_zero_init                 
00007679  __aeabi_cdcmpeq                
00007679  __aeabi_cdcmple                
000076ff  __aeabi_cdrcmple               
000082f9  __aeabi_d2iz                   
000084e1  __aeabi_d2uiz                  
0000627b  __aeabi_dadd                   
0000699d  __aeabi_ddiv                   
00007055  __aeabi_dmul                   
00006271  __aeabi_dsub                   
00008c8d  __aeabi_errno_addr             
00008805  __aeabi_i2d                    
00006427  __aeabi_idiv0                  
00006427  __aeabi_ldiv0                  
0000787b  __aeabi_memclr                 
0000787b  __aeabi_memclr4                
0000787b  __aeabi_memclr8                
000074bb  __aeabi_memcpy                 
000074bb  __aeabi_memcpy4                
000074bb  __aeabi_memcpy8                
0000787d  __aeabi_memset                 
0000787d  __aeabi_memset4                
0000787d  __aeabi_memset8                
2002aa18  __aeabi_stderr                 
2002aa10  __aeabi_stdin                  
2002aa14  __aeabi_stdout                 
00007557  __aeabi_uldivmod               
ffffffff  __binit__                      
ffffffff  __c_args__                     
0000659d  __kernel_cos                   
00003f11  __kernel_rem_pio2              
00006429  __kernel_sin                   
UNDEFED   __mpu_init                     
20024c60  __stack                        
20000000  __start___llvm_prf_cnts        
20000000  __stop___llvm_prf_cnts         
000087a1  _c_int00_noargs                
0000afd0  _ctypes_                       
2002a944  _device                        
2002a854  _ftable                        
2002aa34  _lock                          
00003577  _nop                           
2002a9bc  _stream                        
20000270  _sys_memory                    
UNDEFED   _system_post_cinit             
00008cbf  _system_pre_init               
2002aa38  _unlock                        
00008cc3  abort                          
00006f4d  aligned_alloc                  
00005945  atan                           
00005945  atanl                          
0000821d  atoi                           
ffffffff  binit                          
2002aa44  busy                           
00007e41  close                          
00003b51  compute_absolute               
00003801  compute_relative               
00008a05  copysign                       
00008a05  copysignl                      
00004649  cos                            
00004649  cosl                           
00000709  drawDisplay5Inch               
0000092d  drawDisplay7Inch               
2002aa4c  errno                          
000082b1  exit                           
000087d5  finddevice                     
00007151  floor                          
00007151  floorl                         
00008cc8  font_12_16                     
000075ed  fputc                          
00006d29  fputs                          
00007249  free                           
00007c55  frexp                          
00007c55  frexpl                         
00007cb9  fseek                          
20000000  g_pfnRAMVectors                
00000000  g_pfnVectors                   
0000849d  getdevice                      
00006e3d  ldexp                          
00006e3d  ldexpl                         
000088b5  lseek                          
00008099  main                           
00008c95  malloc                         
2002aa46  maxArrowSize                   
2002a850  maximumAnalogValue             
00006f4d  memalign                       
000089e9  memccpy                        
0000898d  memchr                         
000074bb  memcpy                         
00007883  memset                         
2002aa50  offset                         
2002a6c0  oldDiffCosResults              
2002a740  oldDiffSinResults              
2002a840  parmbuf                        
000003c9  print_string                   
00007bed  printf                         
20029c00  pui8ControlTable               
000075ed  putc                           
2002a848  receive                        
2002aa45  relative                       
00008861  remove                         
00006e3d  scalbn                         
00006e3d  scalbnl                        
0000037f  screen_show_nr                 
000003af  screen_write_nr                
0000732d  setvbuf                        
00004c25  sin                            
00004c25  sinl                           
000085a9  sprintf                        
00006709  sqrt                           
00006709  sqrtl                          
00008af7  strchr                         
00008aaf  strcmp                         
00008b21  strcpy                         
00008b35  strlen                         
00008699  strncpy                        
00008341  uDMAChannelAttributeDisable    
00008525  uDMAChannelAttributeEnable     
00008929  uDMAChannelControlSet          
00008ac9  uDMAChannelEnable              
00007785  uDMAChannelTransferSet         
00008c41  uDMAControlBaseSet             
00008b9d  uDMAEnable                     
00008861  unlink                         
2002a7c0  v_length                       
00008b5b  wcslen                         
000088dd  write                          
00000209  write_Infos                    
000004d1  write_char                     
00000b79  write_cmd_data                 
00000b55  write_command                  
00000ba5  write_data                     
00000c9d  write_line                     
00001f91  write_line_0_degree            
00002039  write_line_180_degree          
0000208d  write_line_270_degree          
00001fe5  write_line_90_degree           
000020e1  write_line_quadrant_1_I        
000021b5  write_line_quadrant_1_II       
0000226f  write_line_quadrant_2_I        
00002329  write_line_quadrant_2_II       
000023f5  write_line_quadrant_3_I        
000024af  write_line_quadrant_3_II       
00002569  write_line_quadrant_4_I        
00002623  write_line_quadrant_4_II       
00000beb  write_position                 
000005e9  write_screen_color5INCH        
00000685  write_screen_color7INCH        


GLOBAL SYMBOLS: SORTED BY Symbol Address 

address   name                           
-------   ----                           
00000000  __TI_static_base__             
00000000  g_pfnVectors                   
00000209  write_Infos                    
0000037f  screen_show_nr                 
000003af  screen_write_nr                
000003c9  print_string                   
000004d1  write_char                     
000005e9  write_screen_color5INCH        
00000685  write_screen_color7INCH        
00000709  drawDisplay5Inch               
0000092d  drawDisplay7Inch               
00000b55  write_command                  
00000b79  write_cmd_data                 
00000ba5  write_data                     
00000beb  write_position                 
00000c9d  write_line                     
00001f91  write_line_0_degree            
00001fe5  write_line_90_degree           
00002039  write_line_180_degree          
0000208d  write_line_270_degree          
000020e1  write_line_quadrant_1_I        
000021b5  write_line_quadrant_1_II       
0000226f  write_line_quadrant_2_I        
00002329  write_line_quadrant_2_II       
000023f5  write_line_quadrant_3_I        
000024af  write_line_quadrant_3_II       
00002569  write_line_quadrant_4_I        
00002623  write_line_quadrant_4_II       
000026ed  ConfigureLCD5Inch              
00002901  ConfigureLCD7Inch              
00002b29  __TI_printfi                   
00003577  _nop                           
00003579  ReadArray                      
00003801  compute_relative               
00003b51  compute_absolute               
00003f11  __kernel_rem_pio2              
00004649  cos                            
00004649  cosl                           
00004c25  sin                            
00004c25  sinl                           
00004e20  __STACK_SIZE                   
000051e9  Timer0IntHandler               
00005255  ADC0IntHandler                 
000052f1  UART0IntHandler                
00005485  UART2IntHandler                
000055b1  ConfigureADC                   
00005709  ConfigureUART0                 
000057c7  ConfigureUART2                 
00005827  ConfigureGPIO                  
0000588b  ConfigureTimer0                
000058d7  ConfigureUDMA                  
00005945  atan                           
00005945  atanl                          
00005ea1  SysCtlClockFreqSet             
00006271  __aeabi_dsub                   
0000627b  __aeabi_dadd                   
00006427  __aeabi_idiv0                  
00006427  __aeabi_ldiv0                  
00006429  __kernel_sin                   
0000659d  __kernel_cos                   
00006709  sqrt                           
00006709  sqrtl                          
0000699d  __aeabi_ddiv                   
00006ad3  GPIOPadConfigSet               
00006d29  fputs                          
00006e3d  ldexp                          
00006e3d  ldexpl                         
00006e3d  scalbn                         
00006e3d  scalbnl                        
00006f4d  aligned_alloc                  
00006f4d  memalign                       
00007055  __aeabi_dmul                   
00007151  floor                          
00007151  floorl                         
00007249  free                           
0000732d  setvbuf                        
000074bb  __aeabi_memcpy                 
000074bb  __aeabi_memcpy4                
000074bb  __aeabi_memcpy8                
000074bb  memcpy                         
00007557  __aeabi_uldivmod               
000075ed  fputc                          
000075ed  putc                           
00007679  __aeabi_cdcmpeq                
00007679  __aeabi_cdcmple                
000076ff  __aeabi_cdrcmple               
00007785  uDMAChannelTransferSet         
00007801  ADCSequenceStepConfigure       
0000787b  __aeabi_memclr                 
0000787b  __aeabi_memclr4                
0000787b  __aeabi_memclr8                
0000787d  __aeabi_memset                 
0000787d  __aeabi_memset4                
0000787d  __aeabi_memset8                
00007883  memset                         
000078f5  __TI_closefile                 
00007a49  HOSTrename                     
00007ab5  HOSTlseek                      
00007b1d  IntEnable                      
00007b85  __TI_decompress_lzss           
00007bed  printf                         
00007c55  frexp                          
00007c55  frexpl                         
00007cb9  fseek                          
00007d1d  __TI_wrt_ok                    
00007d81  HOSTopen                       
00007de1  TimerConfigure                 
00007e41  close                          
00007e9d  HOSTread                       
00007ef5  HOSTwrite                      
00007fa3  __TI_ltoa                      
00008099  main                           
000080e9  ADCSequenceConfigure           
00008139  GPIOPinConfigure               
000081d1  __TI_doflush                   
0000821d  atoi                           
000082b1  exit                           
000082f9  __aeabi_d2iz                   
00008341  uDMAChannelAttributeDisable    
00008389  UARTConfigSetExpClk            
000083d1  HOSTclose                      
00008415  HOSTunlink                     
00008459  __TI_auto_init_nobinit_nopinit 
0000849d  getdevice                      
000084e1  __aeabi_d2uiz                  
00008525  uDMAChannelAttributeEnable     
000085a9  sprintf                        
00008629  SysCtlPeripheralReady          
00008661  __TI_writemsg                  
0000868f  C$$IO$$                        
00008699  strncpy                        
000086d1  IntRegister                    
00008705  SysCtlPeripheralEnable         
00008739  __TI_cleanup                   
0000876d  __TI_readmsg                   
000087a1  _c_int00_noargs                
000087d5  finddevice                     
00008805  __aeabi_i2d                    
00008833  GPIODirModeSet                 
00008861  remove                         
00008861  unlink                         
000088b5  lseek                          
000088dd  write                          
00008905  IntPrioritySet                 
00008929  uDMAChannelControlSet          
0000894d  UARTDisable                    
0000898d  memchr                         
000089ad  ADCSequenceDataGet             
000089e9  memccpy                        
00008a05  copysign                       
00008a05  copysignl                      
00008a1f  ADCIntRegister                 
00008a37  ADCProcessorTrigger            
00008a4f  GPIOPinTypeGPIOOutput          
00008a67  TimerIntRegister               
00008a7f  UARTIntRegister                
00008aaf  strcmp                         
00008ac9  uDMAChannelEnable              
00008ae1  GPIOPinTypeUART                
00008af7  strchr                         
00008b0d  UARTEnable                     
00008b21  strcpy                         
00008b35  strlen                         
00008b49  TimerLoadSet                   
00008b5b  wcslen                         
00008b6d  ADCIntEnable                   
00008b7d  IntMasterDisable               
00008b8d  IntMasterEnable                
00008b9d  uDMAEnable                     
00008bad  ADCHardwareOversampleConfigure 
00008bbb  ADCSequenceEnable              
00008bc9  TimerEnable                    
00008bd7  UARTCharGetNonBlocking         
00008be5  UARTCharPutNonBlocking         
00008bf3  UARTCharsAvail                 
00008c01  __TI_decompress_none           
00008c0f  CPUcpsid                       
00008c1b  CPUcpsie                       
00008c27  __TI_zero_init                 
00008c33  ResetISR                       
00008c41  uDMAControlBaseSet             
00008c4d  ADCIntClear                    
00008c57  UARTFIFOEnable                 
00008c61  UARTIntStatus                  
00008c75  TimerIntEnable                 
00008c7d  UARTDMAEnable                  
00008c85  UARTIntEnable                  
00008c8d  __aeabi_errno_addr             
00008c95  malloc                         
00008c9d  GPIOPinWrite                   
00008ca3  SysCtlDelay                    
00008ca9  UARTFIFOLevelSet               
00008caf  TimerIntClear                  
00008cb3  UARTIntClear                   
00008cbf  _system_pre_init               
00008cc3  C$$EXIT                        
00008cc3  abort                          
00008cc8  font_12_16                     
0000afd0  _ctypes_                       
0000b554  __TI_Handler_Table_Base        
0000b560  __TI_Handler_Table_Limit       
0000b570  __TI_CINIT_Base                
0000b588  __TI_CINIT_Limit               
000249f0  __SYSMEM_SIZE                  
20000000  __start___llvm_prf_cnts        
20000000  __stop___llvm_prf_cnts         
20000000  g_pfnRAMVectors                
20000270  _sys_memory                    
20024c60  __stack                        
20024e60  __STACK_TOP                    
20029a80  __STACK_END                    
20029c00  pui8ControlTable               
2002a000  __CIOBUF_                      
2002a120  CosResults                     
2002a220  DiffResults                    
2002a320  SinResults                     
2002a420  __TI_tmpnams                   
2002a4c0  CosOffset                      
2002a540  DiffCosResults                 
2002a5c0  DiffSinResults                 
2002a640  SinOffset                      
2002a6c0  oldDiffCosResults              
2002a740  oldDiffSinResults              
2002a7c0  v_length                       
2002a840  parmbuf                        
2002a848  receive                        
2002a850  maximumAnalogValue             
2002a854  _ftable                        
2002a944  _device                        
2002a9bc  _stream                        
2002aa0c  __TI_ft_end                    
2002aa10  __aeabi_stdin                  
2002aa14  __aeabi_stdout                 
2002aa18  __aeabi_stderr                 
2002aa1c  __TI_cleanup_ptr               
2002aa20  __TI_dtors_ptr                 
2002aa24  __TI_enable_exit_profile_output
2002aa34  _lock                          
2002aa38  _unlock                        
2002aa44  busy                           
2002aa45  relative                       
2002aa46  maxArrowSize                   
2002aa4c  errno                          
2002aa50  offset                         
ffffffff  __TI_pprof_out_hndl            
ffffffff  __TI_prof_data_size            
ffffffff  __TI_prof_data_start           
ffffffff  __binit__                      
ffffffff  __c_args__                     
ffffffff  binit                          
UNDEFED   __mpu_init                     
UNDEFED   _system_post_cinit             

[252 symbols]
