******************************************************************************
                  TI ARM Linker Unix v20.2.0                   
******************************************************************************
>> Linked Sun Aug 16 19:39:56 2020

OUTPUT FILE NAME:   <BP_TMR_sensor_array.out>
ENTRY POINT SYMBOL: "_c_int00_noargs"  address: 0000c26d


MEMORY CONFIGURATION

         name            origin    length      used     unused   attr    fill
----------------------  --------  ---------  --------  --------  ----  --------
  FLASH                 00000000   00100000  0000fb92  000f046e  R  X
  SRAM                  20000000   00040000  000301f6  0000fe0a  RW X


SEGMENT ALLOCATION MAP

run origin  load origin   length   init length attrs members
----------  ----------- ---------- ----------- ----- -------
00000000    00000000    0000fb98   0000fb98    r-x
  00000000    00000000    00000208   00000208    r-- .intvecs
  00000208    00000208    0000c1b6   0000c1b6    r-x .text
  0000c3c0    0000c3c0    00002a74   00002a74    r-- .const
  0000ee38    0000ee38    00000d60   00000d60    r-- .cinit
20000000    20000000    0002dc74   00000000    rw-
  20000000    20000000    0000026c   00000000    rw- .vtable
  20000270    20000270    000249f0   00000000    rw- .stack
  20024c60    20024c60    00009014   00000000    rw- .data
2002e000    2002e000    00002586   00000000    rw-
  2002e000    2002e000    00002586   00000000    rw- .bss


SECTION ALLOCATION MAP

 output                                  attributes/
section   page    origin      length       input sections
--------  ----  ----------  ----------   ----------------
.intvecs   0    00000000    00000208     
                  00000000    00000208     tm4c1294ncpdt_startup_ccs.obj (.intvecs)

.text      0    00000208    0000c1b6     
                  00000208    00002db0     lcd_functions.obj (.text)
                  00002fb8    00000f80     sysctl.obj (.text)
                  00003f38    00000b94     gpio.obj (.text)
                  00004acc    00000a4e     rtsv7M4_T_le_v4SPD16_eabi.lib : _printfi.c.obj (.text:__TI_printfi)
                  0000551a    00000002                                   : div0.asm.obj (.text)
                  0000551c    000009a4     adc_functions.obj (.text)
                  00005ec0    00000898     main.obj (.text)
                  00006758    00000842     adc.obj (.text)
                  00006f9a    00000002     --HOLE-- [fill = 0]
                  00006f9c    00000738     rtsv7M4_T_le_v4SPD16_eabi.lib : k_rem_pio2.c.obj (.text:__kernel_rem_pio2)
                  000076d4    00000642     timer.obj (.text)
                  00007d16    00000002     --HOLE-- [fill = 0]
                  00007d18    0000062e     uart.obj (.text)
                  00008346    00000002     --HOLE-- [fill = 0]
                  00008348    000005dc     rtsv7M4_T_le_v4SPD16_eabi.lib : s_cos.c.obj (.text:cos)
                  00008924    000005c4                                   : s_sin.c.obj (.text:sin)
                  00008ee8    000004e0     udma.obj (.text)
                  000093c8    00000470     eeprom.obj (.text)
                  00009838    00000458     touch.obj (.text)
                  00009c90    000003d4     uartDMA.obj (.text)
                  0000a064    000003c0     interrupt.obj (.text)
                  0000a424    000002ec     rtsv7M4_T_le_v4SPD16_eabi.lib : s_atan.c.obj (.text:atan)
                  0000a710    00000270                                   : _printfi.c.obj (.text:_pconv_a)
                  0000a980    000001d8                                   : e_atan2.c.obj (.text:atan2)
                  0000ab58    000001d0                                   : _printfi.c.obj (.text:_pconv_g)
                  0000ad28    000001b6                                   : fd_add_t2.asm.obj (.text)
                  0000aede    00000002     --HOLE-- [fill = 0]
                  0000aee0    00000174                                   : k_sin.c.obj (.text:__kernel_sin)
                  0000b054    0000016c                                   : k_cos.c.obj (.text:__kernel_cos)
                  0000b1c0    00000158                                   : e_sqrt.c.obj (.text:sqrt)
                  0000b318    0000013c                                   : _printfi.c.obj (.text:_pconv_e)
                  0000b454    00000136                                   : fd_div_t2.asm.obj (.text)
                  0000b58a    00000002     --HOLE-- [fill = 0]
                  0000b58c    00000124                                   : _printfi.c.obj (.text:fcvt)
                  0000b6b0    00000110                                   : s_scalbn.c.obj (.text:scalbn)
                  0000b7c0    000000fc                                   : fd_mul_t2.asm.obj (.text)
                  0000b8bc    000000f8                                   : s_floor.c.obj (.text:floor)
                  0000b9b4    000000c0     debug_functions.obj (.text)
                  0000ba74    000000b1     rtsv7M4_T_le_v4SPD16_eabi.lib : _printfi.c.obj (.text:_ltostr)
                  0000bb25    00000001     --HOLE-- [fill = 0]
                  0000bb26    0000009c                                   : memcpy_t2.asm.obj (.text)
                  0000bbc2    00000096                                   : ull_div_t2.asm.obj (.text)
                  0000bc58    0000008c     timer_functions.obj (.text)
                  0000bce4    00000086     rtsv7M4_T_le_v4SPD16_eabi.lib : fd_cmp_t2.asm.obj (.text:__aeabi_cdcmple)
                  0000bd6a    00000086                                   : fd_cmp_t2.asm.obj (.text:__aeabi_cdrcmple)
                  0000bdf0    0000007a                                   : memset_t2.asm.obj (.text)
                  0000be6a    0000006e                                   : _printfi.c.obj (.text:_mcpy)
                  0000bed8    00000068                                   : copy_decompress_lzss.c.obj (.text:decompress:lzss:__TI_decompress_lzss)
                  0000bf40    00000064                                   : s_frexp.c.obj (.text:frexp)
                  0000bfa4    00000056                                   : _printfi.c.obj (.text:_pconv_f)
                  0000bffa    00000054                                   : _ltoa.c.obj (.text:__TI_ltoa)
                  0000c04e    00000052                                   : _printfi.c.obj (.text:_ecpy)
                  0000c0a0    0000004c                                   : atoi.c.obj (.text:atoi)
                  0000c0ec    00000048                                   : fd_toi_t2.asm.obj (.text)
                  0000c134    00000044                                   : autoinit.c.obj (.text:__TI_auto_init_nobinit_nopinit:__TI_auto_init_nobinit_nopinit)
                  0000c178    00000040                                   : sprintf.c.obj (.text:sprintf)
                  0000c1b8    0000003e                                   : _printfi.c.obj (.text:_fcpy)
                  0000c1f6    0000003e     cpu.obj (.text)
                  0000c234    00000038     EEPROM_functions.obj (.text)
                  0000c26c    00000034     rtsv7M4_T_le_v4SPD16_eabi.lib : boot_cortex_m.c.obj (.text:_c_int00_noargs:_c_int00_noargs)
                  0000c2a0    0000002e                                   : i_tofd_t2.asm.obj (.text)
                  0000c2ce    00000020                                   : u_tofd_t2.asm.obj (.text)
                  0000c2ee    0000001c                                   : memccpy.c.obj (.text:memccpy)
                  0000c30a    0000001a                                   : s_copysign.c.obj (.text:copysign)
                  0000c324    00000018                                   : sprintf.c.obj (.text:_outs)
                  0000c33c    00000016                                   : strchr.c.obj (.text:strchr)
                  0000c352    00000014                                   : strlen.c.obj (.text:strlen)
                  0000c366    00000012                                   : wcslen.c.obj (.text:wcslen)
                  0000c378    0000000e                                   : copy_decompress_none.c.obj (.text:decompress:none:__TI_decompress_none)
                  0000c386    0000000c                                   : copy_zero_init.c.obj (.text:decompress:ZI:__TI_zero_init)
                  0000c392    0000000c     tm4c1294ncpdt_startup_ccs.obj (.text)
                  0000c39e    0000000a     rtsv7M4_T_le_v4SPD16_eabi.lib : sprintf.c.obj (.text:_outc)
                  0000c3a8    00000008                                   : errno.c.obj (.text:__aeabi_errno_addr)
                  0000c3b0    00000006     sysctl.obj (.text:SysCtlDelay)
                  0000c3b6    00000004     rtsv7M4_T_le_v4SPD16_eabi.lib : pre_init.c.obj (.text:_system_pre_init)
                  0000c3ba    00000004                                   : exit.c.obj (.text:abort:abort)

.const     0    0000c3c0    00002a74     
                  0000c3c0    00002000     lcd_functions.obj (.const:font_12_16)
                  0000e3c0    000001b0     sysctl.obj (.const:g_pppui32XTALtoVCO)
                  0000e570    00000158     rtsv7M4_T_le_v4SPD16_eabi.lib : k_rem_pio2.c.obj (.const:$O1$$)
                  0000e6c8    00000101                                   : ctype.c.obj (.const:.string:_ctypes_)
                  0000e7c9    00000003     --HOLE-- [fill = 0]
                  0000e7cc    000000d8     gpio.obj (.const:g_ppui32GPIOIntMapSnowflake)
                  0000e8a4    000000c0     gpio.obj (.const:g_ppui32GPIOIntMapBlizzard)
                  0000e964    0000009c     interrupt.obj (.const:g_pui32Regs)
                  0000ea00    00000098     rtsv7M4_T_le_v4SPD16_eabi.lib : s_atan.c.obj (.const:$O1$$)
                  0000ea98    00000090     gpio.obj (.const:g_pui32GPIOBaseAddrs)
                  0000eb28    0000006c     sysctl.obj (.const:g_pui32Xtals)
                  0000eb94    00000060     timer.obj (.const:g_ppui32TimerIntMap)
                  0000ebf4    00000040     timer.obj (.const:g_ppui32TimerIntMapSnowflake)
                  0000ec34    00000040     uart.obj (.const:g_ppui32UARTIntMap)
                  0000ec74    00000040     uart.obj (.const:g_ppui32UARTIntMapSnowflake)
                  0000ecb4    00000030     sysctl.obj (.const:g_sXTALtoMEMTIM)
                  0000ece4    00000020     interrupt.obj (.const:g_pui32Priority)
                  0000ed04    00000014     interrupt.obj (.const:g_pui32Dii16Regs)
                  0000ed18    00000014     interrupt.obj (.const:g_pui32EnRegs)
                  0000ed2c    00000014     interrupt.obj (.const:g_pui32PendRegs)
                  0000ed40    00000014     interrupt.obj (.const:g_pui32UnpendRegs)
                  0000ed54    00000009     uartDMA.obj (.const:.string:$P$T0$2)
                  0000ed5d    00000003     --HOLE-- [fill = 0]
                  0000ed60    00000008     sysctl.obj (.const:g_pui32VCOFrequencies)
                  0000ed68    00000004     main.obj (.const:$P$T100$48)
                  0000ed6c    00000004     main.obj (.const:$P$T101$49)
                  0000ed70    00000004     main.obj (.const:$P$T102$50)
                  0000ed74    00000004     main.obj (.const:$P$T103$51)
                  0000ed78    00000004     main.obj (.const:$P$T104$52)
                  0000ed7c    00000004     main.obj (.const:$P$T54$2)
                  0000ed80    00000004     main.obj (.const:$P$T55$3)
                  0000ed84    00000004     main.obj (.const:$P$T56$4)
                  0000ed88    00000004     main.obj (.const:$P$T57$5)
                  0000ed8c    00000004     main.obj (.const:$P$T58$6)
                  0000ed90    00000004     main.obj (.const:$P$T59$7)
                  0000ed94    00000004     main.obj (.const:$P$T60$8)
                  0000ed98    00000004     main.obj (.const:$P$T61$9)
                  0000ed9c    00000004     main.obj (.const:$P$T62$10)
                  0000eda0    00000004     main.obj (.const:$P$T63$11)
                  0000eda4    00000004     main.obj (.const:$P$T64$12)
                  0000eda8    00000004     main.obj (.const:$P$T65$13)
                  0000edac    00000004     main.obj (.const:$P$T66$14)
                  0000edb0    00000004     main.obj (.const:$P$T67$15)
                  0000edb4    00000004     main.obj (.const:$P$T68$16)
                  0000edb8    00000004     main.obj (.const:$P$T69$17)
                  0000edbc    00000004     main.obj (.const:$P$T70$18)
                  0000edc0    00000004     main.obj (.const:$P$T71$19)
                  0000edc4    00000004     main.obj (.const:$P$T72$20)
                  0000edc8    00000004     main.obj (.const:$P$T73$21)
                  0000edcc    00000004     main.obj (.const:$P$T74$22)
                  0000edd0    00000004     main.obj (.const:$P$T75$23)
                  0000edd4    00000004     main.obj (.const:$P$T76$24)
                  0000edd8    00000004     main.obj (.const:$P$T77$25)
                  0000eddc    00000004     main.obj (.const:$P$T78$26)
                  0000ede0    00000004     main.obj (.const:$P$T79$27)
                  0000ede4    00000004     main.obj (.const:$P$T80$28)
                  0000ede8    00000004     main.obj (.const:$P$T81$29)
                  0000edec    00000004     main.obj (.const:$P$T82$30)
                  0000edf0    00000004     main.obj (.const:$P$T83$31)
                  0000edf4    00000004     main.obj (.const:$P$T84$32)
                  0000edf8    00000004     main.obj (.const:$P$T85$33)
                  0000edfc    00000004     main.obj (.const:$P$T86$34)
                  0000ee00    00000004     main.obj (.const:$P$T87$35)
                  0000ee04    00000004     main.obj (.const:$P$T88$36)
                  0000ee08    00000004     main.obj (.const:$P$T89$37)
                  0000ee0c    00000004     main.obj (.const:$P$T90$38)
                  0000ee10    00000004     main.obj (.const:$P$T91$39)
                  0000ee14    00000004     main.obj (.const:$P$T92$40)
                  0000ee18    00000004     main.obj (.const:$P$T93$41)
                  0000ee1c    00000004     main.obj (.const:$P$T94$42)
                  0000ee20    00000004     main.obj (.const:$P$T95$43)
                  0000ee24    00000004     main.obj (.const:$P$T96$44)
                  0000ee28    00000004     main.obj (.const:$P$T97$45)
                  0000ee2c    00000004     main.obj (.const:$P$T98$46)
                  0000ee30    00000004     main.obj (.const:$P$T99$47)

.cinit     0    0000ee38    00000d60     
                  0000ee38    00000d25     (.cinit..data.load) [load image, compression = lzss]
                  0000fb5d    00000003     --HOLE-- [fill = 0]
                  0000fb60    0000000c     (__TI_handler_table)
                  0000fb6c    00000004     --HOLE-- [fill = 0]
                  0000fb70    00000008     (.cinit..bss.load) [load image, compression = zero_init]
                  0000fb78    00000008     (.cinit..vtable.load) [load image, compression = zero_init]
                  0000fb80    00000018     (__TI_cinit_table)

.init_array 
*          0    00000000    00000000     UNINITIALIZED

.vtable    0    20000000    0000026c     UNINITIALIZED
                  20000000    0000026c     interrupt.obj (.vtable)

.data      0    20024c60    00009014     UNINITIALIZED
                  20024c60    00002400     arrow_left.obj (.data:imgArrayArrowLButton)
                  20027060    00002400     arrow_right.obj (.data:imgArrayArrowRButton)
                  20029460    00002400     startButton.obj (.data:imgArrayStartButton)
                  2002b860    00002400     stopButton.obj (.data:imgArrayStopButton)
                  2002dc60    00000009     uartDMA.obj (.data:stepperMotorCommand$1)
                  2002dc69    00000001     --HOLE--
                  2002dc6a    00000006     main.obj (.data)
                  2002dc70    00000004     rtsv7M4_T_le_v4SPD16_eabi.lib : errno.c.obj (.data)

.bss       0    2002e000    00002586     UNINITIALIZED
                  2002e000    00000c00     (.common:arrowBlack)
                  2002ec00    00000c00     (.common:arrowColor)
                  2002f800    00000400     (.common:pui8ControlTable)
                  2002fc00    00000282     (.common:SensorData)
                  2002fe82    00000100     adc_functions.obj (.bss:CosResults)
                  2002ff82    00000100     adc_functions.obj (.bss:SinResults)
                  20030082    00000002     (.common:xpos)
                  20030084    000000e4     main.obj (.bss:settings)
                  20030168    00000080     adc_functions.obj (.bss:negCosResults$3)
                  200301e8    00000080     adc_functions.obj (.bss:negSinResults$1)
                  20030268    00000080     adc_functions.obj (.bss:posCosResults$4)
                  200302e8    00000080     adc_functions.obj (.bss:posSinResults$2)
                  20030368    00000080     (.common:CosOffset)
                  200303e8    00000080     (.common:SinOffset)
                  20030468    00000080     (.common:oldDiffCosResults)
                  200304e8    00000080     (.common:oldDiffSinResults)
                  20030568    00000008     uartDMA.obj (.bss:UART0receive)
                  20030570    00000008     adc.obj (.bss:g_pui8OversampleFactor)
                  20030578    00000008     main.obj (.bss)
                  20030580    00000004     (.common:set)
                  20030584    00000002     (.common:ypos)

.stack     0    20000270    000249f0     UNINITIALIZED
                  20000270    00000004     rtsv7M4_T_le_v4SPD16_eabi.lib : boot_cortex_m.c.obj (.stack)
                  20000274    000249ec     --HOLE--

__llvm_prf_cnts 
*          0    20000000    00000000     UNINITIALIZED

MODULE SUMMARY

       Module                          code    ro data   rw data
       ------                          ----    -------   -------
    ./
       tm4c1294ncpdt_startup_ccs.obj   12      520       0      
    +--+-------------------------------+-------+---------+---------+
       Total:                          12      520       0      
                                                                
    ./Image_Src/
       arrow_left.obj                  0       0         9216   
       arrow_right.obj                 0       0         9216   
       startButton.obj                 0       0         9216   
       stopButton.obj                  0       0         9216   
    +--+-------------------------------+-------+---------+---------+
       Total:                          0       0         36864  
                                                                
    ./main/
       main.obj                        2200    204       246    
    +--+-------------------------------+-------+---------+---------+
       Total:                          2200    204       246    
                                                                
    ./src/
       lcd_functions.obj               11696   8192      6404   
       adc_functions.obj               2468    0         1922   
       uartDMA.obj                     980     9         1041   
       touch.obj                       1112    0         0      
       debug_functions.obj             192     0         0      
       timer_functions.obj             140     0         0      
       EEPROM_functions.obj            56      0         0      
    +--+-------------------------------+-------+---------+---------+
       Total:                          16644   8201      9367   
                                                                
    ./tivaware/src/
       sysctl.obj                      3974    596       0      
       gpio.obj                        2964    552       0      
       adc.obj                         2114    0         8      
       interrupt.obj                   960     268       620    
       timer.obj                       1602    160       0      
       uart.obj                        1582    128       0      
       udma.obj                        1248    0         0      
       eeprom.obj                      1136    0         0      
       cpu.obj                         62      0         0      
    +--+-------------------------------+-------+---------+---------+
       Total:                          15642   1704      628    
                                                                
    /home/ole/CodeComposerStudio10/ccs/tools/compiler/ti-cgt-arm_20.2.0.LTS/lib/rtsv7M4_T_le_v4SPD16_eabi.lib
       _printfi.c.obj                  4851    0         0      
       k_rem_pio2.c.obj                1848    344       0      
       s_cos.c.obj                     1500    0         0      
       s_sin.c.obj                     1476    0         0      
       s_atan.c.obj                    748     152       0      
       e_atan2.c.obj                   472     0         0      
       fd_add_t2.asm.obj               438     0         0      
       k_sin.c.obj                     372     0         0      
       k_cos.c.obj                     364     0         0      
       e_sqrt.c.obj                    344     0         0      
       fd_div_t2.asm.obj               310     0         0      
       s_scalbn.c.obj                  272     0         0      
       fd_cmp_t2.asm.obj               268     0         0      
       ctype.c.obj                     0       257       0      
       fd_mul_t2.asm.obj               252     0         0      
       s_floor.c.obj                   248     0         0      
       memcpy_t2.asm.obj               156     0         0      
       ull_div_t2.asm.obj              150     0         0      
       memset_t2.asm.obj               122     0         0      
       copy_decompress_lzss.c.obj      104     0         0      
       s_frexp.c.obj                   100     0         0      
       sprintf.c.obj                   98      0         0      
       _ltoa.c.obj                     84      0         0      
       atoi.c.obj                      76      0         0      
       fd_toi_t2.asm.obj               72      0         0      
       autoinit.c.obj                  68      0         0      
       boot_cortex_m.c.obj             52      0         0      
       i_tofd_t2.asm.obj               46      0         0      
       u_tofd_t2.asm.obj               32      0         0      
       memccpy.c.obj                   28      0         0      
       s_copysign.c.obj                26      0         0      
       strchr.c.obj                    22      0         0      
       strlen.c.obj                    20      0         0      
       wcslen.c.obj                    18      0         0      
       copy_decompress_none.c.obj      14      0         0      
       copy_zero_init.c.obj            12      0         0      
       errno.c.obj                     8       0         4      
       exit.c.obj                      4       0         0      
       pre_init.c.obj                  4       0         0      
       div0.asm.obj                    2       0         0      
    +--+-------------------------------+-------+---------+---------+
       Total:                          15081   753       4      
                                                                
       Stack:                          0       0         150000 
       Linker Generated:               0       3417      0      
    +--+-------------------------------+-------+---------+---------+
       Grand Total:                    49579   14799     197109 


LINKER GENERATED COPY TABLES

__TI_cinit_table @ 0000fb80 records: 3, size/record: 8, table size: 24
	.data: load addr=0000ee38, load size=00000d25 bytes, run addr=20024c60, run size=00009014 bytes, compression=lzss
	.bss: load addr=0000fb70, load size=00000008 bytes, run addr=2002e000, run size=00002586 bytes, compression=zero_init
	.vtable: load addr=0000fb78, load size=00000008 bytes, run addr=20000000, run size=0000026c bytes, compression=zero_init


LINKER GENERATED HANDLER TABLE

__TI_handler_table @ 0000fb60 records: 3, size/record: 4, table size: 12
	index: 0, handler: __TI_zero_init
	index: 1, handler: __TI_decompress_lzss
	index: 2, handler: __TI_decompress_none


GLOBAL SYMBOLS: SORTED ALPHABETICALLY BY Name 

address   name                              
-------   ----                              
2002dc6a  A                                 
0000623d  ADC1InterruptHandler              
00006f11  ADCBusy                           
00006f59  ADCClockConfigGet                 
00006f2f  ADCClockConfigSet                 
00006d23  ADCComparatorConfigure            
00006e05  ADCComparatorIntClear             
00006daf  ADCComparatorIntDisable           
00006dcd  ADCComparatorIntEnable            
00006df1  ADCComparatorIntStatus            
00006d3f  ADCComparatorRegionSet            
00006d69  ADCComparatorReset                
00006cf1  ADCHardwareOversampleConfigure    
00006893  ADCIntClear                       
00006e79  ADCIntClearEx                     
000067f9  ADCIntDisable                     
00006e17  ADCIntDisableEx                   
00006815  ADCIntEnable                      
00006e2f  ADCIntEnableEx                    
000067b3  ADCIntRegister                    
0000683b  ADCIntStatus                      
00006e47  ADCIntStatusEx                    
000067db  ADCIntUnregister                  
00006ecb  ADCPhaseDelayGet                  
00006eb9  ADCPhaseDelaySet                  
00006b05  ADCProcessorTrigger               
00006ea7  ADCReferenceGet                   
00006e8b  ADCReferenceSet                   
000068dd  ADCSequenceConfigure              
00006ef5  ADCSequenceDMADisable             
00006ed9  ADCSequenceDMAEnable              
00006ac3  ADCSequenceDataGet                
000068c3  ADCSequenceDisable                
000068a9  ADCSequenceEnable                 
00006a67  ADCSequenceOverflow               
00006a7f  ADCSequenceOverflowClear          
00006979  ADCSequenceStepConfigure          
00006a95  ADCSequenceUnderflow              
00006aad  ADCSequenceUnderflowClear         
00006b29  ADCSoftwareOversampleConfigure    
00006c5d  ADCSoftwareOversampleDataGet      
00006b7b  ADCSoftwareOversampleStepConfigure
0000c3bb  C$$EXIT                           
0000c22b  CPUbasepriGet                     
0000c21d  CPUbasepriSet                     
0000c1f7  CPUcpsid                          
0000c20d  CPUcpsie                          
0000c203  CPUprimask                        
0000c219  CPUwfi                            
00009f3d  ConfigureUART0                    
00009fd1  ConfigureUART2                    
20030368  CosOffset                         
0000948d  EEPROMBlockCountGet               
00009749  EEPROMBlockHide                   
000096d5  EEPROMBlockLock                   
0000968d  EEPROMBlockPasswordSet            
0000964d  EEPROMBlockProtectGet             
00009661  EEPROMBlockProtectSet             
000096fd  EEPROMBlockUnlock                 
0000943d  EEPROMInit                        
000097d7  EEPROMIntClear                    
00009789  EEPROMIntDisable                  
00009765  EEPROMIntEnable                   
000097a7  EEPROMIntStatus                   
0000960f  EEPROMMassErase                   
000094f1  EEPROMProgram                     
000095cd  EEPROMProgramNonBlocking          
0000949b  EEPROMRead                        
00009481  EEPROMSizeGet                     
000097ff  EEPROMStatusGet                   
00004aa5  GPIOADCTriggerDisable             
00004a87  GPIOADCTriggerEnable              
00004a69  GPIODMATriggerDisable             
00004a4b  GPIODMATriggerEnable              
00003ff3  GPIODirModeGet                    
00003f97  GPIODirModeSet                    
0000455b  GPIOIntClear                      
0000451f  GPIOIntDisable                    
00004505  GPIOIntEnable                     
0000456f  GPIOIntRegister                   
000045a7  GPIOIntRegisterPin                
00004539  GPIOIntStatus                     
000040e3  GPIOIntTypeGet                    
0000403f  GPIOIntTypeSet                    
0000458d  GPIOIntUnregister                 
000045d5  GPIOIntUnregisterPin              
000043b3  GPIOPadConfigGet                  
00004179  GPIOPadConfigSet                  
000049ed  GPIOPinConfigure                  
000045f9  GPIOPinRead                       
00004631  GPIOPinTypeADC                    
00004655  GPIOPinTypeCAN                    
00004679  GPIOPinTypeComparator             
0000469d  GPIOPinTypeComparatorOutput       
000046c1  GPIOPinTypeDIVSCLK                
000046e5  GPIOPinTypeEPI                    
00004709  GPIOPinTypeEthernetLED            
0000472d  GPIOPinTypeEthernetMII            
00004751  GPIOPinTypeGPIOInput              
00004775  GPIOPinTypeGPIOOutput             
00004799  GPIOPinTypeGPIOOutputOD           
000047bd  GPIOPinTypeHibernateRTCCLK        
000047e1  GPIOPinTypeI2C                    
00004805  GPIOPinTypeI2CSCL                 
00004829  GPIOPinTypeLCD                    
0000484d  GPIOPinTypeOneWire                
00004871  GPIOPinTypePWM                    
00004895  GPIOPinTypeQEI                    
000048b9  GPIOPinTypeSSI                    
000048dd  GPIOPinTypeTimer                  
00004901  GPIOPinTypeTrace                  
00004925  GPIOPinTypeUART                   
00004949  GPIOPinTypeUSBAnalog              
0000496d  GPIOPinTypeUSBDigital             
00004991  GPIOPinTypeWakeHigh               
000049b7  GPIOPinTypeWakeLow                
000049dd  GPIOPinWakeStatus                 
00004611  GPIOPinWrite                      
0000a225  IntDisable                        
0000a1b3  IntEnable                         
0000a297  IntIsEnabled                      
0000a077  IntMasterDisable                  
0000a067  IntMasterEnable                   
0000a38d  IntPendClear                      
0000a31d  IntPendSet                        
0000a18f  IntPriorityGet                    
0000a107  IntPriorityGroupingGet            
0000a0ed  IntPriorityGroupingSet            
0000a3e7  IntPriorityMaskGet                
0000a3db  IntPriorityMaskSet                
0000a13f  IntPrioritySet                    
0000a087  IntRegister                       
0000a3ef  IntTrigger                        
0000a0d9  IntUnregister                     
0000c393  ResetISR                          
2002fc00  SensorData                        
200303e8  SinOffset                         
00003ef5  SysCtlAltClkConfig                
0000361d  SysCtlClockFreqSet                
00003ae5  SysCtlClockGet                    
00003ed9  SysCtlClockOutConfig              
00003915  SysCtlClockSet                    
00003521  SysCtlDeepSleep                   
00003ca9  SysCtlDeepSleepClockConfigSet     
00003c8b  SysCtlDeepSleepClockSet           
00003501  SysCtlDeepSleepPowerSet           
0000c3b1  SysCtlDelay                       
000030af  SysCtlFlashSectorSizeGet          
00003083  SysCtlFlashSizeGet                
00003d7f  SysCtlGPIOAHBDisable              
00003d63  SysCtlGPIOAHBEnable               
00003495  SysCtlIntClear                    
0000347d  SysCtlIntDisable                  
00003469  SysCtlIntEnable                   
00003441  SysCtlIntRegister                 
000034a5  SysCtlIntStatus                   
00003459  SysCtlIntUnregister               
000034e7  SysCtlLDODeepSleepGet             
000034d7  SysCtlLDODeepSleepSet             
000034d1  SysCtlLDOSleepGet                 
000034c1  SysCtlLDOSleepSet                 
00003557  SysCtlMOSCConfigSet               
00003ebd  SysCtlNMIClear                    
00003ea9  SysCtlNMIStatus                   
0000356d  SysCtlPIOSCCalibrate              
00003d4d  SysCtlPWMClockGet                 
00003d33  SysCtlPWMClockSet                 
000033ed  SysCtlPeripheralClockGating       
000033a5  SysCtlPeripheralDeepSleepDisable  
00003355  SysCtlPeripheralDeepSleepEnable   
00003291  SysCtlPeripheralDisable           
00003255  SysCtlPeripheralEnable            
00003191  SysCtlPeripheralPowerOff          
00003155  SysCtlPeripheralPowerOn           
000030d5  SysCtlPeripheralPresent           
00003115  SysCtlPeripheralReady             
000031cd  SysCtlPeripheralReset             
00003319  SysCtlPeripheralSleepDisable      
000032d5  SysCtlPeripheralSleepEnable       
00003511  SysCtlReset                       
000035cd  SysCtlResetBehaviorGet            
000035bd  SysCtlResetBehaviorSet            
00003543  SysCtlResetCauseClear             
0000353d  SysCtlResetCauseGet               
00003079  SysCtlSRAMSizeGet                 
00003519  SysCtlSleep                       
000034ed  SysCtlSleepPowerSet               
00003da7  SysCtlUSBPLLDisable               
00003d9b  SysCtlUSBPLLEnable                
00003ded  SysCtlVCOGet                      
00003dd5  SysCtlVoltageEventClear           
00003db9  SysCtlVoltageEventConfig          
00003dc9  SysCtlVoltageEventStatus          
000060e1  Timer0InterruptHandler            
00007c95  TimerADCEventGet                  
00007c83  TimerADCEventSet                  
000079b9  TimerClockSourceGet               
0000798f  TimerClockSourceSet               
00007783  TimerConfigure                    
000078a3  TimerControlEvent                 
000077ff  TimerControlLevel                 
000078cd  TimerControlStall                 
00007835  TimerControlTrigger               
00007903  TimerControlWaitOnTrigger         
00007cb5  TimerDMAEventGet                  
00007ca3  TimerDMAEventSet                  
00007765  TimerDisable                      
00007747  TimerEnable                       
00007c5f  TimerIntClear                     
00007c29  TimerIntDisable                   
00007c11  TimerIntEnable                    
00007bcb  TimerIntRegister                  
00007c41  TimerIntStatus                    
00007bf3  TimerIntUnregister                
00007a83  TimerLoadGet                      
00007ab9  TimerLoadGet64                    
00007a59  TimerLoadSet                      
00007a9f  TimerLoadSet64                    
00007b63  TimerMatchGet                     
00007b99  TimerMatchGet64                   
00007b39  TimerMatchSet                     
00007b7f  TimerMatchSet64                   
000079f3  TimerPrescaleGet                  
00007a3d  TimerPrescaleMatchGet             
00007a0f  TimerPrescaleMatchSet             
000079c9  TimerPrescaleSet                  
00007979  TimerRTCDisable                   
00007963  TimerRTCEnable                    
00007c71  TimerSynchronize                  
00007cc3  TimerUpdateMode                   
00007aeb  TimerValueGet                     
00007b07  TimerValueGet64                   
00005f1b  TouchInterruptHandler             
00009c91  UART0ClearInterrupt               
00006005  UART0InterruptHandler             
00009e35  UART2IntHandler                   
000082e9  UART9BitAddrSend                  
000082c3  UART9BitAddrSet                   
000082ad  UART9BitDisable                   
00008297  UART9BitEnable                    
0000813b  UARTBreakCtl                      
00008165  UARTBusy                          
000080e3  UARTCharGet                       
000080c7  UARTCharGetNonBlocking            
0000811d  UARTCharPut                       
000080f9  UARTCharPutNonBlocking            
0000808b  UARTCharsAvail                    
00008287  UARTClockSourceGet                
00008273  UARTClockSourceSet                
00007e5b  UARTConfigGetExpClk               
00007de5  UARTConfigSetExpClk               
00008239  UARTDMADisable                    
00008221  UARTDMAEnable                     
00007ecb  UARTDisable                       
00007f4f  UARTDisableSIR                    
00007ea7  UARTEnable                        
00007f21  UARTEnableSIR                     
00007f0b  UARTFIFODisable                   
00007ef5  UARTFIFOEnable                    
00007dbd  UARTFIFOLevelGet                  
00007da5  UARTFIFOLevelSet                  
0000804b  UARTFlowControlGet                
0000802f  UARTFlowControlSet                
00009c9f  UARTGetIntStatus                  
0000820f  UARTIntClear                      
000081d9  UARTIntDisable                    
000081c1  UARTIntEnable                     
00008183  UARTIntRegister                   
000081f1  UARTIntStatus                     
000081a1  UARTIntUnregister                 
00008331  UARTLoopbackEnable                
00007fe5  UARTModemControlClear             
00008009  UARTModemControlGet               
00007fad  UARTModemControlSet               
0000801b  UARTModemStatusGet                
00007d93  UARTParityModeGet                 
00007d77  UARTParityModeSet                 
00008263  UARTRxErrorClear                  
00008251  UARTRxErrorGet                    
00007f97  UARTSmartCardDisable              
00007f65  UARTSmartCardEnable               
000080a9  UARTSpaceAvail                    
00008079  UARTTxIntModeGet                  
0000805d  UARTTxIntModeSet                  
20024c60  __STACK_END                       
000249f0  __STACK_SIZE                      
20000470  __STACK_TOP                       
0000fb80  __TI_CINIT_Base                   
0000fb98  __TI_CINIT_Limit                  
0000fb60  __TI_Handler_Table_Base           
0000fb6c  __TI_Handler_Table_Limit          
0000c135  __TI_auto_init_nobinit_nopinit    
0000bed9  __TI_decompress_lzss              
0000c379  __TI_decompress_none              
0000bffb  __TI_ltoa                         
ffffffff  __TI_pprof_out_hndl               
00004acd  __TI_printfi                      
ffffffff  __TI_prof_data_size               
ffffffff  __TI_prof_data_start              
00000000  __TI_static_base__                
0000c387  __TI_zero_init                    
0000bce5  __aeabi_cdcmpeq                   
0000bce5  __aeabi_cdcmple                   
0000bd6b  __aeabi_cdrcmple                  
0000c0ed  __aeabi_d2iz                      
0000ad33  __aeabi_dadd                      
0000b455  __aeabi_ddiv                      
0000b7c1  __aeabi_dmul                      
0000ad29  __aeabi_dsub                      
0000c3a9  __aeabi_errno_addr                
0000c2a1  __aeabi_i2d                       
0000551b  __aeabi_idiv0                     
0000551b  __aeabi_ldiv0                     
0000bdf1  __aeabi_memclr                    
0000bdf1  __aeabi_memclr4                   
0000bdf1  __aeabi_memclr8                   
0000bb27  __aeabi_memcpy                    
0000bb27  __aeabi_memcpy4                   
0000bb27  __aeabi_memcpy8                   
0000bdf3  __aeabi_memset                    
0000bdf3  __aeabi_memset4                   
0000bdf3  __aeabi_memset8                   
0000c2cf  __aeabi_ui2d                      
0000bbc3  __aeabi_uldivmod                  
ffffffff  __binit__                         
ffffffff  __c_args__                        
0000b055  __kernel_cos                      
00006f9d  __kernel_rem_pio2                 
0000aee1  __kernel_sin                      
UNDEFED   __mpu_init                        
20000270  __stack                           
20000000  __start___llvm_prf_cnts           
20000000  __stop___llvm_prf_cnts            
0000c26d  _c_int00_noargs                   
0000e6c8  _ctypes_                          
UNDEFED   _system_post_cinit                
0000c3b7  _system_pre_init                  
2002dc6c  a                                 
0000c3bb  abort                             
00005539  adcIntClear                       
2002e000  arrowBlack                        
2002ec00  arrowColor                        
0000a425  atan                              
0000a981  atan2                             
0000a981  atan2l                            
0000a425  atanl                             
0000c0a1  atoi                              
ffffffff  binit                             
00005849  computeArrows                     
00005d29  configureADC                      
0000ba4b  configureDebugGPIO                
0000c259  configureEEPROM                   
00000209  configureLCD                      
00002b39  configureLCD5Inch                 
00002d41  configureLCDHardware              
0000bc8d  configureTimer0                   
00009839  configureTouch                    
00009ed3  configureUartUDMA                 
0000c30b  copysign                          
0000c30b  copysignl                         
00008349  cos                               
00008349  cosl                              
00000453  drawArrowLengthMenu               
00000a19  drawDisplay7Inch                  
00000265  drawDisplayLayout                 
00000e45  drawLine                          
00000d9d  drawRectangle                     
0000086d  drawString                        
2002dc70  errno                             
0000b8bd  floor                             
0000b8bd  floorl                            
0000bf41  frexp                             
0000bf41  frexpl                            
20000000  g_pfnRAMVectors                   
00000000  g_pfnVectors                      
00002949  generateColors                    
00009caf  getMaxArrowLengthUART             
00009cab  getUART0RxData                    
20024c60  imgArrayArrowLButton              
20027060  imgArrayArrowRButton              
20029460  imgArrayStartButton               
2002b860  imgArrayStopButton                
000062b1  initROM                           
0000b6b1  ldexp                             
0000b6b1  ldexpl                            
0000c235  loadSettingsFromEEPROM            
00005ec1  main                              
0000c2ef  memccpy                           
0000bb27  memcpy                            
0000bdf9  memset                            
0000b9ff  offLED                            
0000ba31  offOszi                           
20030468  oldDiffCosResults                 
200304e8  oldDiffSinResults                 
0000b9e7  onLED                             
0000ba17  onOszi                            
00009ccf  prepareNextReceiveDMA             
2002f800  pui8ControlTable                  
00009e57  receiveDataFromMotor              
0000c247  saveSettingsToEEPROM              
0000b6b1  scalbn                            
0000b6b1  scalbnl                           
00009d8b  sendCommandToMotor                
00009d07  sendRawCommandToMotor             
00009ce9  sendUARTDMA                       
20030580  set                               
0000557b  setADCHardwareAveraging           
00000237  setLCDLayout                      
00005545  setMultiplexer                    
00008925  sin                               
00008925  sinl                              
0000c179  sprintf                           
0000b1c1  sqrt                              
0000b1c1  sqrtl                             
0000551d  startADConversion                 
000055bd  storeArraySensorData              
0000c33d  strchr                            
0000c353  strlen                            
0000bc81  timer0IntClear                    
0000bc59  timerInterruptDisable             
0000bc6d  timerInterruptEnable              
0000b9b5  toggleLED                         
0000b9cd  toggleOszi                        
0000987d  touchGetArrowLength               
00009a05  touchGetMenuItem                  
00009b91  touchRead                         
00009341  uDMAChannelAssign                 
00008fe7  uDMAChannelAttributeDisable       
00008f93  uDMAChannelAttributeEnable        
0000903b  uDMAChannelAttributeGet           
000090ab  uDMAChannelControlSet             
00008f1f  uDMAChannelDisable                
00008f07  uDMAChannelEnable                 
00008f37  uDMAChannelIsEnabled              
000092b9  uDMAChannelModeGet                
00008f7b  uDMAChannelRequest                
000091e5  uDMAChannelScatterGatherSet       
0000939d  uDMAChannelSelectDefault          
00009389  uDMAChannelSelectSecondary        
00009271  uDMAChannelSizeGet                
000090ed  uDMAChannelTransferSet            
00008f75  uDMAControlAlternateBaseGet       
00008f6f  uDMAControlBaseGet                
00008f5f  uDMAControlBaseSet                
00008ef1  uDMADisable                       
00008ee9  uDMAEnable                        
00008eff  uDMAErrorStatusClear              
00008ef9  uDMAErrorStatusGet                
0000932d  uDMAIntClear                      
000092ff  uDMAIntRegister                   
00009327  uDMAIntStatus                     
00009315  uDMAIntUnregister                 
0000c367  wcslen                            
00000609  writeButton                       
00002a63  writeCmdData                      
00002a43  writeCommand                      
00002a83  writeData                         
0000074b  writeInfo                         
0000218d  writeLine0Degree                  
00002235  writeLine180Degree                
00002289  writeLine270Degree                
000021e1  writeLine90Degree                 
000022e5  writeLineQuadrant1_I              
000023bd  writeLineQuadrant1_II             
00002483  writeLineQuadrant2_I              
00002549  writeLineQuadrant2_II             
00002621  writeLineQuadrant3_I              
000026e7  writeLineQuadrant3_II             
000027ad  writeLineQuadrant4_I              
00002873  writeLineQuadrant4_II             
00000827  writeMaxAnalogValue               
00002ac9  writePosition                     
20030082  xpos                              
20030584  ypos                              


GLOBAL SYMBOLS: SORTED BY Symbol Address 

address   name                              
-------   ----                              
00000000  __TI_static_base__                
00000000  g_pfnVectors                      
00000209  configureLCD                      
00000237  setLCDLayout                      
00000265  drawDisplayLayout                 
00000453  drawArrowLengthMenu               
00000609  writeButton                       
0000074b  writeInfo                         
00000827  writeMaxAnalogValue               
0000086d  drawString                        
00000a19  drawDisplay7Inch                  
00000d9d  drawRectangle                     
00000e45  drawLine                          
0000218d  writeLine0Degree                  
000021e1  writeLine90Degree                 
00002235  writeLine180Degree                
00002289  writeLine270Degree                
000022e5  writeLineQuadrant1_I              
000023bd  writeLineQuadrant1_II             
00002483  writeLineQuadrant2_I              
00002549  writeLineQuadrant2_II             
00002621  writeLineQuadrant3_I              
000026e7  writeLineQuadrant3_II             
000027ad  writeLineQuadrant4_I              
00002873  writeLineQuadrant4_II             
00002949  generateColors                    
00002a43  writeCommand                      
00002a63  writeCmdData                      
00002a83  writeData                         
00002ac9  writePosition                     
00002b39  configureLCD5Inch                 
00002d41  configureLCDHardware              
00003079  SysCtlSRAMSizeGet                 
00003083  SysCtlFlashSizeGet                
000030af  SysCtlFlashSectorSizeGet          
000030d5  SysCtlPeripheralPresent           
00003115  SysCtlPeripheralReady             
00003155  SysCtlPeripheralPowerOn           
00003191  SysCtlPeripheralPowerOff          
000031cd  SysCtlPeripheralReset             
00003255  SysCtlPeripheralEnable            
00003291  SysCtlPeripheralDisable           
000032d5  SysCtlPeripheralSleepEnable       
00003319  SysCtlPeripheralSleepDisable      
00003355  SysCtlPeripheralDeepSleepEnable   
000033a5  SysCtlPeripheralDeepSleepDisable  
000033ed  SysCtlPeripheralClockGating       
00003441  SysCtlIntRegister                 
00003459  SysCtlIntUnregister               
00003469  SysCtlIntEnable                   
0000347d  SysCtlIntDisable                  
00003495  SysCtlIntClear                    
000034a5  SysCtlIntStatus                   
000034c1  SysCtlLDOSleepSet                 
000034d1  SysCtlLDOSleepGet                 
000034d7  SysCtlLDODeepSleepSet             
000034e7  SysCtlLDODeepSleepGet             
000034ed  SysCtlSleepPowerSet               
00003501  SysCtlDeepSleepPowerSet           
00003511  SysCtlReset                       
00003519  SysCtlSleep                       
00003521  SysCtlDeepSleep                   
0000353d  SysCtlResetCauseGet               
00003543  SysCtlResetCauseClear             
00003557  SysCtlMOSCConfigSet               
0000356d  SysCtlPIOSCCalibrate              
000035bd  SysCtlResetBehaviorSet            
000035cd  SysCtlResetBehaviorGet            
0000361d  SysCtlClockFreqSet                
00003915  SysCtlClockSet                    
00003ae5  SysCtlClockGet                    
00003c8b  SysCtlDeepSleepClockSet           
00003ca9  SysCtlDeepSleepClockConfigSet     
00003d33  SysCtlPWMClockSet                 
00003d4d  SysCtlPWMClockGet                 
00003d63  SysCtlGPIOAHBEnable               
00003d7f  SysCtlGPIOAHBDisable              
00003d9b  SysCtlUSBPLLEnable                
00003da7  SysCtlUSBPLLDisable               
00003db9  SysCtlVoltageEventConfig          
00003dc9  SysCtlVoltageEventStatus          
00003dd5  SysCtlVoltageEventClear           
00003ded  SysCtlVCOGet                      
00003ea9  SysCtlNMIStatus                   
00003ebd  SysCtlNMIClear                    
00003ed9  SysCtlClockOutConfig              
00003ef5  SysCtlAltClkConfig                
00003f97  GPIODirModeSet                    
00003ff3  GPIODirModeGet                    
0000403f  GPIOIntTypeSet                    
000040e3  GPIOIntTypeGet                    
00004179  GPIOPadConfigSet                  
000043b3  GPIOPadConfigGet                  
00004505  GPIOIntEnable                     
0000451f  GPIOIntDisable                    
00004539  GPIOIntStatus                     
0000455b  GPIOIntClear                      
0000456f  GPIOIntRegister                   
0000458d  GPIOIntUnregister                 
000045a7  GPIOIntRegisterPin                
000045d5  GPIOIntUnregisterPin              
000045f9  GPIOPinRead                       
00004611  GPIOPinWrite                      
00004631  GPIOPinTypeADC                    
00004655  GPIOPinTypeCAN                    
00004679  GPIOPinTypeComparator             
0000469d  GPIOPinTypeComparatorOutput       
000046c1  GPIOPinTypeDIVSCLK                
000046e5  GPIOPinTypeEPI                    
00004709  GPIOPinTypeEthernetLED            
0000472d  GPIOPinTypeEthernetMII            
00004751  GPIOPinTypeGPIOInput              
00004775  GPIOPinTypeGPIOOutput             
00004799  GPIOPinTypeGPIOOutputOD           
000047bd  GPIOPinTypeHibernateRTCCLK        
000047e1  GPIOPinTypeI2C                    
00004805  GPIOPinTypeI2CSCL                 
00004829  GPIOPinTypeLCD                    
0000484d  GPIOPinTypeOneWire                
00004871  GPIOPinTypePWM                    
00004895  GPIOPinTypeQEI                    
000048b9  GPIOPinTypeSSI                    
000048dd  GPIOPinTypeTimer                  
00004901  GPIOPinTypeTrace                  
00004925  GPIOPinTypeUART                   
00004949  GPIOPinTypeUSBAnalog              
0000496d  GPIOPinTypeUSBDigital             
00004991  GPIOPinTypeWakeHigh               
000049b7  GPIOPinTypeWakeLow                
000049dd  GPIOPinWakeStatus                 
000049ed  GPIOPinConfigure                  
00004a4b  GPIODMATriggerEnable              
00004a69  GPIODMATriggerDisable             
00004a87  GPIOADCTriggerEnable              
00004aa5  GPIOADCTriggerDisable             
00004acd  __TI_printfi                      
0000551b  __aeabi_idiv0                     
0000551b  __aeabi_ldiv0                     
0000551d  startADConversion                 
00005539  adcIntClear                       
00005545  setMultiplexer                    
0000557b  setADCHardwareAveraging           
000055bd  storeArraySensorData              
00005849  computeArrows                     
00005d29  configureADC                      
00005ec1  main                              
00005f1b  TouchInterruptHandler             
00006005  UART0InterruptHandler             
000060e1  Timer0InterruptHandler            
0000623d  ADC1InterruptHandler              
000062b1  initROM                           
000067b3  ADCIntRegister                    
000067db  ADCIntUnregister                  
000067f9  ADCIntDisable                     
00006815  ADCIntEnable                      
0000683b  ADCIntStatus                      
00006893  ADCIntClear                       
000068a9  ADCSequenceEnable                 
000068c3  ADCSequenceDisable                
000068dd  ADCSequenceConfigure              
00006979  ADCSequenceStepConfigure          
00006a67  ADCSequenceOverflow               
00006a7f  ADCSequenceOverflowClear          
00006a95  ADCSequenceUnderflow              
00006aad  ADCSequenceUnderflowClear         
00006ac3  ADCSequenceDataGet                
00006b05  ADCProcessorTrigger               
00006b29  ADCSoftwareOversampleConfigure    
00006b7b  ADCSoftwareOversampleStepConfigure
00006c5d  ADCSoftwareOversampleDataGet      
00006cf1  ADCHardwareOversampleConfigure    
00006d23  ADCComparatorConfigure            
00006d3f  ADCComparatorRegionSet            
00006d69  ADCComparatorReset                
00006daf  ADCComparatorIntDisable           
00006dcd  ADCComparatorIntEnable            
00006df1  ADCComparatorIntStatus            
00006e05  ADCComparatorIntClear             
00006e17  ADCIntDisableEx                   
00006e2f  ADCIntEnableEx                    
00006e47  ADCIntStatusEx                    
00006e79  ADCIntClearEx                     
00006e8b  ADCReferenceSet                   
00006ea7  ADCReferenceGet                   
00006eb9  ADCPhaseDelaySet                  
00006ecb  ADCPhaseDelayGet                  
00006ed9  ADCSequenceDMAEnable              
00006ef5  ADCSequenceDMADisable             
00006f11  ADCBusy                           
00006f2f  ADCClockConfigSet                 
00006f59  ADCClockConfigGet                 
00006f9d  __kernel_rem_pio2                 
00007747  TimerEnable                       
00007765  TimerDisable                      
00007783  TimerConfigure                    
000077ff  TimerControlLevel                 
00007835  TimerControlTrigger               
000078a3  TimerControlEvent                 
000078cd  TimerControlStall                 
00007903  TimerControlWaitOnTrigger         
00007963  TimerRTCEnable                    
00007979  TimerRTCDisable                   
0000798f  TimerClockSourceSet               
000079b9  TimerClockSourceGet               
000079c9  TimerPrescaleSet                  
000079f3  TimerPrescaleGet                  
00007a0f  TimerPrescaleMatchSet             
00007a3d  TimerPrescaleMatchGet             
00007a59  TimerLoadSet                      
00007a83  TimerLoadGet                      
00007a9f  TimerLoadSet64                    
00007ab9  TimerLoadGet64                    
00007aeb  TimerValueGet                     
00007b07  TimerValueGet64                   
00007b39  TimerMatchSet                     
00007b63  TimerMatchGet                     
00007b7f  TimerMatchSet64                   
00007b99  TimerMatchGet64                   
00007bcb  TimerIntRegister                  
00007bf3  TimerIntUnregister                
00007c11  TimerIntEnable                    
00007c29  TimerIntDisable                   
00007c41  TimerIntStatus                    
00007c5f  TimerIntClear                     
00007c71  TimerSynchronize                  
00007c83  TimerADCEventSet                  
00007c95  TimerADCEventGet                  
00007ca3  TimerDMAEventSet                  
00007cb5  TimerDMAEventGet                  
00007cc3  TimerUpdateMode                   
00007d77  UARTParityModeSet                 
00007d93  UARTParityModeGet                 
00007da5  UARTFIFOLevelSet                  
00007dbd  UARTFIFOLevelGet                  
00007de5  UARTConfigSetExpClk               
00007e5b  UARTConfigGetExpClk               
00007ea7  UARTEnable                        
00007ecb  UARTDisable                       
00007ef5  UARTFIFOEnable                    
00007f0b  UARTFIFODisable                   
00007f21  UARTEnableSIR                     
00007f4f  UARTDisableSIR                    
00007f65  UARTSmartCardEnable               
00007f97  UARTSmartCardDisable              
00007fad  UARTModemControlSet               
00007fe5  UARTModemControlClear             
00008009  UARTModemControlGet               
0000801b  UARTModemStatusGet                
0000802f  UARTFlowControlSet                
0000804b  UARTFlowControlGet                
0000805d  UARTTxIntModeSet                  
00008079  UARTTxIntModeGet                  
0000808b  UARTCharsAvail                    
000080a9  UARTSpaceAvail                    
000080c7  UARTCharGetNonBlocking            
000080e3  UARTCharGet                       
000080f9  UARTCharPutNonBlocking            
0000811d  UARTCharPut                       
0000813b  UARTBreakCtl                      
00008165  UARTBusy                          
00008183  UARTIntRegister                   
000081a1  UARTIntUnregister                 
000081c1  UARTIntEnable                     
000081d9  UARTIntDisable                    
000081f1  UARTIntStatus                     
0000820f  UARTIntClear                      
00008221  UARTDMAEnable                     
00008239  UARTDMADisable                    
00008251  UARTRxErrorGet                    
00008263  UARTRxErrorClear                  
00008273  UARTClockSourceSet                
00008287  UARTClockSourceGet                
00008297  UART9BitEnable                    
000082ad  UART9BitDisable                   
000082c3  UART9BitAddrSet                   
000082e9  UART9BitAddrSend                  
00008331  UARTLoopbackEnable                
00008349  cos                               
00008349  cosl                              
00008925  sin                               
00008925  sinl                              
00008ee9  uDMAEnable                        
00008ef1  uDMADisable                       
00008ef9  uDMAErrorStatusGet                
00008eff  uDMAErrorStatusClear              
00008f07  uDMAChannelEnable                 
00008f1f  uDMAChannelDisable                
00008f37  uDMAChannelIsEnabled              
00008f5f  uDMAControlBaseSet                
00008f6f  uDMAControlBaseGet                
00008f75  uDMAControlAlternateBaseGet       
00008f7b  uDMAChannelRequest                
00008f93  uDMAChannelAttributeEnable        
00008fe7  uDMAChannelAttributeDisable       
0000903b  uDMAChannelAttributeGet           
000090ab  uDMAChannelControlSet             
000090ed  uDMAChannelTransferSet            
000091e5  uDMAChannelScatterGatherSet       
00009271  uDMAChannelSizeGet                
000092b9  uDMAChannelModeGet                
000092ff  uDMAIntRegister                   
00009315  uDMAIntUnregister                 
00009327  uDMAIntStatus                     
0000932d  uDMAIntClear                      
00009341  uDMAChannelAssign                 
00009389  uDMAChannelSelectSecondary        
0000939d  uDMAChannelSelectDefault          
0000943d  EEPROMInit                        
00009481  EEPROMSizeGet                     
0000948d  EEPROMBlockCountGet               
0000949b  EEPROMRead                        
000094f1  EEPROMProgram                     
000095cd  EEPROMProgramNonBlocking          
0000960f  EEPROMMassErase                   
0000964d  EEPROMBlockProtectGet             
00009661  EEPROMBlockProtectSet             
0000968d  EEPROMBlockPasswordSet            
000096d5  EEPROMBlockLock                   
000096fd  EEPROMBlockUnlock                 
00009749  EEPROMBlockHide                   
00009765  EEPROMIntEnable                   
00009789  EEPROMIntDisable                  
000097a7  EEPROMIntStatus                   
000097d7  EEPROMIntClear                    
000097ff  EEPROMStatusGet                   
00009839  configureTouch                    
0000987d  touchGetArrowLength               
00009a05  touchGetMenuItem                  
00009b91  touchRead                         
00009c91  UART0ClearInterrupt               
00009c9f  UARTGetIntStatus                  
00009cab  getUART0RxData                    
00009caf  getMaxArrowLengthUART             
00009ccf  prepareNextReceiveDMA             
00009ce9  sendUARTDMA                       
00009d07  sendRawCommandToMotor             
00009d8b  sendCommandToMotor                
00009e35  UART2IntHandler                   
00009e57  receiveDataFromMotor              
00009ed3  configureUartUDMA                 
00009f3d  ConfigureUART0                    
00009fd1  ConfigureUART2                    
0000a067  IntMasterEnable                   
0000a077  IntMasterDisable                  
0000a087  IntRegister                       
0000a0d9  IntUnregister                     
0000a0ed  IntPriorityGroupingSet            
0000a107  IntPriorityGroupingGet            
0000a13f  IntPrioritySet                    
0000a18f  IntPriorityGet                    
0000a1b3  IntEnable                         
0000a225  IntDisable                        
0000a297  IntIsEnabled                      
0000a31d  IntPendSet                        
0000a38d  IntPendClear                      
0000a3db  IntPriorityMaskSet                
0000a3e7  IntPriorityMaskGet                
0000a3ef  IntTrigger                        
0000a425  atan                              
0000a425  atanl                             
0000a981  atan2                             
0000a981  atan2l                            
0000ad29  __aeabi_dsub                      
0000ad33  __aeabi_dadd                      
0000aee1  __kernel_sin                      
0000b055  __kernel_cos                      
0000b1c1  sqrt                              
0000b1c1  sqrtl                             
0000b455  __aeabi_ddiv                      
0000b6b1  ldexp                             
0000b6b1  ldexpl                            
0000b6b1  scalbn                            
0000b6b1  scalbnl                           
0000b7c1  __aeabi_dmul                      
0000b8bd  floor                             
0000b8bd  floorl                            
0000b9b5  toggleLED                         
0000b9cd  toggleOszi                        
0000b9e7  onLED                             
0000b9ff  offLED                            
0000ba17  onOszi                            
0000ba31  offOszi                           
0000ba4b  configureDebugGPIO                
0000bb27  __aeabi_memcpy                    
0000bb27  __aeabi_memcpy4                   
0000bb27  __aeabi_memcpy8                   
0000bb27  memcpy                            
0000bbc3  __aeabi_uldivmod                  
0000bc59  timerInterruptDisable             
0000bc6d  timerInterruptEnable              
0000bc81  timer0IntClear                    
0000bc8d  configureTimer0                   
0000bce5  __aeabi_cdcmpeq                   
0000bce5  __aeabi_cdcmple                   
0000bd6b  __aeabi_cdrcmple                  
0000bdf1  __aeabi_memclr                    
0000bdf1  __aeabi_memclr4                   
0000bdf1  __aeabi_memclr8                   
0000bdf3  __aeabi_memset                    
0000bdf3  __aeabi_memset4                   
0000bdf3  __aeabi_memset8                   
0000bdf9  memset                            
0000bed9  __TI_decompress_lzss              
0000bf41  frexp                             
0000bf41  frexpl                            
0000bffb  __TI_ltoa                         
0000c0a1  atoi                              
0000c0ed  __aeabi_d2iz                      
0000c135  __TI_auto_init_nobinit_nopinit    
0000c179  sprintf                           
0000c1f7  CPUcpsid                          
0000c203  CPUprimask                        
0000c20d  CPUcpsie                          
0000c219  CPUwfi                            
0000c21d  CPUbasepriSet                     
0000c22b  CPUbasepriGet                     
0000c235  loadSettingsFromEEPROM            
0000c247  saveSettingsToEEPROM              
0000c259  configureEEPROM                   
0000c26d  _c_int00_noargs                   
0000c2a1  __aeabi_i2d                       
0000c2cf  __aeabi_ui2d                      
0000c2ef  memccpy                           
0000c30b  copysign                          
0000c30b  copysignl                         
0000c33d  strchr                            
0000c353  strlen                            
0000c367  wcslen                            
0000c379  __TI_decompress_none              
0000c387  __TI_zero_init                    
0000c393  ResetISR                          
0000c3a9  __aeabi_errno_addr                
0000c3b1  SysCtlDelay                       
0000c3b7  _system_pre_init                  
0000c3bb  C$$EXIT                           
0000c3bb  abort                             
0000e6c8  _ctypes_                          
0000fb60  __TI_Handler_Table_Base           
0000fb6c  __TI_Handler_Table_Limit          
0000fb80  __TI_CINIT_Base                   
0000fb98  __TI_CINIT_Limit                  
000249f0  __STACK_SIZE                      
20000000  __start___llvm_prf_cnts           
20000000  __stop___llvm_prf_cnts            
20000000  g_pfnRAMVectors                   
20000270  __stack                           
20000470  __STACK_TOP                       
20024c60  __STACK_END                       
20024c60  imgArrayArrowLButton              
20027060  imgArrayArrowRButton              
20029460  imgArrayStartButton               
2002b860  imgArrayStopButton                
2002dc6a  A                                 
2002dc6c  a                                 
2002dc70  errno                             
2002e000  arrowBlack                        
2002ec00  arrowColor                        
2002f800  pui8ControlTable                  
2002fc00  SensorData                        
20030082  xpos                              
20030368  CosOffset                         
200303e8  SinOffset                         
20030468  oldDiffCosResults                 
200304e8  oldDiffSinResults                 
20030580  set                               
20030584  ypos                              
ffffffff  __TI_pprof_out_hndl               
ffffffff  __TI_prof_data_size               
ffffffff  __TI_prof_data_start              
ffffffff  __binit__                         
ffffffff  __c_args__                        
ffffffff  binit                             
UNDEFED   __mpu_init                        
UNDEFED   _system_post_cinit                

[474 symbols]
