******************************************************************************
                  TI ARM Linker Unix v20.2.0                   
******************************************************************************
>> Linked Fri Jul 24 23:08:14 2020

OUTPUT FILE NAME:   <BP_TMR_sensor_array.out>
ENTRY POINT SYMBOL: "_c_int00_noargs"  address: 000080c5


MEMORY CONFIGURATION

         name            origin    length      used     unused   attr    fill
----------------------  --------  ---------  --------  --------  ----  --------
  FLASH                 00000000   00100000  0000acf2  000f530e  R  X
  SRAM                  20000000   00040000  0000694f  000396b1  RW X


SEGMENT ALLOCATION MAP

run origin  load origin   length   init length attrs members
----------  ----------- ---------- ----------- ----- -------
00000000    00000000    0000acf8   0000acf8    r-x
  00000000    00000000    00000208   00000208    r-- .intvecs
  00000208    00000208    000082be   000082be    r-x .text
  000084c8    000084c8    000027ec   000027ec    r-- .const
  0000acb8    0000acb8    00000040   00000040    r-- .cinit
20000000    20000000    000050a3   00000000    rw-
  20000000    20000000    0000026c   00000000    rw- .vtable
  20000270    20000270    00004e20   00000000    rw- .stack
  20005090    20005090    00000013   00000000    rw- .data
20005400    20005400    000018b0   00000000    rw-
  20005400    20005400    000018b0   00000000    rw- .bss


SECTION ALLOCATION MAP

 output                                  attributes/
section   page    origin      length       input sections
--------  ----  ----------  ----------   ----------------
.intvecs   0    00000000    00000208     
                  00000000    00000208     tm4c1294ncpdt_startup_ccs.obj (.intvecs)

.text      0    00000208    000082be     
                  00000208    00002b0c     lcd_functions.obj (.text)
                  00002d14    00000a4e     rtsv7M4_T_le_v4SPD16_eabi.lib : _printfi.c.obj (.text:__TI_printfi)
                  00003762    00000002                                   : div0.asm.obj (.text)
                  00003764    000009c4     adc_functions.obj (.text)
                  00004128    00000738     rtsv7M4_T_le_v4SPD16_eabi.lib : k_rem_pio2.c.obj (.text:__kernel_rem_pio2)
                  00004860    000005dc                                   : s_cos.c.obj (.text:cos)
                  00004e3c    000005c4                                   : s_sin.c.obj (.text:sin)
                  00005400    0000034c     uartDMA.obj (.text)
                  0000574c    000002ec     rtsv7M4_T_le_v4SPD16_eabi.lib : s_atan.c.obj (.text:atan)
                  00005a38    00000270                                   : _printfi.c.obj (.text:_pconv_a)
                  00005ca8    00000230     EEPROM_functions.obj (.text)
                  00005ed8    00000200     driverlib.lib : sysctl.obj (.text:SysCtlClockFreqSet)
                  000060d8    000001d8     rtsv7M4_T_le_v4SPD16_eabi.lib : e_atan2.c.obj (.text:atan2)
                  000062b0    000001d0                                   : _printfi.c.obj (.text:_pconv_g)
                  00006480    000001b6                                   : fd_add_t2.asm.obj (.text)
                  00006636    00000002     --HOLE-- [fill = 0]
                  00006638    00000178     main.obj (.text)
                  000067b0    00000174     rtsv7M4_T_le_v4SPD16_eabi.lib : k_sin.c.obj (.text:__kernel_sin)
                  00006924    0000016c                                   : k_cos.c.obj (.text:__kernel_cos)
                  00006a90    00000158                                   : e_sqrt.c.obj (.text:sqrt)
                  00006be8    0000013c                                   : _printfi.c.obj (.text:_pconv_e)
                  00006d24    00000136                                   : fd_div_t2.asm.obj (.text)
                  00006e5a    00000132     driverlib.lib : gpio.obj (.text:GPIOPadConfigSet)
                  00006f8c    00000124     rtsv7M4_T_le_v4SPD16_eabi.lib : _printfi.c.obj (.text:fcvt)
                  000070b0    00000110                                   : s_scalbn.c.obj (.text:scalbn)
                  000071c0    000000fc                                   : fd_mul_t2.asm.obj (.text)
                  000072bc    000000f8                                   : s_floor.c.obj (.text:floor)
                  000073b4    000000c0     debug_functions.obj (.text)
                  00007474    000000b1     rtsv7M4_T_le_v4SPD16_eabi.lib : _printfi.c.obj (.text:_ltostr)
                  00007525    00000001     --HOLE-- [fill = 0]
                  00007526    0000009c                                   : memcpy_t2.asm.obj (.text)
                  000075c2    00000096                                   : ull_div_t2.asm.obj (.text)
                  00007658    00000086                                   : fd_cmp_t2.asm.obj (.text:__aeabi_cdcmple)
                  000076de    00000086                                   : fd_cmp_t2.asm.obj (.text:__aeabi_cdrcmple)
                  00007764    0000007c     driverlib.lib : udma.obj (.text:uDMAChannelTransferSet)
                  000077e0    0000007a                   : adc.obj (.text:ADCSequenceStepConfigure)
                  0000785a    0000007a     rtsv7M4_T_le_v4SPD16_eabi.lib : memset_t2.asm.obj (.text)
                  000078d4    0000006e                                   : _printfi.c.obj (.text:_mcpy)
                  00007942    00000002     --HOLE-- [fill = 0]
                  00007944    00000068     driverlib.lib : interrupt.obj (.text:IntEnable)
                  000079ac    00000068     rtsv7M4_T_le_v4SPD16_eabi.lib : copy_decompress_lzss.c.obj (.text:decompress:lzss:__TI_decompress_lzss)
                  00007a14    00000064                                   : s_frexp.c.obj (.text:frexp)
                  00007a78    00000064     timer_functions.obj (.text)
                  00007adc    00000060     driverlib.lib : timer.obj (.text:TimerConfigure)
                  00007b3c    00000056     rtsv7M4_T_le_v4SPD16_eabi.lib : _printfi.c.obj (.text:_pconv_f)
                  00007b92    00000054                                   : _ltoa.c.obj (.text:__TI_ltoa)
                  00007be6    00000052                                   : _printfi.c.obj (.text:_ecpy)
                  00007c38    00000050     driverlib.lib : adc.obj (.text:_ADCIntNumberGet)
                  00007c88    0000004e                   : adc.obj (.text:ADCSequenceConfigure)
                  00007cd6    00000002     --HOLE-- [fill = 0]
                  00007cd8    0000004c                   : gpio.obj (.text:GPIOPinConfigure)
                  00007d24    0000004c                   : timer.obj (.text:_TimerIntNumberGet)
                  00007d70    0000004c     rtsv7M4_T_le_v4SPD16_eabi.lib : atoi.c.obj (.text:atoi)
                  00007dbc    00000048     driverlib.lib : sysctl.obj (.text:_SysCtlFrequencyGet)
                  00007e04    00000048     rtsv7M4_T_le_v4SPD16_eabi.lib : fd_toi_t2.asm.obj (.text)
                  00007e4c    00000048     driverlib.lib : udma.obj (.text:uDMAChannelAttributeDisable)
                  00007e94    00000046                   : uart.obj (.text:UARTConfigSetExpClk)
                  00007eda    00000002     --HOLE-- [fill = 0]
                  00007edc    00000044     rtsv7M4_T_le_v4SPD16_eabi.lib : autoinit.c.obj (.text:__TI_auto_init_nobinit_nopinit:__TI_auto_init_nobinit_nopinit)
                  00007f20    00000044     driverlib.lib : udma.obj (.text:uDMAChannelAttributeEnable)
                  00007f64    00000040                   : uart.obj (.text:_UARTIntNumberGet)
                  00007fa4    00000040     rtsv7M4_T_le_v4SPD16_eabi.lib : sprintf.c.obj (.text:sprintf)
                  00007fe4    0000003e                                   : _printfi.c.obj (.text:_fcpy)
                  00008022    00000002     --HOLE-- [fill = 0]
                  00008024    00000038     driverlib.lib : sysctl.obj (.text:SysCtlPeripheralReady)
                  0000805c    00000034                   : interrupt.obj (.text:IntRegister)
                  00008090    00000034                   : sysctl.obj (.text:SysCtlPeripheralEnable)
                  000080c4    00000034     rtsv7M4_T_le_v4SPD16_eabi.lib : boot_cortex_m.c.obj (.text:_c_int00_noargs:_c_int00_noargs)
                  000080f8    0000002e                                   : i_tofd_t2.asm.obj (.text)
                  00008126    0000002c     driverlib.lib : gpio.obj (.text:GPIODirModeSet)
                  00008152    00000002     --HOLE-- [fill = 0]
                  00008154    0000002c                   : udma.obj (.text:uDMAChannelAssign)
                  00008180    00000024                   : interrupt.obj (.text:IntPrioritySet)
                  000081a4    00000024                   : udma.obj (.text:uDMAChannelControlSet)
                  000081c8    00000020                   : uart.obj (.text:UARTDisable)
                  000081e8    00000020                   : sysctl.obj (.text:_SysCtlMemTimingGet)
                  00008208    0000001e                   : adc.obj (.text:ADCSequenceDataGet)
                  00008226    0000001c     rtsv7M4_T_le_v4SPD16_eabi.lib : memccpy.c.obj (.text:memccpy)
                  00008242    0000001a                                   : s_copysign.c.obj (.text:copysign)
                  0000825c    00000018     driverlib.lib : adc.obj (.text:ADCIntRegister)
                  00008274    00000018                   : adc.obj (.text:ADCProcessorTrigger)
                  0000828c    00000018                   : gpio.obj (.text:GPIOPinTypeGPIOOutput)
                  000082a4    00000018                   : timer.obj (.text:TimerIntRegister)
                  000082bc    00000018                   : uart.obj (.text:UARTIntRegister)
                  000082d4    00000018     rtsv7M4_T_le_v4SPD16_eabi.lib : sprintf.c.obj (.text:_outs)
                  000082ec    00000018     driverlib.lib : udma.obj (.text:uDMAChannelEnable)
                  00008304    00000016                   : gpio.obj (.text:GPIOPinTypeUART)
                  0000831a    00000016     rtsv7M4_T_le_v4SPD16_eabi.lib : strchr.c.obj (.text:strchr)
                  00008330    00000014     driverlib.lib : uart.obj (.text:UARTEnable)
                  00008344    00000014     rtsv7M4_T_le_v4SPD16_eabi.lib : strlen.c.obj (.text:strlen)
                  00008358    00000012     driverlib.lib : timer.obj (.text:TimerLoadSet)
                  0000836a    00000012     rtsv7M4_T_le_v4SPD16_eabi.lib : wcslen.c.obj (.text:wcslen)
                  0000837c    00000010     driverlib.lib : adc.obj (.text:ADCIntEnable)
                  0000838c    00000010                   : interrupt.obj (.text:IntMasterDisable)
                  0000839c    00000010                   : interrupt.obj (.text:IntMasterEnable)
                  000083ac    00000010                   : udma.obj (.text:uDMAEnable)
                  000083bc    0000000e                   : adc.obj (.text:ADCHardwareOversampleConfigure)
                  000083ca    0000000e                   : adc.obj (.text:ADCSequenceEnable)
                  000083d8    0000000e                   : timer.obj (.text:TimerEnable)
                  000083e6    0000000e                   : uart.obj (.text:UARTCharGetNonBlocking)
                  000083f4    0000000e                   : uart.obj (.text:UARTCharPutNonBlocking)
                  00008402    0000000e                   : uart.obj (.text:UARTCharsAvail)
                  00008410    0000000e     rtsv7M4_T_le_v4SPD16_eabi.lib : copy_decompress_none.c.obj (.text:decompress:none:__TI_decompress_none)
                  0000841e    0000000c     driverlib.lib : cpu.obj (.text:CPUcpsid)
                  0000842a    0000000c                   : cpu.obj (.text:CPUcpsie)
                  00008436    0000000c     rtsv7M4_T_le_v4SPD16_eabi.lib : copy_zero_init.c.obj (.text:decompress:ZI:__TI_zero_init)
                  00008442    0000000c     tm4c1294ncpdt_startup_ccs.obj (.text)
                  0000844e    00000002     --HOLE-- [fill = 0]
                  00008450    0000000c     driverlib.lib : udma.obj (.text:uDMAControlBaseSet)
                  0000845c    0000000a                   : adc.obj (.text:ADCIntClear)
                  00008466    0000000a                   : uart.obj (.text:UARTFIFOEnable)
                  00008470    0000000a                   : uart.obj (.text:UARTIntStatus)
                  0000847a    0000000a     rtsv7M4_T_le_v4SPD16_eabi.lib : sprintf.c.obj (.text:_outc)
                  00008484    00000008     driverlib.lib : timer.obj (.text:TimerIntEnable)
                  0000848c    00000008                   : uart.obj (.text:UARTDMAEnable)
                  00008494    00000008                   : uart.obj (.text:UARTIntEnable)
                  0000849c    00000008     rtsv7M4_T_le_v4SPD16_eabi.lib : errno.c.obj (.text:__aeabi_errno_addr)
                  000084a4    00000006     driverlib.lib : gpio.obj (.text:GPIOPinWrite)
                  000084aa    00000006                   : sysctl.obj (.text:SysCtlDelay)
                  000084b0    00000006                   : uart.obj (.text:UARTFIFOLevelSet)
                  000084b6    00000004                   : timer.obj (.text:TimerIntClear)
                  000084ba    00000004                   : uart.obj (.text:UARTIntClear)
                  000084be    00000004     rtsv7M4_T_le_v4SPD16_eabi.lib : pre_init.c.obj (.text:_system_pre_init)
                  000084c2    00000004                                   : exit.c.obj (.text:abort:abort)

.const     0    000084c8    000027ec     
                  000084c8    00002000     lcd_functions.obj (.const:font_12_16)
                  0000a4c8    000001b0     driverlib.lib : sysctl.obj (.const:g_pppui32XTALtoVCO)
                  0000a678    00000158     rtsv7M4_T_le_v4SPD16_eabi.lib : k_rem_pio2.c.obj (.const:$O1$$)
                  0000a7d0    00000101                                   : ctype.c.obj (.const:.string:_ctypes_)
                  0000a8d1    00000003     --HOLE-- [fill = 0]
                  0000a8d4    0000009c     driverlib.lib : interrupt.obj (.const:g_pui32Regs)
                  0000a970    00000098     rtsv7M4_T_le_v4SPD16_eabi.lib : s_atan.c.obj (.const:$O1$$)
                  0000aa08    00000090     driverlib.lib : gpio.obj (.const:g_pui32GPIOBaseAddrs)
                  0000aa98    0000006c                   : sysctl.obj (.const:g_pui32Xtals)
                  0000ab04    00000060                   : timer.obj (.const:g_ppui32TimerIntMap)
                  0000ab64    00000040                   : timer.obj (.const:g_ppui32TimerIntMapSnowflake)
                  0000aba4    00000040                   : uart.obj (.const:g_ppui32UARTIntMap)
                  0000abe4    00000040                   : uart.obj (.const:g_ppui32UARTIntMapSnowflake)
                  0000ac24    00000030                   : sysctl.obj (.const:g_sXTALtoMEMTIM)
                  0000ac54    00000014                   : interrupt.obj (.const:g_pui32EnRegs)
                  0000ac68    00000008                   : sysctl.obj (.const:g_pui32VCOFrequencies)
                  0000ac70    00000004     lcd_functions.obj (.const:$P$T10$5)
                  0000ac74    00000004     lcd_functions.obj (.const:$P$T11$6)
                  0000ac78    00000004     lcd_functions.obj (.const:$P$T12$7)
                  0000ac7c    00000004     lcd_functions.obj (.const:$P$T14$8)
                  0000ac80    00000004     lcd_functions.obj (.const:$P$T16$9)
                  0000ac84    00000004     lcd_functions.obj (.const:$P$T18$10)
                  0000ac88    00000004     lcd_functions.obj (.const:$P$T23$11)
                  0000ac8c    00000004     lcd_functions.obj (.const:$P$T24$12)
                  0000ac90    00000004     lcd_functions.obj (.const:$P$T25$13)
                  0000ac94    00000004     lcd_functions.obj (.const:$P$T26$14)
                  0000ac98    00000004     lcd_functions.obj (.const:$P$T29$15)
                  0000ac9c    00000004     lcd_functions.obj (.const:$P$T30$16)
                  0000aca0    00000004     lcd_functions.obj (.const:$P$T33$17)
                  0000aca4    00000004     lcd_functions.obj (.const:$P$T34$18)
                  0000aca8    00000004     lcd_functions.obj (.const:$P$T4$2)
                  0000acac    00000004     lcd_functions.obj (.const:$P$T5$3)
                  0000acb0    00000004     lcd_functions.obj (.const:$P$T6$4)

.cinit     0    0000acb8    00000040     
                  0000acb8    0000000c     (__TI_handler_table)
                  0000acc4    00000009     (.cinit..data.load) [load image, compression = lzss]
                  0000accd    00000003     --HOLE-- [fill = 0]
                  0000acd0    00000008     (.cinit..bss.load) [load image, compression = zero_init]
                  0000acd8    00000008     (.cinit..vtable.load) [load image, compression = zero_init]
                  0000ace0    00000018     (__TI_cinit_table)

.init_array 
*          0    00000000    00000000     UNINITIALIZED

.vtable    0    20000000    0000026c     UNINITIALIZED
                  20000000    0000026c     driverlib.lib : interrupt.obj (.vtable)

.data      0    20005090    00000013     UNINITIALIZED
                  20005090    00000009     uartDMA.obj (.data:stepperMotorCommand$1)
                  20005099    00000001     --HOLE--
                  2000509a    00000002     main.obj (.data)
                  2000509c    00000004     rtsv7M4_T_le_v4SPD16_eabi.lib : errno.c.obj (.data)
                  200050a0    00000003     lcd_functions.obj (.data)

.bss       0    20005400    000018b0     UNINITIALIZED
                  20005400    00000c00     (.common:color)
                  20006000    00000400     (.common:pui8ControlTable)
                  20006400    00000282     (.common:SensorData)
                  20006682    00000100     adc_functions.obj (.bss:CosResults)
                  20006782    00000100     adc_functions.obj (.bss:SinResults)
                  20006882    00000080     adc_functions.obj (.bss:negCosResults$3)
                  20006902    00000080     adc_functions.obj (.bss:negSinResults$1)
                  20006982    00000080     adc_functions.obj (.bss:posCosResults$4)
                  20006a02    00000080     adc_functions.obj (.bss:posSinResults$2)
                  20006a82    00000080     (.common:CosOffset)
                  20006b02    00000080     (.common:SinOffset)
                  20006b82    00000080     (.common:oldDiffCosResults)
                  20006c02    00000080     (.common:oldDiffSinResults)
                  20006c82    00000002     --HOLE--
                  20006c84    00000010     main.obj (.bss)
                  20006c94    00000010     (.common:setting)
                  20006ca4    00000008     uartDMA.obj (.bss:UART0receive)
                  20006cac    00000004     (.common:backColor)

.stack     0    20000270    00004e20     UNINITIALIZED
                  20000270    00000004     rtsv7M4_T_le_v4SPD16_eabi.lib : boot_cortex_m.c.obj (.stack)
                  20000274    00004e1c     --HOLE--

__llvm_prf_cnts 
*          0    20000000    00000000     UNINITIALIZED

MODULE SUMMARY

       Module                          code    ro data   rw data
       ------                          ----    -------   -------
    ./
       tm4c1294ncpdt_startup_ccs.obj   12      520       0      
    +--+-------------------------------+-------+---------+---------+
       Total:                          12      520       0      
                                                                
    ./main/
       main.obj                        376     0         3090   
    +--+-------------------------------+-------+---------+---------+
       Total:                          376     0         3090   
                                                                
    ./src/
       lcd_functions.obj               11020   8260      263    
       adc_functions.obj               2500    0         1922   
       uartDMA.obj                     844     0         1041   
       EEPROM_functions.obj            560     0         16     
       debug_functions.obj             192     0         0      
       timer_functions.obj             100     0         0      
    +--+-------------------------------+-------+---------+---------+
       Total:                          15216   8260      3242   
                                                                
    /home/ole/CodeComposerStudio10/TivaWare_C_Series-2.1.4.178/driverlib/ccs/Debug/driverlib.lib
       sysctl.obj                      730     596       0      
       interrupt.obj                   224     176       620    
       gpio.obj                        478     144       0      
       uart.obj                        298     128       0      
       adc.obj                         412     0         0      
       timer.obj                       240     160       0      
       udma.obj                        396     0         0      
       cpu.obj                         24      0         0      
    +--+-------------------------------+-------+---------+---------+
       Total:                          2802    1204      620    
                                                                
    /home/ole/CodeComposerStudio10/ccs/tools/compiler/ti-cgt-arm_20.2.0.LTS/lib/rtsv7M4_T_le_v4SPD16_eabi.lib
       _printfi.c.obj                  4851    0         0      
       k_rem_pio2.c.obj                1848    344       0      
       s_cos.c.obj                     1500    0         0      
       s_sin.c.obj                     1476    0         0      
       s_atan.c.obj                    748     152       0      
       e_atan2.c.obj                   472     0         0      
       fd_add_t2.asm.obj               438     0         0      
       k_sin.c.obj                     372     0         0      
       k_cos.c.obj                     364     0         0      
       e_sqrt.c.obj                    344     0         0      
       fd_div_t2.asm.obj               310     0         0      
       s_scalbn.c.obj                  272     0         0      
       fd_cmp_t2.asm.obj               268     0         0      
       ctype.c.obj                     0       257       0      
       fd_mul_t2.asm.obj               252     0         0      
       s_floor.c.obj                   248     0         0      
       memcpy_t2.asm.obj               156     0         0      
       ull_div_t2.asm.obj              150     0         0      
       memset_t2.asm.obj               122     0         0      
       copy_decompress_lzss.c.obj      104     0         0      
       s_frexp.c.obj                   100     0         0      
       sprintf.c.obj                   98      0         0      
       _ltoa.c.obj                     84      0         0      
       atoi.c.obj                      76      0         0      
       fd_toi_t2.asm.obj               72      0         0      
       autoinit.c.obj                  68      0         0      
       boot_cortex_m.c.obj             52      0         0      
       i_tofd_t2.asm.obj               46      0         0      
       memccpy.c.obj                   28      0         0      
       s_copysign.c.obj                26      0         0      
       strchr.c.obj                    22      0         0      
       strlen.c.obj                    20      0         0      
       wcslen.c.obj                    18      0         0      
       copy_decompress_none.c.obj      14      0         0      
       copy_zero_init.c.obj            12      0         0      
       errno.c.obj                     8       0         4      
       exit.c.obj                      4       0         0      
       pre_init.c.obj                  4       0         0      
       div0.asm.obj                    2       0         0      
    +--+-------------------------------+-------+---------+---------+
       Total:                          15049   753       4      
                                                                
       Stack:                          0       0         20000  
       Linker Generated:               0       61        0      
    +--+-------------------------------+-------+---------+---------+
       Grand Total:                    33455   10798     26956  


LINKER GENERATED COPY TABLES

__TI_cinit_table @ 0000ace0 records: 3, size/record: 8, table size: 24
	.data: load addr=0000acc4, load size=00000009 bytes, run addr=20005090, run size=00000013 bytes, compression=lzss
	.bss: load addr=0000acd0, load size=00000008 bytes, run addr=20005400, run size=000018b0 bytes, compression=zero_init
	.vtable: load addr=0000acd8, load size=00000008 bytes, run addr=20000000, run size=0000026c bytes, compression=zero_init


LINKER GENERATED HANDLER TABLE

__TI_handler_table @ 0000acb8 records: 3, size/record: 4, table size: 12
	index: 0, handler: __TI_zero_init
	index: 1, handler: __TI_decompress_lzss
	index: 2, handler: __TI_decompress_none


GLOBAL SYMBOLS: SORTED ALPHABETICALLY BY Name 

address   name                          
-------   ----                          
000066b9  ADC1InterruptHandler          
000083bd  ADCHardwareOversampleConfigure
0000845d  ADCIntClear                   
0000837d  ADCIntEnable                  
0000825d  ADCIntRegister                
00008275  ADCProcessorTrigger           
00007c89  ADCSequenceConfigure          
00008209  ADCSequenceDataGet            
000083cb  ADCSequenceEnable             
000077e1  ADCSequenceStepConfigure      
000084c3  C$$EXIT                       
0000841f  CPUcpsid                      
0000842b  CPUcpsie                      
00005627  ConfigureUART0                
000056a3  ConfigureUART2                
20006a82  CosOffset                     
00005e97  EEPROMInit                    
00005d51  EEPROMProgram1                
00005cfb  EEPROMRead1                   
00008127  GPIODirModeSet                
00006e5b  GPIOPadConfigSet              
00007cd9  GPIOPinConfigure              
0000828d  GPIOPinTypeGPIOOutput         
00008305  GPIOPinTypeUART               
000084a5  GPIOPinWrite                  
00007945  IntEnable                     
0000838d  IntMasterDisable              
0000839d  IntMasterEnable               
00008181  IntPrioritySet                
0000805d  IntRegister                   
00008443  ResetISR                      
20006400  SensorData                    
20006b02  SinOffset                     
00005ed9  SysCtlClockFreqSet            
000084ab  SysCtlDelay                   
00008091  SysCtlPeripheralEnable        
00008025  SysCtlPeripheralReady         
00006693  Timer0InterruptHandler        
00007add  TimerConfigure                
000083d9  TimerEnable                   
000084b7  TimerIntClear                 
00008485  TimerIntEnable                
000082a5  TimerIntRegister              
00008359  TimerLoadSet                  
00005401  UART0ClearInterrupt           
0000670d  UART0InterruptHandler         
0000551f  UART2IntHandler               
000083e7  UARTCharGetNonBlocking        
000083f5  UARTCharPutNonBlocking        
00008403  UARTCharsAvail                
00007e95  UARTConfigSetExpClk           
0000848d  UARTDMAEnable                 
000081c9  UARTDisable                   
00008331  UARTEnable                    
00008467  UARTFIFOEnable                
000084b1  UARTFIFOLevelSet              
0000540f  UARTGetIntStatus              
000084bb  UARTIntClear                  
00008495  UARTIntEnable                 
000082bd  UARTIntRegister               
00008471  UARTIntStatus                 
00005e69  _EEPROMSectorMaskClear        
00005e2d  _EEPROMSectorMaskSet          
20005090  __STACK_END                   
00004e20  __STACK_SIZE                  
20000470  __STACK_TOP                   
0000ace0  __TI_CINIT_Base               
0000acf8  __TI_CINIT_Limit              
0000acb8  __TI_Handler_Table_Base       
0000acc4  __TI_Handler_Table_Limit      
00007edd  __TI_auto_init_nobinit_nopinit
000079ad  __TI_decompress_lzss          
00008411  __TI_decompress_none          
00007b93  __TI_ltoa                     
ffffffff  __TI_pprof_out_hndl           
00002d15  __TI_printfi                  
ffffffff  __TI_prof_data_size           
ffffffff  __TI_prof_data_start          
00000000  __TI_static_base__            
00008437  __TI_zero_init                
00007659  __aeabi_cdcmpeq               
00007659  __aeabi_cdcmple               
000076df  __aeabi_cdrcmple              
00007e05  __aeabi_d2iz                  
0000648b  __aeabi_dadd                  
00006d25  __aeabi_ddiv                  
000071c1  __aeabi_dmul                  
00006481  __aeabi_dsub                  
0000849d  __aeabi_errno_addr            
000080f9  __aeabi_i2d                   
00003763  __aeabi_idiv0                 
00003763  __aeabi_ldiv0                 
0000785b  __aeabi_memclr                
0000785b  __aeabi_memclr4               
0000785b  __aeabi_memclr8               
00007527  __aeabi_memcpy                
00007527  __aeabi_memcpy4               
00007527  __aeabi_memcpy8               
0000785d  __aeabi_memset                
0000785d  __aeabi_memset4               
0000785d  __aeabi_memset8               
000075c3  __aeabi_uldivmod              
ffffffff  __binit__                     
ffffffff  __c_args__                    
00006925  __kernel_cos                  
00004129  __kernel_rem_pio2             
000067b1  __kernel_sin                  
UNDEFED   __mpu_init                    
20000270  __stack                       
20000000  __start___llvm_prf_cnts       
20000000  __stop___llvm_prf_cnts        
000080c5  _c_int00_noargs               
0000a7d0  _ctypes_                      
UNDEFED   _system_post_cinit            
000084bf  _system_pre_init              
000084c3  abort                         
00003781  adcIntClear                   
0000574d  atan                          
000060d9  atan2                         
000060d9  atan2l                        
0000574d  atanl                         
00007d71  atoi                          
20006cac  backColor                     
ffffffff  binit                         
20005400  color                         
00003a81  computeArrows                 
00003fb5  configureADC                  
0000744b  configureDebugGPIO            
000028a1  configureLCD5Inch             
00002a97  configureLCD7Inch             
00007a85  configureTimer0               
000055bd  configureUartUDMA             
00008243  copysign                      
00008243  copysignl                     
00004861  cos                           
00004861  cosl                          
0000082d  drawDisplay5Inch              
00000a49  drawDisplay7Inch              
2000509c  errno                         
000072bd  floor                         
000072bd  floorl                        
00007a15  frexp                         
00007a15  frexpl                        
20000000  g_pfnRAMVectors               
00000000  g_pfnVectors                  
00000363  generateColors                
000037c3  getADCHardwareAveraging       
0000543f  getMaxArrowLength             
0000541f  getRelativeAbsoluteSetting    
0000541b  getUART0RxData                
000070b1  ldexp                         
000070b1  ldexpl                        
00005ca9  loadSettings                  
00006639  main                          
00008227  memccpy                       
00007527  memcpy                        
00007863  memset                        
000073ff  offLED                        
00007431  offOszi                       
200050a0  offset                        
20006b82  oldDiffCosResults             
20006c02  oldDiffSinResults             
000073e7  onLED                         
00007417  onOszi                        
0000545f  prepareNextReceiveDMA         
00000459  printString                   
20006000  pui8ControlTable              
00000353  readTouchscreen               
00005541  receiveDataFromMotor          
00005ceb  saveSettings                  
000070b1  scalbn                        
000070b1  scalbnl                       
00005497  sendCommandToMotor            
00005479  sendUARTDMA                   
0000068f  setLCDBackgroundColor         
00000715  setLCDBackgroundColor7        
0000378d  setMultiplexer                
20006c94  setting                       
00004e3d  sin                           
00004e3d  sinl                          
00007fa5  sprintf                       
00006a91  sqrt                          
00006a91  sqrtl                         
00003765  startADConversion             
000037f3  storeArraySensorData          
0000831b  strchr                        
00008345  strlen                        
00007a79  timer0IntClear                
000073b5  toggleLED                     
000073cd  toggleOszi                    
00008155  uDMAChannelAssign             
00007e4d  uDMAChannelAttributeDisable   
00007f21  uDMAChannelAttributeEnable    
000081a5  uDMAChannelControlSet         
000082ed  uDMAChannelEnable             
00007765  uDMAChannelTransferSet        
00008451  uDMAControlBaseSet            
000083ad  uDMAEnable                    
0000836b  wcslen                        
000005ad  writeChar                     
00000c85  writeCmdData                  
00000c5f  writeCommand                  
00000ca5  writeData                     
00000209  writeInfos                    
00000d9d  writeLine                     
000020e5  writeLine0Degree              
0000218d  writeLine180Degree            
000021e1  writeLine270Degree            
00002139  writeLine90Degree             
0000223d  writeLineQuadrant1_I          
00002315  writeLineQuadrant1_II         
000023db  writeLineQuadrant2_I          
000024a1  writeLineQuadrant2_II         
00002579  writeLineQuadrant3_I          
0000263f  writeLineQuadrant3_II         
00002705  writeLineQuadrant4_I          
000027cb  writeLineQuadrant4_II         
00000cf1  writePosition                 
00000795  writeRecangle                 


GLOBAL SYMBOLS: SORTED BY Symbol Address 

address   name                          
-------   ----                          
00000000  __TI_static_base__            
00000000  g_pfnVectors                  
00000209  writeInfos                    
00000353  readTouchscreen               
00000363  generateColors                
00000459  printString                   
000005ad  writeChar                     
0000068f  setLCDBackgroundColor         
00000715  setLCDBackgroundColor7        
00000795  writeRecangle                 
0000082d  drawDisplay5Inch              
00000a49  drawDisplay7Inch              
00000c5f  writeCommand                  
00000c85  writeCmdData                  
00000ca5  writeData                     
00000cf1  writePosition                 
00000d9d  writeLine                     
000020e5  writeLine0Degree              
00002139  writeLine90Degree             
0000218d  writeLine180Degree            
000021e1  writeLine270Degree            
0000223d  writeLineQuadrant1_I          
00002315  writeLineQuadrant1_II         
000023db  writeLineQuadrant2_I          
000024a1  writeLineQuadrant2_II         
00002579  writeLineQuadrant3_I          
0000263f  writeLineQuadrant3_II         
00002705  writeLineQuadrant4_I          
000027cb  writeLineQuadrant4_II         
000028a1  configureLCD5Inch             
00002a97  configureLCD7Inch             
00002d15  __TI_printfi                  
00003763  __aeabi_idiv0                 
00003763  __aeabi_ldiv0                 
00003765  startADConversion             
00003781  adcIntClear                   
0000378d  setMultiplexer                
000037c3  getADCHardwareAveraging       
000037f3  storeArraySensorData          
00003a81  computeArrows                 
00003fb5  configureADC                  
00004129  __kernel_rem_pio2             
00004861  cos                           
00004861  cosl                          
00004e20  __STACK_SIZE                  
00004e3d  sin                           
00004e3d  sinl                          
00005401  UART0ClearInterrupt           
0000540f  UARTGetIntStatus              
0000541b  getUART0RxData                
0000541f  getRelativeAbsoluteSetting    
0000543f  getMaxArrowLength             
0000545f  prepareNextReceiveDMA         
00005479  sendUARTDMA                   
00005497  sendCommandToMotor            
0000551f  UART2IntHandler               
00005541  receiveDataFromMotor          
000055bd  configureUartUDMA             
00005627  ConfigureUART0                
000056a3  ConfigureUART2                
0000574d  atan                          
0000574d  atanl                         
00005ca9  loadSettings                  
00005ceb  saveSettings                  
00005cfb  EEPROMRead1                   
00005d51  EEPROMProgram1                
00005e2d  _EEPROMSectorMaskSet          
00005e69  _EEPROMSectorMaskClear        
00005e97  EEPROMInit                    
00005ed9  SysCtlClockFreqSet            
000060d9  atan2                         
000060d9  atan2l                        
00006481  __aeabi_dsub                  
0000648b  __aeabi_dadd                  
00006639  main                          
00006693  Timer0InterruptHandler        
000066b9  ADC1InterruptHandler          
0000670d  UART0InterruptHandler         
000067b1  __kernel_sin                  
00006925  __kernel_cos                  
00006a91  sqrt                          
00006a91  sqrtl                         
00006d25  __aeabi_ddiv                  
00006e5b  GPIOPadConfigSet              
000070b1  ldexp                         
000070b1  ldexpl                        
000070b1  scalbn                        
000070b1  scalbnl                       
000071c1  __aeabi_dmul                  
000072bd  floor                         
000072bd  floorl                        
000073b5  toggleLED                     
000073cd  toggleOszi                    
000073e7  onLED                         
000073ff  offLED                        
00007417  onOszi                        
00007431  offOszi                       
0000744b  configureDebugGPIO            
00007527  __aeabi_memcpy                
00007527  __aeabi_memcpy4               
00007527  __aeabi_memcpy8               
00007527  memcpy                        
000075c3  __aeabi_uldivmod              
00007659  __aeabi_cdcmpeq               
00007659  __aeabi_cdcmple               
000076df  __aeabi_cdrcmple              
00007765  uDMAChannelTransferSet        
000077e1  ADCSequenceStepConfigure      
0000785b  __aeabi_memclr                
0000785b  __aeabi_memclr4               
0000785b  __aeabi_memclr8               
0000785d  __aeabi_memset                
0000785d  __aeabi_memset4               
0000785d  __aeabi_memset8               
00007863  memset                        
00007945  IntEnable                     
000079ad  __TI_decompress_lzss          
00007a15  frexp                         
00007a15  frexpl                        
00007a79  timer0IntClear                
00007a85  configureTimer0               
00007add  TimerConfigure                
00007b93  __TI_ltoa                     
00007c89  ADCSequenceConfigure          
00007cd9  GPIOPinConfigure              
00007d71  atoi                          
00007e05  __aeabi_d2iz                  
00007e4d  uDMAChannelAttributeDisable   
00007e95  UARTConfigSetExpClk           
00007edd  __TI_auto_init_nobinit_nopinit
00007f21  uDMAChannelAttributeEnable    
00007fa5  sprintf                       
00008025  SysCtlPeripheralReady         
0000805d  IntRegister                   
00008091  SysCtlPeripheralEnable        
000080c5  _c_int00_noargs               
000080f9  __aeabi_i2d                   
00008127  GPIODirModeSet                
00008155  uDMAChannelAssign             
00008181  IntPrioritySet                
000081a5  uDMAChannelControlSet         
000081c9  UARTDisable                   
00008209  ADCSequenceDataGet            
00008227  memccpy                       
00008243  copysign                      
00008243  copysignl                     
0000825d  ADCIntRegister                
00008275  ADCProcessorTrigger           
0000828d  GPIOPinTypeGPIOOutput         
000082a5  TimerIntRegister              
000082bd  UARTIntRegister               
000082ed  uDMAChannelEnable             
00008305  GPIOPinTypeUART               
0000831b  strchr                        
00008331  UARTEnable                    
00008345  strlen                        
00008359  TimerLoadSet                  
0000836b  wcslen                        
0000837d  ADCIntEnable                  
0000838d  IntMasterDisable              
0000839d  IntMasterEnable               
000083ad  uDMAEnable                    
000083bd  ADCHardwareOversampleConfigure
000083cb  ADCSequenceEnable             
000083d9  TimerEnable                   
000083e7  UARTCharGetNonBlocking        
000083f5  UARTCharPutNonBlocking        
00008403  UARTCharsAvail                
00008411  __TI_decompress_none          
0000841f  CPUcpsid                      
0000842b  CPUcpsie                      
00008437  __TI_zero_init                
00008443  ResetISR                      
00008451  uDMAControlBaseSet            
0000845d  ADCIntClear                   
00008467  UARTFIFOEnable                
00008471  UARTIntStatus                 
00008485  TimerIntEnable                
0000848d  UARTDMAEnable                 
00008495  UARTIntEnable                 
0000849d  __aeabi_errno_addr            
000084a5  GPIOPinWrite                  
000084ab  SysCtlDelay                   
000084b1  UARTFIFOLevelSet              
000084b7  TimerIntClear                 
000084bb  UARTIntClear                  
000084bf  _system_pre_init              
000084c3  C$$EXIT                       
000084c3  abort                         
0000a7d0  _ctypes_                      
0000acb8  __TI_Handler_Table_Base       
0000acc4  __TI_Handler_Table_Limit      
0000ace0  __TI_CINIT_Base               
0000acf8  __TI_CINIT_Limit              
20000000  __start___llvm_prf_cnts       
20000000  __stop___llvm_prf_cnts        
20000000  g_pfnRAMVectors               
20000270  __stack                       
20000470  __STACK_TOP                   
20005090  __STACK_END                   
2000509c  errno                         
200050a0  offset                        
20005400  color                         
20006000  pui8ControlTable              
20006400  SensorData                    
20006a82  CosOffset                     
20006b02  SinOffset                     
20006b82  oldDiffCosResults             
20006c02  oldDiffSinResults             
20006c94  setting                       
20006cac  backColor                     
ffffffff  __TI_pprof_out_hndl           
ffffffff  __TI_prof_data_size           
ffffffff  __TI_prof_data_start          
ffffffff  __binit__                     
ffffffff  __c_args__                    
ffffffff  binit                         
UNDEFED   __mpu_init                    
UNDEFED   _system_post_cinit            

[219 symbols]
