******************************************************************************
                  TI ARM Linker Unix v20.2.1                   
******************************************************************************
>> Linked Wed Sep  9 15:53:32 2020

OUTPUT FILE NAME:   <BP_TMR_sensor_array.out>
ENTRY POINT SYMBOL: "_c_int00_noargs"  address: 0000de39


MEMORY CONFIGURATION

         name            origin    length      used     unused   attr    fill
----------------------  --------  ---------  --------  --------  ----  --------
  FLASH                 00000000   00100000  000112cc  000eed34  R  X
  SRAM                  20000000   00040000  000177ac  00028854  RW X


SEGMENT ALLOCATION MAP

run origin  load origin   length   init length attrs members
----------  ----------- ---------- ----------- ----- -------
00000000    00000000    000112d0   000112d0    r-x
  00000000    00000000    00000208   00000208    r-- .intvecs
  00000208    00000208    0000dd84   0000dd84    r-x .text
  0000df90    0000df90    00002a78   00002a78    r-- .const
  00010a08    00010a08    000008c8   000008c8    r-- .cinit
20000000    20000000    000158e0   00000000    rw-
  20000000    20000000    0000026c   00000000    rw- .vtable
  20000270    20000270    0000ea60   00000000    rw- .stack
  2000ecd0    2000ecd0    00006c10   00000000    rw- .data
20015c00    20015c00    00001ed0   00000000    rw-
  20015c00    20015c00    00001ed0   00000000    rw- .bss


SECTION ALLOCATION MAP

 output                                  attributes/
section   page    origin      length       input sections
--------  ----  ----------  ----------   ----------------
.intvecs   0    00000000    00000208     
                  00000000    00000208     tm4c1294ncpdt_startup_ccs.obj (.intvecs)

.text      0    00000208    0000dd84     
                  00000208    000035c4     lcd_functions.obj (.text)
                  000037cc    00000004     rtsv7M4_T_le_v4SPD16_eabi.lib : pre_init.c.obj (.text:_system_pre_init)
                  000037d0    000013d6     sysctl.obj (.text)
                  00004ba6    00000002     rtsv7M4_T_le_v4SPD16_eabi.lib : div0.asm.obj (.text)
                  00004ba8    00000d66     gpio.obj (.text)
                  0000590e    00000002     --HOLE-- [fill = 0]
                  00005910    00000c40     adc_functions.obj (.text)
                  00006550    00000a4e     rtsv7M4_T_le_v4SPD16_eabi.lib : _printfi.c.obj (.text:__TI_printfi)
                  00006f9e    00000002     --HOLE-- [fill = 0]
                  00006fa0    000009b4     main.obj (.text)
                  00007954    00000004     rtsv7M4_T_le_v4SPD16_eabi.lib : exit.c.obj (.text:abort:abort)
                  00007958    0000091a     adc.obj (.text)
                  00008272    00000002     --HOLE-- [fill = 0]
                  00008274    00000738     rtsv7M4_T_le_v4SPD16_eabi.lib : k_rem_pio2.c.obj (.text:__kernel_rem_pio2)
                  000089ac    00000004     --HOLE-- [fill = 0]
                  000089b0    0000071e     uart.obj (.text)
                  000090ce    00000002     --HOLE-- [fill = 0]
                  000090d0    000006fc     timer.obj (.text)
                  000097cc    00000004     --HOLE-- [fill = 0]
                  000097d0    00000694     eeprom.obj (.text)
                  00009e64    00000004     --HOLE-- [fill = 0]
                  00009e68    0000060e     touch_functions.obj (.text)
                  0000a476    00000002     --HOLE-- [fill = 0]
                  0000a478    000005dc     rtsv7M4_T_le_v4SPD16_eabi.lib : s_cos.c.obj (.text:cos)
                  0000aa54    000005c4                                   : s_sin.c.obj (.text:sin)
                  0000b018    000005c2     udma.obj (.text)
                  0000b5da    00000006     sysctl.obj (.text:SysCtlDelay)
                  0000b5e0    00000530     uartDMA_functions.obj (.text)
                  0000bb10    000004b8     interrupt.obj (.text)
                  0000bfc8    000002ec     rtsv7M4_T_le_v4SPD16_eabi.lib : s_atan.c.obj (.text:atan)
                  0000c2b4    00000270                                   : _printfi.c.obj (.text:_pconv_a)
                  0000c524    000001d8                                   : e_atan2.c.obj (.text:atan2)
                  0000c6fc    000001d0                                   : _printfi.c.obj (.text:_pconv_g)
                  0000c8cc    000001b6                                   : fd_add_t2.asm.obj (.text)
                  0000ca82    00000002     --HOLE-- [fill = 0]
                  0000ca84    00000174                                   : k_sin.c.obj (.text:__kernel_sin)
                  0000cbf8    0000016c                                   : k_cos.c.obj (.text:__kernel_cos)
                  0000cd64    00000158                                   : e_sqrt.c.obj (.text:sqrt)
                  0000cebc    00000004     --HOLE-- [fill = 0]
                  0000cec0    00000148     timer_functions.obj (.text)
                  0000d008    0000013c     rtsv7M4_T_le_v4SPD16_eabi.lib : _printfi.c.obj (.text:_pconv_e)
                  0000d144    00000136                                   : fd_div_t2.asm.obj (.text)
                  0000d27a    00000002     --HOLE-- [fill = 0]
                  0000d27c    00000124                                   : _printfi.c.obj (.text:fcvt)
                  0000d3a0    00000110                                   : s_scalbn.c.obj (.text:scalbn)
                  0000d4b0    000000fc                                   : fd_mul_t2.asm.obj (.text)
                  0000d5ac    000000f8                                   : s_floor.c.obj (.text:floor)
                  0000d6a4    000000b1                                   : _printfi.c.obj (.text:_ltostr)
                  0000d755    00000001     --HOLE-- [fill = 0]
                  0000d756    0000009c                                   : memcpy_t2.asm.obj (.text)
                  0000d7f2    00000096                                   : ull_div_t2.asm.obj (.text)
                  0000d888    00000086                                   : fd_cmp_t2.asm.obj (.text:__aeabi_cdcmple)
                  0000d90e    00000086                                   : fd_cmp_t2.asm.obj (.text:__aeabi_cdrcmple)
                  0000d994    0000007a                                   : memset_t2.asm.obj (.text)
                  0000da0e    0000006e                                   : _printfi.c.obj (.text:_mcpy)
                  0000da7c    00000068                                   : copy_decompress_lzss.c.obj (.text:decompress:lzss:__TI_decompress_lzss)
                  0000dae4    00000064                                   : s_frexp.c.obj (.text:frexp)
                  0000db48    00000056                                   : _printfi.c.obj (.text:_pconv_f)
                  0000db9e    00000054                                   : _ltoa.c.obj (.text:__TI_ltoa)
                  0000dbf2    00000052                                   : _printfi.c.obj (.text:_ecpy)
                  0000dc44    00000004     --HOLE-- [fill = 0]
                  0000dc48    00000052     cpu.obj (.text)
                  0000dc9a    00000002     --HOLE-- [fill = 0]
                  0000dc9c    0000004c     rtsv7M4_T_le_v4SPD16_eabi.lib : atoi.c.obj (.text:atoi)
                  0000dce8    00000048                                   : fd_toi_t2.asm.obj (.text)
                  0000dd30    00000044     EEPROM_functions.obj (.text)
                  0000dd74    00000044     rtsv7M4_T_le_v4SPD16_eabi.lib : autoinit.c.obj (.text:__TI_auto_init_nobinit_nopinit:__TI_auto_init_nobinit_nopinit)
                  0000ddb8    00000040                                   : sprintf.c.obj (.text:sprintf)
                  0000ddf8    0000003e                                   : _printfi.c.obj (.text:_fcpy)
                  0000de36    00000002     --HOLE-- [fill = 0]
                  0000de38    00000034                                   : boot_cortex_m.c.obj (.text:_c_int00_noargs:_c_int00_noargs)
                  0000de6c    0000002e                                   : i_tofd_t2.asm.obj (.text)
                  0000de9a    00000020                                   : u_tofd_t2.asm.obj (.text)
                  0000deba    0000001c                                   : memccpy.c.obj (.text:memccpy)
                  0000ded6    0000001a                                   : s_copysign.c.obj (.text:copysign)
                  0000def0    0000001a     tm4c1294ncpdt_startup_ccs.obj (.text)
                  0000df0a    00000018     rtsv7M4_T_le_v4SPD16_eabi.lib : sprintf.c.obj (.text:_outs)
                  0000df22    00000016                                   : strchr.c.obj (.text:strchr)
                  0000df38    00000014                                   : strlen.c.obj (.text:strlen)
                  0000df4c    00000012                                   : wcslen.c.obj (.text:wcslen)
                  0000df5e    0000000e                                   : copy_decompress_none.c.obj (.text:decompress:none:__TI_decompress_none)
                  0000df6c    0000000c                                   : copy_zero_init.c.obj (.text:decompress:ZI:__TI_zero_init)
                  0000df78    0000000a                                   : sprintf.c.obj (.text:_outc)
                  0000df82    00000002     --HOLE-- [fill = 0]
                  0000df84    00000008                                   : errno.c.obj (.text:__aeabi_errno_addr)

.const     0    0000df90    00002a78     
                  0000df90    00002000     lcd_functions.obj (.const:font_12_16)
                  0000ff90    000001b0     sysctl.obj (.const:g_pppui32XTALtoVCO)
                  00010140    00000158     rtsv7M4_T_le_v4SPD16_eabi.lib : k_rem_pio2.c.obj (.const:$O1$$)
                  00010298    00000101                                   : ctype.c.obj (.const:.string:_ctypes_)
                  00010399    00000003     --HOLE-- [fill = 0]
                  0001039c    000000d8     gpio.obj (.const:g_ppui32GPIOIntMapSnowflake)
                  00010474    000000c0     gpio.obj (.const:g_ppui32GPIOIntMapBlizzard)
                  00010534    0000009c     interrupt.obj (.const:g_pui32Regs)
                  000105d0    00000098     rtsv7M4_T_le_v4SPD16_eabi.lib : s_atan.c.obj (.const:$O1$$)
                  00010668    00000090     gpio.obj (.const:g_pui32GPIOBaseAddrs)
                  000106f8    0000006c     sysctl.obj (.const:g_pui32Xtals)
                  00010764    00000060     timer.obj (.const:g_ppui32TimerIntMap)
                  000107c4    00000040     timer.obj (.const:g_ppui32TimerIntMapSnowflake)
                  00010804    00000040     uart.obj (.const:g_ppui32UARTIntMap)
                  00010844    00000040     uart.obj (.const:g_ppui32UARTIntMapSnowflake)
                  00010884    00000030     sysctl.obj (.const:g_sXTALtoMEMTIM)
                  000108b4    00000020     interrupt.obj (.const:g_pui32Priority)
                  000108d4    00000014     interrupt.obj (.const:g_pui32Dii16Regs)
                  000108e8    00000014     interrupt.obj (.const:g_pui32EnRegs)
                  000108fc    00000014     interrupt.obj (.const:g_pui32PendRegs)
                  00010910    00000014     interrupt.obj (.const:g_pui32UnpendRegs)
                  00010924    00000009     uartDMA_functions.obj (.const:.string:$P$T0$2)
                  0001092d    00000003     --HOLE-- [fill = 0]
                  00010930    00000008     sysctl.obj (.const:g_pui32VCOFrequencies)
                  00010938    00000004     main.obj (.const:$P$T100$47)
                  0001093c    00000004     main.obj (.const:$P$T101$48)
                  00010940    00000004     main.obj (.const:$P$T102$49)
                  00010944    00000004     main.obj (.const:$P$T103$50)
                  00010948    00000004     main.obj (.const:$P$T104$51)
                  0001094c    00000004     main.obj (.const:$P$T105$52)
                  00010950    00000004     main.obj (.const:$P$T106$53)
                  00010954    00000004     main.obj (.const:$P$T55$2)
                  00010958    00000004     main.obj (.const:$P$T56$3)
                  0001095c    00000004     main.obj (.const:$P$T57$4)
                  00010960    00000004     main.obj (.const:$P$T58$5)
                  00010964    00000004     main.obj (.const:$P$T59$6)
                  00010968    00000004     main.obj (.const:$P$T60$7)
                  0001096c    00000004     main.obj (.const:$P$T61$8)
                  00010970    00000004     main.obj (.const:$P$T62$9)
                  00010974    00000004     main.obj (.const:$P$T63$10)
                  00010978    00000004     main.obj (.const:$P$T64$11)
                  0001097c    00000004     main.obj (.const:$P$T65$12)
                  00010980    00000004     main.obj (.const:$P$T66$13)
                  00010984    00000004     main.obj (.const:$P$T67$14)
                  00010988    00000004     main.obj (.const:$P$T68$15)
                  0001098c    00000004     main.obj (.const:$P$T69$16)
                  00010990    00000004     main.obj (.const:$P$T70$17)
                  00010994    00000004     main.obj (.const:$P$T71$18)
                  00010998    00000004     main.obj (.const:$P$T72$19)
                  0001099c    00000004     main.obj (.const:$P$T73$20)
                  000109a0    00000004     main.obj (.const:$P$T74$21)
                  000109a4    00000004     main.obj (.const:$P$T75$22)
                  000109a8    00000004     main.obj (.const:$P$T76$23)
                  000109ac    00000004     main.obj (.const:$P$T77$24)
                  000109b0    00000004     main.obj (.const:$P$T78$25)
                  000109b4    00000004     main.obj (.const:$P$T79$26)
                  000109b8    00000004     main.obj (.const:$P$T80$27)
                  000109bc    00000004     main.obj (.const:$P$T81$28)
                  000109c0    00000004     main.obj (.const:$P$T82$29)
                  000109c4    00000004     main.obj (.const:$P$T83$30)
                  000109c8    00000004     main.obj (.const:$P$T84$31)
                  000109cc    00000004     main.obj (.const:$P$T85$32)
                  000109d0    00000004     main.obj (.const:$P$T86$33)
                  000109d4    00000004     main.obj (.const:$P$T87$34)
                  000109d8    00000004     main.obj (.const:$P$T88$35)
                  000109dc    00000004     main.obj (.const:$P$T89$36)
                  000109e0    00000004     main.obj (.const:$P$T90$37)
                  000109e4    00000004     main.obj (.const:$P$T91$38)
                  000109e8    00000004     main.obj (.const:$P$T92$39)
                  000109ec    00000004     main.obj (.const:$P$T93$40)
                  000109f0    00000004     main.obj (.const:$P$T94$41)
                  000109f4    00000004     main.obj (.const:$P$T95$42)
                  000109f8    00000004     main.obj (.const:$P$T96$43)
                  000109fc    00000004     main.obj (.const:$P$T97$44)
                  00010a00    00000004     main.obj (.const:$P$T98$45)
                  00010a04    00000004     main.obj (.const:$P$T99$46)

.cinit     0    00010a08    000008c8     
                  00010a08    0000088d     (.cinit..data.load) [load image, compression = lzss]
                  00011295    00000003     --HOLE-- [fill = 0]
                  00011298    0000000c     (__TI_handler_table)
                  000112a4    00000004     --HOLE-- [fill = 0]
                  000112a8    00000008     (.cinit..bss.load) [load image, compression = zero_init]
                  000112b0    00000008     (.cinit..vtable.load) [load image, compression = zero_init]
                  000112b8    00000018     (__TI_cinit_table)

.init_array 
*          0    00000000    00000000     UNINITIALIZED

.vtable    0    20000000    0000026c     UNINITIALIZED
                  20000000    0000026c     interrupt.obj (.vtable)

.data      0    2000ecd0    00006c10     UNINITIALIZED
                  2000ecd0    00002400     arrow_left.obj (.data:imgArrayArrowLButton)
                  200110d0    00002400     arrow_right.obj (.data:imgArrayArrowRButton)
                  200134d0    00002400     stopButton.obj (.data:imgArrayStopButton)
                  200158d0    00000009     uartDMA_functions.obj (.data:stepperMotorCommand$1)
                  200158d9    00000001     --HOLE--
                  200158da    00000002     main.obj (.data)
                  200158dc    00000004     rtsv7M4_T_le_v4SPD16_eabi.lib : errno.c.obj (.data)

.bss       0    20015c00    00001ed0     UNINITIALIZED
                  20015c00    00000c00     (.common:arrowColor)
                  20016800    00000400     (.common:pui8ControlTable)
                  20016c00    00000300     lcd_functions.obj (.bss:oldStop$2)
                  20016f00    00000300     (.common:startCord)
                  20017200    00000282     (.common:SensorData)
                  20017482    00000100     adc_functions.obj (.bss:CosResults)
                  20017582    00000100     adc_functions.obj (.bss:SinResults)
                  20017682    00000002     --HOLE--
                  20017684    000000e4     main.obj (.bss:settings)
                  20017768    00000080     adc_functions.obj (.bss:negCosResults$3)
                  200177e8    00000080     adc_functions.obj (.bss:negSinResults$1)
                  20017868    00000080     adc_functions.obj (.bss:posCosResults$4)
                  200178e8    00000080     adc_functions.obj (.bss:posSinResults$2)
                  20017968    00000080     (.common:CosOffset)
                  200179e8    00000080     (.common:SinOffset)
                  20017a68    00000040     lcd_functions.obj (.bss:oldArrowActive$3)
                  20017aa8    0000000c     lcd_functions.obj (.bss:stop$1)
                  20017ab4    00000008     uartDMA_functions.obj (.bss:UART0receive)
                  20017abc    00000008     adc.obj (.bss:g_pui8OversampleFactor)
                  20017ac4    00000008     main.obj (.bss)
                  20017acc    00000004     (.common:set)

.stack     0    20000270    0000ea60     UNINITIALIZED
                  20000270    00000004     rtsv7M4_T_le_v4SPD16_eabi.lib : boot_cortex_m.c.obj (.stack)
                  20000274    0000ea5c     --HOLE--

__llvm_prf_cnts 
*          0    20000000    00000000     UNINITIALIZED

MODULE SUMMARY

       Module                          code    ro data   rw data
       ------                          ----    -------   -------
    ./
       tm4c1294ncpdt_startup_ccs.obj   26      520       0      
    +--+-------------------------------+-------+---------+---------+
       Total:                          26      520       0      
                                                                
    ./main/
       main.obj                        2484    208       238    
    +--+-------------------------------+-------+---------+---------+
       Total:                          2484    208       238    
                                                                
    ./src/
       lcd_functions.obj               13764   8192      4688   
       adc_functions.obj               3136    0         1922   
       uartDMA_functions.obj           1328    9         1041   
       touch_functions.obj             1550    0         0      
       timer_functions.obj             328     0         0      
       EEPROM_functions.obj            68      0         0      
    +--+-------------------------------+-------+---------+---------+
       Total:                          20174   8201      7651   
                                                                
    ./src_images/
       arrow_left.obj                  0       0         9216   
       arrow_right.obj                 0       0         9216   
       stopButton.obj                  0       0         9216   
    +--+-------------------------------+-------+---------+---------+
       Total:                          0       0         27648  
                                                                
    ./tivaware/src/
       sysctl.obj                      5084    596       0      
       gpio.obj                        3430    552       0      
       adc.obj                         2330    0         8      
       interrupt.obj                   1208    268       620    
       uart.obj                        1822    128       0      
       timer.obj                       1788    160       0      
       eeprom.obj                      1684    0         0      
       udma.obj                        1474    0         0      
       cpu.obj                         82      0         0      
    +--+-------------------------------+-------+---------+---------+
       Total:                          18902   1704      628    
                                                                
    /home/ole/ti/ccs1010/ccs/tools/compiler/ti-cgt-arm_20.2.1.LTS/lib/rtsv7M4_T_le_v4SPD16_eabi.lib
       _printfi.c.obj                  4851    0         0      
       k_rem_pio2.c.obj                1848    344       0      
       s_cos.c.obj                     1500    0         0      
       s_sin.c.obj                     1476    0         0      
       s_atan.c.obj                    748     152       0      
       e_atan2.c.obj                   472     0         0      
       fd_add_t2.asm.obj               438     0         0      
       k_sin.c.obj                     372     0         0      
       k_cos.c.obj                     364     0         0      
       e_sqrt.c.obj                    344     0         0      
       fd_div_t2.asm.obj               310     0         0      
       s_scalbn.c.obj                  272     0         0      
       fd_cmp_t2.asm.obj               268     0         0      
       ctype.c.obj                     0       257       0      
       fd_mul_t2.asm.obj               252     0         0      
       s_floor.c.obj                   248     0         0      
       memcpy_t2.asm.obj               156     0         0      
       ull_div_t2.asm.obj              150     0         0      
       memset_t2.asm.obj               122     0         0      
       copy_decompress_lzss.c.obj      104     0         0      
       s_frexp.c.obj                   100     0         0      
       sprintf.c.obj                   98      0         0      
       _ltoa.c.obj                     84      0         0      
       atoi.c.obj                      76      0         0      
       fd_toi_t2.asm.obj               72      0         0      
       autoinit.c.obj                  68      0         0      
       boot_cortex_m.c.obj             52      0         0      
       i_tofd_t2.asm.obj               46      0         0      
       u_tofd_t2.asm.obj               32      0         0      
       memccpy.c.obj                   28      0         0      
       s_copysign.c.obj                26      0         0      
       strchr.c.obj                    22      0         0      
       strlen.c.obj                    20      0         0      
       wcslen.c.obj                    18      0         0      
       copy_decompress_none.c.obj      14      0         0      
       copy_zero_init.c.obj            12      0         0      
       errno.c.obj                     8       0         4      
       exit.c.obj                      4       0         0      
       pre_init.c.obj                  4       0         0      
       div0.asm.obj                    2       0         0      
    +--+-------------------------------+-------+---------+---------+
       Total:                          15081   753       4      
                                                                
       Stack:                          0       0         60000  
       Linker Generated:               0       2241      0      
    +--+-------------------------------+-------+---------+---------+
       Grand Total:                    56667   13627     96169  


LINKER GENERATED COPY TABLES

__TI_cinit_table @ 000112b8 records: 3, size/record: 8, table size: 24
	.data: load addr=00010a08, load size=0000088d bytes, run addr=2000ecd0, run size=00006c10 bytes, compression=lzss
	.bss: load addr=000112a8, load size=00000008 bytes, run addr=20015c00, run size=00001ed0 bytes, compression=zero_init
	.vtable: load addr=000112b0, load size=00000008 bytes, run addr=20000000, run size=0000026c bytes, compression=zero_init


LINKER GENERATED HANDLER TABLE

__TI_handler_table @ 00011298 records: 3, size/record: 4, table size: 12
	index: 0, handler: __TI_zero_init
	index: 1, handler: __TI_decompress_lzss
	index: 2, handler: __TI_decompress_none


GLOBAL SYMBOLS: SORTED ALPHABETICALLY BY Name 

address   name                              
-------   ----                              
000081e1  ADCBusy                           
00008231  ADCClockConfigGet                 
00008201  ADCClockConfigSet                 
00007fc9  ADCComparatorConfigure            
000080a9  ADCComparatorIntClear             
00008059  ADCComparatorIntDisable           
00008079  ADCComparatorIntEnable            
00008099  ADCComparatorIntStatus            
00007fe9  ADCComparatorRegionSet            
00008011  ADCComparatorReset                
00007f91  ADCHardwareOversampleConfigure    
00007ad9  ADCIntClear                       
00008129  ADCIntClearEx                     
00007a31  ADCIntDisable                     
000080c1  ADCIntDisableEx                   
00007a51  ADCIntEnable                      
000080d9  ADCIntEnableEx                    
000079e1  ADCIntRegister                    
00007a79  ADCIntStatus                      
000080f1  ADCIntStatusEx                    
00007a09  ADCIntUnregister                  
00008191  ADCPhaseDelayGet                  
00008179  ADCPhaseDelaySet                  
00007d59  ADCProcessorTrigger               
00008161  ADCReferenceGet                   
00008141  ADCReferenceSet                   
00007b31  ADCSequenceConfigure              
000081c1  ADCSequenceDMADisable             
000081a1  ADCSequenceDMAEnable              
00007d11  ADCSequenceDataGet                
00007b11  ADCSequenceDisable                
00007af1  ADCSequenceEnable                 
00007cb1  ADCSequenceOverflow               
00007cc9  ADCSequenceOverflowClear          
00007bb9  ADCSequenceStepConfigure          
00007ce1  ADCSequenceUnderflow              
00007cf9  ADCSequenceUnderflowClear         
00007d89  ADCSoftwareOversampleConfigure    
00007ee1  ADCSoftwareOversampleDataGet      
00007de9  ADCSoftwareOversampleStepConfigure
00007955  C$$EXIT                           
0000dc91  CPUbasepriGet                     
0000dc81  CPUbasepriSet                     
0000dc49  CPUcpsid                          
0000dc69  CPUcpsie                          
0000dc59  CPUprimask                        
0000dc79  CPUwfi                            
0000b999  ConfigureUART0                    
0000ba81  ConfigureUART2                    
20017968  CosOffset                         
00009901  EEPROMBlockCountGet               
00009d51  EEPROMBlockHide                   
00009cb9  EEPROMBlockLock                   
00009c41  EEPROMBlockPasswordSet            
00009bd1  EEPROMBlockProtectGet             
00009bf1  EEPROMBlockProtectSet             
00009ce9  EEPROMBlockUnlock                 
00009889  EEPROMInit                        
00009e11  EEPROMIntClear                    
00009da1  EEPROMIntDisable                  
00009d71  EEPROMIntEnable                   
00009dd1  EEPROMIntStatus                   
00009b69  EEPROMMassErase                   
00009999  EEPROMProgram                     
00009af1  EEPROMProgramNonBlocking          
00009919  EEPROMRead                        
000098e9  EEPROMSizeGet                     
00009e59  EEPROMStatusGet                   
000058f1  GPIOADCTriggerDisable             
000058d1  GPIOADCTriggerEnable              
000058b1  GPIODMATriggerDisable             
00005891  GPIODMATriggerEnable              
00004c91  GPIODirModeGet                    
00004c31  GPIODirModeSet                    
00005229  GPIOIntClear                      
000051e1  GPIOIntDisable                    
000051c1  GPIOIntEnable                     
00005241  GPIOIntRegister                   
00005289  GPIOIntRegisterPin                
00005201  GPIOIntStatus                     
00004d91  GPIOIntTypeGet                    
00004ce1  GPIOIntTypeSet                    
00005269  GPIOIntUnregister                 
000052b9  GPIOIntUnregisterPin              
00005069  GPIOPadConfigGet                  
00004e11  GPIOPadConfigSet                  
00005811  GPIOPinConfigure                  
000052e9  GPIOPinRead                       
00005321  GPIOPinTypeADC                    
00005351  GPIOPinTypeCAN                    
00005381  GPIOPinTypeComparator             
000053b1  GPIOPinTypeComparatorOutput       
000053e1  GPIOPinTypeDIVSCLK                
00005411  GPIOPinTypeEPI                    
00005441  GPIOPinTypeEthernetLED            
00005471  GPIOPinTypeEthernetMII            
000054a1  GPIOPinTypeGPIOInput              
000054d1  GPIOPinTypeGPIOOutput             
00005501  GPIOPinTypeGPIOOutputOD           
00005531  GPIOPinTypeHibernateRTCCLK        
00005561  GPIOPinTypeI2C                    
00005591  GPIOPinTypeI2CSCL                 
000055c1  GPIOPinTypeLCD                    
000055f1  GPIOPinTypeOneWire                
00005621  GPIOPinTypePWM                    
00005651  GPIOPinTypeQEI                    
00005681  GPIOPinTypeSSI                    
000056b1  GPIOPinTypeTimer                  
000056e1  GPIOPinTypeTrace                  
00005711  GPIOPinTypeUART                   
00005741  GPIOPinTypeUSBAnalog              
00005771  GPIOPinTypeUSBDigital             
000057a1  GPIOPinTypeWakeHigh               
000057d1  GPIOPinTypeWakeLow                
00005801  GPIOPinWakeStatus                 
00005301  GPIOPinWrite                      
0000bd79  IntDisable                        
0000bce1  IntEnable                         
0000be11  IntIsEnabled                      
0000bb29  IntMasterDisable                  
0000bb19  IntMasterEnable                   
0000bf31  IntPendClear                      
0000beb1  IntPendSet                        
0000bcb1  IntPriorityGet                    
0000bc09  IntPriorityGroupingGet            
0000bbd9  IntPriorityGroupingSet            
0000bfa9  IntPriorityMaskGet                
0000bf99  IntPriorityMaskSet                
0000bc51  IntPrioritySet                    
0000bb39  IntRegister                       
0000bfb1  IntTrigger                        
0000bbb9  IntUnregister                     
0000def1  ResetISR                          
20017200  SensorData                        
200179e8  SinOffset                         
00004b91  SysCtlAltClkConfig                
00004041  SysCtlClockFreqSet                
00004659  SysCtlClockGet                    
00004b69  SysCtlClockOutConfig              
00004409  SysCtlClockSet                    
00003f21  SysCtlDeepSleep                   
00004889  SysCtlDeepSleepClockConfigSet     
00004871  SysCtlDeepSleepClockSet           
00003ee9  SysCtlDeepSleepPowerSet           
0000b5db  SysCtlDelay                       
00003929  SysCtlFlashSectorSizeGet          
000038d9  SysCtlFlashSizeGet                
000049b9  SysCtlGPIOAHBDisable              
00004991  SysCtlGPIOAHBEnable               
00003e39  SysCtlIntClear                    
00003e19  SysCtlIntDisable                  
00003df9  SysCtlIntEnable                   
00003dd1  SysCtlIntRegister                 
00003e51  SysCtlIntStatus                   
00003de9  SysCtlIntUnregister               
00003ec1  SysCtlLDODeepSleepGet             
00003ea9  SysCtlLDODeepSleepSet             
00003e99  SysCtlLDOSleepGet                 
00003e81  SysCtlLDOSleepSet                 
00003f79  SysCtlMOSCConfigSet               
00004b49  SysCtlNMIClear                    
00004b39  SysCtlNMIStatus                   
00003f91  SysCtlPIOSCCalibrate              
00004969  SysCtlPWMClockGet                 
00004941  SysCtlPWMClockSet                 
00003d49  SysCtlPeripheralClockGating       
00003cf9  SysCtlPeripheralDeepSleepDisable  
00003ca9  SysCtlPeripheralDeepSleepEnable   
00003bb9  SysCtlPeripheralDisable           
00003b69  SysCtlPeripheralEnable            
00003a69  SysCtlPeripheralPowerOff          
00003a19  SysCtlPeripheralPowerOn           
00003969  SysCtlPeripheralPresent           
000039c1  SysCtlPeripheralReady             
00003ab9  SysCtlPeripheralReset             
00003c59  SysCtlPeripheralSleepDisable      
00003c09  SysCtlPeripheralSleepEnable       
00003f01  SysCtlReset                       
00004031  SysCtlResetBehaviorGet            
00004019  SysCtlResetBehaviorSet            
00003f59  SysCtlResetCauseClear             
00003f49  SysCtlResetCauseGet               
000038c9  SysCtlSRAMSizeGet                 
00003f19  SysCtlSleep                       
00003ed1  SysCtlSleepPowerSet               
000049f9  SysCtlUSBPLLDisable               
000049e1  SysCtlUSBPLLEnable                
00004a59  SysCtlVCOGet                      
00004a39  SysCtlVoltageEventClear           
00004a11  SysCtlVoltageEventConfig          
00004a29  SysCtlVoltageEventStatus          
00009741  TimerADCEventGet                  
00009729  TimerADCEventSet                  
00009401  TimerClockSourceGet               
000093e9  TimerClockSourceSet               
000091a9  TimerConfigure                    
000092f1  TimerControlEvent                 
00009239  TimerControlLevel                 
00009321  TimerControlStall                 
00009271  TimerControlTrigger               
00009359  TimerControlWaitOnTrigger         
00009769  TimerDMAEventGet                  
00009751  TimerDMAEventSet                  
00009189  TimerDisable                      
00009169  TimerEnable                       
000096f9  TimerIntClear                     
000096c1  TimerIntDisable                   
000096a9  TimerIntEnable                    
00009659  TimerIntRegister                  
000096d9  TimerIntStatus                    
00009681  TimerIntUnregister                
000094e1  TimerLoadGet                      
00009521  TimerLoadGet64                    
000094b1  TimerLoadSet                      
00009501  TimerLoadSet64                    
000095e1  TimerMatchGet                     
00009621  TimerMatchGet64                   
000095b1  TimerMatchSet                     
00009601  TimerMatchSet64                   
00009441  TimerPrescaleGet                  
00009491  TimerPrescaleMatchGet             
00009461  TimerPrescaleMatchSet             
00009411  TimerPrescaleSet                  
000093d1  TimerRTCDisable                   
000093b9  TimerRTCEnable                    
00009711  TimerSynchronize                  
00009779  TimerUpdateMode                   
00009559  TimerValueGet                     
00009579  TimerValueGet64                   
0000b5e1  UART0ClearInterrupt               
00007121  UART0InterruptHandler             
0000b821  UART2IntHandler                   
00009051  UART9BitAddrSend                  
00009029  UART9BitAddrSet                   
00009011  UART9BitDisable                   
00008ff9  UART9BitEnable                    
00008e79  UARTBreakCtl                      
00008ea9  UARTBusy                          
00008e01  UARTCharGet                       
00008de1  UARTCharGetNonBlocking            
00008e49  UARTCharPut                       
00008e21  UARTCharPutNonBlocking            
00008da1  UARTCharsAvail                    
00008fe9  UARTClockSourceGet                
00008fd1  UARTClockSourceSet                
00008b31  UARTConfigGetExpClk               
00008ab1  UARTConfigSetExpClk               
00008f91  UARTDMADisable                    
00008f79  UARTDMAEnable                     
00008ba9  UARTDisable                       
00008c49  UARTDisableSIR                    
00008b81  UARTEnable                        
00008c19  UARTEnableSIR                     
00008c01  UARTFIFODisable                   
00008be9  UARTFIFOEnable                    
00008a89  UARTFIFOLevelGet                  
00008a71  UARTFIFOLevelSet                  
00008d51  UARTFlowControlGet                
00008d31  UARTFlowControlSet                
0000b5f9  UARTGetIntStatus                  
00008f61  UARTIntClear                      
00008f29  UARTIntDisable                    
00008f11  UARTIntEnable                     
00008ec9  UARTIntRegister                   
00008f41  UARTIntStatus                     
00008ef1  UARTIntUnregister                 
000090b9  UARTLoopbackEnable                
00008cd9  UARTModemControlClear             
00008d01  UARTModemControlGet               
00008cb1  UARTModemControlSet               
00008d19  UARTModemStatusGet                
00008a59  UARTParityModeGet                 
00008a39  UARTParityModeSet                 
00008fc1  UARTRxErrorClear                  
00008fa9  UARTRxErrorGet                    
00008c99  UARTSmartCardDisable              
00008c61  UARTSmartCardEnable               
00008dc1  UARTSpaceAvail                    
00008d89  UARTTxIntModeGet                  
00008d69  UARTTxIntModeSet                  
2000ecd0  __STACK_END                       
0000ea60  __STACK_SIZE                      
20000470  __STACK_TOP                       
000112b8  __TI_CINIT_Base                   
000112d0  __TI_CINIT_Limit                  
00011298  __TI_Handler_Table_Base           
000112a4  __TI_Handler_Table_Limit          
0000dd75  __TI_auto_init_nobinit_nopinit    
0000da7d  __TI_decompress_lzss              
0000df5f  __TI_decompress_none              
0000db9f  __TI_ltoa                         
ffffffff  __TI_pprof_out_hndl               
00006551  __TI_printfi                      
ffffffff  __TI_prof_data_size               
ffffffff  __TI_prof_data_start              
00000000  __TI_static_base__                
0000df6d  __TI_zero_init                    
0000d889  __aeabi_cdcmpeq                   
0000d889  __aeabi_cdcmple                   
0000d90f  __aeabi_cdrcmple                  
0000dce9  __aeabi_d2iz                      
0000c8d7  __aeabi_dadd                      
0000d145  __aeabi_ddiv                      
0000d4b1  __aeabi_dmul                      
0000c8cd  __aeabi_dsub                      
0000df85  __aeabi_errno_addr                
0000de6d  __aeabi_i2d                       
00004ba7  __aeabi_idiv0                     
00004ba7  __aeabi_ldiv0                     
0000d995  __aeabi_memclr                    
0000d995  __aeabi_memclr4                   
0000d995  __aeabi_memclr8                   
0000d757  __aeabi_memcpy                    
0000d757  __aeabi_memcpy4                   
0000d757  __aeabi_memcpy8                   
0000d997  __aeabi_memset                    
0000d997  __aeabi_memset4                   
0000d997  __aeabi_memset8                   
0000de9b  __aeabi_ui2d                      
0000d7f3  __aeabi_uldivmod                  
ffffffff  __binit__                         
ffffffff  __c_args__                        
0000cbf9  __kernel_cos                      
00008275  __kernel_rem_pio2                 
0000ca85  __kernel_sin                      
UNDEFED   __mpu_init                        
20000270  __stack                           
20000000  __start___llvm_prf_cnts           
20000000  __stop___llvm_prf_cnts            
0000de39  _c_int00_noargs                   
00010298  _ctypes_                          
UNDEFED   _system_post_cinit                
000037cd  _system_pre_init                  
00007955  abort                             
00005941  adcIntClear                       
000070b9  adcInterruptHandler               
20015c00  arrowColor                        
0000bfc9  atan                              
0000c525  atan2                             
0000c525  atan2l                            
0000bfc9  atanl                             
0000dc9d  atoi                              
ffffffff  binit                             
00005d21  computeArrows                     
000062e9  configureADC                      
0000dd61  configureEEPROM                   
00000209  configureLCD                      
000034f9  configureLCDHardware              
0000cf31  configureTimer0                   
0000cfa1  configureTimer1                   
0000a3f1  configureTouch                    
0000b8f9  configureUartUDMA                 
0000ded7  copysign                          
0000ded7  copysignl                         
0000a479  cos                               
0000a479  cosl                              
000007f1  drawArrowLengthMenu               
00000f19  drawDisplay                       
00000319  drawDisplayLayout                 
00001689  drawLine                          
000015a9  drawRectangle                     
00000601  drawSettingsMenu                  
00000ce1  drawString                        
200158dc  errno                             
0000d5ad  floor                             
0000d5ad  floorl                            
0000dae5  frexp                             
0000dae5  frexpl                            
20000000  g_pfnRAMVectors                   
00000000  g_pfnVectors                      
00003291  generateColors                    
0000b621  getMaxArrowLengthUART             
0000b611  getUART0RxData                    
2000ecd0  imgArrayArrowLButton              
200110d0  imgArrayArrowRButton              
200134d0  imgArrayStopButton                
00007371  initROM                           
0000d3a1  ldexp                             
0000d3a1  ldexpl                            
0000dd31  loadSettingsFromEEPROM            
00006fa1  main                              
0000debb  memccpy                           
0000d757  memcpy                            
0000d99d  memset                            
0000b659  prepareNextReceiveDMA             
20016800  pui8ControlTable                  
0000b859  receiveDataFromMotor              
0000dd49  saveSettingsToEEPROM              
0000d3a1  scalbn                            
0000d3a1  scalbnl                           
0000b759  sendCommandToMotor                
0000b6b1  sendRawCommandToMotor             
0000b681  sendUARTDMA                       
20017acc  set                               
000059a1  setADCHardwareAveraging           
000002e9  setLCDLayout                      
00005959  setMultiplexer                    
0000aa55  sin                               
0000aa55  sinl                              
0000ddb9  sprintf                           
0000cd65  sqrt                              
0000cd65  sqrtl                             
00005911  startADConversion                 
20016f00  startCord                         
0000cf19  startTimer1                       
00005a01  storeArraySensorData              
0000df23  strchr                            
0000df39  strlen                            
0000cef1  timer0IntClear                    
0000cec1  timer0InterruptDisable            
0000ced1  timer0InterruptEnable             
00007031  timer0InterruptHandler            
0000cf01  timer1IntClear                    
000070a9  timer1InterruptHandler            
00009e81  touchGetArrowLength               
0000a0f9  touchGetMenuItem                  
0000a009  touchGetSettingNum                
00009e69  touchInterruptClear               
00007229  touchInterruptHandler             
0000a2b9  touchRead                         
0000b551  uDMAChannelAssign                 
0000b191  uDMAChannelAttributeDisable       
0000b121  uDMAChannelAttributeEnable        
0000b201  uDMAChannelAttributeGet           
0000b289  uDMAChannelControlSet             
0000b079  uDMAChannelDisable                
0000b059  uDMAChannelEnable                 
0000b099  uDMAChannelIsEnabled              
0000b4a1  uDMAChannelModeGet                
0000b101  uDMAChannelRequest                
0000b3c9  uDMAChannelScatterGatherSet       
0000b5c1  uDMAChannelSelectDefault          
0000b5a1  uDMAChannelSelectSecondary        
0000b459  uDMAChannelSizeGet                
0000b2d1  uDMAChannelTransferSet            
0000b0f1  uDMAControlAlternateBaseGet       
0000b0e1  uDMAControlBaseGet                
0000b0c9  uDMAControlBaseSet                
0000b029  uDMADisable                       
0000b019  uDMAEnable                        
0000b049  uDMAErrorStatusClear              
0000b039  uDMAErrorStatusGet                
0000b539  uDMAIntClear                      
0000b4f1  uDMAIntRegister                   
0000b529  uDMAIntStatus                     
0000b511  uDMAIntUnregister                 
0000df4d  wcslen                            
00000a11  writeButton                       
000033c1  writeCmdData                      
00003389  writeCommand                      
000033f9  writeData                         
00000b89  writeInfo                         
000029f9  writeLine0Degree                  
00002ac9  writeLine180Degree                
00002b31  writeLine270Degree                
00002a61  writeLine90Degree                 
00002bb1  writeLineQuadrant1_I              
00002c89  writeLineQuadrant1_II             
00002d61  writeLineQuadrant2_I              
00002e39  writeLineQuadrant2_II             
00002f21  writeLineQuadrant3_I              
00002ff9  writeLineQuadrant3_II             
000030d1  writeLineQuadrant4_I              
000031b1  writeLineQuadrant4_II             
00000c91  writeMaxAnalogValue               
00003479  writePosition                     


GLOBAL SYMBOLS: SORTED BY Symbol Address 

address   name                              
-------   ----                              
00000000  __TI_static_base__                
00000000  g_pfnVectors                      
00000209  configureLCD                      
000002e9  setLCDLayout                      
00000319  drawDisplayLayout                 
00000601  drawSettingsMenu                  
000007f1  drawArrowLengthMenu               
00000a11  writeButton                       
00000b89  writeInfo                         
00000c91  writeMaxAnalogValue               
00000ce1  drawString                        
00000f19  drawDisplay                       
000015a9  drawRectangle                     
00001689  drawLine                          
000029f9  writeLine0Degree                  
00002a61  writeLine90Degree                 
00002ac9  writeLine180Degree                
00002b31  writeLine270Degree                
00002bb1  writeLineQuadrant1_I              
00002c89  writeLineQuadrant1_II             
00002d61  writeLineQuadrant2_I              
00002e39  writeLineQuadrant2_II             
00002f21  writeLineQuadrant3_I              
00002ff9  writeLineQuadrant3_II             
000030d1  writeLineQuadrant4_I              
000031b1  writeLineQuadrant4_II             
00003291  generateColors                    
00003389  writeCommand                      
000033c1  writeCmdData                      
000033f9  writeData                         
00003479  writePosition                     
000034f9  configureLCDHardware              
000037cd  _system_pre_init                  
000038c9  SysCtlSRAMSizeGet                 
000038d9  SysCtlFlashSizeGet                
00003929  SysCtlFlashSectorSizeGet          
00003969  SysCtlPeripheralPresent           
000039c1  SysCtlPeripheralReady             
00003a19  SysCtlPeripheralPowerOn           
00003a69  SysCtlPeripheralPowerOff          
00003ab9  SysCtlPeripheralReset             
00003b69  SysCtlPeripheralEnable            
00003bb9  SysCtlPeripheralDisable           
00003c09  SysCtlPeripheralSleepEnable       
00003c59  SysCtlPeripheralSleepDisable      
00003ca9  SysCtlPeripheralDeepSleepEnable   
00003cf9  SysCtlPeripheralDeepSleepDisable  
00003d49  SysCtlPeripheralClockGating       
00003dd1  SysCtlIntRegister                 
00003de9  SysCtlIntUnregister               
00003df9  SysCtlIntEnable                   
00003e19  SysCtlIntDisable                  
00003e39  SysCtlIntClear                    
00003e51  SysCtlIntStatus                   
00003e81  SysCtlLDOSleepSet                 
00003e99  SysCtlLDOSleepGet                 
00003ea9  SysCtlLDODeepSleepSet             
00003ec1  SysCtlLDODeepSleepGet             
00003ed1  SysCtlSleepPowerSet               
00003ee9  SysCtlDeepSleepPowerSet           
00003f01  SysCtlReset                       
00003f19  SysCtlSleep                       
00003f21  SysCtlDeepSleep                   
00003f49  SysCtlResetCauseGet               
00003f59  SysCtlResetCauseClear             
00003f79  SysCtlMOSCConfigSet               
00003f91  SysCtlPIOSCCalibrate              
00004019  SysCtlResetBehaviorSet            
00004031  SysCtlResetBehaviorGet            
00004041  SysCtlClockFreqSet                
00004409  SysCtlClockSet                    
00004659  SysCtlClockGet                    
00004871  SysCtlDeepSleepClockSet           
00004889  SysCtlDeepSleepClockConfigSet     
00004941  SysCtlPWMClockSet                 
00004969  SysCtlPWMClockGet                 
00004991  SysCtlGPIOAHBEnable               
000049b9  SysCtlGPIOAHBDisable              
000049e1  SysCtlUSBPLLEnable                
000049f9  SysCtlUSBPLLDisable               
00004a11  SysCtlVoltageEventConfig          
00004a29  SysCtlVoltageEventStatus          
00004a39  SysCtlVoltageEventClear           
00004a59  SysCtlVCOGet                      
00004b39  SysCtlNMIStatus                   
00004b49  SysCtlNMIClear                    
00004b69  SysCtlClockOutConfig              
00004b91  SysCtlAltClkConfig                
00004ba7  __aeabi_idiv0                     
00004ba7  __aeabi_ldiv0                     
00004c31  GPIODirModeSet                    
00004c91  GPIODirModeGet                    
00004ce1  GPIOIntTypeSet                    
00004d91  GPIOIntTypeGet                    
00004e11  GPIOPadConfigSet                  
00005069  GPIOPadConfigGet                  
000051c1  GPIOIntEnable                     
000051e1  GPIOIntDisable                    
00005201  GPIOIntStatus                     
00005229  GPIOIntClear                      
00005241  GPIOIntRegister                   
00005269  GPIOIntUnregister                 
00005289  GPIOIntRegisterPin                
000052b9  GPIOIntUnregisterPin              
000052e9  GPIOPinRead                       
00005301  GPIOPinWrite                      
00005321  GPIOPinTypeADC                    
00005351  GPIOPinTypeCAN                    
00005381  GPIOPinTypeComparator             
000053b1  GPIOPinTypeComparatorOutput       
000053e1  GPIOPinTypeDIVSCLK                
00005411  GPIOPinTypeEPI                    
00005441  GPIOPinTypeEthernetLED            
00005471  GPIOPinTypeEthernetMII            
000054a1  GPIOPinTypeGPIOInput              
000054d1  GPIOPinTypeGPIOOutput             
00005501  GPIOPinTypeGPIOOutputOD           
00005531  GPIOPinTypeHibernateRTCCLK        
00005561  GPIOPinTypeI2C                    
00005591  GPIOPinTypeI2CSCL                 
000055c1  GPIOPinTypeLCD                    
000055f1  GPIOPinTypeOneWire                
00005621  GPIOPinTypePWM                    
00005651  GPIOPinTypeQEI                    
00005681  GPIOPinTypeSSI                    
000056b1  GPIOPinTypeTimer                  
000056e1  GPIOPinTypeTrace                  
00005711  GPIOPinTypeUART                   
00005741  GPIOPinTypeUSBAnalog              
00005771  GPIOPinTypeUSBDigital             
000057a1  GPIOPinTypeWakeHigh               
000057d1  GPIOPinTypeWakeLow                
00005801  GPIOPinWakeStatus                 
00005811  GPIOPinConfigure                  
00005891  GPIODMATriggerEnable              
000058b1  GPIODMATriggerDisable             
000058d1  GPIOADCTriggerEnable              
000058f1  GPIOADCTriggerDisable             
00005911  startADConversion                 
00005941  adcIntClear                       
00005959  setMultiplexer                    
000059a1  setADCHardwareAveraging           
00005a01  storeArraySensorData              
00005d21  computeArrows                     
000062e9  configureADC                      
00006551  __TI_printfi                      
00006fa1  main                              
00007031  timer0InterruptHandler            
000070a9  timer1InterruptHandler            
000070b9  adcInterruptHandler               
00007121  UART0InterruptHandler             
00007229  touchInterruptHandler             
00007371  initROM                           
00007955  C$$EXIT                           
00007955  abort                             
000079e1  ADCIntRegister                    
00007a09  ADCIntUnregister                  
00007a31  ADCIntDisable                     
00007a51  ADCIntEnable                      
00007a79  ADCIntStatus                      
00007ad9  ADCIntClear                       
00007af1  ADCSequenceEnable                 
00007b11  ADCSequenceDisable                
00007b31  ADCSequenceConfigure              
00007bb9  ADCSequenceStepConfigure          
00007cb1  ADCSequenceOverflow               
00007cc9  ADCSequenceOverflowClear          
00007ce1  ADCSequenceUnderflow              
00007cf9  ADCSequenceUnderflowClear         
00007d11  ADCSequenceDataGet                
00007d59  ADCProcessorTrigger               
00007d89  ADCSoftwareOversampleConfigure    
00007de9  ADCSoftwareOversampleStepConfigure
00007ee1  ADCSoftwareOversampleDataGet      
00007f91  ADCHardwareOversampleConfigure    
00007fc9  ADCComparatorConfigure            
00007fe9  ADCComparatorRegionSet            
00008011  ADCComparatorReset                
00008059  ADCComparatorIntDisable           
00008079  ADCComparatorIntEnable            
00008099  ADCComparatorIntStatus            
000080a9  ADCComparatorIntClear             
000080c1  ADCIntDisableEx                   
000080d9  ADCIntEnableEx                    
000080f1  ADCIntStatusEx                    
00008129  ADCIntClearEx                     
00008141  ADCReferenceSet                   
00008161  ADCReferenceGet                   
00008179  ADCPhaseDelaySet                  
00008191  ADCPhaseDelayGet                  
000081a1  ADCSequenceDMAEnable              
000081c1  ADCSequenceDMADisable             
000081e1  ADCBusy                           
00008201  ADCClockConfigSet                 
00008231  ADCClockConfigGet                 
00008275  __kernel_rem_pio2                 
00008a39  UARTParityModeSet                 
00008a59  UARTParityModeGet                 
00008a71  UARTFIFOLevelSet                  
00008a89  UARTFIFOLevelGet                  
00008ab1  UARTConfigSetExpClk               
00008b31  UARTConfigGetExpClk               
00008b81  UARTEnable                        
00008ba9  UARTDisable                       
00008be9  UARTFIFOEnable                    
00008c01  UARTFIFODisable                   
00008c19  UARTEnableSIR                     
00008c49  UARTDisableSIR                    
00008c61  UARTSmartCardEnable               
00008c99  UARTSmartCardDisable              
00008cb1  UARTModemControlSet               
00008cd9  UARTModemControlClear             
00008d01  UARTModemControlGet               
00008d19  UARTModemStatusGet                
00008d31  UARTFlowControlSet                
00008d51  UARTFlowControlGet                
00008d69  UARTTxIntModeSet                  
00008d89  UARTTxIntModeGet                  
00008da1  UARTCharsAvail                    
00008dc1  UARTSpaceAvail                    
00008de1  UARTCharGetNonBlocking            
00008e01  UARTCharGet                       
00008e21  UARTCharPutNonBlocking            
00008e49  UARTCharPut                       
00008e79  UARTBreakCtl                      
00008ea9  UARTBusy                          
00008ec9  UARTIntRegister                   
00008ef1  UARTIntUnregister                 
00008f11  UARTIntEnable                     
00008f29  UARTIntDisable                    
00008f41  UARTIntStatus                     
00008f61  UARTIntClear                      
00008f79  UARTDMAEnable                     
00008f91  UARTDMADisable                    
00008fa9  UARTRxErrorGet                    
00008fc1  UARTRxErrorClear                  
00008fd1  UARTClockSourceSet                
00008fe9  UARTClockSourceGet                
00008ff9  UART9BitEnable                    
00009011  UART9BitDisable                   
00009029  UART9BitAddrSet                   
00009051  UART9BitAddrSend                  
000090b9  UARTLoopbackEnable                
00009169  TimerEnable                       
00009189  TimerDisable                      
000091a9  TimerConfigure                    
00009239  TimerControlLevel                 
00009271  TimerControlTrigger               
000092f1  TimerControlEvent                 
00009321  TimerControlStall                 
00009359  TimerControlWaitOnTrigger         
000093b9  TimerRTCEnable                    
000093d1  TimerRTCDisable                   
000093e9  TimerClockSourceSet               
00009401  TimerClockSourceGet               
00009411  TimerPrescaleSet                  
00009441  TimerPrescaleGet                  
00009461  TimerPrescaleMatchSet             
00009491  TimerPrescaleMatchGet             
000094b1  TimerLoadSet                      
000094e1  TimerLoadGet                      
00009501  TimerLoadSet64                    
00009521  TimerLoadGet64                    
00009559  TimerValueGet                     
00009579  TimerValueGet64                   
000095b1  TimerMatchSet                     
000095e1  TimerMatchGet                     
00009601  TimerMatchSet64                   
00009621  TimerMatchGet64                   
00009659  TimerIntRegister                  
00009681  TimerIntUnregister                
000096a9  TimerIntEnable                    
000096c1  TimerIntDisable                   
000096d9  TimerIntStatus                    
000096f9  TimerIntClear                     
00009711  TimerSynchronize                  
00009729  TimerADCEventSet                  
00009741  TimerADCEventGet                  
00009751  TimerDMAEventSet                  
00009769  TimerDMAEventGet                  
00009779  TimerUpdateMode                   
00009889  EEPROMInit                        
000098e9  EEPROMSizeGet                     
00009901  EEPROMBlockCountGet               
00009919  EEPROMRead                        
00009999  EEPROMProgram                     
00009af1  EEPROMProgramNonBlocking          
00009b69  EEPROMMassErase                   
00009bd1  EEPROMBlockProtectGet             
00009bf1  EEPROMBlockProtectSet             
00009c41  EEPROMBlockPasswordSet            
00009cb9  EEPROMBlockLock                   
00009ce9  EEPROMBlockUnlock                 
00009d51  EEPROMBlockHide                   
00009d71  EEPROMIntEnable                   
00009da1  EEPROMIntDisable                  
00009dd1  EEPROMIntStatus                   
00009e11  EEPROMIntClear                    
00009e59  EEPROMStatusGet                   
00009e69  touchInterruptClear               
00009e81  touchGetArrowLength               
0000a009  touchGetSettingNum                
0000a0f9  touchGetMenuItem                  
0000a2b9  touchRead                         
0000a3f1  configureTouch                    
0000a479  cos                               
0000a479  cosl                              
0000aa55  sin                               
0000aa55  sinl                              
0000b019  uDMAEnable                        
0000b029  uDMADisable                       
0000b039  uDMAErrorStatusGet                
0000b049  uDMAErrorStatusClear              
0000b059  uDMAChannelEnable                 
0000b079  uDMAChannelDisable                
0000b099  uDMAChannelIsEnabled              
0000b0c9  uDMAControlBaseSet                
0000b0e1  uDMAControlBaseGet                
0000b0f1  uDMAControlAlternateBaseGet       
0000b101  uDMAChannelRequest                
0000b121  uDMAChannelAttributeEnable        
0000b191  uDMAChannelAttributeDisable       
0000b201  uDMAChannelAttributeGet           
0000b289  uDMAChannelControlSet             
0000b2d1  uDMAChannelTransferSet            
0000b3c9  uDMAChannelScatterGatherSet       
0000b459  uDMAChannelSizeGet                
0000b4a1  uDMAChannelModeGet                
0000b4f1  uDMAIntRegister                   
0000b511  uDMAIntUnregister                 
0000b529  uDMAIntStatus                     
0000b539  uDMAIntClear                      
0000b551  uDMAChannelAssign                 
0000b5a1  uDMAChannelSelectSecondary        
0000b5c1  uDMAChannelSelectDefault          
0000b5db  SysCtlDelay                       
0000b5e1  UART0ClearInterrupt               
0000b5f9  UARTGetIntStatus                  
0000b611  getUART0RxData                    
0000b621  getMaxArrowLengthUART             
0000b659  prepareNextReceiveDMA             
0000b681  sendUARTDMA                       
0000b6b1  sendRawCommandToMotor             
0000b759  sendCommandToMotor                
0000b821  UART2IntHandler                   
0000b859  receiveDataFromMotor              
0000b8f9  configureUartUDMA                 
0000b999  ConfigureUART0                    
0000ba81  ConfigureUART2                    
0000bb19  IntMasterEnable                   
0000bb29  IntMasterDisable                  
0000bb39  IntRegister                       
0000bbb9  IntUnregister                     
0000bbd9  IntPriorityGroupingSet            
0000bc09  IntPriorityGroupingGet            
0000bc51  IntPrioritySet                    
0000bcb1  IntPriorityGet                    
0000bce1  IntEnable                         
0000bd79  IntDisable                        
0000be11  IntIsEnabled                      
0000beb1  IntPendSet                        
0000bf31  IntPendClear                      
0000bf99  IntPriorityMaskSet                
0000bfa9  IntPriorityMaskGet                
0000bfb1  IntTrigger                        
0000bfc9  atan                              
0000bfc9  atanl                             
0000c525  atan2                             
0000c525  atan2l                            
0000c8cd  __aeabi_dsub                      
0000c8d7  __aeabi_dadd                      
0000ca85  __kernel_sin                      
0000cbf9  __kernel_cos                      
0000cd65  sqrt                              
0000cd65  sqrtl                             
0000cec1  timer0InterruptDisable            
0000ced1  timer0InterruptEnable             
0000cef1  timer0IntClear                    
0000cf01  timer1IntClear                    
0000cf19  startTimer1                       
0000cf31  configureTimer0                   
0000cfa1  configureTimer1                   
0000d145  __aeabi_ddiv                      
0000d3a1  ldexp                             
0000d3a1  ldexpl                            
0000d3a1  scalbn                            
0000d3a1  scalbnl                           
0000d4b1  __aeabi_dmul                      
0000d5ad  floor                             
0000d5ad  floorl                            
0000d757  __aeabi_memcpy                    
0000d757  __aeabi_memcpy4                   
0000d757  __aeabi_memcpy8                   
0000d757  memcpy                            
0000d7f3  __aeabi_uldivmod                  
0000d889  __aeabi_cdcmpeq                   
0000d889  __aeabi_cdcmple                   
0000d90f  __aeabi_cdrcmple                  
0000d995  __aeabi_memclr                    
0000d995  __aeabi_memclr4                   
0000d995  __aeabi_memclr8                   
0000d997  __aeabi_memset                    
0000d997  __aeabi_memset4                   
0000d997  __aeabi_memset8                   
0000d99d  memset                            
0000da7d  __TI_decompress_lzss              
0000dae5  frexp                             
0000dae5  frexpl                            
0000db9f  __TI_ltoa                         
0000dc49  CPUcpsid                          
0000dc59  CPUprimask                        
0000dc69  CPUcpsie                          
0000dc79  CPUwfi                            
0000dc81  CPUbasepriSet                     
0000dc91  CPUbasepriGet                     
0000dc9d  atoi                              
0000dce9  __aeabi_d2iz                      
0000dd31  loadSettingsFromEEPROM            
0000dd49  saveSettingsToEEPROM              
0000dd61  configureEEPROM                   
0000dd75  __TI_auto_init_nobinit_nopinit    
0000ddb9  sprintf                           
0000de39  _c_int00_noargs                   
0000de6d  __aeabi_i2d                       
0000de9b  __aeabi_ui2d                      
0000debb  memccpy                           
0000ded7  copysign                          
0000ded7  copysignl                         
0000def1  ResetISR                          
0000df23  strchr                            
0000df39  strlen                            
0000df4d  wcslen                            
0000df5f  __TI_decompress_none              
0000df6d  __TI_zero_init                    
0000df85  __aeabi_errno_addr                
0000ea60  __STACK_SIZE                      
00010298  _ctypes_                          
00011298  __TI_Handler_Table_Base           
000112a4  __TI_Handler_Table_Limit          
000112b8  __TI_CINIT_Base                   
000112d0  __TI_CINIT_Limit                  
20000000  __start___llvm_prf_cnts           
20000000  __stop___llvm_prf_cnts            
20000000  g_pfnRAMVectors                   
20000270  __stack                           
20000470  __STACK_TOP                       
2000ecd0  __STACK_END                       
2000ecd0  imgArrayArrowLButton              
200110d0  imgArrayArrowRButton              
200134d0  imgArrayStopButton                
200158dc  errno                             
20015c00  arrowColor                        
20016800  pui8ControlTable                  
20016f00  startCord                         
20017200  SensorData                        
20017968  CosOffset                         
200179e8  SinOffset                         
20017acc  set                               
ffffffff  __TI_pprof_out_hndl               
ffffffff  __TI_prof_data_size               
ffffffff  __TI_prof_data_start              
ffffffff  __binit__                         
ffffffff  __c_args__                        
ffffffff  binit                             
UNDEFED   __mpu_init                        
UNDEFED   _system_post_cinit                

[466 symbols]
