******************************************************************************
                  TI ARM Linker Unix v20.2.0                   
******************************************************************************
>> Linked Sun Aug  2 12:08:08 2020

OUTPUT FILE NAME:   <BP_TMR_sensor_array.out>
ENTRY POINT SYMBOL: "_c_int00_noargs"  address: 00026861


MEMORY CONFIGURATION

         name            origin    length      used     unused   attr    fill
----------------------  --------  ---------  --------  --------  ----  --------
  FLASH                 00000000   00100000  000269d2  000d962e  R  X
  SRAM                  20000000   00040000  00026527  00019ad9  RW X


SEGMENT ALLOCATION MAP

run origin  load origin   length   init length attrs members
----------  ----------- ---------- ----------- ----- -------
00000000    00000000    000269d8   000269d8    r-x
  00000000    00000000    00000208   00000208    r-- .intvecs
  00000208    00000208    0001b3c8   0001b3c8    r-- .const
  0001b5d0    0001b5d0    0000b3c2   0000b3c2    r-x .text
  00026998    00026998    00000040   00000040    r-- .cinit
20000000    20000000    00024c73   00000000    rw-
  20000000    20000000    0000026c   00000000    rw- .vtable
  20000270    20000270    000249f0   00000000    rw- .stack
  20024c60    20024c60    00000013   00000000    rw- .data
20025000    20025000    000018b8   00000000    rw-
  20025000    20025000    000018b8   00000000    rw- .bss


SECTION ALLOCATION MAP

 output                                  attributes/
section   page    origin      length       input sections
--------  ----  ----------  ----------   ----------------
.intvecs   0    00000000    00000208     
                  00000000    00000208     tm4c1294ncpdt_startup_ccs.obj (.intvecs)

.const     0    00000208    0001b3c8     
                  00000208    000189f6     menu.obj (.const:.string:$P$T1$1)
                  00018bfe    00002000     lcd_functions.obj (.const:font_12_16)
                  0001abfe    00000002     --HOLE-- [fill = 0]
                  0001ac00    000001b0     sysctl.obj (.const:g_pppui32XTALtoVCO)
                  0001adb0    00000158     rtsv7M4_T_le_v4SPD16_eabi.lib : k_rem_pio2.c.obj (.const:$O1$$)
                  0001af08    00000101                                   : ctype.c.obj (.const:.string:_ctypes_)
                  0001b009    00000003     --HOLE-- [fill = 0]
                  0001b00c    000000d8     gpio.obj (.const:g_ppui32GPIOIntMapSnowflake)
                  0001b0e4    000000c0     gpio.obj (.const:g_ppui32GPIOIntMapBlizzard)
                  0001b1a4    0000009c     interrupt.obj (.const:g_pui32Regs)
                  0001b240    00000098     rtsv7M4_T_le_v4SPD16_eabi.lib : s_atan.c.obj (.const:$O1$$)
                  0001b2d8    00000090     gpio.obj (.const:g_pui32GPIOBaseAddrs)
                  0001b368    0000006c     sysctl.obj (.const:g_pui32Xtals)
                  0001b3d4    00000060     timer.obj (.const:g_ppui32TimerIntMap)
                  0001b434    00000040     timer.obj (.const:g_ppui32TimerIntMapSnowflake)
                  0001b474    00000040     uart.obj (.const:g_ppui32UARTIntMap)
                  0001b4b4    00000040     uart.obj (.const:g_ppui32UARTIntMapSnowflake)
                  0001b4f4    00000030     sysctl.obj (.const:g_sXTALtoMEMTIM)
                  0001b524    00000020     interrupt.obj (.const:g_pui32Priority)
                  0001b544    00000014     interrupt.obj (.const:g_pui32Dii16Regs)
                  0001b558    00000014     interrupt.obj (.const:g_pui32EnRegs)
                  0001b56c    00000014     interrupt.obj (.const:g_pui32PendRegs)
                  0001b580    00000014     interrupt.obj (.const:g_pui32UnpendRegs)
                  0001b594    00000008     sysctl.obj (.const:g_pui32VCOFrequencies)
                  0001b59c    00000004     lcd_functions.obj (.const:$P$T10$5)
                  0001b5a0    00000004     lcd_functions.obj (.const:$P$T11$6)
                  0001b5a4    00000004     lcd_functions.obj (.const:$P$T12$7)
                  0001b5a8    00000004     lcd_functions.obj (.const:$P$T14$8)
                  0001b5ac    00000004     lcd_functions.obj (.const:$P$T16$9)
                  0001b5b0    00000004     lcd_functions.obj (.const:$P$T18$10)
                  0001b5b4    00000004     lcd_functions.obj (.const:$P$T21$11)
                  0001b5b8    00000004     lcd_functions.obj (.const:$P$T22$12)
                  0001b5bc    00000004     lcd_functions.obj (.const:$P$T25$13)
                  0001b5c0    00000004     lcd_functions.obj (.const:$P$T26$14)
                  0001b5c4    00000004     lcd_functions.obj (.const:$P$T4$2)
                  0001b5c8    00000004     lcd_functions.obj (.const:$P$T5$3)
                  0001b5cc    00000004     lcd_functions.obj (.const:$P$T6$4)

.text      0    0001b5d0    0000b3c2     
                  0001b5d0    00002a80     lcd_functions.obj (.text)
                  0001e050    00000f80     sysctl.obj (.text)
                  0001efd0    00000b94     gpio.obj (.text)
                  0001fb64    00000a4e     rtsv7M4_T_le_v4SPD16_eabi.lib : _printfi.c.obj (.text:__TI_printfi)
                  000205b2    00000002                                   : div0.asm.obj (.text)
                  000205b4    000009c4     adc_functions.obj (.text)
                  00020f78    00000842     adc.obj (.text)
                  000217ba    00000002     --HOLE-- [fill = 0]
                  000217bc    00000738     rtsv7M4_T_le_v4SPD16_eabi.lib : k_rem_pio2.c.obj (.text:__kernel_rem_pio2)
                  00021ef4    00000642     timer.obj (.text)
                  00022536    00000002     --HOLE-- [fill = 0]
                  00022538    0000062e     uart.obj (.text)
                  00022b66    00000002     --HOLE-- [fill = 0]
                  00022b68    000005dc     rtsv7M4_T_le_v4SPD16_eabi.lib : s_cos.c.obj (.text:cos)
                  00023144    000005c4                                   : s_sin.c.obj (.text:sin)
                  00023708    000004e0     udma.obj (.text)
                  00023be8    00000470     eeprom.obj (.text)
                  00024058    000003c0     interrupt.obj (.text)
                  00024418    0000034c     uartDMA.obj (.text)
                  00024764    000002ec     rtsv7M4_T_le_v4SPD16_eabi.lib : s_atan.c.obj (.text:atan)
                  00024a50    00000270                                   : _printfi.c.obj (.text:_pconv_a)
                  00024cc0    000001d8                                   : e_atan2.c.obj (.text:atan2)
                  00024e98    000001d0                                   : _printfi.c.obj (.text:_pconv_g)
                  00025068    000001b6                                   : fd_add_t2.asm.obj (.text)
                  0002521e    00000002     --HOLE-- [fill = 0]
                  00025220    0000018c     main.obj (.text)
                  000253ac    00000174     rtsv7M4_T_le_v4SPD16_eabi.lib : k_sin.c.obj (.text:__kernel_sin)
                  00025520    0000016c                                   : k_cos.c.obj (.text:__kernel_cos)
                  0002568c    00000158                                   : e_sqrt.c.obj (.text:sqrt)
                  000257e4    0000013c                                   : _printfi.c.obj (.text:_pconv_e)
                  00025920    00000136                                   : fd_div_t2.asm.obj (.text)
                  00025a56    00000002     --HOLE-- [fill = 0]
                  00025a58    00000124                                   : _printfi.c.obj (.text:fcvt)
                  00025b7c    00000110                                   : s_scalbn.c.obj (.text:scalbn)
                  00025c8c    000000fc                                   : fd_mul_t2.asm.obj (.text)
                  00025d88    000000f8                                   : s_floor.c.obj (.text:floor)
                  00025e80    000000d8     EEPROM_functions.obj (.text)
                  00025f58    000000c0     debug_functions.obj (.text)
                  00026018    000000b1     rtsv7M4_T_le_v4SPD16_eabi.lib : _printfi.c.obj (.text:_ltostr)
                  000260c9    00000003     --HOLE-- [fill = 0]
                  000260cc    000000ac     menu.obj (.text)
                  00026178    0000009c     rtsv7M4_T_le_v4SPD16_eabi.lib : memcpy_t2.asm.obj (.text)
                  00026214    00000096                                   : ull_div_t2.asm.obj (.text)
                  000262aa    00000086                                   : fd_cmp_t2.asm.obj (.text:__aeabi_cdcmple)
                  00026330    00000086                                   : fd_cmp_t2.asm.obj (.text:__aeabi_cdrcmple)
                  000263b6    0000007a                                   : memset_t2.asm.obj (.text)
                  00026430    0000006e                                   : _printfi.c.obj (.text:_mcpy)
                  0002649e    00000068                                   : copy_decompress_lzss.c.obj (.text:decompress:lzss:__TI_decompress_lzss)
                  00026506    00000002     --HOLE-- [fill = 0]
                  00026508    00000064                                   : s_frexp.c.obj (.text:frexp)
                  0002656c    00000064     timer_functions.obj (.text)
                  000265d0    00000056     rtsv7M4_T_le_v4SPD16_eabi.lib : _printfi.c.obj (.text:_pconv_f)
                  00026626    00000054                                   : _ltoa.c.obj (.text:__TI_ltoa)
                  0002667a    00000052                                   : _printfi.c.obj (.text:_ecpy)
                  000266cc    0000004c                                   : atoi.c.obj (.text:atoi)
                  00026718    00000048                                   : fd_toi_t2.asm.obj (.text)
                  00026760    00000044                                   : autoinit.c.obj (.text:__TI_auto_init_nobinit_nopinit:__TI_auto_init_nobinit_nopinit)
                  000267a4    00000040                                   : sprintf.c.obj (.text:sprintf)
                  000267e4    0000003e                                   : _printfi.c.obj (.text:_fcpy)
                  00026822    0000003e     cpu.obj (.text)
                  00026860    00000034     rtsv7M4_T_le_v4SPD16_eabi.lib : boot_cortex_m.c.obj (.text:_c_int00_noargs:_c_int00_noargs)
                  00026894    0000002e                                   : i_tofd_t2.asm.obj (.text)
                  000268c2    0000001c                                   : memccpy.c.obj (.text:memccpy)
                  000268de    0000001a                                   : s_copysign.c.obj (.text:copysign)
                  000268f8    00000018                                   : sprintf.c.obj (.text:_outs)
                  00026910    00000016                                   : strchr.c.obj (.text:strchr)
                  00026926    00000014                                   : strlen.c.obj (.text:strlen)
                  0002693a    00000012                                   : wcslen.c.obj (.text:wcslen)
                  0002694c    0000000e                                   : copy_decompress_none.c.obj (.text:decompress:none:__TI_decompress_none)
                  0002695a    0000000c                                   : copy_zero_init.c.obj (.text:decompress:ZI:__TI_zero_init)
                  00026966    0000000c     tm4c1294ncpdt_startup_ccs.obj (.text)
                  00026972    0000000a     rtsv7M4_T_le_v4SPD16_eabi.lib : sprintf.c.obj (.text:_outc)
                  0002697c    00000008                                   : errno.c.obj (.text:__aeabi_errno_addr)
                  00026984    00000006     sysctl.obj (.text:SysCtlDelay)
                  0002698a    00000004     rtsv7M4_T_le_v4SPD16_eabi.lib : pre_init.c.obj (.text:_system_pre_init)
                  0002698e    00000004                                   : exit.c.obj (.text:abort:abort)

.cinit     0    00026998    00000040     
                  00026998    0000000c     (__TI_handler_table)
                  000269a4    00000009     (.cinit..data.load) [load image, compression = lzss]
                  000269ad    00000003     --HOLE-- [fill = 0]
                  000269b0    00000008     (.cinit..bss.load) [load image, compression = zero_init]
                  000269b8    00000008     (.cinit..vtable.load) [load image, compression = zero_init]
                  000269c0    00000018     (__TI_cinit_table)

.init_array 
*          0    00000000    00000000     UNINITIALIZED

.vtable    0    20000000    0000026c     UNINITIALIZED
                  20000000    0000026c     interrupt.obj (.vtable)

.data      0    20024c60    00000013     UNINITIALIZED
                  20024c60    00000009     uartDMA.obj (.data:stepperMotorCommand$1)
                  20024c69    00000001     --HOLE--
                  20024c6a    00000002     main.obj (.data)
                  20024c6c    00000004     rtsv7M4_T_le_v4SPD16_eabi.lib : errno.c.obj (.data)
                  20024c70    00000003     lcd_functions.obj (.data)

.bss       0    20025000    000018b8     UNINITIALIZED
                  20025000    00000c00     (.common:color)
                  20025c00    00000400     (.common:pui8ControlTable)
                  20026000    00000282     (.common:SensorData)
                  20026282    00000100     adc_functions.obj (.bss:CosResults)
                  20026382    00000100     adc_functions.obj (.bss:SinResults)
                  20026482    00000080     adc_functions.obj (.bss:negCosResults$3)
                  20026502    00000080     adc_functions.obj (.bss:negSinResults$1)
                  20026582    00000080     adc_functions.obj (.bss:posCosResults$4)
                  20026602    00000080     adc_functions.obj (.bss:posSinResults$2)
                  20026682    00000080     (.common:CosOffset)
                  20026702    00000080     (.common:SinOffset)
                  20026782    00000080     (.common:oldDiffCosResults)
                  20026802    00000080     (.common:oldDiffSinResults)
                  20026882    00000002     --HOLE--
                  20026884    00000010     main.obj (.bss)
                  20026894    00000010     (.common:setting)
                  200268a4    00000008     uartDMA.obj (.bss:UART0receive)
                  200268ac    00000008     adc.obj (.bss:g_pui8OversampleFactor)
                  200268b4    00000004     (.common:backColor)

.stack     0    20000270    000249f0     UNINITIALIZED
                  20000270    00000004     rtsv7M4_T_le_v4SPD16_eabi.lib : boot_cortex_m.c.obj (.stack)
                  20000274    000249ec     --HOLE--

__llvm_prf_cnts 
*          0    20000000    00000000     UNINITIALIZED

MODULE SUMMARY

       Module                          code    ro data   rw data
       ------                          ----    -------   -------
    ./
       tm4c1294ncpdt_startup_ccs.obj   12      520       0      
    +--+-------------------------------+-------+---------+---------+
       Total:                          12      520       0      
                                                                
    ./Image_Src/
       menu.obj                        172     100854    0      
       arrows.obj                      0       0         3072   
    +--+-------------------------------+-------+---------+---------+
       Total:                          172     100854    3072   
                                                                
    ./main/
       main.obj                        396     0         18     
    +--+-------------------------------+-------+---------+---------+
       Total:                          396     0         18     
                                                                
    ./src/
       lcd_functions.obj               10880   8244      263    
       adc_functions.obj               2500    0         1922   
       uartDMA.obj                     844     0         1041   
       EEPROM_functions.obj            216     0         16     
       debug_functions.obj             192     0         0      
       timer_functions.obj             100     0         0      
    +--+-------------------------------+-------+---------+---------+
       Total:                          14732   8244      3242   
                                                                
    ./tivaware/src/
       sysctl.obj                      3974    596       0      
       gpio.obj                        2964    552       0      
       adc.obj                         2114    0         8      
       interrupt.obj                   960     268       620    
       timer.obj                       1602    160       0      
       uart.obj                        1582    128       0      
       udma.obj                        1248    0         0      
       eeprom.obj                      1136    0         0      
       cpu.obj                         62      0         0      
    +--+-------------------------------+-------+---------+---------+
       Total:                          15642   1704      628    
                                                                
    /home/ole/CodeComposerStudio10/ccs/tools/compiler/ti-cgt-arm_20.2.0.LTS/lib/rtsv7M4_T_le_v4SPD16_eabi.lib
       _printfi.c.obj                  4851    0         0      
       k_rem_pio2.c.obj                1848    344       0      
       s_cos.c.obj                     1500    0         0      
       s_sin.c.obj                     1476    0         0      
       s_atan.c.obj                    748     152       0      
       e_atan2.c.obj                   472     0         0      
       fd_add_t2.asm.obj               438     0         0      
       k_sin.c.obj                     372     0         0      
       k_cos.c.obj                     364     0         0      
       e_sqrt.c.obj                    344     0         0      
       fd_div_t2.asm.obj               310     0         0      
       s_scalbn.c.obj                  272     0         0      
       fd_cmp_t2.asm.obj               268     0         0      
       ctype.c.obj                     0       257       0      
       fd_mul_t2.asm.obj               252     0         0      
       s_floor.c.obj                   248     0         0      
       memcpy_t2.asm.obj               156     0         0      
       ull_div_t2.asm.obj              150     0         0      
       memset_t2.asm.obj               122     0         0      
       copy_decompress_lzss.c.obj      104     0         0      
       s_frexp.c.obj                   100     0         0      
       sprintf.c.obj                   98      0         0      
       _ltoa.c.obj                     84      0         0      
       atoi.c.obj                      76      0         0      
       fd_toi_t2.asm.obj               72      0         0      
       autoinit.c.obj                  68      0         0      
       boot_cortex_m.c.obj             52      0         0      
       i_tofd_t2.asm.obj               46      0         0      
       memccpy.c.obj                   28      0         0      
       s_copysign.c.obj                26      0         0      
       strchr.c.obj                    22      0         0      
       strlen.c.obj                    20      0         0      
       wcslen.c.obj                    18      0         0      
       copy_decompress_none.c.obj      14      0         0      
       copy_zero_init.c.obj            12      0         0      
       errno.c.obj                     8       0         4      
       exit.c.obj                      4       0         0      
       pre_init.c.obj                  4       0         0      
       div0.asm.obj                    2       0         0      
    +--+-------------------------------+-------+---------+---------+
       Total:                          15049   753       4      
                                                                
       Stack:                          0       0         150000 
       Linker Generated:               0       61        0      
    +--+-------------------------------+-------+---------+---------+
       Grand Total:                    46003   112136    156964 


LINKER GENERATED COPY TABLES

__TI_cinit_table @ 000269c0 records: 3, size/record: 8, table size: 24
	.data: load addr=000269a4, load size=00000009 bytes, run addr=20024c60, run size=00000013 bytes, compression=lzss
	.bss: load addr=000269b0, load size=00000008 bytes, run addr=20025000, run size=000018b8 bytes, compression=zero_init
	.vtable: load addr=000269b8, load size=00000008 bytes, run addr=20000000, run size=0000026c bytes, compression=zero_init


LINKER GENERATED HANDLER TABLE

__TI_handler_table @ 00026998 records: 3, size/record: 4, table size: 12
	index: 0, handler: __TI_zero_init
	index: 1, handler: __TI_decompress_lzss
	index: 2, handler: __TI_decompress_none


GLOBAL SYMBOLS: SORTED ALPHABETICALLY BY Name 

address   name                              
-------   ----                              
000252bd  ADC1InterruptHandler              
00021731  ADCBusy                           
00021779  ADCClockConfigGet                 
0002174f  ADCClockConfigSet                 
00021543  ADCComparatorConfigure            
00021625  ADCComparatorIntClear             
000215cf  ADCComparatorIntDisable           
000215ed  ADCComparatorIntEnable            
00021611  ADCComparatorIntStatus            
0002155f  ADCComparatorRegionSet            
00021589  ADCComparatorReset                
00021511  ADCHardwareOversampleConfigure    
000210b3  ADCIntClear                       
00021699  ADCIntClearEx                     
00021019  ADCIntDisable                     
00021637  ADCIntDisableEx                   
00021035  ADCIntEnable                      
0002164f  ADCIntEnableEx                    
00020fd3  ADCIntRegister                    
0002105b  ADCIntStatus                      
00021667  ADCIntStatusEx                    
00020ffb  ADCIntUnregister                  
000216eb  ADCPhaseDelayGet                  
000216d9  ADCPhaseDelaySet                  
00021325  ADCProcessorTrigger               
000216c7  ADCReferenceGet                   
000216ab  ADCReferenceSet                   
000210fd  ADCSequenceConfigure              
00021715  ADCSequenceDMADisable             
000216f9  ADCSequenceDMAEnable              
000212e3  ADCSequenceDataGet                
000210e3  ADCSequenceDisable                
000210c9  ADCSequenceEnable                 
00021287  ADCSequenceOverflow               
0002129f  ADCSequenceOverflowClear          
00021199  ADCSequenceStepConfigure          
000212b5  ADCSequenceUnderflow              
000212cd  ADCSequenceUnderflowClear         
00021349  ADCSoftwareOversampleConfigure    
0002147d  ADCSoftwareOversampleDataGet      
0002139b  ADCSoftwareOversampleStepConfigure
0002698f  C$$EXIT                           
00026857  CPUbasepriGet                     
00026849  CPUbasepriSet                     
00026823  CPUcpsid                          
00026839  CPUcpsie                          
0002682f  CPUprimask                        
00026845  CPUwfi                            
0002463f  ConfigureUART0                    
000246bb  ConfigureUART2                    
20026682  CosOffset                         
00023cad  EEPROMBlockCountGet               
00023f69  EEPROMBlockHide                   
00023ef5  EEPROMBlockLock                   
00023ead  EEPROMBlockPasswordSet            
00023e6d  EEPROMBlockProtectGet             
00023e81  EEPROMBlockProtectSet             
00023f1d  EEPROMBlockUnlock                 
00023c5d  EEPROMInit                        
00023ff7  EEPROMIntClear                    
00023fa9  EEPROMIntDisable                  
00023f85  EEPROMIntEnable                   
00023fc7  EEPROMIntStatus                   
00023e2f  EEPROMMassErase                   
00023d11  EEPROMProgram                     
00023ded  EEPROMProgramNonBlocking          
00023cbb  EEPROMRead                        
00023ca1  EEPROMSizeGet                     
0002401f  EEPROMStatusGet                   
0001fb3d  GPIOADCTriggerDisable             
0001fb1f  GPIOADCTriggerEnable              
0001fb01  GPIODMATriggerDisable             
0001fae3  GPIODMATriggerEnable              
0001f08b  GPIODirModeGet                    
0001f02f  GPIODirModeSet                    
0001f5f3  GPIOIntClear                      
0001f5b7  GPIOIntDisable                    
0001f59d  GPIOIntEnable                     
0001f607  GPIOIntRegister                   
0001f63f  GPIOIntRegisterPin                
0001f5d1  GPIOIntStatus                     
0001f17b  GPIOIntTypeGet                    
0001f0d7  GPIOIntTypeSet                    
0001f625  GPIOIntUnregister                 
0001f66d  GPIOIntUnregisterPin              
0001f44b  GPIOPadConfigGet                  
0001f211  GPIOPadConfigSet                  
0001fa85  GPIOPinConfigure                  
0001f691  GPIOPinRead                       
0001f6c9  GPIOPinTypeADC                    
0001f6ed  GPIOPinTypeCAN                    
0001f711  GPIOPinTypeComparator             
0001f735  GPIOPinTypeComparatorOutput       
0001f759  GPIOPinTypeDIVSCLK                
0001f77d  GPIOPinTypeEPI                    
0001f7a1  GPIOPinTypeEthernetLED            
0001f7c5  GPIOPinTypeEthernetMII            
0001f7e9  GPIOPinTypeGPIOInput              
0001f80d  GPIOPinTypeGPIOOutput             
0001f831  GPIOPinTypeGPIOOutputOD           
0001f855  GPIOPinTypeHibernateRTCCLK        
0001f879  GPIOPinTypeI2C                    
0001f89d  GPIOPinTypeI2CSCL                 
0001f8c1  GPIOPinTypeLCD                    
0001f8e5  GPIOPinTypeOneWire                
0001f909  GPIOPinTypePWM                    
0001f92d  GPIOPinTypeQEI                    
0001f951  GPIOPinTypeSSI                    
0001f975  GPIOPinTypeTimer                  
0001f999  GPIOPinTypeTrace                  
0001f9bd  GPIOPinTypeUART                   
0001f9e1  GPIOPinTypeUSBAnalog              
0001fa05  GPIOPinTypeUSBDigital             
0001fa29  GPIOPinTypeWakeHigh               
0001fa4f  GPIOPinTypeWakeLow                
0001fa75  GPIOPinWakeStatus                 
0001f6a9  GPIOPinWrite                      
00024219  IntDisable                        
000241a7  IntEnable                         
0002428b  IntIsEnabled                      
0002406b  IntMasterDisable                  
0002405b  IntMasterEnable                   
00024381  IntPendClear                      
00024311  IntPendSet                        
00024183  IntPriorityGet                    
000240fb  IntPriorityGroupingGet            
000240e1  IntPriorityGroupingSet            
000243db  IntPriorityMaskGet                
000243cf  IntPriorityMaskSet                
00024133  IntPrioritySet                    
0002407b  IntRegister                       
000243e3  IntTrigger                        
000240cd  IntUnregister                     
00026967  ResetISR                          
20026000  SensorData                        
20026702  SinOffset                         
0001ef8d  SysCtlAltClkConfig                
0001e6b5  SysCtlClockFreqSet                
0001eb7d  SysCtlClockGet                    
0001ef71  SysCtlClockOutConfig              
0001e9ad  SysCtlClockSet                    
0001e5b9  SysCtlDeepSleep                   
0001ed41  SysCtlDeepSleepClockConfigSet     
0001ed23  SysCtlDeepSleepClockSet           
0001e599  SysCtlDeepSleepPowerSet           
00026985  SysCtlDelay                       
0001e147  SysCtlFlashSectorSizeGet          
0001e11b  SysCtlFlashSizeGet                
0001ee17  SysCtlGPIOAHBDisable              
0001edfb  SysCtlGPIOAHBEnable               
0001e52d  SysCtlIntClear                    
0001e515  SysCtlIntDisable                  
0001e501  SysCtlIntEnable                   
0001e4d9  SysCtlIntRegister                 
0001e53d  SysCtlIntStatus                   
0001e4f1  SysCtlIntUnregister               
0001e57f  SysCtlLDODeepSleepGet             
0001e56f  SysCtlLDODeepSleepSet             
0001e569  SysCtlLDOSleepGet                 
0001e559  SysCtlLDOSleepSet                 
0001e5ef  SysCtlMOSCConfigSet               
0001ef55  SysCtlNMIClear                    
0001ef41  SysCtlNMIStatus                   
0001e605  SysCtlPIOSCCalibrate              
0001ede5  SysCtlPWMClockGet                 
0001edcb  SysCtlPWMClockSet                 
0001e485  SysCtlPeripheralClockGating       
0001e43d  SysCtlPeripheralDeepSleepDisable  
0001e3ed  SysCtlPeripheralDeepSleepEnable   
0001e329  SysCtlPeripheralDisable           
0001e2ed  SysCtlPeripheralEnable            
0001e229  SysCtlPeripheralPowerOff          
0001e1ed  SysCtlPeripheralPowerOn           
0001e16d  SysCtlPeripheralPresent           
0001e1ad  SysCtlPeripheralReady             
0001e265  SysCtlPeripheralReset             
0001e3b1  SysCtlPeripheralSleepDisable      
0001e36d  SysCtlPeripheralSleepEnable       
0001e5a9  SysCtlReset                       
0001e665  SysCtlResetBehaviorGet            
0001e655  SysCtlResetBehaviorSet            
0001e5db  SysCtlResetCauseClear             
0001e5d5  SysCtlResetCauseGet               
0001e111  SysCtlSRAMSizeGet                 
0001e5b1  SysCtlSleep                       
0001e585  SysCtlSleepPowerSet               
0001ee3f  SysCtlUSBPLLDisable               
0001ee33  SysCtlUSBPLLEnable                
0001ee85  SysCtlVCOGet                      
0001ee6d  SysCtlVoltageEventClear           
0001ee51  SysCtlVoltageEventConfig          
0001ee61  SysCtlVoltageEventStatus          
00025279  Timer0InterruptHandler            
000224b5  TimerADCEventGet                  
000224a3  TimerADCEventSet                  
000221d9  TimerClockSourceGet               
000221af  TimerClockSourceSet               
00021fa3  TimerConfigure                    
000220c3  TimerControlEvent                 
0002201f  TimerControlLevel                 
000220ed  TimerControlStall                 
00022055  TimerControlTrigger               
00022123  TimerControlWaitOnTrigger         
000224d5  TimerDMAEventGet                  
000224c3  TimerDMAEventSet                  
00021f85  TimerDisable                      
00021f67  TimerEnable                       
0002247f  TimerIntClear                     
00022449  TimerIntDisable                   
00022431  TimerIntEnable                    
000223eb  TimerIntRegister                  
00022461  TimerIntStatus                    
00022413  TimerIntUnregister                
000222a3  TimerLoadGet                      
000222d9  TimerLoadGet64                    
00022279  TimerLoadSet                      
000222bf  TimerLoadSet64                    
00022383  TimerMatchGet                     
000223b9  TimerMatchGet64                   
00022359  TimerMatchSet                     
0002239f  TimerMatchSet64                   
00022213  TimerPrescaleGet                  
0002225d  TimerPrescaleMatchGet             
0002222f  TimerPrescaleMatchSet             
000221e9  TimerPrescaleSet                  
00022199  TimerRTCDisable                   
00022183  TimerRTCEnable                    
00022491  TimerSynchronize                  
000224e3  TimerUpdateMode                   
0002230b  TimerValueGet                     
00022327  TimerValueGet64                   
00024419  UART0ClearInterrupt               
00025311  UART0InterruptHandler             
00024537  UART2IntHandler                   
00022b09  UART9BitAddrSend                  
00022ae3  UART9BitAddrSet                   
00022acd  UART9BitDisable                   
00022ab7  UART9BitEnable                    
0002295b  UARTBreakCtl                      
00022985  UARTBusy                          
00022903  UARTCharGet                       
000228e7  UARTCharGetNonBlocking            
0002293d  UARTCharPut                       
00022919  UARTCharPutNonBlocking            
000228ab  UARTCharsAvail                    
00022aa7  UARTClockSourceGet                
00022a93  UARTClockSourceSet                
0002267b  UARTConfigGetExpClk               
00022605  UARTConfigSetExpClk               
00022a59  UARTDMADisable                    
00022a41  UARTDMAEnable                     
000226eb  UARTDisable                       
0002276f  UARTDisableSIR                    
000226c7  UARTEnable                        
00022741  UARTEnableSIR                     
0002272b  UARTFIFODisable                   
00022715  UARTFIFOEnable                    
000225dd  UARTFIFOLevelGet                  
000225c5  UARTFIFOLevelSet                  
0002286b  UARTFlowControlGet                
0002284f  UARTFlowControlSet                
00024427  UARTGetIntStatus                  
00022a2f  UARTIntClear                      
000229f9  UARTIntDisable                    
000229e1  UARTIntEnable                     
000229a3  UARTIntRegister                   
00022a11  UARTIntStatus                     
000229c1  UARTIntUnregister                 
00022b51  UARTLoopbackEnable                
00022805  UARTModemControlClear             
00022829  UARTModemControlGet               
000227cd  UARTModemControlSet               
0002283b  UARTModemStatusGet                
000225b3  UARTParityModeGet                 
00022597  UARTParityModeSet                 
00022a83  UARTRxErrorClear                  
00022a71  UARTRxErrorGet                    
000227b7  UARTSmartCardDisable              
00022785  UARTSmartCardEnable               
000228c9  UARTSpaceAvail                    
00022899  UARTTxIntModeGet                  
0002287d  UARTTxIntModeSet                  
20024c60  __STACK_END                       
000249f0  __STACK_SIZE                      
20000470  __STACK_TOP                       
000269c0  __TI_CINIT_Base                   
000269d8  __TI_CINIT_Limit                  
00026998  __TI_Handler_Table_Base           
000269a4  __TI_Handler_Table_Limit          
00026761  __TI_auto_init_nobinit_nopinit    
0002649f  __TI_decompress_lzss              
0002694d  __TI_decompress_none              
00026627  __TI_ltoa                         
ffffffff  __TI_pprof_out_hndl               
0001fb65  __TI_printfi                      
ffffffff  __TI_prof_data_size               
ffffffff  __TI_prof_data_start              
00000000  __TI_static_base__                
0002695b  __TI_zero_init                    
000262ab  __aeabi_cdcmpeq                   
000262ab  __aeabi_cdcmple                   
00026331  __aeabi_cdrcmple                  
00026719  __aeabi_d2iz                      
00025073  __aeabi_dadd                      
00025921  __aeabi_ddiv                      
00025c8d  __aeabi_dmul                      
00025069  __aeabi_dsub                      
0002697d  __aeabi_errno_addr                
00026895  __aeabi_i2d                       
000205b3  __aeabi_idiv0                     
000205b3  __aeabi_ldiv0                     
000263b7  __aeabi_memclr                    
000263b7  __aeabi_memclr4                   
000263b7  __aeabi_memclr8                   
00026179  __aeabi_memcpy                    
00026179  __aeabi_memcpy4                   
00026179  __aeabi_memcpy8                   
000263b9  __aeabi_memset                    
000263b9  __aeabi_memset4                   
000263b9  __aeabi_memset8                   
00026215  __aeabi_uldivmod                  
ffffffff  __binit__                         
ffffffff  __c_args__                        
00025521  __kernel_cos                      
000217bd  __kernel_rem_pio2                 
000253ad  __kernel_sin                      
UNDEFED   __mpu_init                        
20000270  __stack                           
20000000  __start___llvm_prf_cnts           
20000000  __stop___llvm_prf_cnts            
00026861  _c_int00_noargs                   
0001af08  _ctypes_                          
UNDEFED   _system_post_cinit                
0002698b  _system_pre_init                  
0002698f  abort                             
000205d1  adcIntClear                       
00024765  atan                              
00024cc1  atan2                             
00024cc1  atan2l                            
00024765  atanl                             
000266cd  atoi                              
200268b4  backColor                         
ffffffff  binit                             
20025000  color                             
000208d1  computeArrows                     
00020e05  configureADC                      
00025fef  configureDebugGPIO                
00025f41  configureEEPROM                   
0001dbd5  configureLCD5Inch                 
0001ddcf  configureLCD7Inch                 
00026579  configureTimer0                   
000245d5  configureUartUDMA                 
000268df  copysign                          
000268df  copysignl                         
00022b69  cos                               
00022b69  cosl                              
0001bb71  drawDisplay5Inch                  
0001bd79  drawDisplay7Inch                  
0001bb57  drawFrame                         
20024c6c  errno                             
00025d89  floor                             
00025d89  floorl                            
00026509  frexp                             
00026509  frexpl                            
20000000  g_pfnRAMVectors                   
00000000  g_pfnVectors                      
0001b72b  generateColors                    
00020613  getADCHardwareAveraging           
00024457  getMaxArrowLength                 
00024437  getRelativeAbsoluteSetting        
00024433  getUART0RxData                    
00025e81  initSettings                      
00025b7d  ldexp                             
00025b7d  ldexpl                            
00025eb5  loadSettingsFromEEPROM            
00025221  main                              
000268c3  memccpy                           
00026179  memcpy                            
000263bf  memset                            
000260cd  menu                              
00025fa3  offLED                            
00025fd5  offOszi                           
20024c70  offset                            
20026782  oldDiffCosResults                 
20026802  oldDiffSinResults                 
00025f8b  onLED                             
00025fbb  onOszi                            
00024477  prepareNextReceiveDMA             
0001b821  printString                       
20025c00  pui8ControlTable                  
0001b71b  readTouchscreen                   
00024559  receiveDataFromMotor              
00025f07  saveSettingsToEEPROM              
00025b7d  scalbn                            
00025b7d  scalbnl                           
000244af  sendCommandToMotor                
00024491  sendUARTDMA                       
0001ba57  setLCDBackgroundColor             
0001badd  setLCDBackgroundColor7            
000205dd  setMultiplexer                    
20026894  setting                           
00023145  sin                               
00023145  sinl                              
000267a5  sprintf                           
0002568d  sqrt                              
0002568d  sqrtl                             
000205b5  startADConversion                 
00020643  storeArraySensorData              
00026911  strchr                            
00026927  strlen                            
0002656d  timer0IntClear                    
00025f59  toggleLED                         
00025f71  toggleOszi                        
00023b61  uDMAChannelAssign                 
00023807  uDMAChannelAttributeDisable       
000237b3  uDMAChannelAttributeEnable        
0002385b  uDMAChannelAttributeGet           
000238cb  uDMAChannelControlSet             
0002373f  uDMAChannelDisable                
00023727  uDMAChannelEnable                 
00023757  uDMAChannelIsEnabled              
00023ad9  uDMAChannelModeGet                
0002379b  uDMAChannelRequest                
00023a05  uDMAChannelScatterGatherSet       
00023bbd  uDMAChannelSelectDefault          
00023ba9  uDMAChannelSelectSecondary        
00023a91  uDMAChannelSizeGet                
0002390d  uDMAChannelTransferSet            
00023795  uDMAControlAlternateBaseGet       
0002378f  uDMAControlBaseGet                
0002377f  uDMAControlBaseSet                
00023711  uDMADisable                       
00023709  uDMAEnable                        
0002371f  uDMAErrorStatusClear              
00023719  uDMAErrorStatusGet                
00023b4d  uDMAIntClear                      
00023b1f  uDMAIntRegister                   
00023b47  uDMAIntStatus                     
00023b35  uDMAIntUnregister                 
0002693b  wcslen                            
0001b975  writeChar                         
0001bfb9  writeCmdData                      
0001bf95  writeCommand                      
0001bfd9  writeData                         
0001b5d1  writeInfos                        
0001c0d1  writeLine                         
0001d419  writeLine0Degree                  
0001d4c1  writeLine180Degree                
0001d515  writeLine270Degree                
0001d46d  writeLine90Degree                 
0001d571  writeLineQuadrant1_I              
0001d649  writeLineQuadrant1_II             
0001d70f  writeLineQuadrant2_I              
0001d7d5  writeLineQuadrant2_II             
0001d8ad  writeLineQuadrant3_I              
0001d973  writeLineQuadrant3_II             
0001da39  writeLineQuadrant4_I              
0001daff  writeLineQuadrant4_II             
0001c025  writePosition                     


GLOBAL SYMBOLS: SORTED BY Symbol Address 

address   name                              
-------   ----                              
00000000  __TI_static_base__                
00000000  g_pfnVectors                      
0001af08  _ctypes_                          
0001b5d1  writeInfos                        
0001b71b  readTouchscreen                   
0001b72b  generateColors                    
0001b821  printString                       
0001b975  writeChar                         
0001ba57  setLCDBackgroundColor             
0001badd  setLCDBackgroundColor7            
0001bb57  drawFrame                         
0001bb71  drawDisplay5Inch                  
0001bd79  drawDisplay7Inch                  
0001bf95  writeCommand                      
0001bfb9  writeCmdData                      
0001bfd9  writeData                         
0001c025  writePosition                     
0001c0d1  writeLine                         
0001d419  writeLine0Degree                  
0001d46d  writeLine90Degree                 
0001d4c1  writeLine180Degree                
0001d515  writeLine270Degree                
0001d571  writeLineQuadrant1_I              
0001d649  writeLineQuadrant1_II             
0001d70f  writeLineQuadrant2_I              
0001d7d5  writeLineQuadrant2_II             
0001d8ad  writeLineQuadrant3_I              
0001d973  writeLineQuadrant3_II             
0001da39  writeLineQuadrant4_I              
0001daff  writeLineQuadrant4_II             
0001dbd5  configureLCD5Inch                 
0001ddcf  configureLCD7Inch                 
0001e111  SysCtlSRAMSizeGet                 
0001e11b  SysCtlFlashSizeGet                
0001e147  SysCtlFlashSectorSizeGet          
0001e16d  SysCtlPeripheralPresent           
0001e1ad  SysCtlPeripheralReady             
0001e1ed  SysCtlPeripheralPowerOn           
0001e229  SysCtlPeripheralPowerOff          
0001e265  SysCtlPeripheralReset             
0001e2ed  SysCtlPeripheralEnable            
0001e329  SysCtlPeripheralDisable           
0001e36d  SysCtlPeripheralSleepEnable       
0001e3b1  SysCtlPeripheralSleepDisable      
0001e3ed  SysCtlPeripheralDeepSleepEnable   
0001e43d  SysCtlPeripheralDeepSleepDisable  
0001e485  SysCtlPeripheralClockGating       
0001e4d9  SysCtlIntRegister                 
0001e4f1  SysCtlIntUnregister               
0001e501  SysCtlIntEnable                   
0001e515  SysCtlIntDisable                  
0001e52d  SysCtlIntClear                    
0001e53d  SysCtlIntStatus                   
0001e559  SysCtlLDOSleepSet                 
0001e569  SysCtlLDOSleepGet                 
0001e56f  SysCtlLDODeepSleepSet             
0001e57f  SysCtlLDODeepSleepGet             
0001e585  SysCtlSleepPowerSet               
0001e599  SysCtlDeepSleepPowerSet           
0001e5a9  SysCtlReset                       
0001e5b1  SysCtlSleep                       
0001e5b9  SysCtlDeepSleep                   
0001e5d5  SysCtlResetCauseGet               
0001e5db  SysCtlResetCauseClear             
0001e5ef  SysCtlMOSCConfigSet               
0001e605  SysCtlPIOSCCalibrate              
0001e655  SysCtlResetBehaviorSet            
0001e665  SysCtlResetBehaviorGet            
0001e6b5  SysCtlClockFreqSet                
0001e9ad  SysCtlClockSet                    
0001eb7d  SysCtlClockGet                    
0001ed23  SysCtlDeepSleepClockSet           
0001ed41  SysCtlDeepSleepClockConfigSet     
0001edcb  SysCtlPWMClockSet                 
0001ede5  SysCtlPWMClockGet                 
0001edfb  SysCtlGPIOAHBEnable               
0001ee17  SysCtlGPIOAHBDisable              
0001ee33  SysCtlUSBPLLEnable                
0001ee3f  SysCtlUSBPLLDisable               
0001ee51  SysCtlVoltageEventConfig          
0001ee61  SysCtlVoltageEventStatus          
0001ee6d  SysCtlVoltageEventClear           
0001ee85  SysCtlVCOGet                      
0001ef41  SysCtlNMIStatus                   
0001ef55  SysCtlNMIClear                    
0001ef71  SysCtlClockOutConfig              
0001ef8d  SysCtlAltClkConfig                
0001f02f  GPIODirModeSet                    
0001f08b  GPIODirModeGet                    
0001f0d7  GPIOIntTypeSet                    
0001f17b  GPIOIntTypeGet                    
0001f211  GPIOPadConfigSet                  
0001f44b  GPIOPadConfigGet                  
0001f59d  GPIOIntEnable                     
0001f5b7  GPIOIntDisable                    
0001f5d1  GPIOIntStatus                     
0001f5f3  GPIOIntClear                      
0001f607  GPIOIntRegister                   
0001f625  GPIOIntUnregister                 
0001f63f  GPIOIntRegisterPin                
0001f66d  GPIOIntUnregisterPin              
0001f691  GPIOPinRead                       
0001f6a9  GPIOPinWrite                      
0001f6c9  GPIOPinTypeADC                    
0001f6ed  GPIOPinTypeCAN                    
0001f711  GPIOPinTypeComparator             
0001f735  GPIOPinTypeComparatorOutput       
0001f759  GPIOPinTypeDIVSCLK                
0001f77d  GPIOPinTypeEPI                    
0001f7a1  GPIOPinTypeEthernetLED            
0001f7c5  GPIOPinTypeEthernetMII            
0001f7e9  GPIOPinTypeGPIOInput              
0001f80d  GPIOPinTypeGPIOOutput             
0001f831  GPIOPinTypeGPIOOutputOD           
0001f855  GPIOPinTypeHibernateRTCCLK        
0001f879  GPIOPinTypeI2C                    
0001f89d  GPIOPinTypeI2CSCL                 
0001f8c1  GPIOPinTypeLCD                    
0001f8e5  GPIOPinTypeOneWire                
0001f909  GPIOPinTypePWM                    
0001f92d  GPIOPinTypeQEI                    
0001f951  GPIOPinTypeSSI                    
0001f975  GPIOPinTypeTimer                  
0001f999  GPIOPinTypeTrace                  
0001f9bd  GPIOPinTypeUART                   
0001f9e1  GPIOPinTypeUSBAnalog              
0001fa05  GPIOPinTypeUSBDigital             
0001fa29  GPIOPinTypeWakeHigh               
0001fa4f  GPIOPinTypeWakeLow                
0001fa75  GPIOPinWakeStatus                 
0001fa85  GPIOPinConfigure                  
0001fae3  GPIODMATriggerEnable              
0001fb01  GPIODMATriggerDisable             
0001fb1f  GPIOADCTriggerEnable              
0001fb3d  GPIOADCTriggerDisable             
0001fb65  __TI_printfi                      
000205b3  __aeabi_idiv0                     
000205b3  __aeabi_ldiv0                     
000205b5  startADConversion                 
000205d1  adcIntClear                       
000205dd  setMultiplexer                    
00020613  getADCHardwareAveraging           
00020643  storeArraySensorData              
000208d1  computeArrows                     
00020e05  configureADC                      
00020fd3  ADCIntRegister                    
00020ffb  ADCIntUnregister                  
00021019  ADCIntDisable                     
00021035  ADCIntEnable                      
0002105b  ADCIntStatus                      
000210b3  ADCIntClear                       
000210c9  ADCSequenceEnable                 
000210e3  ADCSequenceDisable                
000210fd  ADCSequenceConfigure              
00021199  ADCSequenceStepConfigure          
00021287  ADCSequenceOverflow               
0002129f  ADCSequenceOverflowClear          
000212b5  ADCSequenceUnderflow              
000212cd  ADCSequenceUnderflowClear         
000212e3  ADCSequenceDataGet                
00021325  ADCProcessorTrigger               
00021349  ADCSoftwareOversampleConfigure    
0002139b  ADCSoftwareOversampleStepConfigure
0002147d  ADCSoftwareOversampleDataGet      
00021511  ADCHardwareOversampleConfigure    
00021543  ADCComparatorConfigure            
0002155f  ADCComparatorRegionSet            
00021589  ADCComparatorReset                
000215cf  ADCComparatorIntDisable           
000215ed  ADCComparatorIntEnable            
00021611  ADCComparatorIntStatus            
00021625  ADCComparatorIntClear             
00021637  ADCIntDisableEx                   
0002164f  ADCIntEnableEx                    
00021667  ADCIntStatusEx                    
00021699  ADCIntClearEx                     
000216ab  ADCReferenceSet                   
000216c7  ADCReferenceGet                   
000216d9  ADCPhaseDelaySet                  
000216eb  ADCPhaseDelayGet                  
000216f9  ADCSequenceDMAEnable              
00021715  ADCSequenceDMADisable             
00021731  ADCBusy                           
0002174f  ADCClockConfigSet                 
00021779  ADCClockConfigGet                 
000217bd  __kernel_rem_pio2                 
00021f67  TimerEnable                       
00021f85  TimerDisable                      
00021fa3  TimerConfigure                    
0002201f  TimerControlLevel                 
00022055  TimerControlTrigger               
000220c3  TimerControlEvent                 
000220ed  TimerControlStall                 
00022123  TimerControlWaitOnTrigger         
00022183  TimerRTCEnable                    
00022199  TimerRTCDisable                   
000221af  TimerClockSourceSet               
000221d9  TimerClockSourceGet               
000221e9  TimerPrescaleSet                  
00022213  TimerPrescaleGet                  
0002222f  TimerPrescaleMatchSet             
0002225d  TimerPrescaleMatchGet             
00022279  TimerLoadSet                      
000222a3  TimerLoadGet                      
000222bf  TimerLoadSet64                    
000222d9  TimerLoadGet64                    
0002230b  TimerValueGet                     
00022327  TimerValueGet64                   
00022359  TimerMatchSet                     
00022383  TimerMatchGet                     
0002239f  TimerMatchSet64                   
000223b9  TimerMatchGet64                   
000223eb  TimerIntRegister                  
00022413  TimerIntUnregister                
00022431  TimerIntEnable                    
00022449  TimerIntDisable                   
00022461  TimerIntStatus                    
0002247f  TimerIntClear                     
00022491  TimerSynchronize                  
000224a3  TimerADCEventSet                  
000224b5  TimerADCEventGet                  
000224c3  TimerDMAEventSet                  
000224d5  TimerDMAEventGet                  
000224e3  TimerUpdateMode                   
00022597  UARTParityModeSet                 
000225b3  UARTParityModeGet                 
000225c5  UARTFIFOLevelSet                  
000225dd  UARTFIFOLevelGet                  
00022605  UARTConfigSetExpClk               
0002267b  UARTConfigGetExpClk               
000226c7  UARTEnable                        
000226eb  UARTDisable                       
00022715  UARTFIFOEnable                    
0002272b  UARTFIFODisable                   
00022741  UARTEnableSIR                     
0002276f  UARTDisableSIR                    
00022785  UARTSmartCardEnable               
000227b7  UARTSmartCardDisable              
000227cd  UARTModemControlSet               
00022805  UARTModemControlClear             
00022829  UARTModemControlGet               
0002283b  UARTModemStatusGet                
0002284f  UARTFlowControlSet                
0002286b  UARTFlowControlGet                
0002287d  UARTTxIntModeSet                  
00022899  UARTTxIntModeGet                  
000228ab  UARTCharsAvail                    
000228c9  UARTSpaceAvail                    
000228e7  UARTCharGetNonBlocking            
00022903  UARTCharGet                       
00022919  UARTCharPutNonBlocking            
0002293d  UARTCharPut                       
0002295b  UARTBreakCtl                      
00022985  UARTBusy                          
000229a3  UARTIntRegister                   
000229c1  UARTIntUnregister                 
000229e1  UARTIntEnable                     
000229f9  UARTIntDisable                    
00022a11  UARTIntStatus                     
00022a2f  UARTIntClear                      
00022a41  UARTDMAEnable                     
00022a59  UARTDMADisable                    
00022a71  UARTRxErrorGet                    
00022a83  UARTRxErrorClear                  
00022a93  UARTClockSourceSet                
00022aa7  UARTClockSourceGet                
00022ab7  UART9BitEnable                    
00022acd  UART9BitDisable                   
00022ae3  UART9BitAddrSet                   
00022b09  UART9BitAddrSend                  
00022b51  UARTLoopbackEnable                
00022b69  cos                               
00022b69  cosl                              
00023145  sin                               
00023145  sinl                              
00023709  uDMAEnable                        
00023711  uDMADisable                       
00023719  uDMAErrorStatusGet                
0002371f  uDMAErrorStatusClear              
00023727  uDMAChannelEnable                 
0002373f  uDMAChannelDisable                
00023757  uDMAChannelIsEnabled              
0002377f  uDMAControlBaseSet                
0002378f  uDMAControlBaseGet                
00023795  uDMAControlAlternateBaseGet       
0002379b  uDMAChannelRequest                
000237b3  uDMAChannelAttributeEnable        
00023807  uDMAChannelAttributeDisable       
0002385b  uDMAChannelAttributeGet           
000238cb  uDMAChannelControlSet             
0002390d  uDMAChannelTransferSet            
00023a05  uDMAChannelScatterGatherSet       
00023a91  uDMAChannelSizeGet                
00023ad9  uDMAChannelModeGet                
00023b1f  uDMAIntRegister                   
00023b35  uDMAIntUnregister                 
00023b47  uDMAIntStatus                     
00023b4d  uDMAIntClear                      
00023b61  uDMAChannelAssign                 
00023ba9  uDMAChannelSelectSecondary        
00023bbd  uDMAChannelSelectDefault          
00023c5d  EEPROMInit                        
00023ca1  EEPROMSizeGet                     
00023cad  EEPROMBlockCountGet               
00023cbb  EEPROMRead                        
00023d11  EEPROMProgram                     
00023ded  EEPROMProgramNonBlocking          
00023e2f  EEPROMMassErase                   
00023e6d  EEPROMBlockProtectGet             
00023e81  EEPROMBlockProtectSet             
00023ead  EEPROMBlockPasswordSet            
00023ef5  EEPROMBlockLock                   
00023f1d  EEPROMBlockUnlock                 
00023f69  EEPROMBlockHide                   
00023f85  EEPROMIntEnable                   
00023fa9  EEPROMIntDisable                  
00023fc7  EEPROMIntStatus                   
00023ff7  EEPROMIntClear                    
0002401f  EEPROMStatusGet                   
0002405b  IntMasterEnable                   
0002406b  IntMasterDisable                  
0002407b  IntRegister                       
000240cd  IntUnregister                     
000240e1  IntPriorityGroupingSet            
000240fb  IntPriorityGroupingGet            
00024133  IntPrioritySet                    
00024183  IntPriorityGet                    
000241a7  IntEnable                         
00024219  IntDisable                        
0002428b  IntIsEnabled                      
00024311  IntPendSet                        
00024381  IntPendClear                      
000243cf  IntPriorityMaskSet                
000243db  IntPriorityMaskGet                
000243e3  IntTrigger                        
00024419  UART0ClearInterrupt               
00024427  UARTGetIntStatus                  
00024433  getUART0RxData                    
00024437  getRelativeAbsoluteSetting        
00024457  getMaxArrowLength                 
00024477  prepareNextReceiveDMA             
00024491  sendUARTDMA                       
000244af  sendCommandToMotor                
00024537  UART2IntHandler                   
00024559  receiveDataFromMotor              
000245d5  configureUartUDMA                 
0002463f  ConfigureUART0                    
000246bb  ConfigureUART2                    
00024765  atan                              
00024765  atanl                             
000249f0  __STACK_SIZE                      
00024cc1  atan2                             
00024cc1  atan2l                            
00025069  __aeabi_dsub                      
00025073  __aeabi_dadd                      
00025221  main                              
00025279  Timer0InterruptHandler            
000252bd  ADC1InterruptHandler              
00025311  UART0InterruptHandler             
000253ad  __kernel_sin                      
00025521  __kernel_cos                      
0002568d  sqrt                              
0002568d  sqrtl                             
00025921  __aeabi_ddiv                      
00025b7d  ldexp                             
00025b7d  ldexpl                            
00025b7d  scalbn                            
00025b7d  scalbnl                           
00025c8d  __aeabi_dmul                      
00025d89  floor                             
00025d89  floorl                            
00025e81  initSettings                      
00025eb5  loadSettingsFromEEPROM            
00025f07  saveSettingsToEEPROM              
00025f41  configureEEPROM                   
00025f59  toggleLED                         
00025f71  toggleOszi                        
00025f8b  onLED                             
00025fa3  offLED                            
00025fbb  onOszi                            
00025fd5  offOszi                           
00025fef  configureDebugGPIO                
000260cd  menu                              
00026179  __aeabi_memcpy                    
00026179  __aeabi_memcpy4                   
00026179  __aeabi_memcpy8                   
00026179  memcpy                            
00026215  __aeabi_uldivmod                  
000262ab  __aeabi_cdcmpeq                   
000262ab  __aeabi_cdcmple                   
00026331  __aeabi_cdrcmple                  
000263b7  __aeabi_memclr                    
000263b7  __aeabi_memclr4                   
000263b7  __aeabi_memclr8                   
000263b9  __aeabi_memset                    
000263b9  __aeabi_memset4                   
000263b9  __aeabi_memset8                   
000263bf  memset                            
0002649f  __TI_decompress_lzss              
00026509  frexp                             
00026509  frexpl                            
0002656d  timer0IntClear                    
00026579  configureTimer0                   
00026627  __TI_ltoa                         
000266cd  atoi                              
00026719  __aeabi_d2iz                      
00026761  __TI_auto_init_nobinit_nopinit    
000267a5  sprintf                           
00026823  CPUcpsid                          
0002682f  CPUprimask                        
00026839  CPUcpsie                          
00026845  CPUwfi                            
00026849  CPUbasepriSet                     
00026857  CPUbasepriGet                     
00026861  _c_int00_noargs                   
00026895  __aeabi_i2d                       
000268c3  memccpy                           
000268df  copysign                          
000268df  copysignl                         
00026911  strchr                            
00026927  strlen                            
0002693b  wcslen                            
0002694d  __TI_decompress_none              
0002695b  __TI_zero_init                    
00026967  ResetISR                          
0002697d  __aeabi_errno_addr                
00026985  SysCtlDelay                       
0002698b  _system_pre_init                  
0002698f  C$$EXIT                           
0002698f  abort                             
00026998  __TI_Handler_Table_Base           
000269a4  __TI_Handler_Table_Limit          
000269c0  __TI_CINIT_Base                   
000269d8  __TI_CINIT_Limit                  
20000000  __start___llvm_prf_cnts           
20000000  __stop___llvm_prf_cnts            
20000000  g_pfnRAMVectors                   
20000270  __stack                           
20000470  __STACK_TOP                       
20024c60  __STACK_END                       
20024c6c  errno                             
20024c70  offset                            
20025000  color                             
20025c00  pui8ControlTable                  
20026000  SensorData                        
20026682  CosOffset                         
20026702  SinOffset                         
20026782  oldDiffCosResults                 
20026802  oldDiffSinResults                 
20026894  setting                           
200268b4  backColor                         
ffffffff  __TI_pprof_out_hndl               
ffffffff  __TI_prof_data_size               
ffffffff  __TI_prof_data_start              
ffffffff  __binit__                         
ffffffff  __c_args__                        
ffffffff  binit                             
UNDEFED   __mpu_init                        
UNDEFED   _system_post_cinit                

[459 symbols]
