******************************************************************************
                  TI ARM Linker Unix v20.2.0                   
******************************************************************************
>> Linked Tue Jun  9 17:57:33 2020

OUTPUT FILE NAME:   <BP_TMR_sensor_array.out>
ENTRY POINT SYMBOL: "_c_int00_noargs"  address: 00007cd5


MEMORY CONFIGURATION

         name            origin    length      used     unused   attr    fill
----------------------  --------  ---------  --------  --------  ----  --------
  FLASH                 00000000   00100000  0000a8fa  000f5706  R  X
  SRAM                  20000000   00040000  0000694f  000396b1  RW X


SEGMENT ALLOCATION MAP

run origin  load origin   length   init length attrs members
----------  ----------- ---------- ----------- ----- -------
00000000    00000000    0000a900   0000a900    r-x
  00000000    00000000    00000208   00000208    r-- .intvecs
  00000208    00000208    00007ece   00007ece    r-x .text
  000080d8    000080d8    000027e4   000027e4    r-- .const
  0000a8c0    0000a8c0    00000040   00000040    r-- .cinit
20000000    20000000    000050a3   00000000    rw-
  20000000    20000000    0000026c   00000000    rw- .vtable
  20000270    20000270    00004e20   00000000    rw- .stack
  20005090    20005090    00000013   00000000    rw- .data
20005400    20005400    000018b0   00000000    rw-
  20005400    20005400    000018b0   00000000    rw- .bss


SECTION ALLOCATION MAP

 output                                  attributes/
section   page    origin      length       input sections
--------  ----  ----------  ----------   ----------------
.intvecs   0    00000000    00000208     
                  00000000    00000208     tm4c1294ncpdt_startup_ccs.obj (.intvecs)

.text      0    00000208    00007ece     
                  00000208    000028f4     lcd_functions.obj (.text)
                  00002afc    00000a4e     rtsv7M4_T_le_v4SPD16_eabi.lib : _printfi.c.obj (.text:__TI_printfi)
                  0000354a    00000002                                   : div0.asm.obj (.text)
                  0000354c    000009c4     adc_functions.obj (.text)
                  00003f10    00000738     rtsv7M4_T_le_v4SPD16_eabi.lib : k_rem_pio2.c.obj (.text:__kernel_rem_pio2)
                  00004648    000005dc                                   : s_cos.c.obj (.text:cos)
                  00004c24    000005c4                                   : s_sin.c.obj (.text:sin)
                  000051e8    00000348     uartDMA.obj (.text)
                  00005530    000002ec     rtsv7M4_T_le_v4SPD16_eabi.lib : s_atan.c.obj (.text:atan)
                  0000581c    00000270                                   : _printfi.c.obj (.text:_pconv_a)
                  00005a8c    00000200     driverlib.lib : sysctl.obj (.text:SysCtlClockFreqSet)
                  00005c8c    000001d8     rtsv7M4_T_le_v4SPD16_eabi.lib : e_atan2.c.obj (.text:atan2)
                  00005e64    000001d0                                   : _printfi.c.obj (.text:_pconv_g)
                  00006034    000001b6                                   : fd_add_t2.asm.obj (.text)
                  000061ea    00000002     --HOLE-- [fill = 0]
                  000061ec    00000190     main.obj (.text)
                  0000637c    00000174     rtsv7M4_T_le_v4SPD16_eabi.lib : k_sin.c.obj (.text:__kernel_sin)
                  000064f0    0000016c                                   : k_cos.c.obj (.text:__kernel_cos)
                  0000665c    00000158                                   : e_sqrt.c.obj (.text:sqrt)
                  000067b4    0000013c                                   : _printfi.c.obj (.text:_pconv_e)
                  000068f0    00000136                                   : fd_div_t2.asm.obj (.text)
                  00006a26    00000132     driverlib.lib : gpio.obj (.text:GPIOPadConfigSet)
                  00006b58    00000124     rtsv7M4_T_le_v4SPD16_eabi.lib : _printfi.c.obj (.text:fcvt)
                  00006c7c    00000110                                   : s_scalbn.c.obj (.text:scalbn)
                  00006d8c    000000fc                                   : fd_mul_t2.asm.obj (.text)
                  00006e88    000000f8                                   : s_floor.c.obj (.text:floor)
                  00006f80    000000c0     debug_functions.obj (.text)
                  00007040    000000b1     rtsv7M4_T_le_v4SPD16_eabi.lib : _printfi.c.obj (.text:_ltostr)
                  000070f1    00000001     --HOLE-- [fill = 0]
                  000070f2    0000009c                                   : memcpy_t2.asm.obj (.text)
                  0000718e    00000096                                   : ull_div_t2.asm.obj (.text)
                  00007224    00000086                                   : fd_cmp_t2.asm.obj (.text:__aeabi_cdcmple)
                  000072aa    00000086                                   : fd_cmp_t2.asm.obj (.text:__aeabi_cdrcmple)
                  00007330    0000007c     driverlib.lib : udma.obj (.text:uDMAChannelTransferSet)
                  000073ac    0000007a                   : adc.obj (.text:ADCSequenceStepConfigure)
                  00007426    0000007a     rtsv7M4_T_le_v4SPD16_eabi.lib : memset_t2.asm.obj (.text)
                  000074a0    0000006e                                   : _printfi.c.obj (.text:_mcpy)
                  0000750e    00000002     --HOLE-- [fill = 0]
                  00007510    00000068     driverlib.lib : interrupt.obj (.text:IntEnable)
                  00007578    00000068     rtsv7M4_T_le_v4SPD16_eabi.lib : copy_decompress_lzss.c.obj (.text:decompress:lzss:__TI_decompress_lzss)
                  000075e0    00000064                                   : s_frexp.c.obj (.text:frexp)
                  00007644    00000064     timer_functions.obj (.text)
                  000076a8    00000060     driverlib.lib : timer.obj (.text:TimerConfigure)
                  00007708    00000056     rtsv7M4_T_le_v4SPD16_eabi.lib : _printfi.c.obj (.text:_pconv_f)
                  0000775e    00000054                                   : _ltoa.c.obj (.text:__TI_ltoa)
                  000077b2    00000052                                   : _printfi.c.obj (.text:_ecpy)
                  00007804    00000050     driverlib.lib : adc.obj (.text:_ADCIntNumberGet)
                  00007854    0000004e                   : adc.obj (.text:ADCSequenceConfigure)
                  000078a2    00000002     --HOLE-- [fill = 0]
                  000078a4    0000004c                   : gpio.obj (.text:GPIOPinConfigure)
                  000078f0    0000004c                   : timer.obj (.text:_TimerIntNumberGet)
                  0000793c    0000004c     rtsv7M4_T_le_v4SPD16_eabi.lib : atoi.c.obj (.text:atoi)
                  00007988    00000048     driverlib.lib : sysctl.obj (.text:_SysCtlFrequencyGet)
                  000079d0    00000048     rtsv7M4_T_le_v4SPD16_eabi.lib : fd_toi_t2.asm.obj (.text)
                  00007a18    00000048     driverlib.lib : udma.obj (.text:uDMAChannelAttributeDisable)
                  00007a60    00000046                   : uart.obj (.text:UARTConfigSetExpClk)
                  00007aa6    00000002     --HOLE-- [fill = 0]
                  00007aa8    00000044     EEPROM_functions.obj (.text)
                  00007aec    00000044     rtsv7M4_T_le_v4SPD16_eabi.lib : autoinit.c.obj (.text:__TI_auto_init_nobinit_nopinit:__TI_auto_init_nobinit_nopinit)
                  00007b30    00000044     driverlib.lib : udma.obj (.text:uDMAChannelAttributeEnable)
                  00007b74    00000040                   : uart.obj (.text:_UARTIntNumberGet)
                  00007bb4    00000040     rtsv7M4_T_le_v4SPD16_eabi.lib : sprintf.c.obj (.text:sprintf)
                  00007bf4    0000003e                                   : _printfi.c.obj (.text:_fcpy)
                  00007c32    00000002     --HOLE-- [fill = 0]
                  00007c34    00000038     driverlib.lib : sysctl.obj (.text:SysCtlPeripheralReady)
                  00007c6c    00000034                   : interrupt.obj (.text:IntRegister)
                  00007ca0    00000034                   : sysctl.obj (.text:SysCtlPeripheralEnable)
                  00007cd4    00000034     rtsv7M4_T_le_v4SPD16_eabi.lib : boot_cortex_m.c.obj (.text:_c_int00_noargs:_c_int00_noargs)
                  00007d08    0000002e                                   : i_tofd_t2.asm.obj (.text)
                  00007d36    0000002c     driverlib.lib : gpio.obj (.text:GPIODirModeSet)
                  00007d62    00000002     --HOLE-- [fill = 0]
                  00007d64    0000002c                   : udma.obj (.text:uDMAChannelAssign)
                  00007d90    00000024                   : interrupt.obj (.text:IntPrioritySet)
                  00007db4    00000024                   : udma.obj (.text:uDMAChannelControlSet)
                  00007dd8    00000020                   : uart.obj (.text:UARTDisable)
                  00007df8    00000020                   : sysctl.obj (.text:_SysCtlMemTimingGet)
                  00007e18    0000001e                   : adc.obj (.text:ADCSequenceDataGet)
                  00007e36    0000001c     rtsv7M4_T_le_v4SPD16_eabi.lib : memccpy.c.obj (.text:memccpy)
                  00007e52    0000001a                                   : s_copysign.c.obj (.text:copysign)
                  00007e6c    00000018     driverlib.lib : adc.obj (.text:ADCIntRegister)
                  00007e84    00000018                   : adc.obj (.text:ADCProcessorTrigger)
                  00007e9c    00000018                   : gpio.obj (.text:GPIOPinTypeGPIOOutput)
                  00007eb4    00000018                   : timer.obj (.text:TimerIntRegister)
                  00007ecc    00000018                   : uart.obj (.text:UARTIntRegister)
                  00007ee4    00000018     rtsv7M4_T_le_v4SPD16_eabi.lib : sprintf.c.obj (.text:_outs)
                  00007efc    00000018     driverlib.lib : udma.obj (.text:uDMAChannelEnable)
                  00007f14    00000016                   : gpio.obj (.text:GPIOPinTypeUART)
                  00007f2a    00000016     rtsv7M4_T_le_v4SPD16_eabi.lib : strchr.c.obj (.text:strchr)
                  00007f40    00000014     driverlib.lib : uart.obj (.text:UARTEnable)
                  00007f54    00000014     rtsv7M4_T_le_v4SPD16_eabi.lib : strlen.c.obj (.text:strlen)
                  00007f68    00000012     driverlib.lib : timer.obj (.text:TimerLoadSet)
                  00007f7a    00000012     rtsv7M4_T_le_v4SPD16_eabi.lib : wcslen.c.obj (.text:wcslen)
                  00007f8c    00000010     driverlib.lib : adc.obj (.text:ADCIntEnable)
                  00007f9c    00000010                   : interrupt.obj (.text:IntMasterDisable)
                  00007fac    00000010                   : interrupt.obj (.text:IntMasterEnable)
                  00007fbc    00000010                   : udma.obj (.text:uDMAEnable)
                  00007fcc    0000000e                   : adc.obj (.text:ADCHardwareOversampleConfigure)
                  00007fda    0000000e                   : adc.obj (.text:ADCSequenceEnable)
                  00007fe8    0000000e                   : timer.obj (.text:TimerEnable)
                  00007ff6    0000000e                   : uart.obj (.text:UARTCharGetNonBlocking)
                  00008004    0000000e                   : uart.obj (.text:UARTCharPutNonBlocking)
                  00008012    0000000e                   : uart.obj (.text:UARTCharsAvail)
                  00008020    0000000e     rtsv7M4_T_le_v4SPD16_eabi.lib : copy_decompress_none.c.obj (.text:decompress:none:__TI_decompress_none)
                  0000802e    0000000c     driverlib.lib : cpu.obj (.text:CPUcpsid)
                  0000803a    0000000c                   : cpu.obj (.text:CPUcpsie)
                  00008046    0000000c     rtsv7M4_T_le_v4SPD16_eabi.lib : copy_zero_init.c.obj (.text:decompress:ZI:__TI_zero_init)
                  00008052    0000000c     tm4c1294ncpdt_startup_ccs.obj (.text)
                  0000805e    00000002     --HOLE-- [fill = 0]
                  00008060    0000000c     driverlib.lib : udma.obj (.text:uDMAControlBaseSet)
                  0000806c    0000000a                   : adc.obj (.text:ADCIntClear)
                  00008076    0000000a                   : uart.obj (.text:UARTFIFOEnable)
                  00008080    0000000a                   : uart.obj (.text:UARTIntStatus)
                  0000808a    0000000a     rtsv7M4_T_le_v4SPD16_eabi.lib : sprintf.c.obj (.text:_outc)
                  00008094    00000008     driverlib.lib : timer.obj (.text:TimerIntEnable)
                  0000809c    00000008                   : uart.obj (.text:UARTDMAEnable)
                  000080a4    00000008                   : uart.obj (.text:UARTIntEnable)
                  000080ac    00000008     rtsv7M4_T_le_v4SPD16_eabi.lib : errno.c.obj (.text:__aeabi_errno_addr)
                  000080b4    00000006     driverlib.lib : gpio.obj (.text:GPIOPinWrite)
                  000080ba    00000006                   : sysctl.obj (.text:SysCtlDelay)
                  000080c0    00000006                   : uart.obj (.text:UARTFIFOLevelSet)
                  000080c6    00000004                   : timer.obj (.text:TimerIntClear)
                  000080ca    00000004                   : uart.obj (.text:UARTIntClear)
                  000080ce    00000004     rtsv7M4_T_le_v4SPD16_eabi.lib : pre_init.c.obj (.text:_system_pre_init)
                  000080d2    00000004                                   : exit.c.obj (.text:abort:abort)

.const     0    000080d8    000027e4     
                  000080d8    00002000     lcd_functions.obj (.const:font_12_16)
                  0000a0d8    000001b0     driverlib.lib : sysctl.obj (.const:g_pppui32XTALtoVCO)
                  0000a288    00000158     rtsv7M4_T_le_v4SPD16_eabi.lib : k_rem_pio2.c.obj (.const:$O1$$)
                  0000a3e0    00000101                                   : ctype.c.obj (.const:.string:_ctypes_)
                  0000a4e1    00000003     --HOLE-- [fill = 0]
                  0000a4e4    0000009c     driverlib.lib : interrupt.obj (.const:g_pui32Regs)
                  0000a580    00000098     rtsv7M4_T_le_v4SPD16_eabi.lib : s_atan.c.obj (.const:$O1$$)
                  0000a618    00000090     driverlib.lib : gpio.obj (.const:g_pui32GPIOBaseAddrs)
                  0000a6a8    0000006c                   : sysctl.obj (.const:g_pui32Xtals)
                  0000a714    00000060                   : timer.obj (.const:g_ppui32TimerIntMap)
                  0000a774    00000040                   : timer.obj (.const:g_ppui32TimerIntMapSnowflake)
                  0000a7b4    00000040                   : uart.obj (.const:g_ppui32UARTIntMap)
                  0000a7f4    00000040                   : uart.obj (.const:g_ppui32UARTIntMapSnowflake)
                  0000a834    00000030                   : sysctl.obj (.const:g_sXTALtoMEMTIM)
                  0000a864    00000014                   : interrupt.obj (.const:g_pui32EnRegs)
                  0000a878    00000008                   : sysctl.obj (.const:g_pui32VCOFrequencies)
                  0000a880    00000004     lcd_functions.obj (.const:$P$T10$5)
                  0000a884    00000004     lcd_functions.obj (.const:$P$T11$6)
                  0000a888    00000004     lcd_functions.obj (.const:$P$T12$7)
                  0000a88c    00000004     lcd_functions.obj (.const:$P$T14$8)
                  0000a890    00000004     lcd_functions.obj (.const:$P$T16$9)
                  0000a894    00000004     lcd_functions.obj (.const:$P$T18$10)
                  0000a898    00000004     lcd_functions.obj (.const:$P$T23$11)
                  0000a89c    00000004     lcd_functions.obj (.const:$P$T24$12)
                  0000a8a0    00000004     lcd_functions.obj (.const:$P$T25$13)
                  0000a8a4    00000004     lcd_functions.obj (.const:$P$T26$14)
                  0000a8a8    00000004     lcd_functions.obj (.const:$P$T29$15)
                  0000a8ac    00000004     lcd_functions.obj (.const:$P$T30$16)
                  0000a8b0    00000004     lcd_functions.obj (.const:$P$T4$2)
                  0000a8b4    00000004     lcd_functions.obj (.const:$P$T5$3)
                  0000a8b8    00000004     lcd_functions.obj (.const:$P$T6$4)

.cinit     0    0000a8c0    00000040     
                  0000a8c0    0000000c     (__TI_handler_table)
                  0000a8cc    00000009     (.cinit..data.load) [load image, compression = lzss]
                  0000a8d5    00000003     --HOLE-- [fill = 0]
                  0000a8d8    00000008     (.cinit..bss.load) [load image, compression = zero_init]
                  0000a8e0    00000008     (.cinit..vtable.load) [load image, compression = zero_init]
                  0000a8e8    00000018     (__TI_cinit_table)

.init_array 
*          0    00000000    00000000     UNINITIALIZED

.vtable    0    20000000    0000026c     UNINITIALIZED
                  20000000    0000026c     driverlib.lib : interrupt.obj (.vtable)

.data      0    20005090    00000013     UNINITIALIZED
                  20005090    00000009     uartDMA.obj (.data:stepperMotorCommand$1)
                  20005099    00000001     --HOLE--
                  2000509a    00000002     main.obj (.data)
                  2000509c    00000004     rtsv7M4_T_le_v4SPD16_eabi.lib : errno.c.obj (.data)
                  200050a0    00000003     lcd_functions.obj (.data)

.bss       0    20005400    000018b0     UNINITIALIZED
                  20005400    00000c00     (.common:color)
                  20006000    00000400     (.common:pui8ControlTable)
                  20006400    00000282     (.common:SensorData)
                  20006682    00000100     adc_functions.obj (.bss:CosResults)
                  20006782    00000100     adc_functions.obj (.bss:SinResults)
                  20006882    00000080     adc_functions.obj (.bss:negCosResults$3)
                  20006902    00000080     adc_functions.obj (.bss:negSinResults$1)
                  20006982    00000080     adc_functions.obj (.bss:posCosResults$4)
                  20006a02    00000080     adc_functions.obj (.bss:posSinResults$2)
                  20006a82    00000080     (.common:CosOffset)
                  20006b02    00000080     (.common:SinOffset)
                  20006b82    00000080     (.common:oldDiffCosResults)
                  20006c02    00000080     (.common:oldDiffSinResults)
                  20006c82    00000002     --HOLE--
                  20006c84    00000010     main.obj (.bss)
                  20006c94    00000010     (.common:setting)
                  20006ca4    00000008     uartDMA.obj (.bss:UART0receive)
                  20006cac    00000004     (.common:backColor)

.stack     0    20000270    00004e20     UNINITIALIZED
                  20000270    00000004     rtsv7M4_T_le_v4SPD16_eabi.lib : boot_cortex_m.c.obj (.stack)
                  20000274    00004e1c     --HOLE--

__llvm_prf_cnts 
*          0    20000000    00000000     UNINITIALIZED

MODULE SUMMARY

       Module                          code    ro data   rw data
       ------                          ----    -------   -------
    ./
       tm4c1294ncpdt_startup_ccs.obj   12      520       0      
    +--+-------------------------------+-------+---------+---------+
       Total:                          12      520       0      
                                                                
    ./main/
       main.obj                        400     0         3090   
    +--+-------------------------------+-------+---------+---------+
       Total:                          400     0         3090   
                                                                
    ./src/
       lcd_functions.obj               10484   8252      263    
       adc_functions.obj               2500    0         1922   
       uartDMA.obj                     840     0         1041   
       debug_functions.obj             192     0         0      
       timer_functions.obj             100     0         0      
       EEPROM_functions.obj            68      0         16     
    +--+-------------------------------+-------+---------+---------+
       Total:                          14184   8252      3242   
                                                                
    /home/ole/CodeComposerStudio10/TivaWare_C_Series-2.1.4.178/driverlib/ccs/Debug/driverlib.lib
       sysctl.obj                      730     596       0      
       interrupt.obj                   224     176       620    
       gpio.obj                        478     144       0      
       uart.obj                        298     128       0      
       adc.obj                         412     0         0      
       timer.obj                       240     160       0      
       udma.obj                        396     0         0      
       cpu.obj                         24      0         0      
    +--+-------------------------------+-------+---------+---------+
       Total:                          2802    1204      620    
                                                                
    /home/ole/CodeComposerStudio10/ccs/tools/compiler/ti-cgt-arm_20.2.0.LTS/lib/rtsv7M4_T_le_v4SPD16_eabi.lib
       _printfi.c.obj                  4851    0         0      
       k_rem_pio2.c.obj                1848    344       0      
       s_cos.c.obj                     1500    0         0      
       s_sin.c.obj                     1476    0         0      
       s_atan.c.obj                    748     152       0      
       e_atan2.c.obj                   472     0         0      
       fd_add_t2.asm.obj               438     0         0      
       k_sin.c.obj                     372     0         0      
       k_cos.c.obj                     364     0         0      
       e_sqrt.c.obj                    344     0         0      
       fd_div_t2.asm.obj               310     0         0      
       s_scalbn.c.obj                  272     0         0      
       fd_cmp_t2.asm.obj               268     0         0      
       ctype.c.obj                     0       257       0      
       fd_mul_t2.asm.obj               252     0         0      
       s_floor.c.obj                   248     0         0      
       memcpy_t2.asm.obj               156     0         0      
       ull_div_t2.asm.obj              150     0         0      
       memset_t2.asm.obj               122     0         0      
       copy_decompress_lzss.c.obj      104     0         0      
       s_frexp.c.obj                   100     0         0      
       sprintf.c.obj                   98      0         0      
       _ltoa.c.obj                     84      0         0      
       atoi.c.obj                      76      0         0      
       fd_toi_t2.asm.obj               72      0         0      
       autoinit.c.obj                  68      0         0      
       boot_cortex_m.c.obj             52      0         0      
       i_tofd_t2.asm.obj               46      0         0      
       memccpy.c.obj                   28      0         0      
       s_copysign.c.obj                26      0         0      
       strchr.c.obj                    22      0         0      
       strlen.c.obj                    20      0         0      
       wcslen.c.obj                    18      0         0      
       copy_decompress_none.c.obj      14      0         0      
       copy_zero_init.c.obj            12      0         0      
       errno.c.obj                     8       0         4      
       exit.c.obj                      4       0         0      
       pre_init.c.obj                  4       0         0      
       div0.asm.obj                    2       0         0      
    +--+-------------------------------+-------+---------+---------+
       Total:                          15049   753       4      
                                                                
       Stack:                          0       0         20000  
       Linker Generated:               0       61        0      
    +--+-------------------------------+-------+---------+---------+
       Grand Total:                    32447   10790     26956  


LINKER GENERATED COPY TABLES

__TI_cinit_table @ 0000a8e8 records: 3, size/record: 8, table size: 24
	.data: load addr=0000a8cc, load size=00000009 bytes, run addr=20005090, run size=00000013 bytes, compression=lzss
	.bss: load addr=0000a8d8, load size=00000008 bytes, run addr=20005400, run size=000018b0 bytes, compression=zero_init
	.vtable: load addr=0000a8e0, load size=00000008 bytes, run addr=20000000, run size=0000026c bytes, compression=zero_init


LINKER GENERATED HANDLER TABLE

__TI_handler_table @ 0000a8c0 records: 3, size/record: 4, table size: 12
	index: 0, handler: __TI_zero_init
	index: 1, handler: __TI_decompress_lzss
	index: 2, handler: __TI_decompress_none


GLOBAL SYMBOLS: SORTED ALPHABETICALLY BY Name 

address   name                          
-------   ----                          
00006287  ADC1InterruptHandler          
00007fcd  ADCHardwareOversampleConfigure
0000806d  ADCIntClear                   
00007f8d  ADCIntEnable                  
00007e6d  ADCIntRegister                
00007e85  ADCProcessorTrigger           
00007855  ADCSequenceConfigure          
00007e19  ADCSequenceDataGet            
00007fdb  ADCSequenceEnable             
000073ad  ADCSequenceStepConfigure      
000080d3  C$$EXIT                       
0000802f  CPUcpsid                      
0000803b  CPUcpsie                      
0000540d  ConfigureUART0                
00005489  ConfigureUART2                
20006a82  CosOffset                     
00007d37  GPIODirModeSet                
00006a27  GPIOPadConfigSet              
000078a5  GPIOPinConfigure              
00007e9d  GPIOPinTypeGPIOOutput         
00007f15  GPIOPinTypeUART               
000080b5  GPIOPinWrite                  
00007511  IntEnable                     
00007f9d  IntMasterDisable              
00007fad  IntMasterEnable               
00007d91  IntPrioritySet                
00007c6d  IntRegister                   
00008053  ResetISR                      
20006400  SensorData                    
20006b02  SinOffset                     
00005a8d  SysCtlClockFreqSet            
000080bb  SysCtlDelay                   
00007ca1  SysCtlPeripheralEnable        
00007c35  SysCtlPeripheralReady         
0000623d  Timer0InterruptHandler        
000076a9  TimerConfigure                
00007fe9  TimerEnable                   
000080c7  TimerIntClear                 
00008095  TimerIntEnable                
00007eb5  TimerIntRegister              
00007f69  TimerLoadSet                  
000051e9  UART0ClearInterrupt           
000062db  UART0InterruptHandler         
00005305  UART2IntHandler               
00007ff7  UARTCharGetNonBlocking        
00008005  UARTCharPutNonBlocking        
00008013  UARTCharsAvail                
00007a61  UARTConfigSetExpClk           
0000809d  UARTDMAEnable                 
00007dd9  UARTDisable                   
00007f41  UARTEnable                    
00008077  UARTFIFOEnable                
000080c1  UARTFIFOLevelSet              
000051f7  UARTGetIntStatus              
000080cb  UARTIntClear                  
000080a5  UARTIntEnable                 
00007ecd  UARTIntRegister               
00008081  UARTIntStatus                 
20005090  __STACK_END                   
00004e20  __STACK_SIZE                  
20000470  __STACK_TOP                   
0000a8e8  __TI_CINIT_Base               
0000a900  __TI_CINIT_Limit              
0000a8c0  __TI_Handler_Table_Base       
0000a8cc  __TI_Handler_Table_Limit      
00007aed  __TI_auto_init_nobinit_nopinit
00007579  __TI_decompress_lzss          
00008021  __TI_decompress_none          
0000775f  __TI_ltoa                     
ffffffff  __TI_pprof_out_hndl           
00002afd  __TI_printfi                  
ffffffff  __TI_prof_data_size           
ffffffff  __TI_prof_data_start          
00000000  __TI_static_base__            
00008047  __TI_zero_init                
00007225  __aeabi_cdcmpeq               
00007225  __aeabi_cdcmple               
000072ab  __aeabi_cdrcmple              
000079d1  __aeabi_d2iz                  
0000603f  __aeabi_dadd                  
000068f1  __aeabi_ddiv                  
00006d8d  __aeabi_dmul                  
00006035  __aeabi_dsub                  
000080ad  __aeabi_errno_addr            
00007d09  __aeabi_i2d                   
0000354b  __aeabi_idiv0                 
0000354b  __aeabi_ldiv0                 
00007427  __aeabi_memclr                
00007427  __aeabi_memclr4               
00007427  __aeabi_memclr8               
000070f3  __aeabi_memcpy                
000070f3  __aeabi_memcpy4               
000070f3  __aeabi_memcpy8               
00007429  __aeabi_memset                
00007429  __aeabi_memset4               
00007429  __aeabi_memset8               
0000718f  __aeabi_uldivmod              
ffffffff  __binit__                     
ffffffff  __c_args__                    
000064f1  __kernel_cos                  
00003f11  __kernel_rem_pio2             
0000637d  __kernel_sin                  
UNDEFED   __mpu_init                    
20000270  __stack                       
20000000  __start___llvm_prf_cnts       
20000000  __stop___llvm_prf_cnts        
00007cd5  _c_int00_noargs               
0000a3e0  _ctypes_                      
UNDEFED   _system_post_cinit            
000080cf  _system_pre_init              
000080d3  abort                         
00003569  adcIntClear                   
00005531  atan                          
00005c8d  atan2                         
00005c8d  atan2l                        
00005531  atanl                         
0000793d  atoi                          
20006cac  backColor                     
ffffffff  binit                         
20005400  color                         
00003869  computeArrows                 
00003d9d  configureADC                  
00007017  configureDebugGPIO            
00002675  configureLCD5Inch             
0000286b  configureLCD7Inch             
00007651  configureTimer0               
000053a3  configureUartUDMA             
00007e53  copysign                      
00007e53  copysignl                     
00004649  cos                           
00004649  cosl                          
00000825  drawDisplay5Inch              
00000a27  drawDisplay7Inch              
2000509c  errno                         
00006e89  floor                         
00006e89  floorl                        
000075e1  frexp                         
000075e1  frexpl                        
20000000  g_pfnRAMVectors               
00000000  g_pfnVectors                  
00000363  generateColors                
000035ab  getADCHardwareAveraging       
00005227  getMaxArrowLength             
00005207  getRelativeAbsoluteSetting    
00005203  getUART0RxData                
00006c7d  ldexp                         
00006c7d  ldexpl                        
00007aa9  loadSettings                  
000061ed  main                          
00007e37  memccpy                       
000070f3  memcpy                        
0000742f  memset                        
00006fcb  offLED                        
00006ffd  offOszi                       
200050a0  offset                        
20006b82  oldDiffCosResults             
20006c02  oldDiffSinResults             
00006fb3  onLED                         
00006fe3  onOszi                        
00005247  prepareNextReceiveDMA         
00000459  printString                   
20006000  pui8ControlTable              
00000353  readTouchscreen               
00005327  receiveDataFromMotor          
00007add  saveSettings                  
00006c7d  scalbn                        
00006c7d  scalbnl                       
0000527f  sendCommandToMotor            
00005261  sendUARTDMA                   
0000068f  setLCDBackgroundColor         
00003575  setMultiplexer                
20006c94  setting                       
00004c25  sin                           
00004c25  sinl                          
00007bb5  sprintf                       
0000665d  sqrt                          
0000665d  sqrtl                         
0000354d  startADConversion             
000035db  storeArraySensorData          
00007f2b  strchr                        
00007f55  strlen                        
00007645  timer0IntClear                
00006f81  toggleLED                     
00006f99  toggleOszi                    
00007d65  uDMAChannelAssign             
00007a19  uDMAChannelAttributeDisable   
00007b31  uDMAChannelAttributeEnable    
00007db5  uDMAChannelControlSet         
00007efd  uDMAChannelEnable             
00007331  uDMAChannelTransferSet        
00008061  uDMAControlBaseSet            
00007fbd  uDMAEnable                    
00007f7b  wcslen                        
000005ad  writeChar                     
00000a49  writeCmdData                  
00000a29  writeCommand                  
00000a71  writeData                     
00000209  writeInfos                    
00000b71  writeLine                     
00001eb9  writeLine0Degree              
00001f61  writeLine180Degree            
00001fb5  writeLine270Degree            
00001f0d  writeLine90Degree             
00002011  writeLineQuadrant1_I          
000020e9  writeLineQuadrant1_II         
000021af  writeLineQuadrant2_I          
00002275  writeLineQuadrant2_II         
0000234d  writeLineQuadrant3_I          
00002413  writeLineQuadrant3_II         
000024d9  writeLineQuadrant4_I          
0000259f  writeLineQuadrant4_II         
00000ac1  writePosition                 
00000719  writeRecangle                 
0000079b  writeScreenColor7INCH         


GLOBAL SYMBOLS: SORTED BY Symbol Address 

address   name                          
-------   ----                          
00000000  __TI_static_base__            
00000000  g_pfnVectors                  
00000209  writeInfos                    
00000353  readTouchscreen               
00000363  generateColors                
00000459  printString                   
000005ad  writeChar                     
0000068f  setLCDBackgroundColor         
00000719  writeRecangle                 
0000079b  writeScreenColor7INCH         
00000825  drawDisplay5Inch              
00000a27  drawDisplay7Inch              
00000a29  writeCommand                  
00000a49  writeCmdData                  
00000a71  writeData                     
00000ac1  writePosition                 
00000b71  writeLine                     
00001eb9  writeLine0Degree              
00001f0d  writeLine90Degree             
00001f61  writeLine180Degree            
00001fb5  writeLine270Degree            
00002011  writeLineQuadrant1_I          
000020e9  writeLineQuadrant1_II         
000021af  writeLineQuadrant2_I          
00002275  writeLineQuadrant2_II         
0000234d  writeLineQuadrant3_I          
00002413  writeLineQuadrant3_II         
000024d9  writeLineQuadrant4_I          
0000259f  writeLineQuadrant4_II         
00002675  configureLCD5Inch             
0000286b  configureLCD7Inch             
00002afd  __TI_printfi                  
0000354b  __aeabi_idiv0                 
0000354b  __aeabi_ldiv0                 
0000354d  startADConversion             
00003569  adcIntClear                   
00003575  setMultiplexer                
000035ab  getADCHardwareAveraging       
000035db  storeArraySensorData          
00003869  computeArrows                 
00003d9d  configureADC                  
00003f11  __kernel_rem_pio2             
00004649  cos                           
00004649  cosl                          
00004c25  sin                           
00004c25  sinl                          
00004e20  __STACK_SIZE                  
000051e9  UART0ClearInterrupt           
000051f7  UARTGetIntStatus              
00005203  getUART0RxData                
00005207  getRelativeAbsoluteSetting    
00005227  getMaxArrowLength             
00005247  prepareNextReceiveDMA         
00005261  sendUARTDMA                   
0000527f  sendCommandToMotor            
00005305  UART2IntHandler               
00005327  receiveDataFromMotor          
000053a3  configureUartUDMA             
0000540d  ConfigureUART0                
00005489  ConfigureUART2                
00005531  atan                          
00005531  atanl                         
00005a8d  SysCtlClockFreqSet            
00005c8d  atan2                         
00005c8d  atan2l                        
00006035  __aeabi_dsub                  
0000603f  __aeabi_dadd                  
000061ed  main                          
0000623d  Timer0InterruptHandler        
00006287  ADC1InterruptHandler          
000062db  UART0InterruptHandler         
0000637d  __kernel_sin                  
000064f1  __kernel_cos                  
0000665d  sqrt                          
0000665d  sqrtl                         
000068f1  __aeabi_ddiv                  
00006a27  GPIOPadConfigSet              
00006c7d  ldexp                         
00006c7d  ldexpl                        
00006c7d  scalbn                        
00006c7d  scalbnl                       
00006d8d  __aeabi_dmul                  
00006e89  floor                         
00006e89  floorl                        
00006f81  toggleLED                     
00006f99  toggleOszi                    
00006fb3  onLED                         
00006fcb  offLED                        
00006fe3  onOszi                        
00006ffd  offOszi                       
00007017  configureDebugGPIO            
000070f3  __aeabi_memcpy                
000070f3  __aeabi_memcpy4               
000070f3  __aeabi_memcpy8               
000070f3  memcpy                        
0000718f  __aeabi_uldivmod              
00007225  __aeabi_cdcmpeq               
00007225  __aeabi_cdcmple               
000072ab  __aeabi_cdrcmple              
00007331  uDMAChannelTransferSet        
000073ad  ADCSequenceStepConfigure      
00007427  __aeabi_memclr                
00007427  __aeabi_memclr4               
00007427  __aeabi_memclr8               
00007429  __aeabi_memset                
00007429  __aeabi_memset4               
00007429  __aeabi_memset8               
0000742f  memset                        
00007511  IntEnable                     
00007579  __TI_decompress_lzss          
000075e1  frexp                         
000075e1  frexpl                        
00007645  timer0IntClear                
00007651  configureTimer0               
000076a9  TimerConfigure                
0000775f  __TI_ltoa                     
00007855  ADCSequenceConfigure          
000078a5  GPIOPinConfigure              
0000793d  atoi                          
000079d1  __aeabi_d2iz                  
00007a19  uDMAChannelAttributeDisable   
00007a61  UARTConfigSetExpClk           
00007aa9  loadSettings                  
00007add  saveSettings                  
00007aed  __TI_auto_init_nobinit_nopinit
00007b31  uDMAChannelAttributeEnable    
00007bb5  sprintf                       
00007c35  SysCtlPeripheralReady         
00007c6d  IntRegister                   
00007ca1  SysCtlPeripheralEnable        
00007cd5  _c_int00_noargs               
00007d09  __aeabi_i2d                   
00007d37  GPIODirModeSet                
00007d65  uDMAChannelAssign             
00007d91  IntPrioritySet                
00007db5  uDMAChannelControlSet         
00007dd9  UARTDisable                   
00007e19  ADCSequenceDataGet            
00007e37  memccpy                       
00007e53  copysign                      
00007e53  copysignl                     
00007e6d  ADCIntRegister                
00007e85  ADCProcessorTrigger           
00007e9d  GPIOPinTypeGPIOOutput         
00007eb5  TimerIntRegister              
00007ecd  UARTIntRegister               
00007efd  uDMAChannelEnable             
00007f15  GPIOPinTypeUART               
00007f2b  strchr                        
00007f41  UARTEnable                    
00007f55  strlen                        
00007f69  TimerLoadSet                  
00007f7b  wcslen                        
00007f8d  ADCIntEnable                  
00007f9d  IntMasterDisable              
00007fad  IntMasterEnable               
00007fbd  uDMAEnable                    
00007fcd  ADCHardwareOversampleConfigure
00007fdb  ADCSequenceEnable             
00007fe9  TimerEnable                   
00007ff7  UARTCharGetNonBlocking        
00008005  UARTCharPutNonBlocking        
00008013  UARTCharsAvail                
00008021  __TI_decompress_none          
0000802f  CPUcpsid                      
0000803b  CPUcpsie                      
00008047  __TI_zero_init                
00008053  ResetISR                      
00008061  uDMAControlBaseSet            
0000806d  ADCIntClear                   
00008077  UARTFIFOEnable                
00008081  UARTIntStatus                 
00008095  TimerIntEnable                
0000809d  UARTDMAEnable                 
000080a5  UARTIntEnable                 
000080ad  __aeabi_errno_addr            
000080b5  GPIOPinWrite                  
000080bb  SysCtlDelay                   
000080c1  UARTFIFOLevelSet              
000080c7  TimerIntClear                 
000080cb  UARTIntClear                  
000080cf  _system_pre_init              
000080d3  C$$EXIT                       
000080d3  abort                         
0000a3e0  _ctypes_                      
0000a8c0  __TI_Handler_Table_Base       
0000a8cc  __TI_Handler_Table_Limit      
0000a8e8  __TI_CINIT_Base               
0000a900  __TI_CINIT_Limit              
20000000  __start___llvm_prf_cnts       
20000000  __stop___llvm_prf_cnts        
20000000  g_pfnRAMVectors               
20000270  __stack                       
20000470  __STACK_TOP                   
20005090  __STACK_END                   
2000509c  errno                         
200050a0  offset                        
20005400  color                         
20006000  pui8ControlTable              
20006400  SensorData                    
20006a82  CosOffset                     
20006b02  SinOffset                     
20006b82  oldDiffCosResults             
20006c02  oldDiffSinResults             
20006c94  setting                       
20006cac  backColor                     
ffffffff  __TI_pprof_out_hndl           
ffffffff  __TI_prof_data_size           
ffffffff  __TI_prof_data_start          
ffffffff  __binit__                     
ffffffff  __c_args__                    
ffffffff  binit                         
UNDEFED   __mpu_init                    
UNDEFED   _system_post_cinit            

[214 symbols]
