******************************************************************************
                  TI ARM Linker Unix v20.2.0                   
******************************************************************************
>> Linked Sun May 10 14:29:51 2020

OUTPUT FILE NAME:   <BP_TMR_sensor_array.out>
ENTRY POINT SYMBOL: "_c_int00_noargs"  address: 00008031


MEMORY CONFIGURATION

         name            origin    length      used     unused   attr    fill
----------------------  --------  ---------  --------  --------  ----  --------
  FLASH                 00000000   00100000  0000aca6  000f535a  R  X
  SRAM                  20000000   00040000  00006733  000398cd  RW X


SEGMENT ALLOCATION MAP

run origin  load origin   length   init length attrs members
----------  ----------- ---------- ----------- ----- -------
00000000    00000000    0000acb0   0000acb0    r-x
  00000000    00000000    00000208   00000208    r-- .intvecs
  00000208    00000208    0000822a   0000822a    r-x .text
  00008438    00008438    0000282c   0000282c    r-- .const
  0000ac68    0000ac68    00000048   00000048    r-- .cinit
20000000    20000000    000050ab   00000000    rw-
  20000000    20000000    0000026c   00000000    rw- .vtable
  20000270    20000270    00004e20   00000000    rw- .stack
  20005090    20005090    0000001b   00000000    rw- .data
20005400    20005400    0000168c   00000000    rw-
  20005400    20005400    0000168c   00000000    rw- .bss


SECTION ALLOCATION MAP

 output                                  attributes/
section   page    origin      length       input sections
--------  ----  ----------  ----------   ----------------
.intvecs   0    00000000    00000208     
                  00000000    00000208     tm4c1294ncpdt_startup_ccs.obj (.intvecs)

.text      0    00000208    0000822a     
                  00000208    00002a68     lcd_functions.obj (.text)
                  00002c70    00000b50     adc_functions.obj (.text)
                  000037c0    00000a4e     rtsv7M4_T_le_v4SPD16_eabi.lib : _printfi.c.obj (.text:__TI_printfi)
                  0000420e    00000002                                   : div0.asm.obj (.text)
                  00004210    00000738                                   : k_rem_pio2.c.obj (.text:__kernel_rem_pio2)
                  00004948    000005dc                                   : s_cos.c.obj (.text:cos)
                  00004f24    000005c4                                   : s_sin.c.obj (.text:sin)
                  000054e8    000003bc     Interrupt_handler.obj (.text)
                  000058a4    000002ec     rtsv7M4_T_le_v4SPD16_eabi.lib : s_atan.c.obj (.text:atan)
                  00005b90    00000270                                   : _printfi.c.obj (.text:_pconv_a)
                  00005e00    00000200     driverlib.lib : sysctl.obj (.text:SysCtlClockFreqSet)
                  00006000    000001d8     rtsv7M4_T_le_v4SPD16_eabi.lib : e_atan2.c.obj (.text:atan2)
                  000061d8    000001d0                                   : _printfi.c.obj (.text:_pconv_g)
                  000063a8    000001b6                                   : fd_add_t2.asm.obj (.text)
                  0000655e    00000002     --HOLE-- [fill = 0]
                  00006560    000001ac     uartDMA.obj (.text)
                  0000670c    00000174     rtsv7M4_T_le_v4SPD16_eabi.lib : k_sin.c.obj (.text:__kernel_sin)
                  00006880    0000016c                                   : k_cos.c.obj (.text:__kernel_cos)
                  000069ec    00000158                                   : e_sqrt.c.obj (.text:sqrt)
                  00006b44    0000013c                                   : _printfi.c.obj (.text:_pconv_e)
                  00006c80    00000136                                   : fd_div_t2.asm.obj (.text)
                  00006db6    00000132     driverlib.lib : gpio.obj (.text:GPIOPadConfigSet)
                  00006ee8    00000124     rtsv7M4_T_le_v4SPD16_eabi.lib : _printfi.c.obj (.text:fcvt)
                  0000700c    00000110                                   : s_scalbn.c.obj (.text:scalbn)
                  0000711c    000000fc                                   : fd_mul_t2.asm.obj (.text)
                  00007218    000000f8                                   : s_floor.c.obj (.text:floor)
                  00007310    000000dc     configuration.obj (.text)
                  000073ec    000000b1     rtsv7M4_T_le_v4SPD16_eabi.lib : _printfi.c.obj (.text:_ltostr)
                  0000749d    00000001     --HOLE-- [fill = 0]
                  0000749e    0000009c                                   : memcpy_t2.asm.obj (.text)
                  0000753a    00000096                                   : ull_div_t2.asm.obj (.text)
                  000075d0    00000086                                   : fd_cmp_t2.asm.obj (.text:__aeabi_cdcmple)
                  00007656    00000086                                   : fd_cmp_t2.asm.obj (.text:__aeabi_cdrcmple)
                  000076dc    0000007c     driverlib.lib : udma.obj (.text:uDMAChannelTransferSet)
                  00007758    0000007a                   : adc.obj (.text:ADCSequenceStepConfigure)
                  000077d2    0000007a     rtsv7M4_T_le_v4SPD16_eabi.lib : memset_t2.asm.obj (.text)
                  0000784c    0000006e                                   : _printfi.c.obj (.text:_mcpy)
                  000078ba    00000002     --HOLE-- [fill = 0]
                  000078bc    00000068     driverlib.lib : interrupt.obj (.text:IntEnable)
                  00007924    00000068     rtsv7M4_T_le_v4SPD16_eabi.lib : copy_decompress_lzss.c.obj (.text:decompress:lzss:__TI_decompress_lzss)
                  0000798c    00000064                                   : s_frexp.c.obj (.text:frexp)
                  000079f0    00000060     driverlib.lib : timer.obj (.text:TimerConfigure)
                  00007a50    00000056     rtsv7M4_T_le_v4SPD16_eabi.lib : _printfi.c.obj (.text:_pconv_f)
                  00007aa6    00000054                                   : _ltoa.c.obj (.text:__TI_ltoa)
                  00007afa    00000002     --HOLE-- [fill = 0]
                  00007afc    00000054     main.obj (.text)
                  00007b50    00000052     rtsv7M4_T_le_v4SPD16_eabi.lib : _printfi.c.obj (.text:_ecpy)
                  00007ba2    00000002     --HOLE-- [fill = 0]
                  00007ba4    00000050     driverlib.lib : adc.obj (.text:_ADCIntNumberGet)
                  00007bf4    0000004e                   : adc.obj (.text:ADCSequenceConfigure)
                  00007c42    00000002     --HOLE-- [fill = 0]
                  00007c44    0000004c                   : gpio.obj (.text:GPIOPinConfigure)
                  00007c90    0000004c                   : timer.obj (.text:_TimerIntNumberGet)
                  00007cdc    0000004c     rtsv7M4_T_le_v4SPD16_eabi.lib : atoi.c.obj (.text:atoi)
                  00007d28    00000048     driverlib.lib : sysctl.obj (.text:_SysCtlFrequencyGet)
                  00007d70    00000048     rtsv7M4_T_le_v4SPD16_eabi.lib : fd_toi_t2.asm.obj (.text)
                  00007db8    00000048     driverlib.lib : udma.obj (.text:uDMAChannelAttributeDisable)
                  00007e00    00000046                   : uart.obj (.text:UARTConfigSetExpClk)
                  00007e46    00000002     --HOLE-- [fill = 0]
                  00007e48    00000044     rtsv7M4_T_le_v4SPD16_eabi.lib : autoinit.c.obj (.text:__TI_auto_init_nobinit_nopinit:__TI_auto_init_nobinit_nopinit)
                  00007e8c    00000044     driverlib.lib : udma.obj (.text:uDMAChannelAttributeEnable)
                  00007ed0    00000040                   : uart.obj (.text:_UARTIntNumberGet)
                  00007f10    00000040     rtsv7M4_T_le_v4SPD16_eabi.lib : sprintf.c.obj (.text:sprintf)
                  00007f50    0000003e                                   : _printfi.c.obj (.text:_fcpy)
                  00007f8e    00000002     --HOLE-- [fill = 0]
                  00007f90    00000038     driverlib.lib : sysctl.obj (.text:SysCtlPeripheralReady)
                  00007fc8    00000034                   : interrupt.obj (.text:IntRegister)
                  00007ffc    00000034                   : sysctl.obj (.text:SysCtlPeripheralEnable)
                  00008030    00000034     rtsv7M4_T_le_v4SPD16_eabi.lib : boot_cortex_m.c.obj (.text:_c_int00_noargs:_c_int00_noargs)
                  00008064    0000002e                                   : i_tofd_t2.asm.obj (.text)
                  00008092    0000002c     driverlib.lib : gpio.obj (.text:GPIODirModeSet)
                  000080be    00000002     --HOLE-- [fill = 0]
                  000080c0    0000002c                   : udma.obj (.text:uDMAChannelAssign)
                  000080ec    00000024                   : interrupt.obj (.text:IntPrioritySet)
                  00008110    00000024                   : udma.obj (.text:uDMAChannelControlSet)
                  00008134    00000020                   : uart.obj (.text:UARTDisable)
                  00008154    00000020                   : sysctl.obj (.text:_SysCtlMemTimingGet)
                  00008174    0000001e                   : adc.obj (.text:ADCSequenceDataGet)
                  00008192    0000001c     rtsv7M4_T_le_v4SPD16_eabi.lib : memccpy.c.obj (.text:memccpy)
                  000081ae    0000001a                                   : s_copysign.c.obj (.text:copysign)
                  000081c8    00000018     driverlib.lib : adc.obj (.text:ADCIntRegister)
                  000081e0    00000018                   : adc.obj (.text:ADCProcessorTrigger)
                  000081f8    00000018                   : gpio.obj (.text:GPIOPinTypeGPIOOutput)
                  00008210    00000018                   : timer.obj (.text:TimerIntRegister)
                  00008228    00000018                   : uart.obj (.text:UARTIntRegister)
                  00008240    00000018     rtsv7M4_T_le_v4SPD16_eabi.lib : sprintf.c.obj (.text:_outs)
                  00008258    00000018     driverlib.lib : udma.obj (.text:uDMAChannelEnable)
                  00008270    00000016                   : gpio.obj (.text:GPIOPinTypeUART)
                  00008286    00000016     rtsv7M4_T_le_v4SPD16_eabi.lib : strchr.c.obj (.text:strchr)
                  0000829c    00000014     driverlib.lib : uart.obj (.text:UARTEnable)
                  000082b0    00000014     rtsv7M4_T_le_v4SPD16_eabi.lib : strlen.c.obj (.text:strlen)
                  000082c4    00000012     driverlib.lib : timer.obj (.text:TimerLoadSet)
                  000082d6    00000012     rtsv7M4_T_le_v4SPD16_eabi.lib : wcslen.c.obj (.text:wcslen)
                  000082e8    00000010     driverlib.lib : adc.obj (.text:ADCIntEnable)
                  000082f8    00000010                   : interrupt.obj (.text:IntMasterDisable)
                  00008308    00000010                   : interrupt.obj (.text:IntMasterEnable)
                  00008318    00000010                   : udma.obj (.text:uDMAEnable)
                  00008328    0000000e                   : adc.obj (.text:ADCHardwareOversampleConfigure)
                  00008336    0000000e                   : adc.obj (.text:ADCSequenceEnable)
                  00008344    0000000e                   : timer.obj (.text:TimerEnable)
                  00008352    0000000e                   : uart.obj (.text:UARTCharGetNonBlocking)
                  00008360    0000000e                   : uart.obj (.text:UARTCharPutNonBlocking)
                  0000836e    0000000e                   : uart.obj (.text:UARTCharsAvail)
                  0000837c    0000000e     rtsv7M4_T_le_v4SPD16_eabi.lib : copy_decompress_none.c.obj (.text:decompress:none:__TI_decompress_none)
                  0000838a    0000000c     driverlib.lib : cpu.obj (.text:CPUcpsid)
                  00008396    0000000c                   : cpu.obj (.text:CPUcpsie)
                  000083a2    0000000c     rtsv7M4_T_le_v4SPD16_eabi.lib : copy_zero_init.c.obj (.text:decompress:ZI:__TI_zero_init)
                  000083ae    0000000c     tm4c1294ncpdt_startup_ccs.obj (.text)
                  000083ba    00000002     --HOLE-- [fill = 0]
                  000083bc    0000000c     driverlib.lib : udma.obj (.text:uDMAControlBaseSet)
                  000083c8    0000000a                   : adc.obj (.text:ADCIntClear)
                  000083d2    0000000a                   : uart.obj (.text:UARTFIFOEnable)
                  000083dc    0000000a                   : uart.obj (.text:UARTIntStatus)
                  000083e6    0000000a     rtsv7M4_T_le_v4SPD16_eabi.lib : sprintf.c.obj (.text:_outc)
                  000083f0    00000008     driverlib.lib : timer.obj (.text:TimerIntEnable)
                  000083f8    00000008                   : uart.obj (.text:UARTDMAEnable)
                  00008400    00000008                   : uart.obj (.text:UARTIntEnable)
                  00008408    00000008     rtsv7M4_T_le_v4SPD16_eabi.lib : errno.c.obj (.text:__aeabi_errno_addr)
                  00008410    00000006     driverlib.lib : gpio.obj (.text:GPIOPinWrite)
                  00008416    00000006                   : sysctl.obj (.text:SysCtlDelay)
                  0000841c    00000006                   : uart.obj (.text:UARTFIFOLevelSet)
                  00008422    00000004                   : timer.obj (.text:TimerIntClear)
                  00008426    00000004                   : uart.obj (.text:UARTIntClear)
                  0000842a    00000004     rtsv7M4_T_le_v4SPD16_eabi.lib : pre_init.c.obj (.text:_system_pre_init)
                  0000842e    00000004                                   : exit.c.obj (.text:abort:abort)

.const     0    00008438    0000282c     
                  00008438    00002000     fonts.obj (.const:font_12_16)
                  0000a438    000001b0     driverlib.lib : sysctl.obj (.const:g_pppui32XTALtoVCO)
                  0000a5e8    00000158     rtsv7M4_T_le_v4SPD16_eabi.lib : k_rem_pio2.c.obj (.const:$O1$$)
                  0000a740    00000101                                   : ctype.c.obj (.const:.string:_ctypes_)
                  0000a841    00000003     --HOLE-- [fill = 0]
                  0000a844    0000009c     driverlib.lib : interrupt.obj (.const:g_pui32Regs)
                  0000a8e0    00000098     rtsv7M4_T_le_v4SPD16_eabi.lib : s_atan.c.obj (.const:$O1$$)
                  0000a978    00000090     driverlib.lib : gpio.obj (.const:g_pui32GPIOBaseAddrs)
                  0000aa08    0000006c                   : sysctl.obj (.const:g_pui32Xtals)
                  0000aa74    00000060                   : timer.obj (.const:g_ppui32TimerIntMap)
                  0000aad4    00000040                   : timer.obj (.const:g_ppui32TimerIntMapSnowflake)
                  0000ab14    00000040                   : uart.obj (.const:g_ppui32UARTIntMap)
                  0000ab54    00000040                   : uart.obj (.const:g_ppui32UARTIntMapSnowflake)
                  0000ab94    00000030                   : sysctl.obj (.const:g_sXTALtoMEMTIM)
                  0000abc4    00000014                   : interrupt.obj (.const:g_pui32EnRegs)
                  0000abd8    00000008                   : sysctl.obj (.const:g_pui32VCOFrequencies)
                  0000abe0    00000004     lcd_functions.obj (.const:$P$T10$4)
                  0000abe4    00000004     Interrupt_handler.obj (.const:$P$T10$7)
                  0000abe8    00000004     lcd_functions.obj (.const:$P$T11$5)
                  0000abec    00000004     lcd_functions.obj (.const:$P$T12$6)
                  0000abf0    00000004     lcd_functions.obj (.const:$P$T13$7)
                  0000abf4    00000004     lcd_functions.obj (.const:$P$T14$8)
                  0000abf8    00000004     main.obj (.const:$P$T2$1)
                  0000abfc    00000004     lcd_functions.obj (.const:$P$T2$2)
                  0000ac00    00000004     Interrupt_handler.obj (.const:$P$T2$3)
                  0000ac04    00000004     lcd_functions.obj (.const:$P$T21$9)
                  0000ac08    00000004     lcd_functions.obj (.const:$P$T22$10)
                  0000ac0c    00000004     lcd_functions.obj (.const:$P$T23$11)
                  0000ac10    00000004     lcd_functions.obj (.const:$P$T24$12)
                  0000ac14    00000004     lcd_functions.obj (.const:$P$T25$13)
                  0000ac18    00000004     lcd_functions.obj (.const:$P$T26$14)
                  0000ac1c    00000004     lcd_functions.obj (.const:$P$T29$15)
                  0000ac20    00000004     lcd_functions.obj (.const:$P$T30$16)
                  0000ac24    00000004     lcd_functions.obj (.const:$P$T33$17)
                  0000ac28    00000004     lcd_functions.obj (.const:$P$T34$18)
                  0000ac2c    00000004     lcd_functions.obj (.const:$P$T37$19)
                  0000ac30    00000004     lcd_functions.obj (.const:$P$T38$20)
                  0000ac34    00000004     Interrupt_handler.obj (.const:$P$T4$4)
                  0000ac38    00000004     lcd_functions.obj (.const:$P$T41$21)
                  0000ac3c    00000004     lcd_functions.obj (.const:$P$T42$22)
                  0000ac40    00000004     lcd_functions.obj (.const:$P$T45$23)
                  0000ac44    00000004     lcd_functions.obj (.const:$P$T46$24)
                  0000ac48    00000004     lcd_functions.obj (.const:$P$T48$25)
                  0000ac4c    00000004     lcd_functions.obj (.const:$P$T52$26)
                  0000ac50    00000004     lcd_functions.obj (.const:$P$T53$27)
                  0000ac54    00000004     lcd_functions.obj (.const:$P$T54$28)
                  0000ac58    00000004     Interrupt_handler.obj (.const:$P$T6$5)
                  0000ac5c    00000004     lcd_functions.obj (.const:$P$T9$3)
                  0000ac60    00000004     Interrupt_handler.obj (.const:$P$T9$6)

.cinit     0    0000ac68    00000048     
                  0000ac68    00000013     (.cinit..data.load) [load image, compression = lzss]
                  0000ac7b    00000001     --HOLE-- [fill = 0]
                  0000ac7c    0000000c     (__TI_handler_table)
                  0000ac88    00000008     (.cinit..bss.load) [load image, compression = zero_init]
                  0000ac90    00000008     (.cinit..vtable.load) [load image, compression = zero_init]
                  0000ac98    00000018     (__TI_cinit_table)

.init_array 
*          0    00000000    00000000     UNINITIALIZED

.vtable    0    20000000    0000026c     UNINITIALIZED
                  20000000    0000026c     driverlib.lib : interrupt.obj (.vtable)

.data      0    20005090    0000001b     UNINITIALIZED
                  20005090    00000009     Interrupt_handler.obj (.data:stepperMotorCommand$2)
                  20005099    00000001     --HOLE--
                  2000509a    00000006     Interrupt_handler.obj (.data)
                  200050a0    00000004     Interrupt_handler.obj (.data:backColor)
                  200050a4    00000004     rtsv7M4_T_le_v4SPD16_eabi.lib : errno.c.obj (.data)
                  200050a8    00000003     lcd_functions.obj (.data)

.bss       0    20005400    0000168c     UNINITIALIZED
                  20005400    00000c00     (.common:color)
                  20006000    00000400     (.common:pui8ControlTable)
                  20006400    00000100     adc_functions.obj (.bss:CosResults)
                  20006500    00000100     adc_functions.obj (.bss:SinResults)
                  20006600    00000100     (.common:DiffResults)
                  20006700    00000080     (.common:CosOffset)
                  20006780    00000080     (.common:DiffCosResults)
                  20006800    00000080     (.common:DiffSinResults)
                  20006880    00000080     (.common:SinOffset)
                  20006900    00000080     (.common:arrowLength)
                  20006980    00000080     (.common:oldDiffCosResults)
                  20006a00    00000080     (.common:oldDiffSinResults)
                  20006a80    00000008     (.common:UART0receive)
                  20006a88    00000004     Interrupt_handler.obj (.bss)

.stack     0    20000270    00004e20     UNINITIALIZED
                  20000270    00000004     rtsv7M4_T_le_v4SPD16_eabi.lib : boot_cortex_m.c.obj (.stack)
                  20000274    00004e1c     --HOLE--

__llvm_prf_cnts 
*          0    20000000    00000000     UNINITIALIZED

MODULE SUMMARY

       Module                          code    ro data   rw data
       ------                          ----    -------   -------
    ./
       lcd_functions.obj               10856   108       3331   
       fonts.obj                       0       8192      0      
       adc_functions.obj               2896    0         512    
       Interrupt_handler.obj           956     20        927    
       uartDMA.obj                     428     0         1024   
       tm4c1294ncpdt_startup_ccs.obj   12      520       0      
       configuration.obj               220     0         0      
       main.obj                        84      4         0      
    +--+-------------------------------+-------+---------+---------+
       Total:                          15452   8844      5794   
                                                                
    /home/ole/CodeComposerStudio10/TivaWare_C_Series-2.1.4.178/driverlib/ccs/Debug/driverlib.lib
       sysctl.obj                      730     596       0      
       interrupt.obj                   224     176       620    
       gpio.obj                        478     144       0      
       uart.obj                        298     128       0      
       adc.obj                         412     0         0      
       timer.obj                       240     160       0      
       udma.obj                        396     0         0      
       cpu.obj                         24      0         0      
    +--+-------------------------------+-------+---------+---------+
       Total:                          2802    1204      620    
                                                                
    /home/ole/CodeComposerStudio10/ccs/tools/compiler/ti-cgt-arm_20.2.0.LTS/lib/rtsv7M4_T_le_v4SPD16_eabi.lib
       _printfi.c.obj                  4851    0         0      
       k_rem_pio2.c.obj                1848    344       0      
       s_cos.c.obj                     1500    0         0      
       s_sin.c.obj                     1476    0         0      
       s_atan.c.obj                    748     152       0      
       e_atan2.c.obj                   472     0         0      
       fd_add_t2.asm.obj               438     0         0      
       k_sin.c.obj                     372     0         0      
       k_cos.c.obj                     364     0         0      
       e_sqrt.c.obj                    344     0         0      
       fd_div_t2.asm.obj               310     0         0      
       s_scalbn.c.obj                  272     0         0      
       fd_cmp_t2.asm.obj               268     0         0      
       ctype.c.obj                     0       257       0      
       fd_mul_t2.asm.obj               252     0         0      
       s_floor.c.obj                   248     0         0      
       memcpy_t2.asm.obj               156     0         0      
       ull_div_t2.asm.obj              150     0         0      
       memset_t2.asm.obj               122     0         0      
       copy_decompress_lzss.c.obj      104     0         0      
       s_frexp.c.obj                   100     0         0      
       sprintf.c.obj                   98      0         0      
       _ltoa.c.obj                     84      0         0      
       atoi.c.obj                      76      0         0      
       fd_toi_t2.asm.obj               72      0         0      
       autoinit.c.obj                  68      0         0      
       boot_cortex_m.c.obj             52      0         0      
       i_tofd_t2.asm.obj               46      0         0      
       memccpy.c.obj                   28      0         0      
       s_copysign.c.obj                26      0         0      
       strchr.c.obj                    22      0         0      
       strlen.c.obj                    20      0         0      
       wcslen.c.obj                    18      0         0      
       copy_decompress_none.c.obj      14      0         0      
       copy_zero_init.c.obj            12      0         0      
       errno.c.obj                     8       0         4      
       exit.c.obj                      4       0         0      
       pre_init.c.obj                  4       0         0      
       div0.asm.obj                    2       0         0      
    +--+-------------------------------+-------+---------+---------+
       Total:                          15049   753       4      
                                                                
       Stack:                          0       0         20000  
       Linker Generated:               0       71        0      
    +--+-------------------------------+-------+---------+---------+
       Grand Total:                    33303   10872     26418  


LINKER GENERATED COPY TABLES

__TI_cinit_table @ 0000ac98 records: 3, size/record: 8, table size: 24
	.data: load addr=0000ac68, load size=00000013 bytes, run addr=20005090, run size=0000001b bytes, compression=lzss
	.bss: load addr=0000ac88, load size=00000008 bytes, run addr=20005400, run size=0000168c bytes, compression=zero_init
	.vtable: load addr=0000ac90, load size=00000008 bytes, run addr=20000000, run size=0000026c bytes, compression=zero_init


LINKER GENERATED HANDLER TABLE

__TI_handler_table @ 0000ac7c records: 3, size/record: 4, table size: 12
	index: 0, handler: __TI_zero_init
	index: 1, handler: __TI_decompress_lzss
	index: 2, handler: __TI_decompress_none


GLOBAL SYMBOLS: SORTED ALPHABETICALLY BY Name 

address   name                          
-------   ----                          
00005547  ADC0IntHandler                
00008329  ADCHardwareOversampleConfigure
000083c9  ADCIntClear                   
000082e9  ADCIntEnable                  
000081c9  ADCIntRegister                
000081e1  ADCProcessorTrigger           
00007bf5  ADCSequenceConfigure          
00008175  ADCSequenceDataGet            
00008337  ADCSequenceEnable             
00007759  ADCSequenceStepConfigure      
0000842f  C$$EXIT                       
0000838b  CPUcpsid                      
00008397  CPUcpsie                      
00003641  ConfigureADC                  
00007311  ConfigureGPIO                 
000028ad  ConfigureLCD5Inch             
00002a4f  ConfigureLCD7Inch             
00007375  ConfigureTimer0               
00006601  ConfigureUART0                
0000667d  ConfigureUART2                
20006700  CosOffset                     
20006780  DiffCosResults                
20006600  DiffResults                   
20006800  DiffSinResults                
00008093  GPIODirModeSet                
00006db7  GPIOPadConfigSet              
00007c45  GPIOPinConfigure              
000081f9  GPIOPinTypeGPIOOutput         
00008271  GPIOPinTypeUART               
00008411  GPIOPinWrite                  
000078bd  IntEnable                     
000082f9  IntMasterDisable              
00008309  IntMasterEnable               
000080ed  IntPrioritySet                
00007fc9  IntRegister                   
00002c71  ReadArray                     
000083af  ResetISR                      
20006880  SinOffset                     
00005e01  SysCtlClockFreqSet            
00008417  SysCtlDelay                   
00007ffd  SysCtlPeripheralEnable        
00007f91  SysCtlPeripheralReady         
000054e9  Timer0IntHandler              
000079f1  TimerConfigure                
00008345  TimerEnable                   
00008423  TimerIntClear                 
000083f1  TimerIntEnable                
00008211  TimerIntRegister              
000082c5  TimerLoadSet                  
000055e1  UART0IntHandler               
20006a80  UART0receive                  
000057a9  UART2IntHandler               
00008353  UARTCharGetNonBlocking        
00008361  UARTCharPutNonBlocking        
0000836f  UARTCharsAvail                
00007e01  UARTConfigSetExpClk           
000083f9  UARTDMAEnable                 
00008135  UARTDisable                   
0000829d  UARTEnable                    
000083d3  UARTFIFOEnable                
0000841d  UARTFIFOLevelSet              
00008427  UARTIntClear                  
00008401  UARTIntEnable                 
00008229  UARTIntRegister               
000083dd  UARTIntStatus                 
20005090  __STACK_END                   
00004e20  __STACK_SIZE                  
20000470  __STACK_TOP                   
0000ac98  __TI_CINIT_Base               
0000acb0  __TI_CINIT_Limit              
0000ac7c  __TI_Handler_Table_Base       
0000ac88  __TI_Handler_Table_Limit      
00007e49  __TI_auto_init_nobinit_nopinit
00007925  __TI_decompress_lzss          
0000837d  __TI_decompress_none          
00007aa7  __TI_ltoa                     
ffffffff  __TI_pprof_out_hndl           
000037c1  __TI_printfi                  
ffffffff  __TI_prof_data_size           
ffffffff  __TI_prof_data_start          
00000000  __TI_static_base__            
000083a3  __TI_zero_init                
000075d1  __aeabi_cdcmpeq               
000075d1  __aeabi_cdcmple               
00007657  __aeabi_cdrcmple              
00007d71  __aeabi_d2iz                  
000063b3  __aeabi_dadd                  
00006c81  __aeabi_ddiv                  
0000711d  __aeabi_dmul                  
000063a9  __aeabi_dsub                  
00008409  __aeabi_errno_addr            
00008065  __aeabi_i2d                   
0000420f  __aeabi_idiv0                 
0000420f  __aeabi_ldiv0                 
000077d3  __aeabi_memclr                
000077d3  __aeabi_memclr4               
000077d3  __aeabi_memclr8               
0000749f  __aeabi_memcpy                
0000749f  __aeabi_memcpy4               
0000749f  __aeabi_memcpy8               
000077d5  __aeabi_memset                
000077d5  __aeabi_memset4               
000077d5  __aeabi_memset8               
0000753b  __aeabi_uldivmod              
ffffffff  __binit__                     
ffffffff  __c_args__                    
00006881  __kernel_cos                  
00004211  __kernel_rem_pio2             
0000670d  __kernel_sin                  
UNDEFED   __mpu_init                    
20000270  __stack                       
20000000  __start___llvm_prf_cnts       
20000000  __stop___llvm_prf_cnts        
00008031  _c_int00_noargs               
0000a740  _ctypes_                      
UNDEFED   _system_post_cinit            
0000842b  _system_pre_init              
0000842f  abort                         
20006900  arrowLength                   
000058a5  atan                          
00006001  atan2                         
00006001  atan2l                        
000058a5  atanl                         
00007cdd  atoi                          
ffffffff  binit                         
20005400  color                         
00003251  computeAbsolute               
00002ef9  computeRelative               
00006597  configureUDMA                 
000081af  copysign                      
000081af  copysignl                     
00004949  cos                           
00004949  cosl                          
00000825  drawDisplay5Inch              
00000a35  drawDisplay7Inch              
200050a4  errno                         
00007219  floor                         
00007219  floorl                        
00008438  font_12_16                    
0000798d  frexp                         
0000798d  frexpl                        
20000000  g_pfnRAMVectors               
00000000  g_pfnVectors                  
000003d9  generate_colors               
0000700d  ldexp                         
0000700d  ldexpl                        
00007afd  main                          
00008193  memccpy                       
0000749f  memcpy                        
000077db  memset                        
200050a8  offset                        
20006980  oldDiffCosResults             
20006a00  oldDiffSinResults             
00006561  prepareReceiveDMA             
00000521  print_string                  
20006000  pui8ControlTable              
0000700d  scalbn                        
0000700d  scalbnl                       
0000657b  sendUARTDMA                   
00004f25  sin                           
00004f25  sinl                          
00007f11  sprintf                       
000069ed  sqrt                          
000069ed  sqrtl                         
00008287  strchr                        
000082b1  strlen                        
000080c1  uDMAChannelAssign             
00007db9  uDMAChannelAttributeDisable   
00007e8d  uDMAChannelAttributeEnable    
00008111  uDMAChannelControlSet         
00008259  uDMAChannelEnable             
000076dd  uDMAChannelTransferSet        
000083bd  uDMAControlBaseSet            
00008319  uDMAEnable                    
000082d7  wcslen                        
00000da9  writeLine                     
000020f1  writeLine_0_degree            
00002199  writeLine_180_degree          
000021ed  writeLine_270_degree          
00002145  writeLine_90_degree           
00002249  writeLine_quadrant_1_I        
00002321  writeLine_quadrant_1_II       
000023e7  writeLine_quadrant_2_I        
000024ad  writeLine_quadrant_2_II       
00002585  writeLine_quadrant_3_I        
0000264b  writeLine_quadrant_3_II       
00002711  writeLine_quadrant_4_I        
000027d7  writeLine_quadrant_4_II       
0000071f  writeScreenColor5INCH         
00000209  write_Infos                   
00000651  write_char                    
00000c81  write_cmd_data                
00000c5d  write_command                 
00000ca9  write_data                    
00000cf9  write_position                
000007a1  write_screen_color7INCH       


GLOBAL SYMBOLS: SORTED BY Symbol Address 

address   name                          
-------   ----                          
00000000  __TI_static_base__            
00000000  g_pfnVectors                  
00000209  write_Infos                   
000003d9  generate_colors               
00000521  print_string                  
00000651  write_char                    
0000071f  writeScreenColor5INCH         
000007a1  write_screen_color7INCH       
00000825  drawDisplay5Inch              
00000a35  drawDisplay7Inch              
00000c5d  write_command                 
00000c81  write_cmd_data                
00000ca9  write_data                    
00000cf9  write_position                
00000da9  writeLine                     
000020f1  writeLine_0_degree            
00002145  writeLine_90_degree           
00002199  writeLine_180_degree          
000021ed  writeLine_270_degree          
00002249  writeLine_quadrant_1_I        
00002321  writeLine_quadrant_1_II       
000023e7  writeLine_quadrant_2_I        
000024ad  writeLine_quadrant_2_II       
00002585  writeLine_quadrant_3_I        
0000264b  writeLine_quadrant_3_II       
00002711  writeLine_quadrant_4_I        
000027d7  writeLine_quadrant_4_II       
000028ad  ConfigureLCD5Inch             
00002a4f  ConfigureLCD7Inch             
00002c71  ReadArray                     
00002ef9  computeRelative               
00003251  computeAbsolute               
00003641  ConfigureADC                  
000037c1  __TI_printfi                  
0000420f  __aeabi_idiv0                 
0000420f  __aeabi_ldiv0                 
00004211  __kernel_rem_pio2             
00004949  cos                           
00004949  cosl                          
00004e20  __STACK_SIZE                  
00004f25  sin                           
00004f25  sinl                          
000054e9  Timer0IntHandler              
00005547  ADC0IntHandler                
000055e1  UART0IntHandler               
000057a9  UART2IntHandler               
000058a5  atan                          
000058a5  atanl                         
00005e01  SysCtlClockFreqSet            
00006001  atan2                         
00006001  atan2l                        
000063a9  __aeabi_dsub                  
000063b3  __aeabi_dadd                  
00006561  prepareReceiveDMA             
0000657b  sendUARTDMA                   
00006597  configureUDMA                 
00006601  ConfigureUART0                
0000667d  ConfigureUART2                
0000670d  __kernel_sin                  
00006881  __kernel_cos                  
000069ed  sqrt                          
000069ed  sqrtl                         
00006c81  __aeabi_ddiv                  
00006db7  GPIOPadConfigSet              
0000700d  ldexp                         
0000700d  ldexpl                        
0000700d  scalbn                        
0000700d  scalbnl                       
0000711d  __aeabi_dmul                  
00007219  floor                         
00007219  floorl                        
00007311  ConfigureGPIO                 
00007375  ConfigureTimer0               
0000749f  __aeabi_memcpy                
0000749f  __aeabi_memcpy4               
0000749f  __aeabi_memcpy8               
0000749f  memcpy                        
0000753b  __aeabi_uldivmod              
000075d1  __aeabi_cdcmpeq               
000075d1  __aeabi_cdcmple               
00007657  __aeabi_cdrcmple              
000076dd  uDMAChannelTransferSet        
00007759  ADCSequenceStepConfigure      
000077d3  __aeabi_memclr                
000077d3  __aeabi_memclr4               
000077d3  __aeabi_memclr8               
000077d5  __aeabi_memset                
000077d5  __aeabi_memset4               
000077d5  __aeabi_memset8               
000077db  memset                        
000078bd  IntEnable                     
00007925  __TI_decompress_lzss          
0000798d  frexp                         
0000798d  frexpl                        
000079f1  TimerConfigure                
00007aa7  __TI_ltoa                     
00007afd  main                          
00007bf5  ADCSequenceConfigure          
00007c45  GPIOPinConfigure              
00007cdd  atoi                          
00007d71  __aeabi_d2iz                  
00007db9  uDMAChannelAttributeDisable   
00007e01  UARTConfigSetExpClk           
00007e49  __TI_auto_init_nobinit_nopinit
00007e8d  uDMAChannelAttributeEnable    
00007f11  sprintf                       
00007f91  SysCtlPeripheralReady         
00007fc9  IntRegister                   
00007ffd  SysCtlPeripheralEnable        
00008031  _c_int00_noargs               
00008065  __aeabi_i2d                   
00008093  GPIODirModeSet                
000080c1  uDMAChannelAssign             
000080ed  IntPrioritySet                
00008111  uDMAChannelControlSet         
00008135  UARTDisable                   
00008175  ADCSequenceDataGet            
00008193  memccpy                       
000081af  copysign                      
000081af  copysignl                     
000081c9  ADCIntRegister                
000081e1  ADCProcessorTrigger           
000081f9  GPIOPinTypeGPIOOutput         
00008211  TimerIntRegister              
00008229  UARTIntRegister               
00008259  uDMAChannelEnable             
00008271  GPIOPinTypeUART               
00008287  strchr                        
0000829d  UARTEnable                    
000082b1  strlen                        
000082c5  TimerLoadSet                  
000082d7  wcslen                        
000082e9  ADCIntEnable                  
000082f9  IntMasterDisable              
00008309  IntMasterEnable               
00008319  uDMAEnable                    
00008329  ADCHardwareOversampleConfigure
00008337  ADCSequenceEnable             
00008345  TimerEnable                   
00008353  UARTCharGetNonBlocking        
00008361  UARTCharPutNonBlocking        
0000836f  UARTCharsAvail                
0000837d  __TI_decompress_none          
0000838b  CPUcpsid                      
00008397  CPUcpsie                      
000083a3  __TI_zero_init                
000083af  ResetISR                      
000083bd  uDMAControlBaseSet            
000083c9  ADCIntClear                   
000083d3  UARTFIFOEnable                
000083dd  UARTIntStatus                 
000083f1  TimerIntEnable                
000083f9  UARTDMAEnable                 
00008401  UARTIntEnable                 
00008409  __aeabi_errno_addr            
00008411  GPIOPinWrite                  
00008417  SysCtlDelay                   
0000841d  UARTFIFOLevelSet              
00008423  TimerIntClear                 
00008427  UARTIntClear                  
0000842b  _system_pre_init              
0000842f  C$$EXIT                       
0000842f  abort                         
00008438  font_12_16                    
0000a740  _ctypes_                      
0000ac7c  __TI_Handler_Table_Base       
0000ac88  __TI_Handler_Table_Limit      
0000ac98  __TI_CINIT_Base               
0000acb0  __TI_CINIT_Limit              
20000000  __start___llvm_prf_cnts       
20000000  __stop___llvm_prf_cnts        
20000000  g_pfnRAMVectors               
20000270  __stack                       
20000470  __STACK_TOP                   
20005090  __STACK_END                   
200050a4  errno                         
200050a8  offset                        
20005400  color                         
20006000  pui8ControlTable              
20006600  DiffResults                   
20006700  CosOffset                     
20006780  DiffCosResults                
20006800  DiffSinResults                
20006880  SinOffset                     
20006900  arrowLength                   
20006980  oldDiffCosResults             
20006a00  oldDiffSinResults             
20006a80  UART0receive                  
ffffffff  __TI_pprof_out_hndl           
ffffffff  __TI_prof_data_size           
ffffffff  __TI_prof_data_start          
ffffffff  __binit__                     
ffffffff  __c_args__                    
ffffffff  binit                         
UNDEFED   __mpu_init                    
UNDEFED   _system_post_cinit            

[196 symbols]
