******************************************************************************
                  TI ARM Linker Unix v18.12.4                  
******************************************************************************
>> Linked Thu Mar  5 23:39:05 2020

OUTPUT FILE NAME:   <BP_TMR_sensor_array.out>
ENTRY POINT SYMBOL: "_c_int00_noargs"  address: 00002b79


MEMORY CONFIGURATION

         name            origin    length      used     unused   attr    fill
----------------------  --------  ---------  --------  --------  ----  --------
  FLASH                 00000000   00100000  00005396  000fac6a  R  X
  SRAM                  20000000   00040000  000057e2  0003a81e  RW X


SEGMENT ALLOCATION MAP

run origin  load origin   length   init length attrs members
----------  ----------- ---------- ----------- ----- -------
00000000    00000000    00005398   00005398    r-x
  00000000    00000000    00000208   00000208    r-- .intvecs
  00000208    00000208    00002c86   00002c86    r-x .text
  00002e90    00002e90    000024c8   000024c8    r-- .const
  00005358    00005358    00000040   00000040    r-- .cinit
20000000    20000000    000057e6   00000000    rw-
  20000000    20000000    0000026c   00000000    rw- .vtable
  20000270    20000270    00004e20   00000000    rw- .stack
  20005090    20005090    00000748   00000000    rw- .bss
  200057d8    200057d8    0000000e   00000000    rw- .data


SECTION ALLOCATION MAP

 output                                  attributes/
section   page    origin      length       input sections
--------  ----  ----------  ----------   ----------------
.intvecs   0    00000000    00000208     
                  00000000    00000208     tm4c1294ncpdt_startup_ccs.obj (.intvecs)

.text      0    00000208    00002c86     
                  00000208    00000da0     lcd_functions.obj (.text)
                  00000fa8    000006a0     functions.obj (.text)
                  00001648    000004e4     configuration.obj (.text)
                  00001b2c    00000200     driverlib.lib : sysctl.obj (.text:SysCtlClockFreqSet)
                  00001d2c    000001b6     rtsv7M4_T_le_v4SPD16_eabi.lib : fd_add_t2.asm.obj (.text)
                  00001ee2    00000002     --HOLE-- [fill = 0]
                  00001ee4    0000015c     Interrupt_handler.obj (.text)
                  00002040    00000158     rtsv7M4_T_le_v4SPD16_eabi.lib : e_sqrt.c.obj (.text:sqrt)
                  00002198    00000136                                   : fd_div_t2.asm.obj (.text)
                  000022ce    00000132     driverlib.lib : gpio.obj (.text:GPIOPadConfigSet)
                  00002400    000000fc     rtsv7M4_T_le_v4SPD16_eabi.lib : fd_mul_t2.asm.obj (.text)
                  000024fc    0000009c                                   : memcpy_t2.asm.obj (.text)
                  00002598    00000086                                   : fd_cmp_t2.asm.obj (.text:__aeabi_cdcmple)
                  0000261e    0000007a     driverlib.lib : adc.obj (.text:ADCSequenceStepConfigure)
                  00002698    0000007a     rtsv7M4_T_le_v4SPD16_eabi.lib : memset_t2.asm.obj (.text)
                  00002712    00000002     --HOLE-- [fill = 0]
                  00002714    00000068     driverlib.lib : interrupt.obj (.text:IntEnable)
                  0000277c    00000068     rtsv7M4_T_le_v4SPD16_eabi.lib : copy_decompress_lzss.c.obj (.text:decompress:lzss:__TI_decompress_lzss)
                  000027e4    00000060     driverlib.lib : timer.obj (.text:TimerConfigure)
                  00002844    00000050     main.obj (.text)
                  00002894    0000004e     driverlib.lib : adc.obj (.text:ADCSequenceConfigure)
                  000028e2    00000002     --HOLE-- [fill = 0]
                  000028e4    0000004c                   : gpio.obj (.text:GPIOPinConfigure)
                  00002930    0000004c                   : timer.obj (.text:_TimerIntNumberGet)
                  0000297c    00000048                   : sysctl.obj (.text:_SysCtlFrequencyGet)
                  000029c4    00000048     rtsv7M4_T_le_v4SPD16_eabi.lib : fd_toi_t2.asm.obj (.text)
                  00002a0c    00000046     driverlib.lib : uart.obj (.text:UARTConfigSetExpClk)
                  00002a52    00000002     --HOLE-- [fill = 0]
                  00002a54    00000044     rtsv7M4_T_le_v4SPD16_eabi.lib : autoinit.c.obj (.text:__TI_auto_init_nobinit_nopinit:__TI_auto_init_nobinit_nopinit)
                  00002a98    00000040     driverlib.lib : uart.obj (.text:_UARTIntNumberGet)
                  00002ad8    00000038                   : sysctl.obj (.text:SysCtlPeripheralReady)
                  00002b10    00000034                   : interrupt.obj (.text:IntRegister)
                  00002b44    00000034                   : sysctl.obj (.text:SysCtlPeripheralEnable)
                  00002b78    00000034     rtsv7M4_T_le_v4SPD16_eabi.lib : boot_cortex_m.c.obj (.text:_c_int00_noargs:_c_int00_noargs)
                  00002bac    0000002e     driverlib.lib : adc.obj (.text:ADCIntStatus)
                  00002bda    0000002e     rtsv7M4_T_le_v4SPD16_eabi.lib : i_tofd_t2.asm.obj (.text)
                  00002c08    0000002c     driverlib.lib : gpio.obj (.text:GPIODirModeSet)
                  00002c34    00000024                   : interrupt.obj (.text:IntPrioritySet)
                  00002c58    00000020                   : uart.obj (.text:UARTDisable)
                  00002c78    00000020                   : sysctl.obj (.text:_SysCtlMemTimingGet)
                  00002c98    0000001e                   : adc.obj (.text:ADCSequenceDataGet)
                  00002cb6    00000018                   : adc.obj (.text:ADCProcessorTrigger)
                  00002cce    00000018                   : gpio.obj (.text:GPIOPinTypeGPIOOutput)
                  00002ce6    00000002     --HOLE-- [fill = 0]
                  00002ce8    00000018                   : timer.obj (.text:TimerDisable)
                  00002d00    00000018                   : timer.obj (.text:TimerIntRegister)
                  00002d18    00000018                   : uart.obj (.text:UARTIntRegister)
                  00002d30    00000016                   : gpio.obj (.text:GPIOPinTypeUART)
                  00002d46    00000014                   : uart.obj (.text:UARTEnable)
                  00002d5a    00000014     rtsv7M4_T_le_v4SPD16_eabi.lib : strlen.c.obj (.text:strlen)
                  00002d6e    00000012     driverlib.lib : timer.obj (.text:TimerLoadSet)
                  00002d80    00000010                   : interrupt.obj (.text:IntMasterDisable)
                  00002d90    00000010                   : interrupt.obj (.text:IntMasterEnable)
                  00002da0    0000000e                   : adc.obj (.text:ADCSequenceEnable)
                  00002dae    0000000e                   : timer.obj (.text:TimerEnable)
                  00002dbc    0000000e                   : uart.obj (.text:UARTCharPutNonBlocking)
                  00002dca    0000000e                   : uart.obj (.text:UARTCharsAvail)
                  00002dd8    0000000e     rtsv7M4_T_le_v4SPD16_eabi.lib : copy_decompress_none.c.obj (.text:decompress:none:__TI_decompress_none)
                  00002de6    0000000c     driverlib.lib : cpu.obj (.text:CPUcpsid)
                  00002df2    0000000c                   : cpu.obj (.text:CPUcpsie)
                  00002dfe    0000000c                   : uart.obj (.text:UARTTxIntModeSet)
                  00002e0a    0000000c     rtsv7M4_T_le_v4SPD16_eabi.lib : copy_zero_init.c.obj (.text:decompress:ZI:__TI_zero_init)
                  00002e16    0000000c     tm4c1294ncpdt_startup_ccs.obj (.text)
                  00002e22    0000000a     driverlib.lib : adc.obj (.text:ADCIntClear)
                  00002e2c    0000000a                   : uart.obj (.text:UARTCharGet)
                  00002e36    0000000a                   : uart.obj (.text:UARTFIFODisable)
                  00002e40    0000000a                   : uart.obj (.text:UARTFIFOEnable)
                  00002e4a    0000000a                   : uart.obj (.text:UARTIntStatus)
                  00002e54    00000008                   : timer.obj (.text:TimerIntEnable)
                  00002e5c    00000008                   : uart.obj (.text:UARTIntEnable)
                  00002e64    00000008     rtsv7M4_T_le_v4SPD16_eabi.lib : errno.c.obj (.text:__aeabi_errno_addr)
                  00002e6c    00000006     driverlib.lib : gpio.obj (.text:GPIOPinWrite)
                  00002e72    00000006                   : sysctl.obj (.text:SysCtlDelay)
                  00002e78    00000006                   : uart.obj (.text:UARTFIFOLevelSet)
                  00002e7e    00000004                   : timer.obj (.text:TimerIntClear)
                  00002e82    00000004                   : uart.obj (.text:UARTIntClear)
                  00002e86    00000004     rtsv7M4_T_le_v4SPD16_eabi.lib : pre_init.c.obj (.text:_system_pre_init)
                  00002e8a    00000004                                   : exit.c.obj (.text:abort:abort)

.const     0    00002e90    000024c8     
                  00002e90    00002000     fonts.obj (.const:font_12_16)
                  00004e90    000001b0     driverlib.lib : sysctl.obj (.const:g_pppui32XTALtoVCO)
                  00005040    0000009c                   : interrupt.obj (.const:g_pui32Regs)
                  000050dc    00000090                   : gpio.obj (.const:g_pui32GPIOBaseAddrs)
                  0000516c    0000006c                   : sysctl.obj (.const:g_pui32Xtals)
                  000051d8    00000060                   : timer.obj (.const:g_ppui32TimerIntMap)
                  00005238    00000040                   : timer.obj (.const:g_ppui32TimerIntMapSnowflake)
                  00005278    00000040                   : uart.obj (.const:g_ppui32UARTIntMap)
                  000052b8    00000040                   : uart.obj (.const:g_ppui32UARTIntMapSnowflake)
                  000052f8    00000030                   : sysctl.obj (.const:g_sXTALtoMEMTIM)
                  00005328    00000014                   : interrupt.obj (.const:g_pui32EnRegs)
                  0000533c    00000008                   : sysctl.obj (.const:g_pui32VCOFrequencies)
                  00005344    00000004     lcd_functions.obj (.const:$P$T2$1)
                  00005348    00000004     main.obj (.const:$P$T2$1)
                  0000534c    00000004     lcd_functions.obj (.const:$P$T4$2)
                  00005350    00000004     lcd_functions.obj (.const:$P$T7$3)
                  00005354    00000004     lcd_functions.obj (.const:$P$T8$4)

.cinit     0    00005358    00000040     
                  00005358    0000000c     (__TI_handler_table)
                  00005364    00000004     --HOLE-- [fill = 0]
                  00005368    00000008     (.cinit..bss.load) [load image, compression = zero_init]
                  00005370    00000008     (.cinit..vtable.load) [load image, compression = zero_init]
                  00005378    00000007     (.cinit..data.load) [load image, compression = lzss]
                  0000537f    00000001     --HOLE-- [fill = 0]
                  00005380    00000018     (__TI_cinit_table)

.init_array 
*          0    00000000    00000000     UNINITIALIZED

.vtable    0    20000000    0000026c     UNINITIALIZED
                  20000000    0000026c     driverlib.lib : interrupt.obj (.vtable)

.bss       0    20005090    00000748     UNINITIALIZED
                  20005090    00000100     (.common:CosResults)
                  20005190    00000100     (.common:SinResults)
                  20005290    00000080     (.common:CosOffset)
                  20005310    00000080     (.common:DiffCosResults)
                  20005390    00000080     (.common:DiffSinResults)
                  20005410    00000080     (.common:SinOffset)
                  20005490    00000080     (.common:negCosResults)
                  20005510    00000080     (.common:negSinResults)
                  20005590    00000080     (.common:oldDiffCosResults)
                  20005610    00000080     (.common:oldDiffSinResults)
                  20005690    00000080     (.common:posCosResults)
                  20005710    00000080     (.common:posSinResults)
                  20005790    00000020     (.common:ADCValues_SS0)
                  200057b0    00000010     (.common:ADCValues_SS1)
                  200057c0    00000010     (.common:ADCValues_SS2)
                  200057d0    00000004     (.common:SysClock)
                  200057d4    00000004     (.common:ucPtr)

.data      0    200057d8    0000000e     UNINITIALIZED
                  200057d8    00000008     Interrupt_handler.obj (.data)
                  200057e0    00000004     rtsv7M4_T_le_v4SPD16_eabi.lib : errno.c.obj (.data)
                  200057e4    00000002     lcd_functions.obj (.data)

.stack     0    20000270    00004e20     UNINITIALIZED
                  20000270    00000004     rtsv7M4_T_le_v4SPD16_eabi.lib : boot_cortex_m.c.obj (.stack)
                  20000274    00004e1c     --HOLE--

MODULE SUMMARY

       Module                          code    ro data   rw data
       ------                          ----    -------   -------
    ./
       fonts.obj                       0       8192      0      
       lcd_functions.obj               3488    16        258    
       functions.obj                   1696    0         1600   
       configuration.obj               1252    0         0      
       tm4c1294ncpdt_startup_ccs.obj   12      520       0      
       Interrupt_handler.obj           348     0         12     
       main.obj                        80      4         4      
    +--+-------------------------------+-------+---------+---------+
       Total:                          6876    8732      1874   
                                                                
    /home/ole/ccs930/TivaWare_C_Series-2.1.4.178/driverlib/ccs/Debug/driverlib.lib
       sysctl.obj                      730     596       0      
       interrupt.obj                   224     176       620    
       gpio.obj                        478     144       0      
       uart.obj                        308     128       0      
       timer.obj                       264     160       0      
       adc.obj                         324     0         0      
       cpu.obj                         24      0         0      
    +--+-------------------------------+-------+---------+---------+
       Total:                          2352    1204      620    
                                                                
    /home/ole/ccs930/ccs/tools/compiler/ti-cgt-arm_18.12.4.LTS/lib/rtsv7M4_T_le_v4SPD16_eabi.lib
       fd_add_t2.asm.obj               438     0         0      
       e_sqrt.c.obj                    344     0         0      
       fd_div_t2.asm.obj               310     0         0      
       fd_mul_t2.asm.obj               252     0         0      
       memcpy_t2.asm.obj               156     0         0      
       fd_cmp_t2.asm.obj               134     0         0      
       memset_t2.asm.obj               122     0         0      
       copy_decompress_lzss.c.obj      104     0         0      
       fd_toi_t2.asm.obj               72      0         0      
       autoinit.c.obj                  68      0         0      
       boot_cortex_m.c.obj             52      0         0      
       i_tofd_t2.asm.obj               46      0         0      
       strlen.c.obj                    20      0         0      
       copy_decompress_none.c.obj      14      0         0      
       copy_zero_init.c.obj            12      0         0      
       errno.c.obj                     8       0         4      
       exit.c.obj                      4       0         0      
       pre_init.c.obj                  4       0         0      
    +--+-------------------------------+-------+---------+---------+
       Total:                          2160    0         4      
                                                                
       Stack:                          0       0         20000  
       Linker Generated:               0       59        0      
    +--+-------------------------------+-------+---------+---------+
       Grand Total:                    11388   9995      22498  


LINKER GENERATED COPY TABLES

__TI_cinit_table @ 00005380 records: 3, size/record: 8, table size: 24
	.bss: load addr=00005368, load size=00000008 bytes, run addr=20005090, run size=00000748 bytes, compression=zero_init
	.vtable: load addr=00005370, load size=00000008 bytes, run addr=20000000, run size=0000026c bytes, compression=zero_init
	.data: load addr=00005378, load size=00000007 bytes, run addr=200057d8, run size=0000000e bytes, compression=lzss


LINKER GENERATED HANDLER TABLE

__TI_handler_table @ 00005358 records: 3, size/record: 4, table size: 12
	index: 0, handler: __TI_zero_init
	index: 1, handler: __TI_decompress_lzss
	index: 2, handler: __TI_decompress_none


GLOBAL SYMBOLS: SORTED ALPHABETICALLY BY Name 

address   name                          
-------   ----                          
00002e23  ADCIntClear                   
00002bad  ADCIntStatus                  
00002cb7  ADCProcessorTrigger           
00002895  ADCSequenceConfigure          
00002c99  ADCSequenceDataGet            
00002da1  ADCSequenceEnable             
0000261f  ADCSequenceStepConfigure      
20005790  ADCValues_SS0                 
200057b0  ADCValues_SS1                 
200057c0  ADCValues_SS2                 
00002e8b  C$$EXIT                       
00002de7  CPUcpsid                      
00002df3  CPUcpsie                      
00001339  Computations                  
0000166d  ConfigureADC                  
00001803  ConfigureGPIO                 
000018c5  ConfigureLCD                  
00001867  ConfigureTimer0               
00001795  ConfigureUART                 
20005290  CosOffset                     
20005090  CosResults                    
20005310  DiffCosResults                
20005390  DiffSinResults                
00002c09  GPIODirModeSet                
000022cf  GPIOPadConfigSet              
000028e5  GPIOPinConfigure              
00002ccf  GPIOPinTypeGPIOOutput         
00002d31  GPIOPinTypeUART               
00002e6d  GPIOPinWrite                  
00001253  GetADCValues                  
00002715  IntEnable                     
00002d81  IntMasterDisable              
00002d91  IntMasterEnable               
00002c35  IntPrioritySet                
00002b11  IntRegister                   
00000fbb  ReadArray                     
00002e17  ResetISR                      
00000fa9  SetUpTime                     
20005410  SinOffset                     
20005190  SinResults                    
200057d0  SysClock                      
00001b2d  SysCtlClockFreqSet            
00002e73  SysCtlDelay                   
00002b45  SysCtlPeripheralEnable        
00002ad9  SysCtlPeripheralReady         
00001ee5  Timer0IntHandler              
000027e5  TimerConfigure                
00002ce9  TimerDisable                  
00002daf  TimerEnable                   
00002e7f  TimerIntClear                 
00002e55  TimerIntEnable                
00002d01  TimerIntRegister              
00002d6f  TimerLoadSet                  
00002e2d  UARTCharGet                   
00002dbd  UARTCharPutNonBlocking        
00002dcb  UARTCharsAvail                
00002a0d  UARTConfigSetExpClk           
00002c59  UARTDisable                   
00002d47  UARTEnable                    
00002e37  UARTFIFODisable               
00002e41  UARTFIFOEnable                
00002e79  UARTFIFOLevelSet              
00002e83  UARTIntClear                  
00002e5d  UARTIntEnable                 
00001f47  UARTIntHandler                
00002d19  UARTIntRegister               
00002e4b  UARTIntStatus                 
00002dff  UARTTxIntModeSet              
20005090  __STACK_END                   
00004e20  __STACK_SIZE                  
20000470  __STACK_TOP                   
00005380  __TI_CINIT_Base               
00005398  __TI_CINIT_Limit              
00005358  __TI_Handler_Table_Base       
00005364  __TI_Handler_Table_Limit      
00002a55  __TI_auto_init_nobinit_nopinit
0000277d  __TI_decompress_lzss          
00002dd9  __TI_decompress_none          
ffffffff  __TI_pprof_out_hndl           
ffffffff  __TI_prof_data_size           
ffffffff  __TI_prof_data_start          
00000000  __TI_static_base__            
00002e0b  __TI_zero_init                
00002599  __aeabi_cdcmpeq               
00002599  __aeabi_cdcmple               
000029c5  __aeabi_d2iz                  
00001d37  __aeabi_dadd                  
00002199  __aeabi_ddiv                  
00002401  __aeabi_dmul                  
00001d2d  __aeabi_dsub                  
00002e65  __aeabi_errno_addr            
00002bdb  __aeabi_i2d                   
00002699  __aeabi_memclr                
00002699  __aeabi_memclr4               
00002699  __aeabi_memclr8               
000024fd  __aeabi_memcpy                
000024fd  __aeabi_memcpy4               
000024fd  __aeabi_memcpy8               
0000269b  __aeabi_memset                
0000269b  __aeabi_memset4               
0000269b  __aeabi_memset8               
ffffffff  __binit__                     
ffffffff  __c_args__                    
UNDEFED   __mpu_init                    
20000270  __stack                       
00002b79  _c_int00_noargs               
UNDEFED   _system_post_cinit            
00002e87  _system_pre_init              
00002e8b  abort                         
ffffffff  binit                         
00000481  draw_arrows                   
0000063d  draw_grid                     
200057e0  errno                         
00002e90  font_12_16                    
20000000  g_pfnRAMVectors               
00000000  g_pfnVectors                  
200057d8  m                             
00002845  main                          
000024fd  memcpy                        
000026a1  memset                        
200057dc  n                             
20005490  negCosResults                 
20005510  negSinResults                 
200057e4  offset                        
20005590  oldDiffCosResults             
20005610  oldDiffSinResults             
20005690  posCosResults                 
20005710  posSinResults                 
0000030f  print_string                  
00000209  screen_show_nr                
00000239  screen_write_nr               
00002041  sqrt                          
00002041  sqrtl                         
00002d5b  strlen                        
200057d4  ucPtr                         
00001649  wait                          
00000253  write_char                    
00000701  write_cmd_data                
000006db  write_command                 
00000721  write_data                    
00000821  write_line                    
00000767  write_position                
000003ff  write_screen_color            


GLOBAL SYMBOLS: SORTED BY Symbol Address 

address   name                          
-------   ----                          
00000000  __TI_static_base__            
00000000  g_pfnVectors                  
00000209  screen_show_nr                
00000239  screen_write_nr               
00000253  write_char                    
0000030f  print_string                  
000003ff  write_screen_color            
00000481  draw_arrows                   
0000063d  draw_grid                     
000006db  write_command                 
00000701  write_cmd_data                
00000721  write_data                    
00000767  write_position                
00000821  write_line                    
00000fa9  SetUpTime                     
00000fbb  ReadArray                     
00001253  GetADCValues                  
00001339  Computations                  
00001649  wait                          
0000166d  ConfigureADC                  
00001795  ConfigureUART                 
00001803  ConfigureGPIO                 
00001867  ConfigureTimer0               
000018c5  ConfigureLCD                  
00001b2d  SysCtlClockFreqSet            
00001d2d  __aeabi_dsub                  
00001d37  __aeabi_dadd                  
00001ee5  Timer0IntHandler              
00001f47  UARTIntHandler                
00002041  sqrt                          
00002041  sqrtl                         
00002199  __aeabi_ddiv                  
000022cf  GPIOPadConfigSet              
00002401  __aeabi_dmul                  
000024fd  __aeabi_memcpy                
000024fd  __aeabi_memcpy4               
000024fd  __aeabi_memcpy8               
000024fd  memcpy                        
00002599  __aeabi_cdcmpeq               
00002599  __aeabi_cdcmple               
0000261f  ADCSequenceStepConfigure      
00002699  __aeabi_memclr                
00002699  __aeabi_memclr4               
00002699  __aeabi_memclr8               
0000269b  __aeabi_memset                
0000269b  __aeabi_memset4               
0000269b  __aeabi_memset8               
000026a1  memset                        
00002715  IntEnable                     
0000277d  __TI_decompress_lzss          
000027e5  TimerConfigure                
00002845  main                          
00002895  ADCSequenceConfigure          
000028e5  GPIOPinConfigure              
000029c5  __aeabi_d2iz                  
00002a0d  UARTConfigSetExpClk           
00002a55  __TI_auto_init_nobinit_nopinit
00002ad9  SysCtlPeripheralReady         
00002b11  IntRegister                   
00002b45  SysCtlPeripheralEnable        
00002b79  _c_int00_noargs               
00002bad  ADCIntStatus                  
00002bdb  __aeabi_i2d                   
00002c09  GPIODirModeSet                
00002c35  IntPrioritySet                
00002c59  UARTDisable                   
00002c99  ADCSequenceDataGet            
00002cb7  ADCProcessorTrigger           
00002ccf  GPIOPinTypeGPIOOutput         
00002ce9  TimerDisable                  
00002d01  TimerIntRegister              
00002d19  UARTIntRegister               
00002d31  GPIOPinTypeUART               
00002d47  UARTEnable                    
00002d5b  strlen                        
00002d6f  TimerLoadSet                  
00002d81  IntMasterDisable              
00002d91  IntMasterEnable               
00002da1  ADCSequenceEnable             
00002daf  TimerEnable                   
00002dbd  UARTCharPutNonBlocking        
00002dcb  UARTCharsAvail                
00002dd9  __TI_decompress_none          
00002de7  CPUcpsid                      
00002df3  CPUcpsie                      
00002dff  UARTTxIntModeSet              
00002e0b  __TI_zero_init                
00002e17  ResetISR                      
00002e23  ADCIntClear                   
00002e2d  UARTCharGet                   
00002e37  UARTFIFODisable               
00002e41  UARTFIFOEnable                
00002e4b  UARTIntStatus                 
00002e55  TimerIntEnable                
00002e5d  UARTIntEnable                 
00002e65  __aeabi_errno_addr            
00002e6d  GPIOPinWrite                  
00002e73  SysCtlDelay                   
00002e79  UARTFIFOLevelSet              
00002e7f  TimerIntClear                 
00002e83  UARTIntClear                  
00002e87  _system_pre_init              
00002e8b  C$$EXIT                       
00002e8b  abort                         
00002e90  font_12_16                    
00004e20  __STACK_SIZE                  
00005358  __TI_Handler_Table_Base       
00005364  __TI_Handler_Table_Limit      
00005380  __TI_CINIT_Base               
00005398  __TI_CINIT_Limit              
20000000  g_pfnRAMVectors               
20000270  __stack                       
20000470  __STACK_TOP                   
20005090  CosResults                    
20005090  __STACK_END                   
20005190  SinResults                    
20005290  CosOffset                     
20005310  DiffCosResults                
20005390  DiffSinResults                
20005410  SinOffset                     
20005490  negCosResults                 
20005510  negSinResults                 
20005590  oldDiffCosResults             
20005610  oldDiffSinResults             
20005690  posCosResults                 
20005710  posSinResults                 
20005790  ADCValues_SS0                 
200057b0  ADCValues_SS1                 
200057c0  ADCValues_SS2                 
200057d0  SysClock                      
200057d4  ucPtr                         
200057d8  m                             
200057dc  n                             
200057e0  errno                         
200057e4  offset                        
ffffffff  __TI_pprof_out_hndl           
ffffffff  __TI_prof_data_size           
ffffffff  __TI_prof_data_start          
ffffffff  __binit__                     
ffffffff  __c_args__                    
ffffffff  binit                         
UNDEFED   __mpu_init                    
UNDEFED   _system_post_cinit            

[143 symbols]
