******************************************************************************
                  TI ARM Linker Unix v20.2.0                   
******************************************************************************
>> Linked Sun May  3 22:51:03 2020

OUTPUT FILE NAME:   <BP_TMR_sensor_array.out>
ENTRY POINT SYMBOL: "_c_int00_noargs"  address: 00007fcd


MEMORY CONFIGURATION

         name            origin    length      used     unused   attr    fill
----------------------  --------  ---------  --------  --------  ----  --------
  FLASH                 00000000   00100000  0000ac46  000f53ba  R  X
  SRAM                  20000000   00040000  00006737  000398c9  RW X


SEGMENT ALLOCATION MAP

run origin  load origin   length   init length attrs members
----------  ----------- ---------- ----------- ----- -------
00000000    00000000    0000ac50   0000ac50    r-x
  00000000    00000000    00000208   00000208    r-- .intvecs
  00000208    00000208    000081ba   000081ba    r-x .text
  000083c8    000083c8    00002834   00002834    r-- .const
  0000ac00    0000ac00    00000050   00000050    r-- .cinit
20000000    20000000    000050af   00000000    rw-
  20000000    20000000    0000026c   00000000    rw- .vtable
  20000270    20000270    00004e20   00000000    rw- .stack
  20005090    20005090    0000001f   00000000    rw- .data
20005400    20005400    0000168c   00000000    rw-
  20005400    20005400    0000168c   00000000    rw- .bss


SECTION ALLOCATION MAP

 output                                  attributes/
section   page    origin      length       input sections
--------  ----  ----------  ----------   ----------------
.intvecs   0    00000000    00000208     
                  00000000    00000208     tm4c1294ncpdt_startup_ccs.obj (.intvecs)

.text      0    00000208    000081ba     
                  00000208    00002b0c     lcd_functions.obj (.text)
                  00002d14    00000a4e     rtsv7M4_T_le_v4SPD16_eabi.lib : _printfi.c.obj (.text:__TI_printfi)
                  00003762    00000002                                   : div0.asm.obj (.text)
                  00003764    000009e4     functions.obj (.text)
                  00004148    00000738     rtsv7M4_T_le_v4SPD16_eabi.lib : k_rem_pio2.c.obj (.text:__kernel_rem_pio2)
                  00004880    000005dc                                   : s_cos.c.obj (.text:cos)
                  00004e5c    000005c4                                   : s_sin.c.obj (.text:sin)
                  00005420    000003d4     Interrupt_handler.obj (.text)
                  000057f4    00000394     configuration.obj (.text)
                  00005b88    000002ec     rtsv7M4_T_le_v4SPD16_eabi.lib : s_atan.c.obj (.text:atan)
                  00005e74    00000270                                   : _printfi.c.obj (.text:_pconv_a)
                  000060e4    00000200     driverlib.lib : sysctl.obj (.text:SysCtlClockFreqSet)
                  000062e4    000001d0     rtsv7M4_T_le_v4SPD16_eabi.lib : _printfi.c.obj (.text:_pconv_g)
                  000064b4    000001b6                                   : fd_add_t2.asm.obj (.text)
                  0000666a    00000002     --HOLE-- [fill = 0]
                  0000666c    00000174                                   : k_sin.c.obj (.text:__kernel_sin)
                  000067e0    00000170     main.obj (.text)
                  00006950    0000016c     rtsv7M4_T_le_v4SPD16_eabi.lib : k_cos.c.obj (.text:__kernel_cos)
                  00006abc    00000158                                   : e_sqrt.c.obj (.text:sqrt)
                  00006c14    0000013c                                   : _printfi.c.obj (.text:_pconv_e)
                  00006d50    00000136                                   : fd_div_t2.asm.obj (.text)
                  00006e86    00000132     driverlib.lib : gpio.obj (.text:GPIOPadConfigSet)
                  00006fb8    00000124     rtsv7M4_T_le_v4SPD16_eabi.lib : _printfi.c.obj (.text:fcvt)
                  000070dc    00000110                                   : s_scalbn.c.obj (.text:scalbn)
                  000071ec    000000fc                                   : fd_mul_t2.asm.obj (.text)
                  000072e8    000000f8                                   : s_floor.c.obj (.text:floor)
                  000073e0    000000b1                                   : _printfi.c.obj (.text:_ltostr)
                  00007491    00000001     --HOLE-- [fill = 0]
                  00007492    0000009c                                   : memcpy_t2.asm.obj (.text)
                  0000752e    00000096                                   : ull_div_t2.asm.obj (.text)
                  000075c4    00000086                                   : fd_cmp_t2.asm.obj (.text:__aeabi_cdcmple)
                  0000764a    00000086                                   : fd_cmp_t2.asm.obj (.text:__aeabi_cdrcmple)
                  000076d0    0000007c     driverlib.lib : udma.obj (.text:uDMAChannelTransferSet)
                  0000774c    0000007a                   : adc.obj (.text:ADCSequenceStepConfigure)
                  000077c6    0000007a     rtsv7M4_T_le_v4SPD16_eabi.lib : memset_t2.asm.obj (.text)
                  00007840    0000006e                                   : _printfi.c.obj (.text:_mcpy)
                  000078ae    00000002     --HOLE-- [fill = 0]
                  000078b0    00000068     driverlib.lib : interrupt.obj (.text:IntEnable)
                  00007918    00000068     rtsv7M4_T_le_v4SPD16_eabi.lib : copy_decompress_lzss.c.obj (.text:decompress:lzss:__TI_decompress_lzss)
                  00007980    00000064                                   : s_frexp.c.obj (.text:frexp)
                  000079e4    00000060     driverlib.lib : timer.obj (.text:TimerConfigure)
                  00007a44    00000056     rtsv7M4_T_le_v4SPD16_eabi.lib : _printfi.c.obj (.text:_pconv_f)
                  00007a9a    00000054                                   : _ltoa.c.obj (.text:__TI_ltoa)
                  00007aee    00000052                                   : _printfi.c.obj (.text:_ecpy)
                  00007b40    00000050     driverlib.lib : adc.obj (.text:_ADCIntNumberGet)
                  00007b90    0000004e                   : adc.obj (.text:ADCSequenceConfigure)
                  00007bde    00000002     --HOLE-- [fill = 0]
                  00007be0    0000004c                   : gpio.obj (.text:GPIOPinConfigure)
                  00007c2c    0000004c                   : timer.obj (.text:_TimerIntNumberGet)
                  00007c78    0000004c     rtsv7M4_T_le_v4SPD16_eabi.lib : atoi.c.obj (.text:atoi)
                  00007cc4    00000048     driverlib.lib : sysctl.obj (.text:_SysCtlFrequencyGet)
                  00007d0c    00000048     rtsv7M4_T_le_v4SPD16_eabi.lib : fd_toi_t2.asm.obj (.text)
                  00007d54    00000048     driverlib.lib : udma.obj (.text:uDMAChannelAttributeDisable)
                  00007d9c    00000046                   : uart.obj (.text:UARTConfigSetExpClk)
                  00007de2    00000002     --HOLE-- [fill = 0]
                  00007de4    00000044     rtsv7M4_T_le_v4SPD16_eabi.lib : autoinit.c.obj (.text:__TI_auto_init_nobinit_nopinit:__TI_auto_init_nobinit_nopinit)
                  00007e28    00000044     driverlib.lib : udma.obj (.text:uDMAChannelAttributeEnable)
                  00007e6c    00000040                   : uart.obj (.text:_UARTIntNumberGet)
                  00007eac    00000040     rtsv7M4_T_le_v4SPD16_eabi.lib : sprintf.c.obj (.text:sprintf)
                  00007eec    0000003e                                   : _printfi.c.obj (.text:_fcpy)
                  00007f2a    00000002     --HOLE-- [fill = 0]
                  00007f2c    00000038     driverlib.lib : sysctl.obj (.text:SysCtlPeripheralReady)
                  00007f64    00000034                   : interrupt.obj (.text:IntRegister)
                  00007f98    00000034                   : sysctl.obj (.text:SysCtlPeripheralEnable)
                  00007fcc    00000034     rtsv7M4_T_le_v4SPD16_eabi.lib : boot_cortex_m.c.obj (.text:_c_int00_noargs:_c_int00_noargs)
                  00008000    0000002e                                   : i_tofd_t2.asm.obj (.text)
                  0000802e    0000002c     driverlib.lib : gpio.obj (.text:GPIODirModeSet)
                  0000805a    00000002     --HOLE-- [fill = 0]
                  0000805c    00000024                   : interrupt.obj (.text:IntPrioritySet)
                  00008080    00000024                   : udma.obj (.text:uDMAChannelControlSet)
                  000080a4    00000020                   : uart.obj (.text:UARTDisable)
                  000080c4    00000020                   : sysctl.obj (.text:_SysCtlMemTimingGet)
                  000080e4    00000020     rtsv7M4_T_le_v4SPD16_eabi.lib : u_tofd_t2.asm.obj (.text)
                  00008104    0000001e     driverlib.lib : adc.obj (.text:ADCSequenceDataGet)
                  00008122    0000001c     rtsv7M4_T_le_v4SPD16_eabi.lib : memccpy.c.obj (.text:memccpy)
                  0000813e    0000001a                                   : s_copysign.c.obj (.text:copysign)
                  00008158    00000018     driverlib.lib : adc.obj (.text:ADCIntRegister)
                  00008170    00000018                   : adc.obj (.text:ADCProcessorTrigger)
                  00008188    00000018                   : gpio.obj (.text:GPIOPinTypeGPIOOutput)
                  000081a0    00000018                   : timer.obj (.text:TimerIntRegister)
                  000081b8    00000018                   : uart.obj (.text:UARTIntRegister)
                  000081d0    00000018     rtsv7M4_T_le_v4SPD16_eabi.lib : sprintf.c.obj (.text:_outs)
                  000081e8    00000018     driverlib.lib : udma.obj (.text:uDMAChannelEnable)
                  00008200    00000016                   : gpio.obj (.text:GPIOPinTypeUART)
                  00008216    00000016     rtsv7M4_T_le_v4SPD16_eabi.lib : strchr.c.obj (.text:strchr)
                  0000822c    00000014     driverlib.lib : uart.obj (.text:UARTEnable)
                  00008240    00000014     rtsv7M4_T_le_v4SPD16_eabi.lib : strlen.c.obj (.text:strlen)
                  00008254    00000012     driverlib.lib : timer.obj (.text:TimerLoadSet)
                  00008266    00000012     rtsv7M4_T_le_v4SPD16_eabi.lib : wcslen.c.obj (.text:wcslen)
                  00008278    00000010     driverlib.lib : adc.obj (.text:ADCIntEnable)
                  00008288    00000010                   : interrupt.obj (.text:IntMasterDisable)
                  00008298    00000010                   : interrupt.obj (.text:IntMasterEnable)
                  000082a8    00000010                   : udma.obj (.text:uDMAEnable)
                  000082b8    0000000e                   : adc.obj (.text:ADCHardwareOversampleConfigure)
                  000082c6    0000000e                   : adc.obj (.text:ADCSequenceEnable)
                  000082d4    0000000e                   : timer.obj (.text:TimerEnable)
                  000082e2    0000000e                   : uart.obj (.text:UARTCharGetNonBlocking)
                  000082f0    0000000e                   : uart.obj (.text:UARTCharPutNonBlocking)
                  000082fe    0000000e                   : uart.obj (.text:UARTCharsAvail)
                  0000830c    0000000e     rtsv7M4_T_le_v4SPD16_eabi.lib : copy_decompress_none.c.obj (.text:decompress:none:__TI_decompress_none)
                  0000831a    0000000c     driverlib.lib : cpu.obj (.text:CPUcpsid)
                  00008326    0000000c                   : cpu.obj (.text:CPUcpsie)
                  00008332    0000000c     rtsv7M4_T_le_v4SPD16_eabi.lib : copy_zero_init.c.obj (.text:decompress:ZI:__TI_zero_init)
                  0000833e    0000000c     tm4c1294ncpdt_startup_ccs.obj (.text)
                  0000834a    00000002     --HOLE-- [fill = 0]
                  0000834c    0000000c     driverlib.lib : udma.obj (.text:uDMAControlBaseSet)
                  00008358    0000000a                   : adc.obj (.text:ADCIntClear)
                  00008362    0000000a                   : uart.obj (.text:UARTFIFOEnable)
                  0000836c    0000000a                   : uart.obj (.text:UARTIntStatus)
                  00008376    0000000a     rtsv7M4_T_le_v4SPD16_eabi.lib : sprintf.c.obj (.text:_outc)
                  00008380    00000008     driverlib.lib : timer.obj (.text:TimerIntEnable)
                  00008388    00000008                   : uart.obj (.text:UARTDMAEnable)
                  00008390    00000008                   : uart.obj (.text:UARTIntEnable)
                  00008398    00000008     rtsv7M4_T_le_v4SPD16_eabi.lib : errno.c.obj (.text:__aeabi_errno_addr)
                  000083a0    00000006     driverlib.lib : gpio.obj (.text:GPIOPinWrite)
                  000083a6    00000006                   : sysctl.obj (.text:SysCtlDelay)
                  000083ac    00000006                   : uart.obj (.text:UARTFIFOLevelSet)
                  000083b2    00000004                   : timer.obj (.text:TimerIntClear)
                  000083b6    00000004                   : uart.obj (.text:UARTIntClear)
                  000083ba    00000004     rtsv7M4_T_le_v4SPD16_eabi.lib : pre_init.c.obj (.text:_system_pre_init)
                  000083be    00000004                                   : exit.c.obj (.text:abort:abort)

.const     0    000083c8    00002834     
                  000083c8    00002000     fonts.obj (.const:font_12_16)
                  0000a3c8    000001b0     driverlib.lib : sysctl.obj (.const:g_pppui32XTALtoVCO)
                  0000a578    00000158     rtsv7M4_T_le_v4SPD16_eabi.lib : k_rem_pio2.c.obj (.const:$O1$$)
                  0000a6d0    00000101                                   : ctype.c.obj (.const:.string:_ctypes_)
                  0000a7d1    00000003     --HOLE-- [fill = 0]
                  0000a7d4    0000009c     driverlib.lib : interrupt.obj (.const:g_pui32Regs)
                  0000a870    00000098     rtsv7M4_T_le_v4SPD16_eabi.lib : s_atan.c.obj (.const:$O1$$)
                  0000a908    00000090     driverlib.lib : gpio.obj (.const:g_pui32GPIOBaseAddrs)
                  0000a998    0000006c                   : sysctl.obj (.const:g_pui32Xtals)
                  0000aa04    00000060                   : timer.obj (.const:g_ppui32TimerIntMap)
                  0000aa64    00000040                   : timer.obj (.const:g_ppui32TimerIntMapSnowflake)
                  0000aaa4    00000040                   : uart.obj (.const:g_ppui32UARTIntMap)
                  0000aae4    00000040                   : uart.obj (.const:g_ppui32UARTIntMapSnowflake)
                  0000ab24    00000030                   : sysctl.obj (.const:g_sXTALtoMEMTIM)
                  0000ab54    00000014                   : interrupt.obj (.const:g_pui32EnRegs)
                  0000ab68    00000008                   : sysctl.obj (.const:g_pui32VCOFrequencies)
                  0000ab70    00000004     Interrupt_handler.obj (.const:$P$T10$7)
                  0000ab74    00000004     lcd_functions.obj (.const:$P$T13$5)
                  0000ab78    00000004     lcd_functions.obj (.const:$P$T14$6)
                  0000ab7c    00000004     lcd_functions.obj (.const:$P$T15$7)
                  0000ab80    00000004     lcd_functions.obj (.const:$P$T16$8)
                  0000ab84    00000004     lcd_functions.obj (.const:$P$T17$9)
                  0000ab88    00000004     lcd_functions.obj (.const:$P$T18$10)
                  0000ab8c    00000004     main.obj (.const:$P$T2$1)
                  0000ab90    00000004     Interrupt_handler.obj (.const:$P$T2$3)
                  0000ab94    00000004     lcd_functions.obj (.const:$P$T25$11)
                  0000ab98    00000004     lcd_functions.obj (.const:$P$T26$12)
                  0000ab9c    00000004     lcd_functions.obj (.const:$P$T27$13)
                  0000aba0    00000004     lcd_functions.obj (.const:$P$T28$14)
                  0000aba4    00000004     lcd_functions.obj (.const:$P$T29$15)
                  0000aba8    00000004     lcd_functions.obj (.const:$P$T3$1)
                  0000abac    00000004     lcd_functions.obj (.const:$P$T30$16)
                  0000abb0    00000004     lcd_functions.obj (.const:$P$T33$17)
                  0000abb4    00000004     lcd_functions.obj (.const:$P$T34$18)
                  0000abb8    00000004     lcd_functions.obj (.const:$P$T37$19)
                  0000abbc    00000004     lcd_functions.obj (.const:$P$T38$20)
                  0000abc0    00000004     lcd_functions.obj (.const:$P$T4$2)
                  0000abc4    00000004     Interrupt_handler.obj (.const:$P$T4$4)
                  0000abc8    00000004     lcd_functions.obj (.const:$P$T41$21)
                  0000abcc    00000004     lcd_functions.obj (.const:$P$T42$22)
                  0000abd0    00000004     lcd_functions.obj (.const:$P$T45$23)
                  0000abd4    00000004     lcd_functions.obj (.const:$P$T46$24)
                  0000abd8    00000004     lcd_functions.obj (.const:$P$T49$25)
                  0000abdc    00000004     lcd_functions.obj (.const:$P$T50$26)
                  0000abe0    00000004     lcd_functions.obj (.const:$P$T52$27)
                  0000abe4    00000004     lcd_functions.obj (.const:$P$T56$28)
                  0000abe8    00000004     lcd_functions.obj (.const:$P$T57$29)
                  0000abec    00000004     lcd_functions.obj (.const:$P$T58$30)
                  0000abf0    00000004     lcd_functions.obj (.const:$P$T6$4)
                  0000abf4    00000004     Interrupt_handler.obj (.const:$P$T6$5)
                  0000abf8    00000004     Interrupt_handler.obj (.const:$P$T9$6)

.cinit     0    0000ac00    00000050     
                  0000ac00    0000001a     (.cinit..data.load) [load image, compression = lzss]
                  0000ac1a    00000002     --HOLE-- [fill = 0]
                  0000ac1c    0000000c     (__TI_handler_table)
                  0000ac28    00000008     (.cinit..bss.load) [load image, compression = zero_init]
                  0000ac30    00000008     (.cinit..vtable.load) [load image, compression = zero_init]
                  0000ac38    00000018     (__TI_cinit_table)

.init_array 
*          0    00000000    00000000     UNINITIALIZED

.vtable    0    20000000    0000026c     UNINITIALIZED
                  20000000    0000026c     driverlib.lib : interrupt.obj (.vtable)

.data      0    20005090    0000001f     UNINITIALIZED
                  20005090    0000000a     Interrupt_handler.obj (.data)
                  2000509a    00000009     Interrupt_handler.obj (.data:stepperMotorCommand$2)
                  200050a3    00000001     --HOLE--
                  200050a4    00000004     Interrupt_handler.obj (.data:backColor)
                  200050a8    00000004     rtsv7M4_T_le_v4SPD16_eabi.lib : errno.c.obj (.data)
                  200050ac    00000003     lcd_functions.obj (.data)

.bss       0    20005400    0000168c     UNINITIALIZED
                  20005400    00000c00     (.common:color)
                  20006000    00000400     (.common:pui8ControlTable)
                  20006400    00000100     (.common:CosResults)
                  20006500    00000100     (.common:DiffResults)
                  20006600    00000100     (.common:SinResults)
                  20006700    00000080     (.common:CosOffset)
                  20006780    00000080     (.common:DiffCosResults)
                  20006800    00000080     (.common:DiffSinResults)
                  20006880    00000080     (.common:SinOffset)
                  20006900    00000080     (.common:oldDiffCosResults)
                  20006980    00000080     (.common:oldDiffSinResults)
                  20006a00    00000080     (.common:v_length)
                  20006a80    00000008     (.common:UART0receive)
                  20006a88    00000004     (.common:maximumAnalogValue)

.stack     0    20000270    00004e20     UNINITIALIZED
                  20000270    00000004     rtsv7M4_T_le_v4SPD16_eabi.lib : boot_cortex_m.c.obj (.stack)
                  20000274    00004e1c     --HOLE--

__llvm_prf_cnts 
*          0    20000000    00000000     UNINITIALIZED

MODULE SUMMARY

       Module                          code    ro data   rw data
       ------                          ----    -------   -------
    ./
       lcd_functions.obj               11020   116       3331   
       fonts.obj                       0       8192      0      
       functions.obj                   2532    0         1408   
       configuration.obj               916     0         1024   
       Interrupt_handler.obj           980     20        35     
       tm4c1294ncpdt_startup_ccs.obj   12      520       0      
       main.obj                        368     4         0      
    +--+-------------------------------+-------+---------+---------+
       Total:                          15828   8852      5798   
                                                                
    /home/ole/CodeComposerStudio10/TivaWare_C_Series-2.1.4.178/driverlib/ccs/Debug/driverlib.lib
       sysctl.obj                      730     596       0      
       interrupt.obj                   224     176       620    
       gpio.obj                        478     144       0      
       uart.obj                        298     128       0      
       adc.obj                         412     0         0      
       timer.obj                       240     160       0      
       udma.obj                        352     0         0      
       cpu.obj                         24      0         0      
    +--+-------------------------------+-------+---------+---------+
       Total:                          2758    1204      620    
                                                                
    /home/ole/CodeComposerStudio10/ccs/tools/compiler/ti-cgt-arm_20.2.0.LTS/lib/rtsv7M4_T_le_v4SPD16_eabi.lib
       _printfi.c.obj                  4851    0         0      
       k_rem_pio2.c.obj                1848    344       0      
       s_cos.c.obj                     1500    0         0      
       s_sin.c.obj                     1476    0         0      
       s_atan.c.obj                    748     152       0      
       fd_add_t2.asm.obj               438     0         0      
       k_sin.c.obj                     372     0         0      
       k_cos.c.obj                     364     0         0      
       e_sqrt.c.obj                    344     0         0      
       fd_div_t2.asm.obj               310     0         0      
       s_scalbn.c.obj                  272     0         0      
       fd_cmp_t2.asm.obj               268     0         0      
       ctype.c.obj                     0       257       0      
       fd_mul_t2.asm.obj               252     0         0      
       s_floor.c.obj                   248     0         0      
       memcpy_t2.asm.obj               156     0         0      
       ull_div_t2.asm.obj              150     0         0      
       memset_t2.asm.obj               122     0         0      
       copy_decompress_lzss.c.obj      104     0         0      
       s_frexp.c.obj                   100     0         0      
       sprintf.c.obj                   98      0         0      
       _ltoa.c.obj                     84      0         0      
       atoi.c.obj                      76      0         0      
       fd_toi_t2.asm.obj               72      0         0      
       autoinit.c.obj                  68      0         0      
       boot_cortex_m.c.obj             52      0         0      
       i_tofd_t2.asm.obj               46      0         0      
       u_tofd_t2.asm.obj               32      0         0      
       memccpy.c.obj                   28      0         0      
       s_copysign.c.obj                26      0         0      
       strchr.c.obj                    22      0         0      
       strlen.c.obj                    20      0         0      
       wcslen.c.obj                    18      0         0      
       copy_decompress_none.c.obj      14      0         0      
       copy_zero_init.c.obj            12      0         0      
       errno.c.obj                     8       0         4      
       exit.c.obj                      4       0         0      
       pre_init.c.obj                  4       0         0      
       div0.asm.obj                    2       0         0      
    +--+-------------------------------+-------+---------+---------+
       Total:                          14609   753       4      
                                                                
       Stack:                          0       0         20000  
       Linker Generated:               0       78        0      
    +--+-------------------------------+-------+---------+---------+
       Grand Total:                    33195   10887     26422  


LINKER GENERATED COPY TABLES

__TI_cinit_table @ 0000ac38 records: 3, size/record: 8, table size: 24
	.data: load addr=0000ac00, load size=0000001a bytes, run addr=20005090, run size=0000001f bytes, compression=lzss
	.bss: load addr=0000ac28, load size=00000008 bytes, run addr=20005400, run size=0000168c bytes, compression=zero_init
	.vtable: load addr=0000ac30, load size=00000008 bytes, run addr=20000000, run size=0000026c bytes, compression=zero_init


LINKER GENERATED HANDLER TABLE

__TI_handler_table @ 0000ac1c records: 3, size/record: 4, table size: 12
	index: 0, handler: __TI_zero_init
	index: 1, handler: __TI_decompress_lzss
	index: 2, handler: __TI_decompress_none


GLOBAL SYMBOLS: SORTED ALPHABETICALLY BY Name 

address   name                          
-------   ----                          
20005096  A                             
0000546b  ADC0IntHandler                
000082b9  ADCHardwareOversampleConfigure
00008359  ADCIntClear                   
00008279  ADCIntEnable                  
00008159  ADCIntRegister                
00008171  ADCProcessorTrigger           
00007b91  ADCSequenceConfigure          
00008105  ADCSequenceDataGet            
000082c7  ADCSequenceEnable             
0000774d  ADCSequenceStepConfigure      
000083bf  C$$EXIT                       
0000831b  CPUcpsid                      
00008327  CPUcpsie                      
000057f5  ConfigureADC                  
00005a6b  ConfigureGPIO                 
00002951  ConfigureLCD5Inch             
00002af3  ConfigureLCD7Inch             
00005acf  ConfigureTimer0               
0000594d  ConfigureUART0                
00005a0b  ConfigureUART2                
00005b1b  ConfigureUDMA                 
20006700  CosOffset                     
20006400  CosResults                    
20006780  DiffCosResults                
20006500  DiffResults                   
20006800  DiffSinResults                
0000802f  GPIODirModeSet                
00006e87  GPIOPadConfigSet              
00007be1  GPIOPinConfigure              
00008189  GPIOPinTypeGPIOOutput         
00008201  GPIOPinTypeUART               
000083a1  GPIOPinWrite                  
000078b1  IntEnable                     
00008289  IntMasterDisable              
00008299  IntMasterEnable               
0000805d  IntPrioritySet                
00007f65  IntRegister                   
00003765  ReadArray                     
0000833f  ResetISR                      
20006880  SinOffset                     
20006600  SinResults                    
000060e5  SysCtlClockFreqSet            
000083a7  SysCtlDelay                   
00007f99  SysCtlPeripheralEnable        
00007f2d  SysCtlPeripheralReady         
00005421  Timer0IntHandler              
000079e5  TimerConfigure                
000082d5  TimerEnable                   
000083b3  TimerIntClear                 
00008381  TimerIntEnable                
000081a1  TimerIntRegister              
00008255  TimerLoadSet                  
00005505  UART0IntHandler               
20006a80  UART0receive                  
000056f5  UART2IntHandler               
000082e3  UARTCharGetNonBlocking        
000082f1  UARTCharPutNonBlocking        
000082ff  UARTCharsAvail                
00007d9d  UARTConfigSetExpClk           
00008389  UARTDMAEnable                 
000080a5  UARTDisable                   
0000822d  UARTEnable                    
00008363  UARTFIFOEnable                
000083ad  UARTFIFOLevelSet              
000083b7  UARTIntClear                  
00008391  UARTIntEnable                 
000081b9  UARTIntRegister               
0000836d  UARTIntStatus                 
20005090  __STACK_END                   
00004e20  __STACK_SIZE                  
20000470  __STACK_TOP                   
0000ac38  __TI_CINIT_Base               
0000ac50  __TI_CINIT_Limit              
0000ac1c  __TI_Handler_Table_Base       
0000ac28  __TI_Handler_Table_Limit      
00007de5  __TI_auto_init_nobinit_nopinit
00007919  __TI_decompress_lzss          
0000830d  __TI_decompress_none          
00007a9b  __TI_ltoa                     
ffffffff  __TI_pprof_out_hndl           
00002d15  __TI_printfi                  
ffffffff  __TI_prof_data_size           
ffffffff  __TI_prof_data_start          
00000000  __TI_static_base__            
00008333  __TI_zero_init                
000075c5  __aeabi_cdcmpeq               
000075c5  __aeabi_cdcmple               
0000764b  __aeabi_cdrcmple              
00007d0d  __aeabi_d2iz                  
000064bf  __aeabi_dadd                  
00006d51  __aeabi_ddiv                  
000071ed  __aeabi_dmul                  
000064b5  __aeabi_dsub                  
00008399  __aeabi_errno_addr            
00008001  __aeabi_i2d                   
00003763  __aeabi_idiv0                 
00003763  __aeabi_ldiv0                 
000077c7  __aeabi_memclr                
000077c7  __aeabi_memclr4               
000077c7  __aeabi_memclr8               
00007493  __aeabi_memcpy                
00007493  __aeabi_memcpy4               
00007493  __aeabi_memcpy8               
000077c9  __aeabi_memset                
000077c9  __aeabi_memset4               
000077c9  __aeabi_memset8               
000080e5  __aeabi_ui2d                  
0000752f  __aeabi_uldivmod              
ffffffff  __binit__                     
ffffffff  __c_args__                    
00006951  __kernel_cos                  
00004149  __kernel_rem_pio2             
0000666d  __kernel_sin                  
UNDEFED   __mpu_init                    
20000270  __stack                       
20000000  __start___llvm_prf_cnts       
20000000  __stop___llvm_prf_cnts        
00007fcd  _c_int00_noargs               
0000a6d0  _ctypes_                      
UNDEFED   _system_post_cinit            
000083bb  _system_pre_init              
20005094  a                             
000083bf  abort                         
00005b89  atan                          
00005b89  atanl                         
00007c79  atoi                          
200050a4  backColor                     
ffffffff  binit                         
20005400  color                         
00003d45  compute_absolute              
000039ed  compute_relative              
0000813f  copysign                      
0000813f  copysignl                     
00004881  cos                           
00004881  cosl                          
0000097d  drawDisplay5Inch              
00000b8d  drawDisplay7Inch              
200050a8  errno                         
000072e9  floor                         
000072e9  floorl                        
000083c8  font_12_16                    
00007981  frexp                         
00007981  frexpl                        
20000000  g_pfnRAMVectors               
00000000  g_pfnVectors                  
00000531  generate_colors               
00000209  init_grid                     
000070dd  ldexp                         
000070dd  ldexpl                        
000067e1  main                          
20005092  maxArrowSize                  
20006a88  maximumAnalogValue            
00008123  memccpy                       
00007493  memcpy                        
000077cf  memset                        
200050ac  offset                        
20006900  oldDiffCosResults             
20006980  oldDiffSinResults             
20005091  oversampling                  
00000681  print_string                  
20006000  pui8ControlTable              
20005090  relative                      
000070dd  scalbn                        
000070dd  scalbnl                       
000004c5  screen_show_nr                
000004f9  screen_write_nr               
00004e5d  sin                           
00004e5d  sinl                          
00007ead  sprintf                       
00006abd  sqrt                          
00006abd  sqrtl                         
00008217  strchr                        
00008241  strlen                        
00007d55  uDMAChannelAttributeDisable   
00007e29  uDMAChannelAttributeEnable    
00008081  uDMAChannelControlSet         
000081e9  uDMAChannelEnable             
000076d1  uDMAChannelTransferSet        
0000834d  uDMAControlBaseSet            
000082a9  uDMAEnable                    
20006a00  v_length                      
00008267  wcslen                        
00000307  write_Infos                   
000007b9  write_char                    
00000dd9  write_cmd_data                
00000db5  write_command                 
00000e01  write_data                    
00000f01  write_line                    
000021f5  write_line_0_degree           
0000229d  write_line_180_degree         
000022f1  write_line_270_degree         
00002249  write_line_90_degree          
00002345  write_line_quadrant_1_I       
00002419  write_line_quadrant_1_II      
000024d3  write_line_quadrant_2_I       
0000258d  write_line_quadrant_2_II      
00002659  write_line_quadrant_3_I       
00002713  write_line_quadrant_3_II      
000027cd  write_line_quadrant_4_I       
00002887  write_line_quadrant_4_II      
00000e51  write_position                
00000875  write_screen_color5INCH       
000008f9  write_screen_color7INCH       


GLOBAL SYMBOLS: SORTED BY Symbol Address 

address   name                          
-------   ----                          
00000000  __TI_static_base__            
00000000  g_pfnVectors                  
00000209  init_grid                     
00000307  write_Infos                   
000004c5  screen_show_nr                
000004f9  screen_write_nr               
00000531  generate_colors               
00000681  print_string                  
000007b9  write_char                    
00000875  write_screen_color5INCH       
000008f9  write_screen_color7INCH       
0000097d  drawDisplay5Inch              
00000b8d  drawDisplay7Inch              
00000db5  write_command                 
00000dd9  write_cmd_data                
00000e01  write_data                    
00000e51  write_position                
00000f01  write_line                    
000021f5  write_line_0_degree           
00002249  write_line_90_degree          
0000229d  write_line_180_degree         
000022f1  write_line_270_degree         
00002345  write_line_quadrant_1_I       
00002419  write_line_quadrant_1_II      
000024d3  write_line_quadrant_2_I       
0000258d  write_line_quadrant_2_II      
00002659  write_line_quadrant_3_I       
00002713  write_line_quadrant_3_II      
000027cd  write_line_quadrant_4_I       
00002887  write_line_quadrant_4_II      
00002951  ConfigureLCD5Inch             
00002af3  ConfigureLCD7Inch             
00002d15  __TI_printfi                  
00003763  __aeabi_idiv0                 
00003763  __aeabi_ldiv0                 
00003765  ReadArray                     
000039ed  compute_relative              
00003d45  compute_absolute              
00004149  __kernel_rem_pio2             
00004881  cos                           
00004881  cosl                          
00004e20  __STACK_SIZE                  
00004e5d  sin                           
00004e5d  sinl                          
00005421  Timer0IntHandler              
0000546b  ADC0IntHandler                
00005505  UART0IntHandler               
000056f5  UART2IntHandler               
000057f5  ConfigureADC                  
0000594d  ConfigureUART0                
00005a0b  ConfigureUART2                
00005a6b  ConfigureGPIO                 
00005acf  ConfigureTimer0               
00005b1b  ConfigureUDMA                 
00005b89  atan                          
00005b89  atanl                         
000060e5  SysCtlClockFreqSet            
000064b5  __aeabi_dsub                  
000064bf  __aeabi_dadd                  
0000666d  __kernel_sin                  
000067e1  main                          
00006951  __kernel_cos                  
00006abd  sqrt                          
00006abd  sqrtl                         
00006d51  __aeabi_ddiv                  
00006e87  GPIOPadConfigSet              
000070dd  ldexp                         
000070dd  ldexpl                        
000070dd  scalbn                        
000070dd  scalbnl                       
000071ed  __aeabi_dmul                  
000072e9  floor                         
000072e9  floorl                        
00007493  __aeabi_memcpy                
00007493  __aeabi_memcpy4               
00007493  __aeabi_memcpy8               
00007493  memcpy                        
0000752f  __aeabi_uldivmod              
000075c5  __aeabi_cdcmpeq               
000075c5  __aeabi_cdcmple               
0000764b  __aeabi_cdrcmple              
000076d1  uDMAChannelTransferSet        
0000774d  ADCSequenceStepConfigure      
000077c7  __aeabi_memclr                
000077c7  __aeabi_memclr4               
000077c7  __aeabi_memclr8               
000077c9  __aeabi_memset                
000077c9  __aeabi_memset4               
000077c9  __aeabi_memset8               
000077cf  memset                        
000078b1  IntEnable                     
00007919  __TI_decompress_lzss          
00007981  frexp                         
00007981  frexpl                        
000079e5  TimerConfigure                
00007a9b  __TI_ltoa                     
00007b91  ADCSequenceConfigure          
00007be1  GPIOPinConfigure              
00007c79  atoi                          
00007d0d  __aeabi_d2iz                  
00007d55  uDMAChannelAttributeDisable   
00007d9d  UARTConfigSetExpClk           
00007de5  __TI_auto_init_nobinit_nopinit
00007e29  uDMAChannelAttributeEnable    
00007ead  sprintf                       
00007f2d  SysCtlPeripheralReady         
00007f65  IntRegister                   
00007f99  SysCtlPeripheralEnable        
00007fcd  _c_int00_noargs               
00008001  __aeabi_i2d                   
0000802f  GPIODirModeSet                
0000805d  IntPrioritySet                
00008081  uDMAChannelControlSet         
000080a5  UARTDisable                   
000080e5  __aeabi_ui2d                  
00008105  ADCSequenceDataGet            
00008123  memccpy                       
0000813f  copysign                      
0000813f  copysignl                     
00008159  ADCIntRegister                
00008171  ADCProcessorTrigger           
00008189  GPIOPinTypeGPIOOutput         
000081a1  TimerIntRegister              
000081b9  UARTIntRegister               
000081e9  uDMAChannelEnable             
00008201  GPIOPinTypeUART               
00008217  strchr                        
0000822d  UARTEnable                    
00008241  strlen                        
00008255  TimerLoadSet                  
00008267  wcslen                        
00008279  ADCIntEnable                  
00008289  IntMasterDisable              
00008299  IntMasterEnable               
000082a9  uDMAEnable                    
000082b9  ADCHardwareOversampleConfigure
000082c7  ADCSequenceEnable             
000082d5  TimerEnable                   
000082e3  UARTCharGetNonBlocking        
000082f1  UARTCharPutNonBlocking        
000082ff  UARTCharsAvail                
0000830d  __TI_decompress_none          
0000831b  CPUcpsid                      
00008327  CPUcpsie                      
00008333  __TI_zero_init                
0000833f  ResetISR                      
0000834d  uDMAControlBaseSet            
00008359  ADCIntClear                   
00008363  UARTFIFOEnable                
0000836d  UARTIntStatus                 
00008381  TimerIntEnable                
00008389  UARTDMAEnable                 
00008391  UARTIntEnable                 
00008399  __aeabi_errno_addr            
000083a1  GPIOPinWrite                  
000083a7  SysCtlDelay                   
000083ad  UARTFIFOLevelSet              
000083b3  TimerIntClear                 
000083b7  UARTIntClear                  
000083bb  _system_pre_init              
000083bf  C$$EXIT                       
000083bf  abort                         
000083c8  font_12_16                    
0000a6d0  _ctypes_                      
0000ac1c  __TI_Handler_Table_Base       
0000ac28  __TI_Handler_Table_Limit      
0000ac38  __TI_CINIT_Base               
0000ac50  __TI_CINIT_Limit              
20000000  __start___llvm_prf_cnts       
20000000  __stop___llvm_prf_cnts        
20000000  g_pfnRAMVectors               
20000270  __stack                       
20000470  __STACK_TOP                   
20005090  __STACK_END                   
20005090  relative                      
20005091  oversampling                  
20005092  maxArrowSize                  
20005094  a                             
20005096  A                             
200050a4  backColor                     
200050a8  errno                         
200050ac  offset                        
20005400  color                         
20006000  pui8ControlTable              
20006400  CosResults                    
20006500  DiffResults                   
20006600  SinResults                    
20006700  CosOffset                     
20006780  DiffCosResults                
20006800  DiffSinResults                
20006880  SinOffset                     
20006900  oldDiffCosResults             
20006980  oldDiffSinResults             
20006a00  v_length                      
20006a80  UART0receive                  
20006a88  maximumAnalogValue            
ffffffff  __TI_pprof_out_hndl           
ffffffff  __TI_prof_data_size           
ffffffff  __TI_prof_data_start          
ffffffff  __binit__                     
ffffffff  __c_args__                    
ffffffff  binit                         
UNDEFED   __mpu_init                    
UNDEFED   _system_post_cinit            

[204 symbols]
