******************************************************************************
                  TI ARM Linker Unix v18.12.4                  
******************************************************************************
>> Linked Sat Mar 14 13:38:12 2020

OUTPUT FILE NAME:   <BP_TMR_sensor_array.out>
ENTRY POINT SYMBOL: "_c_int00_noargs"  address: 0000593d


MEMORY CONFIGURATION

         name            origin    length      used     unused   attr    fill
----------------------  --------  ---------  --------  --------  ----  --------
  FLASH                 00000000   00100000  00008362  000f7c9e  R  X
  SRAM                  20000000   00040000  000057de  0003a822  RW X


SEGMENT ALLOCATION MAP

run origin  load origin   length   init length attrs members
----------  ----------- ---------- ----------- ----- -------
00000000    00000000    00008368   00008368    r-x
  00000000    00000000    00000208   00000208    r-- .intvecs
  00000208    00000208    00005a62   00005a62    r-x .text
  00005c70    00005c70    000026b8   000026b8    r-- .const
  00008328    00008328    00000040   00000040    r-- .cinit
20000000    20000000    000057e2   00000000    rw-
  20000000    20000000    0000026c   00000000    rw- .vtable
  20000270    20000270    00004e20   00000000    rw- .stack
  20005090    20005090    00000744   00000000    rw- .bss
  200057d4    200057d4    0000000e   00000000    rw- .data


SECTION ALLOCATION MAP

 output                                  attributes/
section   page    origin      length       input sections
--------  ----  ----------  ----------   ----------------
.intvecs   0    00000000    00000208     
                  00000000    00000208     tm4c1294ncpdt_startup_ccs.obj (.intvecs)

.text      0    00000208    00005a62     
                  00000208    00002024     lcd_functions.obj (.text)
                  0000222c    00000738     rtsv7M4_T_le_v4SPD16_eabi.lib : k_rem_pio2.c.obj (.text:__kernel_rem_pio2)
                  00002964    00000688     functions.obj (.text)
                  00002fec    000005dc     rtsv7M4_T_le_v4SPD16_eabi.lib : s_cos.c.obj (.text:cos)
                  000035c8    000005c4                                   : s_sin.c.obj (.text:sin)
                  00003b8c    00000508     configuration.obj (.text)
                  00004094    000002ec     rtsv7M4_T_le_v4SPD16_eabi.lib : s_atan.c.obj (.text:atan)
                  00004380    00000200     driverlib.lib : sysctl.obj (.text:SysCtlClockFreqSet)
                  00004580    000001b6     rtsv7M4_T_le_v4SPD16_eabi.lib : fd_add_t2.asm.obj (.text)
                  00004736    00000002     --HOLE-- [fill = 0]
                  00004738    00000174                                   : k_sin.c.obj (.text:__kernel_sin)
                  000048ac    0000016c                                   : k_cos.c.obj (.text:__kernel_cos)
                  00004a18    00000168     Interrupt_handler.obj (.text)
                  00004b80    00000158     rtsv7M4_T_le_v4SPD16_eabi.lib : e_sqrt.c.obj (.text:sqrt)
                  00004cd8    00000136                                   : fd_div_t2.asm.obj (.text)
                  00004e0e    00000132     driverlib.lib : gpio.obj (.text:GPIOPadConfigSet)
                  00004f40    00000110     rtsv7M4_T_le_v4SPD16_eabi.lib : s_scalbn.c.obj (.text:scalbn)
                  00005050    000000fc                                   : fd_mul_t2.asm.obj (.text)
                  0000514c    000000f8                                   : s_floor.c.obj (.text:floor)
                  00005244    0000009c                                   : memcpy_t2.asm.obj (.text)
                  000052e0    00000086                                   : fd_cmp_t2.asm.obj (.text:__aeabi_cdcmple)
                  00005366    00000086                                   : fd_cmp_t2.asm.obj (.text:__aeabi_cdrcmple)
                  000053ec    0000007a     driverlib.lib : adc.obj (.text:ADCSequenceStepConfigure)
                  00005466    0000007a     rtsv7M4_T_le_v4SPD16_eabi.lib : memset_t2.asm.obj (.text)
                  000054e0    00000068     driverlib.lib : interrupt.obj (.text:IntEnable)
                  00005548    00000068     rtsv7M4_T_le_v4SPD16_eabi.lib : copy_decompress_lzss.c.obj (.text:decompress:lzss:__TI_decompress_lzss)
                  000055b0    00000060     driverlib.lib : timer.obj (.text:TimerConfigure)
                  00005610    0000004e                   : adc.obj (.text:ADCSequenceConfigure)
                  0000565e    00000002     --HOLE-- [fill = 0]
                  00005660    0000004c                   : gpio.obj (.text:GPIOPinConfigure)
                  000056ac    0000004c                   : timer.obj (.text:_TimerIntNumberGet)
                  000056f8    00000048                   : sysctl.obj (.text:_SysCtlFrequencyGet)
                  00005740    00000048     main.obj (.text)
                  00005788    00000048     rtsv7M4_T_le_v4SPD16_eabi.lib : fd_toi_t2.asm.obj (.text)
                  000057d0    00000046     driverlib.lib : uart.obj (.text:UARTConfigSetExpClk)
                  00005816    00000002     --HOLE-- [fill = 0]
                  00005818    00000044     rtsv7M4_T_le_v4SPD16_eabi.lib : autoinit.c.obj (.text:__TI_auto_init_nobinit_nopinit:__TI_auto_init_nobinit_nopinit)
                  0000585c    00000040     driverlib.lib : uart.obj (.text:_UARTIntNumberGet)
                  0000589c    00000038                   : sysctl.obj (.text:SysCtlPeripheralReady)
                  000058d4    00000034                   : interrupt.obj (.text:IntRegister)
                  00005908    00000034                   : sysctl.obj (.text:SysCtlPeripheralEnable)
                  0000593c    00000034     rtsv7M4_T_le_v4SPD16_eabi.lib : boot_cortex_m.c.obj (.text:_c_int00_noargs:_c_int00_noargs)
                  00005970    0000002e     driverlib.lib : adc.obj (.text:ADCIntStatus)
                  0000599e    0000002e     rtsv7M4_T_le_v4SPD16_eabi.lib : i_tofd_t2.asm.obj (.text)
                  000059cc    0000002c     driverlib.lib : gpio.obj (.text:GPIODirModeSet)
                  000059f8    00000024                   : interrupt.obj (.text:IntPrioritySet)
                  00005a1c    00000020                   : uart.obj (.text:UARTDisable)
                  00005a3c    00000020                   : sysctl.obj (.text:_SysCtlMemTimingGet)
                  00005a5c    0000001e                   : adc.obj (.text:ADCSequenceDataGet)
                  00005a7a    0000001a     rtsv7M4_T_le_v4SPD16_eabi.lib : s_copysign.c.obj (.text:copysign)
                  00005a94    00000018     driverlib.lib : adc.obj (.text:ADCProcessorTrigger)
                  00005aac    00000018                   : gpio.obj (.text:GPIOPinTypeGPIOOutput)
                  00005ac4    00000018                   : timer.obj (.text:TimerDisable)
                  00005adc    00000018                   : timer.obj (.text:TimerIntRegister)
                  00005af4    00000018                   : uart.obj (.text:UARTIntRegister)
                  00005b0c    00000016                   : gpio.obj (.text:GPIOPinTypeUART)
                  00005b22    00000014                   : uart.obj (.text:UARTEnable)
                  00005b36    00000014     rtsv7M4_T_le_v4SPD16_eabi.lib : strlen.c.obj (.text:strlen)
                  00005b4a    00000012     driverlib.lib : timer.obj (.text:TimerLoadSet)
                  00005b5c    00000010                   : interrupt.obj (.text:IntMasterDisable)
                  00005b6c    00000010                   : interrupt.obj (.text:IntMasterEnable)
                  00005b7c    0000000e                   : adc.obj (.text:ADCSequenceEnable)
                  00005b8a    0000000e                   : timer.obj (.text:TimerEnable)
                  00005b98    0000000e                   : uart.obj (.text:UARTCharPutNonBlocking)
                  00005ba6    0000000e                   : uart.obj (.text:UARTCharsAvail)
                  00005bb4    0000000e     rtsv7M4_T_le_v4SPD16_eabi.lib : copy_decompress_none.c.obj (.text:decompress:none:__TI_decompress_none)
                  00005bc2    0000000c     driverlib.lib : cpu.obj (.text:CPUcpsid)
                  00005bce    0000000c                   : cpu.obj (.text:CPUcpsie)
                  00005bda    0000000c                   : uart.obj (.text:UARTTxIntModeSet)
                  00005be6    0000000c     rtsv7M4_T_le_v4SPD16_eabi.lib : copy_zero_init.c.obj (.text:decompress:ZI:__TI_zero_init)
                  00005bf2    0000000c     tm4c1294ncpdt_startup_ccs.obj (.text)
                  00005bfe    0000000a     driverlib.lib : adc.obj (.text:ADCIntClear)
                  00005c08    0000000a                   : uart.obj (.text:UARTCharGet)
                  00005c12    0000000a                   : uart.obj (.text:UARTFIFODisable)
                  00005c1c    0000000a                   : uart.obj (.text:UARTFIFOEnable)
                  00005c26    0000000a                   : uart.obj (.text:UARTIntStatus)
                  00005c30    00000008                   : timer.obj (.text:TimerIntEnable)
                  00005c38    00000008                   : uart.obj (.text:UARTIntEnable)
                  00005c40    00000008     rtsv7M4_T_le_v4SPD16_eabi.lib : errno.c.obj (.text:__aeabi_errno_addr)
                  00005c48    00000006     driverlib.lib : gpio.obj (.text:GPIOPinWrite)
                  00005c4e    00000006                   : sysctl.obj (.text:SysCtlDelay)
                  00005c54    00000006                   : uart.obj (.text:UARTFIFOLevelSet)
                  00005c5a    00000004                   : timer.obj (.text:TimerIntClear)
                  00005c5e    00000004                   : uart.obj (.text:UARTIntClear)
                  00005c62    00000004     rtsv7M4_T_le_v4SPD16_eabi.lib : pre_init.c.obj (.text:_system_pre_init)
                  00005c66    00000004                                   : exit.c.obj (.text:abort:abort)

.const     0    00005c70    000026b8     
                  00005c70    00002000     fonts.obj (.const:font_12_16)
                  00007c70    000001b0     driverlib.lib : sysctl.obj (.const:g_pppui32XTALtoVCO)
                  00007e20    00000158     rtsv7M4_T_le_v4SPD16_eabi.lib : k_rem_pio2.c.obj (.const:$O1$$)
                  00007f78    0000009c     driverlib.lib : interrupt.obj (.const:g_pui32Regs)
                  00008014    00000004     lcd_functions.obj (.const:$P$T2$1)
                  00008018    00000098     rtsv7M4_T_le_v4SPD16_eabi.lib : s_atan.c.obj (.const:$O1$$)
                  000080b0    00000090     driverlib.lib : gpio.obj (.const:g_pui32GPIOBaseAddrs)
                  00008140    0000006c                   : sysctl.obj (.const:g_pui32Xtals)
                  000081ac    00000060                   : timer.obj (.const:g_ppui32TimerIntMap)
                  0000820c    00000040                   : timer.obj (.const:g_ppui32TimerIntMapSnowflake)
                  0000824c    00000040                   : uart.obj (.const:g_ppui32UARTIntMap)
                  0000828c    00000040                   : uart.obj (.const:g_ppui32UARTIntMapSnowflake)
                  000082cc    00000030                   : sysctl.obj (.const:g_sXTALtoMEMTIM)
                  000082fc    00000014                   : interrupt.obj (.const:g_pui32EnRegs)
                  00008310    00000008                   : sysctl.obj (.const:g_pui32VCOFrequencies)
                  00008318    00000004     main.obj (.const:$P$T2$1)
                  0000831c    00000004     lcd_functions.obj (.const:$P$T6$2)
                  00008320    00000004     lcd_functions.obj (.const:$P$T7$3)
                  00008324    00000004     lcd_functions.obj (.const:$P$T8$4)

.cinit     0    00008328    00000040     
                  00008328    0000000c     (__TI_handler_table)
                  00008334    00000004     --HOLE-- [fill = 0]
                  00008338    00000008     (.cinit..bss.load) [load image, compression = zero_init]
                  00008340    00000008     (.cinit..vtable.load) [load image, compression = zero_init]
                  00008348    00000007     (.cinit..data.load) [load image, compression = lzss]
                  0000834f    00000001     --HOLE-- [fill = 0]
                  00008350    00000018     (__TI_cinit_table)

.init_array 
*          0    00000000    00000000     UNINITIALIZED

.vtable    0    20000000    0000026c     UNINITIALIZED
                  20000000    0000026c     driverlib.lib : interrupt.obj (.vtable)

.bss       0    20005090    00000744     UNINITIALIZED
                  20005090    00000100     (.common:CosResults)
                  20005190    00000100     (.common:SinResults)
                  20005290    00000080     (.common:CosOffset)
                  20005310    00000080     (.common:DiffCosResults)
                  20005390    00000080     (.common:DiffSinResults)
                  20005410    00000080     (.common:SinOffset)
                  20005490    00000080     (.common:negCosResults)
                  20005510    00000080     (.common:negSinResults)
                  20005590    00000080     (.common:oldDiffCosResults)
                  20005610    00000080     (.common:oldDiffSinResults)
                  20005690    00000080     (.common:posCosResults)
                  20005710    00000080     (.common:posSinResults)
                  20005790    00000020     (.common:ADCValues_SS0)
                  200057b0    00000010     (.common:ADCValues_SS1)
                  200057c0    00000010     (.common:ADCValues_SS2)
                  200057d0    00000004     (.common:ucPtr)

.data      0    200057d4    0000000e     UNINITIALIZED
                  200057d4    00000008     Interrupt_handler.obj (.data)
                  200057dc    00000004     rtsv7M4_T_le_v4SPD16_eabi.lib : errno.c.obj (.data)
                  200057e0    00000002     lcd_functions.obj (.data)

.stack     0    20000270    00004e20     UNINITIALIZED
                  20000270    00000004     rtsv7M4_T_le_v4SPD16_eabi.lib : boot_cortex_m.c.obj (.stack)
                  20000274    00004e1c     --HOLE--

MODULE SUMMARY

       Module                          code    ro data   rw data
       ------                          ----    -------   -------
    ./
       lcd_functions.obj               8228    16        258    
       fonts.obj                       0       8192      0      
       functions.obj                   1672    0         1600   
       configuration.obj               1288    0         0      
       tm4c1294ncpdt_startup_ccs.obj   12      520       0      
       Interrupt_handler.obj           360     0         12     
       main.obj                        72      4         0      
    +--+-------------------------------+-------+---------+---------+
       Total:                          11632   8732      1870   
                                                                
    /home/ole/ccs930/TivaWare_C_Series-2.1.4.178/driverlib/ccs/Debug/driverlib.lib
       sysctl.obj                      730     596       0      
       interrupt.obj                   224     176       620    
       gpio.obj                        478     144       0      
       uart.obj                        308     128       0      
       timer.obj                       264     160       0      
       adc.obj                         324     0         0      
       cpu.obj                         24      0         0      
    +--+-------------------------------+-------+---------+---------+
       Total:                          2352    1204      620    
                                                                
    /home/ole/ccs930/ccs/tools/compiler/ti-cgt-arm_18.12.4.LTS/lib/rtsv7M4_T_le_v4SPD16_eabi.lib
       k_rem_pio2.c.obj                1848    344       0      
       s_cos.c.obj                     1500    0         0      
       s_sin.c.obj                     1476    0         0      
       s_atan.c.obj                    748     152       0      
       fd_add_t2.asm.obj               438     0         0      
       k_sin.c.obj                     372     0         0      
       k_cos.c.obj                     364     0         0      
       e_sqrt.c.obj                    344     0         0      
       fd_div_t2.asm.obj               310     0         0      
       s_scalbn.c.obj                  272     0         0      
       fd_cmp_t2.asm.obj               268     0         0      
       fd_mul_t2.asm.obj               252     0         0      
       s_floor.c.obj                   248     0         0      
       memcpy_t2.asm.obj               156     0         0      
       memset_t2.asm.obj               122     0         0      
       copy_decompress_lzss.c.obj      104     0         0      
       fd_toi_t2.asm.obj               72      0         0      
       autoinit.c.obj                  68      0         0      
       boot_cortex_m.c.obj             52      0         0      
       i_tofd_t2.asm.obj               46      0         0      
       s_copysign.c.obj                26      0         0      
       strlen.c.obj                    20      0         0      
       copy_decompress_none.c.obj      14      0         0      
       copy_zero_init.c.obj            12      0         0      
       errno.c.obj                     8       0         4      
       exit.c.obj                      4       0         0      
       pre_init.c.obj                  4       0         0      
    +--+-------------------------------+-------+---------+---------+
       Total:                          9148    496       4      
                                                                
       Stack:                          0       0         20000  
       Linker Generated:               0       59        0      
    +--+-------------------------------+-------+---------+---------+
       Grand Total:                    23132   10491     22494  


LINKER GENERATED COPY TABLES

__TI_cinit_table @ 00008350 records: 3, size/record: 8, table size: 24
	.bss: load addr=00008338, load size=00000008 bytes, run addr=20005090, run size=00000744 bytes, compression=zero_init
	.vtable: load addr=00008340, load size=00000008 bytes, run addr=20000000, run size=0000026c bytes, compression=zero_init
	.data: load addr=00008348, load size=00000007 bytes, run addr=200057d4, run size=0000000e bytes, compression=lzss


LINKER GENERATED HANDLER TABLE

__TI_handler_table @ 00008328 records: 3, size/record: 4, table size: 12
	index: 0, handler: __TI_zero_init
	index: 1, handler: __TI_decompress_lzss
	index: 2, handler: __TI_decompress_none


GLOBAL SYMBOLS: SORTED ALPHABETICALLY BY Name 

address   name                          
-------   ----                          
00005bff  ADCIntClear                   
00005971  ADCIntStatus                  
00005a95  ADCProcessorTrigger           
00005611  ADCSequenceConfigure          
00005a5d  ADCSequenceDataGet            
00005b7d  ADCSequenceEnable             
000053ed  ADCSequenceStepConfigure      
20005790  ADCValues_SS0                 
200057b0  ADCValues_SS1                 
200057c0  ADCValues_SS2                 
00005c67  C$$EXIT                       
00005bc3  CPUcpsid                      
00005bcf  CPUcpsie                      
00002cdd  Computations                  
00003b8d  ConfigureADC                  
00003d23  ConfigureGPIO                 
00003de5  ConfigureLCD                  
00003d87  ConfigureTimer0               
00003cb5  ConfigureUART                 
20005290  CosOffset                     
20005090  CosResults                    
20005310  DiffCosResults                
20005390  DiffSinResults                
000059cd  GPIODirModeSet                
00004e0f  GPIOPadConfigSet              
00005661  GPIOPinConfigure              
00005aad  GPIOPinTypeGPIOOutput         
00005b0d  GPIOPinTypeUART               
00005c49  GPIOPinWrite                  
00002c01  GetADCValues                  
000054e1  IntEnable                     
00005b5d  IntMasterDisable              
00005b6d  IntMasterEnable               
000059f9  IntPrioritySet                
000058d5  IntRegister                   
00002965  ReadArray                     
00005bf3  ResetISR                      
20005410  SinOffset                     
20005190  SinResults                    
00004381  SysCtlClockFreqSet            
00005c4f  SysCtlDelay                   
00005909  SysCtlPeripheralEnable        
0000589d  SysCtlPeripheralReady         
00004a19  Timer0IntHandler              
000055b1  TimerConfigure                
00005ac5  TimerDisable                  
00005b8b  TimerEnable                   
00005c5b  TimerIntClear                 
00005c31  TimerIntEnable                
00005add  TimerIntRegister              
00005b4b  TimerLoadSet                  
00005c09  UARTCharGet                   
00005b99  UARTCharPutNonBlocking        
00005ba7  UARTCharsAvail                
000057d1  UARTConfigSetExpClk           
00005a1d  UARTDisable                   
00005b23  UARTEnable                    
00005c13  UARTFIFODisable               
00005c1d  UARTFIFOEnable                
00005c55  UARTFIFOLevelSet              
00005c5f  UARTIntClear                  
00005c39  UARTIntEnable                 
00004a99  UARTIntHandler                
00005af5  UARTIntRegister               
00005c27  UARTIntStatus                 
00005bdb  UARTTxIntModeSet              
20005090  __STACK_END                   
00004e20  __STACK_SIZE                  
20000470  __STACK_TOP                   
00008350  __TI_CINIT_Base               
00008368  __TI_CINIT_Limit              
00008328  __TI_Handler_Table_Base       
00008334  __TI_Handler_Table_Limit      
00005819  __TI_auto_init_nobinit_nopinit
00005549  __TI_decompress_lzss          
00005bb5  __TI_decompress_none          
ffffffff  __TI_pprof_out_hndl           
ffffffff  __TI_prof_data_size           
ffffffff  __TI_prof_data_start          
00000000  __TI_static_base__            
00005be7  __TI_zero_init                
000052e1  __aeabi_cdcmpeq               
000052e1  __aeabi_cdcmple               
00005367  __aeabi_cdrcmple              
00005789  __aeabi_d2iz                  
0000458b  __aeabi_dadd                  
00004cd9  __aeabi_ddiv                  
00005051  __aeabi_dmul                  
00004581  __aeabi_dsub                  
00005c41  __aeabi_errno_addr            
0000599f  __aeabi_i2d                   
00005467  __aeabi_memclr                
00005467  __aeabi_memclr4               
00005467  __aeabi_memclr8               
00005245  __aeabi_memcpy                
00005245  __aeabi_memcpy4               
00005245  __aeabi_memcpy8               
00005469  __aeabi_memset                
00005469  __aeabi_memset4               
00005469  __aeabi_memset8               
ffffffff  __binit__                     
ffffffff  __c_args__                    
000048ad  __kernel_cos                  
0000222d  __kernel_rem_pio2             
00004739  __kernel_sin                  
UNDEFED   __mpu_init                    
20000270  __stack                       
0000593d  _c_int00_noargs               
UNDEFED   _system_post_cinit            
00005c63  _system_pre_init              
00005c67  abort                         
00004095  atan                          
00004095  atanl                         
ffffffff  binit                         
00005a7b  copysign                      
00005a7b  copysignl                     
00002fed  cos                           
00002fed  cosl                          
00000481  draw_display                  
200057dc  errno                         
0000514d  floor                         
0000514d  floorl                        
00005c70  font_12_16                    
20000000  g_pfnRAMVectors               
00000000  g_pfnVectors                  
00004f41  ldexp                         
00004f41  ldexpl                        
200057d4  m                             
00005741  main                          
00005245  memcpy                        
0000546f  memset                        
200057d8  n                             
20005490  negCosResults                 
20005510  negSinResults                 
200057e0  offset                        
20005590  oldDiffCosResults             
20005610  oldDiffSinResults             
20005690  posCosResults                 
20005710  posSinResults                 
0000030f  print_string                  
00004f41  scalbn                        
00004f41  scalbnl                       
00000209  screen_show_nr                
00000239  screen_write_nr               
000035c9  sin                           
000035c9  sinl                          
00004b81  sqrt                          
00004b81  sqrtl                         
00005b37  strlen                        
200057d0  ucPtr                         
00000253  write_char                    
000006b9  write_cmd_data                
00000699  write_command                 
000006dd  write_data                    
000007dd  write_line                    
00001ad1  write_line_0_degree           
00001b79  write_line_180_degree         
00001bcd  write_line_270_degree         
00001b25  write_line_90_degree          
00001c21  write_line_quadrant_1_I       
00001cf5  write_line_quadrant_1_II      
00001daf  write_line_quadrant_2_I       
00001e69  write_line_quadrant_2_II      
00001f35  write_line_quadrant_3_I       
00001fef  write_line_quadrant_3_II      
000020a9  write_line_quadrant_4_I       
00002163  write_line_quadrant_4_II      
00000723  write_position                
000003ff  write_screen_color            


GLOBAL SYMBOLS: SORTED BY Symbol Address 

address   name                          
-------   ----                          
00000000  __TI_static_base__            
00000000  g_pfnVectors                  
00000209  screen_show_nr                
00000239  screen_write_nr               
00000253  write_char                    
0000030f  print_string                  
000003ff  write_screen_color            
00000481  draw_display                  
00000699  write_command                 
000006b9  write_cmd_data                
000006dd  write_data                    
00000723  write_position                
000007dd  write_line                    
00001ad1  write_line_0_degree           
00001b25  write_line_90_degree          
00001b79  write_line_180_degree         
00001bcd  write_line_270_degree         
00001c21  write_line_quadrant_1_I       
00001cf5  write_line_quadrant_1_II      
00001daf  write_line_quadrant_2_I       
00001e69  write_line_quadrant_2_II      
00001f35  write_line_quadrant_3_I       
00001fef  write_line_quadrant_3_II      
000020a9  write_line_quadrant_4_I       
00002163  write_line_quadrant_4_II      
0000222d  __kernel_rem_pio2             
00002965  ReadArray                     
00002c01  GetADCValues                  
00002cdd  Computations                  
00002fed  cos                           
00002fed  cosl                          
000035c9  sin                           
000035c9  sinl                          
00003b8d  ConfigureADC                  
00003cb5  ConfigureUART                 
00003d23  ConfigureGPIO                 
00003d87  ConfigureTimer0               
00003de5  ConfigureLCD                  
00004095  atan                          
00004095  atanl                         
00004381  SysCtlClockFreqSet            
00004581  __aeabi_dsub                  
0000458b  __aeabi_dadd                  
00004739  __kernel_sin                  
000048ad  __kernel_cos                  
00004a19  Timer0IntHandler              
00004a99  UARTIntHandler                
00004b81  sqrt                          
00004b81  sqrtl                         
00004cd9  __aeabi_ddiv                  
00004e0f  GPIOPadConfigSet              
00004e20  __STACK_SIZE                  
00004f41  ldexp                         
00004f41  ldexpl                        
00004f41  scalbn                        
00004f41  scalbnl                       
00005051  __aeabi_dmul                  
0000514d  floor                         
0000514d  floorl                        
00005245  __aeabi_memcpy                
00005245  __aeabi_memcpy4               
00005245  __aeabi_memcpy8               
00005245  memcpy                        
000052e1  __aeabi_cdcmpeq               
000052e1  __aeabi_cdcmple               
00005367  __aeabi_cdrcmple              
000053ed  ADCSequenceStepConfigure      
00005467  __aeabi_memclr                
00005467  __aeabi_memclr4               
00005467  __aeabi_memclr8               
00005469  __aeabi_memset                
00005469  __aeabi_memset4               
00005469  __aeabi_memset8               
0000546f  memset                        
000054e1  IntEnable                     
00005549  __TI_decompress_lzss          
000055b1  TimerConfigure                
00005611  ADCSequenceConfigure          
00005661  GPIOPinConfigure              
00005741  main                          
00005789  __aeabi_d2iz                  
000057d1  UARTConfigSetExpClk           
00005819  __TI_auto_init_nobinit_nopinit
0000589d  SysCtlPeripheralReady         
000058d5  IntRegister                   
00005909  SysCtlPeripheralEnable        
0000593d  _c_int00_noargs               
00005971  ADCIntStatus                  
0000599f  __aeabi_i2d                   
000059cd  GPIODirModeSet                
000059f9  IntPrioritySet                
00005a1d  UARTDisable                   
00005a5d  ADCSequenceDataGet            
00005a7b  copysign                      
00005a7b  copysignl                     
00005a95  ADCProcessorTrigger           
00005aad  GPIOPinTypeGPIOOutput         
00005ac5  TimerDisable                  
00005add  TimerIntRegister              
00005af5  UARTIntRegister               
00005b0d  GPIOPinTypeUART               
00005b23  UARTEnable                    
00005b37  strlen                        
00005b4b  TimerLoadSet                  
00005b5d  IntMasterDisable              
00005b6d  IntMasterEnable               
00005b7d  ADCSequenceEnable             
00005b8b  TimerEnable                   
00005b99  UARTCharPutNonBlocking        
00005ba7  UARTCharsAvail                
00005bb5  __TI_decompress_none          
00005bc3  CPUcpsid                      
00005bcf  CPUcpsie                      
00005bdb  UARTTxIntModeSet              
00005be7  __TI_zero_init                
00005bf3  ResetISR                      
00005bff  ADCIntClear                   
00005c09  UARTCharGet                   
00005c13  UARTFIFODisable               
00005c1d  UARTFIFOEnable                
00005c27  UARTIntStatus                 
00005c31  TimerIntEnable                
00005c39  UARTIntEnable                 
00005c41  __aeabi_errno_addr            
00005c49  GPIOPinWrite                  
00005c4f  SysCtlDelay                   
00005c55  UARTFIFOLevelSet              
00005c5b  TimerIntClear                 
00005c5f  UARTIntClear                  
00005c63  _system_pre_init              
00005c67  C$$EXIT                       
00005c67  abort                         
00005c70  font_12_16                    
00008328  __TI_Handler_Table_Base       
00008334  __TI_Handler_Table_Limit      
00008350  __TI_CINIT_Base               
00008368  __TI_CINIT_Limit              
20000000  g_pfnRAMVectors               
20000270  __stack                       
20000470  __STACK_TOP                   
20005090  CosResults                    
20005090  __STACK_END                   
20005190  SinResults                    
20005290  CosOffset                     
20005310  DiffCosResults                
20005390  DiffSinResults                
20005410  SinOffset                     
20005490  negCosResults                 
20005510  negSinResults                 
20005590  oldDiffCosResults             
20005610  oldDiffSinResults             
20005690  posCosResults                 
20005710  posSinResults                 
20005790  ADCValues_SS0                 
200057b0  ADCValues_SS1                 
200057c0  ADCValues_SS2                 
200057d0  ucPtr                         
200057d4  m                             
200057d8  n                             
200057dc  errno                         
200057e0  offset                        
ffffffff  __TI_pprof_out_hndl           
ffffffff  __TI_prof_data_size           
ffffffff  __TI_prof_data_start          
ffffffff  __binit__                     
ffffffff  __c_args__                    
ffffffff  binit                         
UNDEFED   __mpu_init                    
UNDEFED   _system_post_cinit            

[169 symbols]
