******************************************************************************
                  TI ARM Linker Unix v20.2.0                   
******************************************************************************
>> Linked Mon May 11 17:46:42 2020

OUTPUT FILE NAME:   <BP_TMR_sensor_array.out>
ENTRY POINT SYMBOL: "_c_int00_noargs"  address: 00007d79


MEMORY CONFIGURATION

         name            origin    length      used     unused   attr    fill
----------------------  --------  ---------  --------  --------  ----  --------
  FLASH                 00000000   00100000  0000a9b6  000f564a  R  X
  SRAM                  20000000   00040000  00006733  000398cd  RW X


SEGMENT ALLOCATION MAP

run origin  load origin   length   init length attrs members
----------  ----------- ---------- ----------- ----- -------
00000000    00000000    0000a9c0   0000a9c0    r-x
  00000000    00000000    00000208   00000208    r-- .intvecs
  00000208    00000208    00007f72   00007f72    r-x .text
  00008180    00008180    000027f4   000027f4    r-- .const
  0000a978    0000a978    00000048   00000048    r-- .cinit
20000000    20000000    000050ab   00000000    rw-
  20000000    20000000    0000026c   00000000    rw- .vtable
  20000270    20000270    00004e20   00000000    rw- .stack
  20005090    20005090    0000001b   00000000    rw- .data
20005400    20005400    0000168c   00000000    rw-
  20005400    20005400    0000168c   00000000    rw- .bss


SECTION ALLOCATION MAP

 output                                  attributes/
section   page    origin      length       input sections
--------  ----  ----------  ----------   ----------------
.intvecs   0    00000000    00000208     
                  00000000    00000208     tm4c1294ncpdt_startup_ccs.obj (.intvecs)

.text      0    00000208    00007f72     
                  00000208    00002b58     lcd_functions.obj (.text)
                  00002d60    00000a4e     rtsv7M4_T_le_v4SPD16_eabi.lib : _printfi.c.obj (.text:__TI_printfi)
                  000037ae    00000002                                   : div0.asm.obj (.text)
                  000037b0    000008e8     adc_functions.obj (.text)
                  00004098    00000738     rtsv7M4_T_le_v4SPD16_eabi.lib : k_rem_pio2.c.obj (.text:__kernel_rem_pio2)
                  000047d0    000005dc                                   : s_cos.c.obj (.text:cos)
                  00004dac    000005c4                                   : s_sin.c.obj (.text:sin)
                  00005370    000002ec                                   : s_atan.c.obj (.text:atan)
                  0000565c    000002bc     uartDMA.obj (.text)
                  00005918    00000270     rtsv7M4_T_le_v4SPD16_eabi.lib : _printfi.c.obj (.text:_pconv_a)
                  00005b88    0000023c     main.obj (.text)
                  00005dc4    00000200     driverlib.lib : sysctl.obj (.text:SysCtlClockFreqSet)
                  00005fc4    000001d8     rtsv7M4_T_le_v4SPD16_eabi.lib : e_atan2.c.obj (.text:atan2)
                  0000619c    000001d0                                   : _printfi.c.obj (.text:_pconv_g)
                  0000636c    000001b6                                   : fd_add_t2.asm.obj (.text)
                  00006522    00000002     --HOLE-- [fill = 0]
                  00006524    00000174                                   : k_sin.c.obj (.text:__kernel_sin)
                  00006698    0000016c                                   : k_cos.c.obj (.text:__kernel_cos)
                  00006804    00000158                                   : e_sqrt.c.obj (.text:sqrt)
                  0000695c    0000013c                                   : _printfi.c.obj (.text:_pconv_e)
                  00006a98    00000136                                   : fd_div_t2.asm.obj (.text)
                  00006bce    00000132     driverlib.lib : gpio.obj (.text:GPIOPadConfigSet)
                  00006d00    00000124     rtsv7M4_T_le_v4SPD16_eabi.lib : _printfi.c.obj (.text:fcvt)
                  00006e24    00000110                                   : s_scalbn.c.obj (.text:scalbn)
                  00006f34    000000fc                                   : fd_mul_t2.asm.obj (.text)
                  00007030    000000f8                                   : s_floor.c.obj (.text:floor)
                  00007128    000000b1                                   : _printfi.c.obj (.text:_ltostr)
                  000071d9    00000001     --HOLE-- [fill = 0]
                  000071da    0000009c                                   : memcpy_t2.asm.obj (.text)
                  00007276    00000096                                   : ull_div_t2.asm.obj (.text)
                  0000730c    00000086                                   : fd_cmp_t2.asm.obj (.text:__aeabi_cdcmple)
                  00007392    00000086                                   : fd_cmp_t2.asm.obj (.text:__aeabi_cdrcmple)
                  00007418    0000007c     driverlib.lib : udma.obj (.text:uDMAChannelTransferSet)
                  00007494    0000007a                   : adc.obj (.text:ADCSequenceStepConfigure)
                  0000750e    0000007a     rtsv7M4_T_le_v4SPD16_eabi.lib : memset_t2.asm.obj (.text)
                  00007588    0000006e                                   : _printfi.c.obj (.text:_mcpy)
                  000075f6    00000002     --HOLE-- [fill = 0]
                  000075f8    00000068     driverlib.lib : interrupt.obj (.text:IntEnable)
                  00007660    00000068     rtsv7M4_T_le_v4SPD16_eabi.lib : copy_decompress_lzss.c.obj (.text:decompress:lzss:__TI_decompress_lzss)
                  000076c8    00000064                                   : s_frexp.c.obj (.text:frexp)
                  0000772c    00000064     timer_functions.obj (.text)
                  00007790    00000060     driverlib.lib : timer.obj (.text:TimerConfigure)
                  000077f0    00000056     rtsv7M4_T_le_v4SPD16_eabi.lib : _printfi.c.obj (.text:_pconv_f)
                  00007846    00000054                                   : _ltoa.c.obj (.text:__TI_ltoa)
                  0000789a    00000052                                   : _printfi.c.obj (.text:_ecpy)
                  000078ec    00000050     driverlib.lib : adc.obj (.text:_ADCIntNumberGet)
                  0000793c    0000004e                   : adc.obj (.text:ADCSequenceConfigure)
                  0000798a    00000002     --HOLE-- [fill = 0]
                  0000798c    0000004c                   : gpio.obj (.text:GPIOPinConfigure)
                  000079d8    0000004c                   : timer.obj (.text:_TimerIntNumberGet)
                  00007a24    0000004c     rtsv7M4_T_le_v4SPD16_eabi.lib : atoi.c.obj (.text:atoi)
                  00007a70    00000048     driverlib.lib : sysctl.obj (.text:_SysCtlFrequencyGet)
                  00007ab8    00000048     rtsv7M4_T_le_v4SPD16_eabi.lib : fd_toi_t2.asm.obj (.text)
                  00007b00    00000048     driverlib.lib : udma.obj (.text:uDMAChannelAttributeDisable)
                  00007b48    00000046                   : uart.obj (.text:UARTConfigSetExpClk)
                  00007b8e    00000002     --HOLE-- [fill = 0]
                  00007b90    00000044     rtsv7M4_T_le_v4SPD16_eabi.lib : autoinit.c.obj (.text:__TI_auto_init_nobinit_nopinit:__TI_auto_init_nobinit_nopinit)
                  00007bd4    00000044     driverlib.lib : udma.obj (.text:uDMAChannelAttributeEnable)
                  00007c18    00000040                   : uart.obj (.text:_UARTIntNumberGet)
                  00007c58    00000040     rtsv7M4_T_le_v4SPD16_eabi.lib : sprintf.c.obj (.text:sprintf)
                  00007c98    0000003e                                   : _printfi.c.obj (.text:_fcpy)
                  00007cd6    00000002     --HOLE-- [fill = 0]
                  00007cd8    00000038     driverlib.lib : sysctl.obj (.text:SysCtlPeripheralReady)
                  00007d10    00000034                   : interrupt.obj (.text:IntRegister)
                  00007d44    00000034                   : sysctl.obj (.text:SysCtlPeripheralEnable)
                  00007d78    00000034     rtsv7M4_T_le_v4SPD16_eabi.lib : boot_cortex_m.c.obj (.text:_c_int00_noargs:_c_int00_noargs)
                  00007dac    0000002e                                   : i_tofd_t2.asm.obj (.text)
                  00007dda    0000002c     driverlib.lib : gpio.obj (.text:GPIODirModeSet)
                  00007e06    00000002     --HOLE-- [fill = 0]
                  00007e08    0000002c                   : udma.obj (.text:uDMAChannelAssign)
                  00007e34    00000024                   : interrupt.obj (.text:IntPrioritySet)
                  00007e58    00000024                   : udma.obj (.text:uDMAChannelControlSet)
                  00007e7c    00000020                   : uart.obj (.text:UARTDisable)
                  00007e9c    00000020                   : sysctl.obj (.text:_SysCtlMemTimingGet)
                  00007ebc    0000001e                   : adc.obj (.text:ADCSequenceDataGet)
                  00007eda    0000001c     rtsv7M4_T_le_v4SPD16_eabi.lib : memccpy.c.obj (.text:memccpy)
                  00007ef6    0000001a                                   : s_copysign.c.obj (.text:copysign)
                  00007f10    00000018     driverlib.lib : adc.obj (.text:ADCIntRegister)
                  00007f28    00000018                   : adc.obj (.text:ADCProcessorTrigger)
                  00007f40    00000018                   : gpio.obj (.text:GPIOPinTypeGPIOOutput)
                  00007f58    00000018                   : timer.obj (.text:TimerIntRegister)
                  00007f70    00000018                   : uart.obj (.text:UARTIntRegister)
                  00007f88    00000018     rtsv7M4_T_le_v4SPD16_eabi.lib : sprintf.c.obj (.text:_outs)
                  00007fa0    00000018     driverlib.lib : udma.obj (.text:uDMAChannelEnable)
                  00007fb8    00000016                   : gpio.obj (.text:GPIOPinTypeUART)
                  00007fce    00000016     rtsv7M4_T_le_v4SPD16_eabi.lib : strchr.c.obj (.text:strchr)
                  00007fe4    00000014     driverlib.lib : uart.obj (.text:UARTEnable)
                  00007ff8    00000014     rtsv7M4_T_le_v4SPD16_eabi.lib : strlen.c.obj (.text:strlen)
                  0000800c    00000012     driverlib.lib : timer.obj (.text:TimerLoadSet)
                  0000801e    00000012     rtsv7M4_T_le_v4SPD16_eabi.lib : wcslen.c.obj (.text:wcslen)
                  00008030    00000010     driverlib.lib : adc.obj (.text:ADCIntEnable)
                  00008040    00000010                   : interrupt.obj (.text:IntMasterDisable)
                  00008050    00000010                   : interrupt.obj (.text:IntMasterEnable)
                  00008060    00000010                   : udma.obj (.text:uDMAEnable)
                  00008070    0000000e                   : adc.obj (.text:ADCHardwareOversampleConfigure)
                  0000807e    0000000e                   : adc.obj (.text:ADCSequenceEnable)
                  0000808c    0000000e                   : timer.obj (.text:TimerEnable)
                  0000809a    0000000e                   : uart.obj (.text:UARTCharGetNonBlocking)
                  000080a8    0000000e                   : uart.obj (.text:UARTCharPutNonBlocking)
                  000080b6    0000000e                   : uart.obj (.text:UARTCharsAvail)
                  000080c4    0000000e     rtsv7M4_T_le_v4SPD16_eabi.lib : copy_decompress_none.c.obj (.text:decompress:none:__TI_decompress_none)
                  000080d2    0000000c     driverlib.lib : cpu.obj (.text:CPUcpsid)
                  000080de    0000000c                   : cpu.obj (.text:CPUcpsie)
                  000080ea    0000000c     rtsv7M4_T_le_v4SPD16_eabi.lib : copy_zero_init.c.obj (.text:decompress:ZI:__TI_zero_init)
                  000080f6    0000000c     tm4c1294ncpdt_startup_ccs.obj (.text)
                  00008102    00000002     --HOLE-- [fill = 0]
                  00008104    0000000c     driverlib.lib : udma.obj (.text:uDMAControlBaseSet)
                  00008110    0000000a                   : adc.obj (.text:ADCIntClear)
                  0000811a    0000000a                   : uart.obj (.text:UARTFIFOEnable)
                  00008124    0000000a                   : uart.obj (.text:UARTIntStatus)
                  0000812e    0000000a     rtsv7M4_T_le_v4SPD16_eabi.lib : sprintf.c.obj (.text:_outc)
                  00008138    00000008     driverlib.lib : timer.obj (.text:TimerIntEnable)
                  00008140    00000008                   : uart.obj (.text:UARTDMAEnable)
                  00008148    00000008                   : uart.obj (.text:UARTIntEnable)
                  00008150    00000008     rtsv7M4_T_le_v4SPD16_eabi.lib : errno.c.obj (.text:__aeabi_errno_addr)
                  00008158    00000006     driverlib.lib : gpio.obj (.text:GPIOPinWrite)
                  0000815e    00000006                   : sysctl.obj (.text:SysCtlDelay)
                  00008164    00000006                   : uart.obj (.text:UARTFIFOLevelSet)
                  0000816a    00000004                   : timer.obj (.text:TimerIntClear)
                  0000816e    00000004                   : uart.obj (.text:UARTIntClear)
                  00008172    00000004     rtsv7M4_T_le_v4SPD16_eabi.lib : pre_init.c.obj (.text:_system_pre_init)
                  00008176    00000004                                   : exit.c.obj (.text:abort:abort)

.const     0    00008180    000027f4     
                  00008180    00002000     lcd_functions.obj (.const:font_12_16)
                  0000a180    000001b0     driverlib.lib : sysctl.obj (.const:g_pppui32XTALtoVCO)
                  0000a330    00000158     rtsv7M4_T_le_v4SPD16_eabi.lib : k_rem_pio2.c.obj (.const:$O1$$)
                  0000a488    00000101                                   : ctype.c.obj (.const:.string:_ctypes_)
                  0000a589    00000003     --HOLE-- [fill = 0]
                  0000a58c    0000009c     driverlib.lib : interrupt.obj (.const:g_pui32Regs)
                  0000a628    00000098     rtsv7M4_T_le_v4SPD16_eabi.lib : s_atan.c.obj (.const:$O1$$)
                  0000a6c0    00000090     driverlib.lib : gpio.obj (.const:g_pui32GPIOBaseAddrs)
                  0000a750    0000006c                   : sysctl.obj (.const:g_pui32Xtals)
                  0000a7bc    00000060                   : timer.obj (.const:g_ppui32TimerIntMap)
                  0000a81c    00000040                   : timer.obj (.const:g_ppui32TimerIntMapSnowflake)
                  0000a85c    00000040                   : uart.obj (.const:g_ppui32UARTIntMap)
                  0000a89c    00000040                   : uart.obj (.const:g_ppui32UARTIntMapSnowflake)
                  0000a8dc    00000030                   : sysctl.obj (.const:g_sXTALtoMEMTIM)
                  0000a90c    00000014                   : interrupt.obj (.const:g_pui32EnRegs)
                  0000a920    00000008                   : sysctl.obj (.const:g_pui32VCOFrequencies)
                  0000a928    00000004     lcd_functions.obj (.const:$P$T10$5)
                  0000a92c    00000004     lcd_functions.obj (.const:$P$T11$6)
                  0000a930    00000004     lcd_functions.obj (.const:$P$T12$7)
                  0000a934    00000004     lcd_functions.obj (.const:$P$T14$8)
                  0000a938    00000004     lcd_functions.obj (.const:$P$T16$9)
                  0000a93c    00000004     lcd_functions.obj (.const:$P$T18$10)
                  0000a940    00000004     lcd_functions.obj (.const:$P$T23$11)
                  0000a944    00000004     lcd_functions.obj (.const:$P$T24$12)
                  0000a948    00000004     lcd_functions.obj (.const:$P$T25$13)
                  0000a94c    00000004     lcd_functions.obj (.const:$P$T26$14)
                  0000a950    00000004     lcd_functions.obj (.const:$P$T29$15)
                  0000a954    00000004     lcd_functions.obj (.const:$P$T30$16)
                  0000a958    00000004     lcd_functions.obj (.const:$P$T32$17)
                  0000a95c    00000004     lcd_functions.obj (.const:$P$T36$18)
                  0000a960    00000004     lcd_functions.obj (.const:$P$T37$19)
                  0000a964    00000004     lcd_functions.obj (.const:$P$T38$20)
                  0000a968    00000004     lcd_functions.obj (.const:$P$T4$2)
                  0000a96c    00000004     lcd_functions.obj (.const:$P$T5$3)
                  0000a970    00000004     lcd_functions.obj (.const:$P$T6$4)

.cinit     0    0000a978    00000048     
                  0000a978    00000012     (.cinit..data.load) [load image, compression = lzss]
                  0000a98a    00000002     --HOLE-- [fill = 0]
                  0000a98c    0000000c     (__TI_handler_table)
                  0000a998    00000008     (.cinit..bss.load) [load image, compression = zero_init]
                  0000a9a0    00000008     (.cinit..vtable.load) [load image, compression = zero_init]
                  0000a9a8    00000018     (__TI_cinit_table)

.init_array 
*          0    00000000    00000000     UNINITIALIZED

.vtable    0    20000000    0000026c     UNINITIALIZED
                  20000000    0000026c     driverlib.lib : interrupt.obj (.vtable)

.data      0    20005090    0000001b     UNINITIALIZED
                  20005090    00000009     uartDMA.obj (.data:stepperMotorCommand$1)
                  20005099    00000001     --HOLE--
                  2000509a    00000006     main.obj (.data)
                  200050a0    00000004     main.obj (.data:backColor)
                  200050a4    00000004     rtsv7M4_T_le_v4SPD16_eabi.lib : errno.c.obj (.data)
                  200050a8    00000003     lcd_functions.obj (.data)

.bss       0    20005400    0000168c     UNINITIALIZED
                  20005400    00000c00     lcd_functions.obj (.bss:color)
                  20006000    00000400     (.common:pui8ControlTable)
                  20006400    00000100     adc_functions.obj (.bss:CosResults)
                  20006500    00000100     adc_functions.obj (.bss:SinResults)
                  20006600    00000100     (.common:DiffResults)
                  20006700    00000080     (.common:CosOffset)
                  20006780    00000080     (.common:DiffCosResults)
                  20006800    00000080     (.common:DiffSinResults)
                  20006880    00000080     (.common:SinOffset)
                  20006900    00000080     (.common:arrowLength)
                  20006980    00000080     (.common:oldDiffCosResults)
                  20006a00    00000080     (.common:oldDiffSinResults)
                  20006a80    00000008     uartDMA.obj (.bss:UART0receive)
                  20006a88    00000004     main.obj (.bss)

.stack     0    20000270    00004e20     UNINITIALIZED
                  20000270    00000004     rtsv7M4_T_le_v4SPD16_eabi.lib : boot_cortex_m.c.obj (.stack)
                  20000274    00004e1c     --HOLE--

__llvm_prf_cnts 
*          0    20000000    00000000     UNINITIALIZED

MODULE SUMMARY

       Module                          code    ro data   rw data
       ------                          ----    -------   -------
    ./
       lcd_functions.obj               11096   8268      3331   
       adc_functions.obj               2280    0         1408   
       uartDMA.obj                     700     0         1041   
       main.obj                        572     0         14     
       tm4c1294ncpdt_startup_ccs.obj   12      520       0      
       timer_functions.obj             100     0         0      
    +--+-------------------------------+-------+---------+---------+
       Total:                          14760   8788      5794   
                                                                
    /home/ole/CodeComposerStudio10/TivaWare_C_Series-2.1.4.178/driverlib/ccs/Debug/driverlib.lib
       sysctl.obj                      730     596       0      
       interrupt.obj                   224     176       620    
       gpio.obj                        478     144       0      
       uart.obj                        298     128       0      
       adc.obj                         412     0         0      
       timer.obj                       240     160       0      
       udma.obj                        396     0         0      
       cpu.obj                         24      0         0      
    +--+-------------------------------+-------+---------+---------+
       Total:                          2802    1204      620    
                                                                
    /home/ole/CodeComposerStudio10/ccs/tools/compiler/ti-cgt-arm_20.2.0.LTS/lib/rtsv7M4_T_le_v4SPD16_eabi.lib
       _printfi.c.obj                  4851    0         0      
       k_rem_pio2.c.obj                1848    344       0      
       s_cos.c.obj                     1500    0         0      
       s_sin.c.obj                     1476    0         0      
       s_atan.c.obj                    748     152       0      
       e_atan2.c.obj                   472     0         0      
       fd_add_t2.asm.obj               438     0         0      
       k_sin.c.obj                     372     0         0      
       k_cos.c.obj                     364     0         0      
       e_sqrt.c.obj                    344     0         0      
       fd_div_t2.asm.obj               310     0         0      
       s_scalbn.c.obj                  272     0         0      
       fd_cmp_t2.asm.obj               268     0         0      
       ctype.c.obj                     0       257       0      
       fd_mul_t2.asm.obj               252     0         0      
       s_floor.c.obj                   248     0         0      
       memcpy_t2.asm.obj               156     0         0      
       ull_div_t2.asm.obj              150     0         0      
       memset_t2.asm.obj               122     0         0      
       copy_decompress_lzss.c.obj      104     0         0      
       s_frexp.c.obj                   100     0         0      
       sprintf.c.obj                   98      0         0      
       _ltoa.c.obj                     84      0         0      
       atoi.c.obj                      76      0         0      
       fd_toi_t2.asm.obj               72      0         0      
       autoinit.c.obj                  68      0         0      
       boot_cortex_m.c.obj             52      0         0      
       i_tofd_t2.asm.obj               46      0         0      
       memccpy.c.obj                   28      0         0      
       s_copysign.c.obj                26      0         0      
       strchr.c.obj                    22      0         0      
       strlen.c.obj                    20      0         0      
       wcslen.c.obj                    18      0         0      
       copy_decompress_none.c.obj      14      0         0      
       copy_zero_init.c.obj            12      0         0      
       errno.c.obj                     8       0         4      
       exit.c.obj                      4       0         0      
       pre_init.c.obj                  4       0         0      
       div0.asm.obj                    2       0         0      
    +--+-------------------------------+-------+---------+---------+
       Total:                          15049   753       4      
                                                                
       Stack:                          0       0         20000  
       Linker Generated:               0       70        0      
    +--+-------------------------------+-------+---------+---------+
       Grand Total:                    32611   10815     26418  


LINKER GENERATED COPY TABLES

__TI_cinit_table @ 0000a9a8 records: 3, size/record: 8, table size: 24
	.data: load addr=0000a978, load size=00000012 bytes, run addr=20005090, run size=0000001b bytes, compression=lzss
	.bss: load addr=0000a998, load size=00000008 bytes, run addr=20005400, run size=0000168c bytes, compression=zero_init
	.vtable: load addr=0000a9a0, load size=00000008 bytes, run addr=20000000, run size=0000026c bytes, compression=zero_init


LINKER GENERATED HANDLER TABLE

__TI_handler_table @ 0000a98c records: 3, size/record: 4, table size: 12
	index: 0, handler: __TI_zero_init
	index: 1, handler: __TI_decompress_lzss
	index: 2, handler: __TI_decompress_none


GLOBAL SYMBOLS: SORTED ALPHABETICALLY BY Name 

address   name                          
-------   ----                          
00005bd5  ADC0IntHandler                
00008071  ADCHardwareOversampleConfigure
00008111  ADCIntClear                   
00008031  ADCIntEnable                  
00007f11  ADCIntRegister                
00007f29  ADCProcessorTrigger           
0000793d  ADCSequenceConfigure          
00007ebd  ADCSequenceDataGet            
0000807f  ADCSequenceEnable             
00007495  ADCSequenceStepConfigure      
00008177  C$$EXIT                       
000080d3  CPUcpsid                      
000080df  CPUcpsie                      
00003f25  ConfigureADC                  
00002d39  ConfigureGPIO                 
000028cd  ConfigureLCD5Inch             
00002ab7  ConfigureLCD7Inch             
00007739  ConfigureTimer0               
00005803  ConfigureUART0                
0000587f  ConfigureUART2                
20006700  CosOffset                     
20006780  DiffCosResults                
20006600  DiffResults                   
20006800  DiffSinResults                
00007ddb  GPIODirModeSet                
00006bcf  GPIOPadConfigSet              
0000798d  GPIOPinConfigure              
00007f41  GPIOPinTypeGPIOOutput         
00007fb9  GPIOPinTypeUART               
00008159  GPIOPinWrite                  
000075f9  IntEnable                     
00008041  IntMasterDisable              
00008051  IntMasterEnable               
00007e35  IntPrioritySet                
00007d11  IntRegister                   
000037d9  ReadArray                     
000080f7  ResetISR                      
20006880  SinOffset                     
00005dc5  SysCtlClockFreqSet            
0000815f  SysCtlDelay                   
00007d45  SysCtlPeripheralEnable        
00007cd9  SysCtlPeripheralReady         
00005b89  Timer0IntHandler              
00007791  TimerConfigure                
0000808d  TimerEnable                   
0000816b  TimerIntClear                 
00008139  TimerIntEnable                
00007f59  TimerIntRegister              
0000800d  TimerLoadSet                  
00005c49  UART0IntHandler               
00005d27  UART2IntHandler               
0000809b  UARTCharGetNonBlocking        
000080a9  UARTCharPutNonBlocking        
000080b7  UARTCharsAvail                
00007b49  UARTConfigSetExpClk           
00008141  UARTDMAEnable                 
00007e7d  UARTDisable                   
00007fe5  UARTEnable                    
0000811b  UARTFIFOEnable                
00008165  UARTFIFOLevelSet              
0000816f  UARTIntClear                  
00008149  UARTIntEnable                 
00007f71  UARTIntRegister               
00008125  UARTIntStatus                 
20005090  __STACK_END                   
00004e20  __STACK_SIZE                  
20000470  __STACK_TOP                   
0000a9a8  __TI_CINIT_Base               
0000a9c0  __TI_CINIT_Limit              
0000a98c  __TI_Handler_Table_Base       
0000a998  __TI_Handler_Table_Limit      
00007b91  __TI_auto_init_nobinit_nopinit
00007661  __TI_decompress_lzss          
000080c5  __TI_decompress_none          
00007847  __TI_ltoa                     
ffffffff  __TI_pprof_out_hndl           
00002d61  __TI_printfi                  
ffffffff  __TI_prof_data_size           
ffffffff  __TI_prof_data_start          
00000000  __TI_static_base__            
000080eb  __TI_zero_init                
0000730d  __aeabi_cdcmpeq               
0000730d  __aeabi_cdcmple               
00007393  __aeabi_cdrcmple              
00007ab9  __aeabi_d2iz                  
00006377  __aeabi_dadd                  
00006a99  __aeabi_ddiv                  
00006f35  __aeabi_dmul                  
0000636d  __aeabi_dsub                  
00008151  __aeabi_errno_addr            
00007dad  __aeabi_i2d                   
000037af  __aeabi_idiv0                 
000037af  __aeabi_ldiv0                 
0000750f  __aeabi_memclr                
0000750f  __aeabi_memclr4               
0000750f  __aeabi_memclr8               
000071db  __aeabi_memcpy                
000071db  __aeabi_memcpy4               
000071db  __aeabi_memcpy8               
00007511  __aeabi_memset                
00007511  __aeabi_memset4               
00007511  __aeabi_memset8               
00007277  __aeabi_uldivmod              
ffffffff  __binit__                     
ffffffff  __c_args__                    
00006699  __kernel_cos                  
00004099  __kernel_rem_pio2             
00006525  __kernel_sin                  
UNDEFED   __mpu_init                    
20000270  __stack                       
20000000  __start___llvm_prf_cnts       
20000000  __stop___llvm_prf_cnts        
00007d79  _c_int00_noargs               
0000a488  _ctypes_                      
UNDEFED   _system_post_cinit            
00008173  _system_pre_init              
00008177  abort                         
000037cd  adcIntClear                   
20006900  arrowLength                   
00005371  atan                          
00005fc5  atan2                         
00005fc5  atan2l                        
00005371  atanl                         
00007a25  atoi                          
ffffffff  binit                         
00003a61  computeArrows                 
00005799  configureUDMA                 
00007ef7  copysign                      
00007ef7  copysignl                     
000047d1  cos                           
000047d1  cosl                          
00000835  drawDisplay5Inch              
00000a55  drawDisplay7Inch              
200050a4  errno                         
00007031  floor                         
00007031  floorl                        
000076c9  frexp                         
000076c9  frexpl                        
20000000  g_pfnRAMVectors               
00000000  g_pfnVectors                  
0000037f  generateColors                
0000565d  getDataFromPc                 
00006e25  ldexp                         
00006e25  ldexpl                        
00005d49  main                          
00007edb  memccpy                       
000071db  memcpy                        
00007517  memset                        
200050a8  offset                        
20006980  oldDiffCosResults             
20006a00  oldDiffSinResults             
00005661  prepareReceiveDMA             
000004a5  printString                   
20006000  pui8ControlTable              
0000571d  receiveDataFromMotor          
00006e25  scalbn                        
00006e25  scalbnl                       
00005697  sendCommandToMotor            
0000567b  sendUARTDMA                   
00004dad  sin                           
00004dad  sinl                          
00007c59  sprintf                       
00006805  sqrt                          
00006805  sqrtl                         
000037b1  startAdcConversion            
00007fcf  strchr                        
00007ff9  strlen                        
0000772d  timer0IntClear                
00007e09  uDMAChannelAssign             
00007b01  uDMAChannelAttributeDisable   
00007bd5  uDMAChannelAttributeEnable    
00007e59  uDMAChannelControlSet         
00007fa1  uDMAChannelEnable             
00007419  uDMAChannelTransferSet        
00008105  uDMAControlBaseSet            
00008061  uDMAEnable                    
0000801f  wcslen                        
000005c1  writeChar                     
00000ca1  writeCmdData                  
00000c81  writeCommand                  
00000cd1  writeData                     
00000209  writeInfos                    
00000dc9  writeLine                     
00002111  writeLine0Degree              
000021b9  writeLine180Degree            
0000220d  writeLine270Degree            
00002165  writeLine90Degree             
00002269  writeLineQuadrant1_I          
00002341  writeLineQuadrant1_II         
00002407  writeLineQuadrant2_I          
000024cd  writeLineQuadrant2_II         
000025a5  writeLineQuadrant3_I          
0000266b  writeLineQuadrant3_II         
00002731  writeLineQuadrant4_I          
000027f7  writeLineQuadrant4_II         
00000d17  writePosition                 
0000072d  writeRecangle                 
000006a9  writeScreenColor5INCH         
000007b5  writeScreenColor7INCH         


GLOBAL SYMBOLS: SORTED BY Symbol Address 

address   name                          
-------   ----                          
00000000  __TI_static_base__            
00000000  g_pfnVectors                  
00000209  writeInfos                    
0000037f  generateColors                
000004a5  printString                   
000005c1  writeChar                     
000006a9  writeScreenColor5INCH         
0000072d  writeRecangle                 
000007b5  writeScreenColor7INCH         
00000835  drawDisplay5Inch              
00000a55  drawDisplay7Inch              
00000c81  writeCommand                  
00000ca1  writeCmdData                  
00000cd1  writeData                     
00000d17  writePosition                 
00000dc9  writeLine                     
00002111  writeLine0Degree              
00002165  writeLine90Degree             
000021b9  writeLine180Degree            
0000220d  writeLine270Degree            
00002269  writeLineQuadrant1_I          
00002341  writeLineQuadrant1_II         
00002407  writeLineQuadrant2_I          
000024cd  writeLineQuadrant2_II         
000025a5  writeLineQuadrant3_I          
0000266b  writeLineQuadrant3_II         
00002731  writeLineQuadrant4_I          
000027f7  writeLineQuadrant4_II         
000028cd  ConfigureLCD5Inch             
00002ab7  ConfigureLCD7Inch             
00002d39  ConfigureGPIO                 
00002d61  __TI_printfi                  
000037af  __aeabi_idiv0                 
000037af  __aeabi_ldiv0                 
000037b1  startAdcConversion            
000037cd  adcIntClear                   
000037d9  ReadArray                     
00003a61  computeArrows                 
00003f25  ConfigureADC                  
00004099  __kernel_rem_pio2             
000047d1  cos                           
000047d1  cosl                          
00004dad  sin                           
00004dad  sinl                          
00004e20  __STACK_SIZE                  
00005371  atan                          
00005371  atanl                         
0000565d  getDataFromPc                 
00005661  prepareReceiveDMA             
0000567b  sendUARTDMA                   
00005697  sendCommandToMotor            
0000571d  receiveDataFromMotor          
00005799  configureUDMA                 
00005803  ConfigureUART0                
0000587f  ConfigureUART2                
00005b89  Timer0IntHandler              
00005bd5  ADC0IntHandler                
00005c49  UART0IntHandler               
00005d27  UART2IntHandler               
00005d49  main                          
00005dc5  SysCtlClockFreqSet            
00005fc5  atan2                         
00005fc5  atan2l                        
0000636d  __aeabi_dsub                  
00006377  __aeabi_dadd                  
00006525  __kernel_sin                  
00006699  __kernel_cos                  
00006805  sqrt                          
00006805  sqrtl                         
00006a99  __aeabi_ddiv                  
00006bcf  GPIOPadConfigSet              
00006e25  ldexp                         
00006e25  ldexpl                        
00006e25  scalbn                        
00006e25  scalbnl                       
00006f35  __aeabi_dmul                  
00007031  floor                         
00007031  floorl                        
000071db  __aeabi_memcpy                
000071db  __aeabi_memcpy4               
000071db  __aeabi_memcpy8               
000071db  memcpy                        
00007277  __aeabi_uldivmod              
0000730d  __aeabi_cdcmpeq               
0000730d  __aeabi_cdcmple               
00007393  __aeabi_cdrcmple              
00007419  uDMAChannelTransferSet        
00007495  ADCSequenceStepConfigure      
0000750f  __aeabi_memclr                
0000750f  __aeabi_memclr4               
0000750f  __aeabi_memclr8               
00007511  __aeabi_memset                
00007511  __aeabi_memset4               
00007511  __aeabi_memset8               
00007517  memset                        
000075f9  IntEnable                     
00007661  __TI_decompress_lzss          
000076c9  frexp                         
000076c9  frexpl                        
0000772d  timer0IntClear                
00007739  ConfigureTimer0               
00007791  TimerConfigure                
00007847  __TI_ltoa                     
0000793d  ADCSequenceConfigure          
0000798d  GPIOPinConfigure              
00007a25  atoi                          
00007ab9  __aeabi_d2iz                  
00007b01  uDMAChannelAttributeDisable   
00007b49  UARTConfigSetExpClk           
00007b91  __TI_auto_init_nobinit_nopinit
00007bd5  uDMAChannelAttributeEnable    
00007c59  sprintf                       
00007cd9  SysCtlPeripheralReady         
00007d11  IntRegister                   
00007d45  SysCtlPeripheralEnable        
00007d79  _c_int00_noargs               
00007dad  __aeabi_i2d                   
00007ddb  GPIODirModeSet                
00007e09  uDMAChannelAssign             
00007e35  IntPrioritySet                
00007e59  uDMAChannelControlSet         
00007e7d  UARTDisable                   
00007ebd  ADCSequenceDataGet            
00007edb  memccpy                       
00007ef7  copysign                      
00007ef7  copysignl                     
00007f11  ADCIntRegister                
00007f29  ADCProcessorTrigger           
00007f41  GPIOPinTypeGPIOOutput         
00007f59  TimerIntRegister              
00007f71  UARTIntRegister               
00007fa1  uDMAChannelEnable             
00007fb9  GPIOPinTypeUART               
00007fcf  strchr                        
00007fe5  UARTEnable                    
00007ff9  strlen                        
0000800d  TimerLoadSet                  
0000801f  wcslen                        
00008031  ADCIntEnable                  
00008041  IntMasterDisable              
00008051  IntMasterEnable               
00008061  uDMAEnable                    
00008071  ADCHardwareOversampleConfigure
0000807f  ADCSequenceEnable             
0000808d  TimerEnable                   
0000809b  UARTCharGetNonBlocking        
000080a9  UARTCharPutNonBlocking        
000080b7  UARTCharsAvail                
000080c5  __TI_decompress_none          
000080d3  CPUcpsid                      
000080df  CPUcpsie                      
000080eb  __TI_zero_init                
000080f7  ResetISR                      
00008105  uDMAControlBaseSet            
00008111  ADCIntClear                   
0000811b  UARTFIFOEnable                
00008125  UARTIntStatus                 
00008139  TimerIntEnable                
00008141  UARTDMAEnable                 
00008149  UARTIntEnable                 
00008151  __aeabi_errno_addr            
00008159  GPIOPinWrite                  
0000815f  SysCtlDelay                   
00008165  UARTFIFOLevelSet              
0000816b  TimerIntClear                 
0000816f  UARTIntClear                  
00008173  _system_pre_init              
00008177  C$$EXIT                       
00008177  abort                         
0000a488  _ctypes_                      
0000a98c  __TI_Handler_Table_Base       
0000a998  __TI_Handler_Table_Limit      
0000a9a8  __TI_CINIT_Base               
0000a9c0  __TI_CINIT_Limit              
20000000  __start___llvm_prf_cnts       
20000000  __stop___llvm_prf_cnts        
20000000  g_pfnRAMVectors               
20000270  __stack                       
20000470  __STACK_TOP                   
20005090  __STACK_END                   
200050a4  errno                         
200050a8  offset                        
20006000  pui8ControlTable              
20006600  DiffResults                   
20006700  CosOffset                     
20006780  DiffCosResults                
20006800  DiffSinResults                
20006880  SinOffset                     
20006900  arrowLength                   
20006980  oldDiffCosResults             
20006a00  oldDiffSinResults             
ffffffff  __TI_pprof_out_hndl           
ffffffff  __TI_prof_data_size           
ffffffff  __TI_prof_data_start          
ffffffff  __binit__                     
ffffffff  __c_args__                    
ffffffff  binit                         
UNDEFED   __mpu_init                    
UNDEFED   _system_post_cinit            

[199 symbols]
