******************************************************************************
                  TI ARM Linker Unix v20.2.0                   
******************************************************************************
>> Linked Sat May  2 08:29:24 2020

OUTPUT FILE NAME:   <BP_TMR_sensor_array.out>
ENTRY POINT SYMBOL: "_c_int00_noargs"  address: 00007f41


MEMORY CONFIGURATION

         name            origin    length      used     unused   attr    fill
----------------------  --------  ---------  --------  --------  ----  --------
  FLASH                 00000000   00100000  0000abaa  000f5456  R  X
  SRAM                  20000000   00040000  00006733  000398cd  RW X


SEGMENT ALLOCATION MAP

run origin  load origin   length   init length attrs members
----------  ----------- ---------- ----------- ----- -------
00000000    00000000    0000abb0   0000abb0    r-x
  00000000    00000000    00000208   00000208    r-- .intvecs
  00000208    00000208    0000812e   0000812e    r-x .text
  00008338    00008338    0000282c   0000282c    r-- .const
  0000ab68    0000ab68    00000048   00000048    r-- .cinit
20000000    20000000    000050ab   00000000    rw-
  20000000    20000000    0000026c   00000000    rw- .vtable
  20000270    20000270    00004e20   00000000    rw- .stack
  20005090    20005090    0000001b   00000000    rw- .data
20005400    20005400    0000168c   00000000    rw-
  20005400    20005400    0000168c   00000000    rw- .bss


SECTION ALLOCATION MAP

 output                                  attributes/
section   page    origin      length       input sections
--------  ----  ----------  ----------   ----------------
.intvecs   0    00000000    00000208     
                  00000000    00000208     tm4c1294ncpdt_startup_ccs.obj (.intvecs)

.text      0    00000208    0000812e     
                  00000208    00002a98     lcd_functions.obj (.text)
                  00002ca0    00000a4e     rtsv7M4_T_le_v4SPD16_eabi.lib : _printfi.c.obj (.text:__TI_printfi)
                  000036ee    00000002                                   : div0.asm.obj (.text)
                  000036f0    000009d8     functions.obj (.text)
                  000040c8    00000738     rtsv7M4_T_le_v4SPD16_eabi.lib : k_rem_pio2.c.obj (.text:__kernel_rem_pio2)
                  00004800    000005dc                                   : s_cos.c.obj (.text:cos)
                  00004ddc    000005c4                                   : s_sin.c.obj (.text:sin)
                  000053a0    000003c8     Interrupt_handler.obj (.text)
                  00005768    00000394     configuration.obj (.text)
                  00005afc    000002ec     rtsv7M4_T_le_v4SPD16_eabi.lib : s_atan.c.obj (.text:atan)
                  00005de8    00000270                                   : _printfi.c.obj (.text:_pconv_a)
                  00006058    00000200     driverlib.lib : sysctl.obj (.text:SysCtlClockFreqSet)
                  00006258    000001d0     rtsv7M4_T_le_v4SPD16_eabi.lib : _printfi.c.obj (.text:_pconv_g)
                  00006428    000001b6                                   : fd_add_t2.asm.obj (.text)
                  000065de    00000002     --HOLE-- [fill = 0]
                  000065e0    00000174                                   : k_sin.c.obj (.text:__kernel_sin)
                  00006754    00000170     main.obj (.text)
                  000068c4    0000016c     rtsv7M4_T_le_v4SPD16_eabi.lib : k_cos.c.obj (.text:__kernel_cos)
                  00006a30    00000158                                   : e_sqrt.c.obj (.text:sqrt)
                  00006b88    0000013c                                   : _printfi.c.obj (.text:_pconv_e)
                  00006cc4    00000136                                   : fd_div_t2.asm.obj (.text)
                  00006dfa    00000132     driverlib.lib : gpio.obj (.text:GPIOPadConfigSet)
                  00006f2c    00000124     rtsv7M4_T_le_v4SPD16_eabi.lib : _printfi.c.obj (.text:fcvt)
                  00007050    00000110                                   : s_scalbn.c.obj (.text:scalbn)
                  00007160    000000fc                                   : fd_mul_t2.asm.obj (.text)
                  0000725c    000000f8                                   : s_floor.c.obj (.text:floor)
                  00007354    000000b1                                   : _printfi.c.obj (.text:_ltostr)
                  00007405    00000001     --HOLE-- [fill = 0]
                  00007406    0000009c                                   : memcpy_t2.asm.obj (.text)
                  000074a2    00000096                                   : ull_div_t2.asm.obj (.text)
                  00007538    00000086                                   : fd_cmp_t2.asm.obj (.text:__aeabi_cdcmple)
                  000075be    00000086                                   : fd_cmp_t2.asm.obj (.text:__aeabi_cdrcmple)
                  00007644    0000007c     driverlib.lib : udma.obj (.text:uDMAChannelTransferSet)
                  000076c0    0000007a                   : adc.obj (.text:ADCSequenceStepConfigure)
                  0000773a    0000007a     rtsv7M4_T_le_v4SPD16_eabi.lib : memset_t2.asm.obj (.text)
                  000077b4    0000006e                                   : _printfi.c.obj (.text:_mcpy)
                  00007822    00000002     --HOLE-- [fill = 0]
                  00007824    00000068     driverlib.lib : interrupt.obj (.text:IntEnable)
                  0000788c    00000068     rtsv7M4_T_le_v4SPD16_eabi.lib : copy_decompress_lzss.c.obj (.text:decompress:lzss:__TI_decompress_lzss)
                  000078f4    00000064                                   : s_frexp.c.obj (.text:frexp)
                  00007958    00000060     driverlib.lib : timer.obj (.text:TimerConfigure)
                  000079b8    00000056     rtsv7M4_T_le_v4SPD16_eabi.lib : _printfi.c.obj (.text:_pconv_f)
                  00007a0e    00000054                                   : _ltoa.c.obj (.text:__TI_ltoa)
                  00007a62    00000052                                   : _printfi.c.obj (.text:_ecpy)
                  00007ab4    00000050     driverlib.lib : adc.obj (.text:_ADCIntNumberGet)
                  00007b04    0000004e                   : adc.obj (.text:ADCSequenceConfigure)
                  00007b52    00000002     --HOLE-- [fill = 0]
                  00007b54    0000004c                   : gpio.obj (.text:GPIOPinConfigure)
                  00007ba0    0000004c                   : timer.obj (.text:_TimerIntNumberGet)
                  00007bec    0000004c     rtsv7M4_T_le_v4SPD16_eabi.lib : atoi.c.obj (.text:atoi)
                  00007c38    00000048     driverlib.lib : sysctl.obj (.text:_SysCtlFrequencyGet)
                  00007c80    00000048     rtsv7M4_T_le_v4SPD16_eabi.lib : fd_toi_t2.asm.obj (.text)
                  00007cc8    00000048     driverlib.lib : udma.obj (.text:uDMAChannelAttributeDisable)
                  00007d10    00000046                   : uart.obj (.text:UARTConfigSetExpClk)
                  00007d56    00000002     --HOLE-- [fill = 0]
                  00007d58    00000044     rtsv7M4_T_le_v4SPD16_eabi.lib : autoinit.c.obj (.text:__TI_auto_init_nobinit_nopinit:__TI_auto_init_nobinit_nopinit)
                  00007d9c    00000044     driverlib.lib : udma.obj (.text:uDMAChannelAttributeEnable)
                  00007de0    00000040                   : uart.obj (.text:_UARTIntNumberGet)
                  00007e20    00000040     rtsv7M4_T_le_v4SPD16_eabi.lib : sprintf.c.obj (.text:sprintf)
                  00007e60    0000003e                                   : _printfi.c.obj (.text:_fcpy)
                  00007e9e    00000002     --HOLE-- [fill = 0]
                  00007ea0    00000038     driverlib.lib : sysctl.obj (.text:SysCtlPeripheralReady)
                  00007ed8    00000034                   : interrupt.obj (.text:IntRegister)
                  00007f0c    00000034                   : sysctl.obj (.text:SysCtlPeripheralEnable)
                  00007f40    00000034     rtsv7M4_T_le_v4SPD16_eabi.lib : boot_cortex_m.c.obj (.text:_c_int00_noargs:_c_int00_noargs)
                  00007f74    0000002e                                   : i_tofd_t2.asm.obj (.text)
                  00007fa2    0000002c     driverlib.lib : gpio.obj (.text:GPIODirModeSet)
                  00007fce    00000002     --HOLE-- [fill = 0]
                  00007fd0    00000024                   : interrupt.obj (.text:IntPrioritySet)
                  00007ff4    00000024                   : udma.obj (.text:uDMAChannelControlSet)
                  00008018    00000020                   : uart.obj (.text:UARTDisable)
                  00008038    00000020                   : sysctl.obj (.text:_SysCtlMemTimingGet)
                  00008058    00000020     rtsv7M4_T_le_v4SPD16_eabi.lib : u_tofd_t2.asm.obj (.text)
                  00008078    0000001e     driverlib.lib : adc.obj (.text:ADCSequenceDataGet)
                  00008096    0000001c     rtsv7M4_T_le_v4SPD16_eabi.lib : memccpy.c.obj (.text:memccpy)
                  000080b2    0000001a                                   : s_copysign.c.obj (.text:copysign)
                  000080cc    00000018     driverlib.lib : adc.obj (.text:ADCIntRegister)
                  000080e4    00000018                   : adc.obj (.text:ADCProcessorTrigger)
                  000080fc    00000018                   : gpio.obj (.text:GPIOPinTypeGPIOOutput)
                  00008114    00000018                   : timer.obj (.text:TimerIntRegister)
                  0000812c    00000018                   : uart.obj (.text:UARTIntRegister)
                  00008144    00000018     rtsv7M4_T_le_v4SPD16_eabi.lib : sprintf.c.obj (.text:_outs)
                  0000815c    00000018     driverlib.lib : udma.obj (.text:uDMAChannelEnable)
                  00008174    00000016                   : gpio.obj (.text:GPIOPinTypeUART)
                  0000818a    00000016     rtsv7M4_T_le_v4SPD16_eabi.lib : strchr.c.obj (.text:strchr)
                  000081a0    00000014     driverlib.lib : uart.obj (.text:UARTEnable)
                  000081b4    00000014     rtsv7M4_T_le_v4SPD16_eabi.lib : strlen.c.obj (.text:strlen)
                  000081c8    00000012     driverlib.lib : timer.obj (.text:TimerLoadSet)
                  000081da    00000012     rtsv7M4_T_le_v4SPD16_eabi.lib : wcslen.c.obj (.text:wcslen)
                  000081ec    00000010     driverlib.lib : adc.obj (.text:ADCIntEnable)
                  000081fc    00000010                   : interrupt.obj (.text:IntMasterDisable)
                  0000820c    00000010                   : interrupt.obj (.text:IntMasterEnable)
                  0000821c    00000010                   : udma.obj (.text:uDMAEnable)
                  0000822c    0000000e                   : adc.obj (.text:ADCHardwareOversampleConfigure)
                  0000823a    0000000e                   : adc.obj (.text:ADCSequenceEnable)
                  00008248    0000000e                   : timer.obj (.text:TimerEnable)
                  00008256    0000000e                   : uart.obj (.text:UARTCharGetNonBlocking)
                  00008264    0000000e                   : uart.obj (.text:UARTCharPutNonBlocking)
                  00008272    0000000e                   : uart.obj (.text:UARTCharsAvail)
                  00008280    0000000e     rtsv7M4_T_le_v4SPD16_eabi.lib : copy_decompress_none.c.obj (.text:decompress:none:__TI_decompress_none)
                  0000828e    0000000c     driverlib.lib : cpu.obj (.text:CPUcpsid)
                  0000829a    0000000c                   : cpu.obj (.text:CPUcpsie)
                  000082a6    0000000c     rtsv7M4_T_le_v4SPD16_eabi.lib : copy_zero_init.c.obj (.text:decompress:ZI:__TI_zero_init)
                  000082b2    0000000c     tm4c1294ncpdt_startup_ccs.obj (.text)
                  000082be    00000002     --HOLE-- [fill = 0]
                  000082c0    0000000c     driverlib.lib : udma.obj (.text:uDMAControlBaseSet)
                  000082cc    0000000a                   : adc.obj (.text:ADCIntClear)
                  000082d6    0000000a                   : uart.obj (.text:UARTFIFOEnable)
                  000082e0    0000000a                   : uart.obj (.text:UARTIntStatus)
                  000082ea    0000000a     rtsv7M4_T_le_v4SPD16_eabi.lib : sprintf.c.obj (.text:_outc)
                  000082f4    00000008     driverlib.lib : timer.obj (.text:TimerIntEnable)
                  000082fc    00000008                   : uart.obj (.text:UARTDMAEnable)
                  00008304    00000008                   : uart.obj (.text:UARTIntEnable)
                  0000830c    00000008     rtsv7M4_T_le_v4SPD16_eabi.lib : errno.c.obj (.text:__aeabi_errno_addr)
                  00008314    00000006     driverlib.lib : gpio.obj (.text:GPIOPinWrite)
                  0000831a    00000006                   : sysctl.obj (.text:SysCtlDelay)
                  00008320    00000006                   : uart.obj (.text:UARTFIFOLevelSet)
                  00008326    00000004                   : timer.obj (.text:TimerIntClear)
                  0000832a    00000004                   : uart.obj (.text:UARTIntClear)
                  0000832e    00000004     rtsv7M4_T_le_v4SPD16_eabi.lib : pre_init.c.obj (.text:_system_pre_init)
                  00008332    00000004                                   : exit.c.obj (.text:abort:abort)

.const     0    00008338    0000282c     
                  00008338    00002000     fonts.obj (.const:font_12_16)
                  0000a338    000001b0     driverlib.lib : sysctl.obj (.const:g_pppui32XTALtoVCO)
                  0000a4e8    00000158     rtsv7M4_T_le_v4SPD16_eabi.lib : k_rem_pio2.c.obj (.const:$O1$$)
                  0000a640    00000101                                   : ctype.c.obj (.const:.string:_ctypes_)
                  0000a741    00000003     --HOLE-- [fill = 0]
                  0000a744    0000009c     driverlib.lib : interrupt.obj (.const:g_pui32Regs)
                  0000a7e0    00000098     rtsv7M4_T_le_v4SPD16_eabi.lib : s_atan.c.obj (.const:$O1$$)
                  0000a878    00000090     driverlib.lib : gpio.obj (.const:g_pui32GPIOBaseAddrs)
                  0000a908    0000006c                   : sysctl.obj (.const:g_pui32Xtals)
                  0000a974    00000060                   : timer.obj (.const:g_ppui32TimerIntMap)
                  0000a9d4    00000040                   : timer.obj (.const:g_ppui32TimerIntMapSnowflake)
                  0000aa14    00000040                   : uart.obj (.const:g_ppui32UARTIntMap)
                  0000aa54    00000040                   : uart.obj (.const:g_ppui32UARTIntMapSnowflake)
                  0000aa94    00000030                   : sysctl.obj (.const:g_sXTALtoMEMTIM)
                  0000aac4    00000014                   : interrupt.obj (.const:g_pui32EnRegs)
                  0000aad8    00000008                   : sysctl.obj (.const:g_pui32VCOFrequencies)
                  0000aae0    00000004     lcd_functions.obj (.const:$P$T10$4)
                  0000aae4    00000004     Interrupt_handler.obj (.const:$P$T10$7)
                  0000aae8    00000004     lcd_functions.obj (.const:$P$T11$5)
                  0000aaec    00000004     lcd_functions.obj (.const:$P$T12$6)
                  0000aaf0    00000004     lcd_functions.obj (.const:$P$T13$7)
                  0000aaf4    00000004     lcd_functions.obj (.const:$P$T14$8)
                  0000aaf8    00000004     main.obj (.const:$P$T2$1)
                  0000aafc    00000004     lcd_functions.obj (.const:$P$T2$2)
                  0000ab00    00000004     Interrupt_handler.obj (.const:$P$T2$3)
                  0000ab04    00000004     lcd_functions.obj (.const:$P$T21$9)
                  0000ab08    00000004     lcd_functions.obj (.const:$P$T22$10)
                  0000ab0c    00000004     lcd_functions.obj (.const:$P$T23$11)
                  0000ab10    00000004     lcd_functions.obj (.const:$P$T24$12)
                  0000ab14    00000004     lcd_functions.obj (.const:$P$T25$13)
                  0000ab18    00000004     lcd_functions.obj (.const:$P$T26$14)
                  0000ab1c    00000004     lcd_functions.obj (.const:$P$T29$15)
                  0000ab20    00000004     lcd_functions.obj (.const:$P$T30$16)
                  0000ab24    00000004     lcd_functions.obj (.const:$P$T33$17)
                  0000ab28    00000004     lcd_functions.obj (.const:$P$T34$18)
                  0000ab2c    00000004     lcd_functions.obj (.const:$P$T37$19)
                  0000ab30    00000004     lcd_functions.obj (.const:$P$T38$20)
                  0000ab34    00000004     Interrupt_handler.obj (.const:$P$T4$4)
                  0000ab38    00000004     lcd_functions.obj (.const:$P$T41$21)
                  0000ab3c    00000004     lcd_functions.obj (.const:$P$T42$22)
                  0000ab40    00000004     lcd_functions.obj (.const:$P$T45$23)
                  0000ab44    00000004     lcd_functions.obj (.const:$P$T46$24)
                  0000ab48    00000004     lcd_functions.obj (.const:$P$T48$25)
                  0000ab4c    00000004     lcd_functions.obj (.const:$P$T52$26)
                  0000ab50    00000004     lcd_functions.obj (.const:$P$T53$27)
                  0000ab54    00000004     lcd_functions.obj (.const:$P$T54$28)
                  0000ab58    00000004     Interrupt_handler.obj (.const:$P$T6$5)
                  0000ab5c    00000004     lcd_functions.obj (.const:$P$T9$3)
                  0000ab60    00000004     Interrupt_handler.obj (.const:$P$T9$6)

.cinit     0    0000ab68    00000048     
                  0000ab68    00000013     (.cinit..data.load) [load image, compression = lzss]
                  0000ab7b    00000001     --HOLE-- [fill = 0]
                  0000ab7c    0000000c     (__TI_handler_table)
                  0000ab88    00000008     (.cinit..bss.load) [load image, compression = zero_init]
                  0000ab90    00000008     (.cinit..vtable.load) [load image, compression = zero_init]
                  0000ab98    00000018     (__TI_cinit_table)

.init_array 
*          0    00000000    00000000     UNINITIALIZED

.vtable    0    20000000    0000026c     UNINITIALIZED
                  20000000    0000026c     driverlib.lib : interrupt.obj (.vtable)

.data      0    20005090    0000001b     UNINITIALIZED
                  20005090    00000009     Interrupt_handler.obj (.data:stepperMotorCommand$2)
                  20005099    00000001     --HOLE--
                  2000509a    00000006     Interrupt_handler.obj (.data)
                  200050a0    00000004     Interrupt_handler.obj (.data:backColor)
                  200050a4    00000004     rtsv7M4_T_le_v4SPD16_eabi.lib : errno.c.obj (.data)
                  200050a8    00000003     lcd_functions.obj (.data)

.bss       0    20005400    0000168c     UNINITIALIZED
                  20005400    00000c00     (.common:color)
                  20006000    00000400     (.common:pui8ControlTable)
                  20006400    00000100     (.common:CosResults)
                  20006500    00000100     (.common:DiffResults)
                  20006600    00000100     (.common:SinResults)
                  20006700    00000080     (.common:CosOffset)
                  20006780    00000080     (.common:DiffCosResults)
                  20006800    00000080     (.common:DiffSinResults)
                  20006880    00000080     (.common:SinOffset)
                  20006900    00000080     (.common:oldDiffCosResults)
                  20006980    00000080     (.common:oldDiffSinResults)
                  20006a00    00000080     (.common:v_length)
                  20006a80    00000008     (.common:UART0receive)
                  20006a88    00000004     (.common:maximumAnalogValue)

.stack     0    20000270    00004e20     UNINITIALIZED
                  20000270    00000004     rtsv7M4_T_le_v4SPD16_eabi.lib : boot_cortex_m.c.obj (.stack)
                  20000274    00004e1c     --HOLE--

__llvm_prf_cnts 
*          0    20000000    00000000     UNINITIALIZED

MODULE SUMMARY

       Module                          code    ro data   rw data
       ------                          ----    -------   -------
    ./
       lcd_functions.obj               10904   108       3331   
       fonts.obj                       0       8192      0      
       functions.obj                   2520    0         1408   
       configuration.obj               916     0         1024   
       Interrupt_handler.obj           968     20        31     
       tm4c1294ncpdt_startup_ccs.obj   12      520       0      
       main.obj                        368     4         0      
    +--+-------------------------------+-------+---------+---------+
       Total:                          15688   8844      5794   
                                                                
    /home/ole/CodeComposerStudio10/TivaWare_C_Series-2.1.4.178/driverlib/ccs/Debug/driverlib.lib
       sysctl.obj                      730     596       0      
       interrupt.obj                   224     176       620    
       gpio.obj                        478     144       0      
       uart.obj                        298     128       0      
       adc.obj                         412     0         0      
       timer.obj                       240     160       0      
       udma.obj                        352     0         0      
       cpu.obj                         24      0         0      
    +--+-------------------------------+-------+---------+---------+
       Total:                          2758    1204      620    
                                                                
    /home/ole/CodeComposerStudio10/ccs/tools/compiler/ti-cgt-arm_20.2.0.LTS/lib/rtsv7M4_T_le_v4SPD16_eabi.lib
       _printfi.c.obj                  4851    0         0      
       k_rem_pio2.c.obj                1848    344       0      
       s_cos.c.obj                     1500    0         0      
       s_sin.c.obj                     1476    0         0      
       s_atan.c.obj                    748     152       0      
       fd_add_t2.asm.obj               438     0         0      
       k_sin.c.obj                     372     0         0      
       k_cos.c.obj                     364     0         0      
       e_sqrt.c.obj                    344     0         0      
       fd_div_t2.asm.obj               310     0         0      
       s_scalbn.c.obj                  272     0         0      
       fd_cmp_t2.asm.obj               268     0         0      
       ctype.c.obj                     0       257       0      
       fd_mul_t2.asm.obj               252     0         0      
       s_floor.c.obj                   248     0         0      
       memcpy_t2.asm.obj               156     0         0      
       ull_div_t2.asm.obj              150     0         0      
       memset_t2.asm.obj               122     0         0      
       copy_decompress_lzss.c.obj      104     0         0      
       s_frexp.c.obj                   100     0         0      
       sprintf.c.obj                   98      0         0      
       _ltoa.c.obj                     84      0         0      
       atoi.c.obj                      76      0         0      
       fd_toi_t2.asm.obj               72      0         0      
       autoinit.c.obj                  68      0         0      
       boot_cortex_m.c.obj             52      0         0      
       i_tofd_t2.asm.obj               46      0         0      
       u_tofd_t2.asm.obj               32      0         0      
       memccpy.c.obj                   28      0         0      
       s_copysign.c.obj                26      0         0      
       strchr.c.obj                    22      0         0      
       strlen.c.obj                    20      0         0      
       wcslen.c.obj                    18      0         0      
       copy_decompress_none.c.obj      14      0         0      
       copy_zero_init.c.obj            12      0         0      
       errno.c.obj                     8       0         4      
       exit.c.obj                      4       0         0      
       pre_init.c.obj                  4       0         0      
       div0.asm.obj                    2       0         0      
    +--+-------------------------------+-------+---------+---------+
       Total:                          14609   753       4      
                                                                
       Stack:                          0       0         20000  
       Linker Generated:               0       71        0      
    +--+-------------------------------+-------+---------+---------+
       Grand Total:                    33055   10872     26418  


LINKER GENERATED COPY TABLES

__TI_cinit_table @ 0000ab98 records: 3, size/record: 8, table size: 24
	.data: load addr=0000ab68, load size=00000013 bytes, run addr=20005090, run size=0000001b bytes, compression=lzss
	.bss: load addr=0000ab88, load size=00000008 bytes, run addr=20005400, run size=0000168c bytes, compression=zero_init
	.vtable: load addr=0000ab90, load size=00000008 bytes, run addr=20000000, run size=0000026c bytes, compression=zero_init


LINKER GENERATED HANDLER TABLE

__TI_handler_table @ 0000ab7c records: 3, size/record: 4, table size: 12
	index: 0, handler: __TI_zero_init
	index: 1, handler: __TI_decompress_lzss
	index: 2, handler: __TI_decompress_none


GLOBAL SYMBOLS: SORTED ALPHABETICALLY BY Name 

address   name                          
-------   ----                          
000053dd  ADC0IntHandler                
0000822d  ADCHardwareOversampleConfigure
000082cd  ADCIntClear                   
000081ed  ADCIntEnable                  
000080cd  ADCIntRegister                
000080e5  ADCProcessorTrigger           
00007b05  ADCSequenceConfigure          
00008079  ADCSequenceDataGet            
0000823b  ADCSequenceEnable             
000076c1  ADCSequenceStepConfigure      
00008333  C$$EXIT                       
0000828f  CPUcpsid                      
0000829b  CPUcpsie                      
00005769  ConfigureADC                  
000059df  ConfigureGPIO                 
00002865  ConfigureLCD5Inch             
00002a79  ConfigureLCD7Inch             
00005a43  ConfigureTimer0               
000058c1  ConfigureUART0                
0000597f  ConfigureUART2                
00005a8f  ConfigureUDMA                 
20006700  CosOffset                     
20006400  CosResults                    
20006780  DiffCosResults                
20006500  DiffResults                   
20006800  DiffSinResults                
00007fa3  GPIODirModeSet                
00006dfb  GPIOPadConfigSet              
00007b55  GPIOPinConfigure              
000080fd  GPIOPinTypeGPIOOutput         
00008175  GPIOPinTypeUART               
00008315  GPIOPinWrite                  
00007825  IntEnable                     
000081fd  IntMasterDisable              
0000820d  IntMasterEnable               
00007fd1  IntPrioritySet                
00007ed9  IntRegister                   
000036f1  ReadArray                     
000082b3  ResetISR                      
20006880  SinOffset                     
20006600  SinResults                    
00006059  SysCtlClockFreqSet            
0000831b  SysCtlDelay                   
00007f0d  SysCtlPeripheralEnable        
00007ea1  SysCtlPeripheralReady         
000053a1  Timer0IntHandler              
00007959  TimerConfigure                
00008249  TimerEnable                   
00008327  TimerIntClear                 
000082f5  TimerIntEnable                
00008115  TimerIntRegister              
000081c9  TimerLoadSet                  
00005477  UART0IntHandler               
20006a80  UART0receive                  
00005665  UART2IntHandler               
00008257  UARTCharGetNonBlocking        
00008265  UARTCharPutNonBlocking        
00008273  UARTCharsAvail                
00007d11  UARTConfigSetExpClk           
000082fd  UARTDMAEnable                 
00008019  UARTDisable                   
000081a1  UARTEnable                    
000082d7  UARTFIFOEnable                
00008321  UARTFIFOLevelSet              
0000832b  UARTIntClear                  
00008305  UARTIntEnable                 
0000812d  UARTIntRegister               
000082e1  UARTIntStatus                 
20005090  __STACK_END                   
00004e20  __STACK_SIZE                  
20000470  __STACK_TOP                   
0000ab98  __TI_CINIT_Base               
0000abb0  __TI_CINIT_Limit              
0000ab7c  __TI_Handler_Table_Base       
0000ab88  __TI_Handler_Table_Limit      
00007d59  __TI_auto_init_nobinit_nopinit
0000788d  __TI_decompress_lzss          
00008281  __TI_decompress_none          
00007a0f  __TI_ltoa                     
ffffffff  __TI_pprof_out_hndl           
00002ca1  __TI_printfi                  
ffffffff  __TI_prof_data_size           
ffffffff  __TI_prof_data_start          
00000000  __TI_static_base__            
000082a7  __TI_zero_init                
00007539  __aeabi_cdcmpeq               
00007539  __aeabi_cdcmple               
000075bf  __aeabi_cdrcmple              
00007c81  __aeabi_d2iz                  
00006433  __aeabi_dadd                  
00006cc5  __aeabi_ddiv                  
00007161  __aeabi_dmul                  
00006429  __aeabi_dsub                  
0000830d  __aeabi_errno_addr            
00007f75  __aeabi_i2d                   
000036ef  __aeabi_idiv0                 
000036ef  __aeabi_ldiv0                 
0000773b  __aeabi_memclr                
0000773b  __aeabi_memclr4               
0000773b  __aeabi_memclr8               
00007407  __aeabi_memcpy                
00007407  __aeabi_memcpy4               
00007407  __aeabi_memcpy8               
0000773d  __aeabi_memset                
0000773d  __aeabi_memset4               
0000773d  __aeabi_memset8               
00008059  __aeabi_ui2d                  
000074a3  __aeabi_uldivmod              
ffffffff  __binit__                     
ffffffff  __c_args__                    
000068c5  __kernel_cos                  
000040c9  __kernel_rem_pio2             
000065e1  __kernel_sin                  
UNDEFED   __mpu_init                    
20000270  __stack                       
20000000  __start___llvm_prf_cnts       
20000000  __stop___llvm_prf_cnts        
00007f41  _c_int00_noargs               
0000a640  _ctypes_                      
UNDEFED   _system_post_cinit            
0000832f  _system_pre_init              
00008333  abort                         
00005afd  atan                          
00005afd  atanl                         
00007bed  atoi                          
200050a0  backColor                     
ffffffff  binit                         
20005400  color                         
00003cc9  compute_absolute              
00003979  compute_relative              
000080b3  copysign                      
000080b3  copysignl                     
00004801  cos                           
00004801  cosl                          
00000875  drawDisplay5Inch              
00000aa1  drawDisplay7Inch              
200050a4  errno                         
0000725d  floor                         
0000725d  floorl                        
00008338  font_12_16                    
000078f5  frexp                         
000078f5  frexpl                        
20000000  g_pfnRAMVectors               
00000000  g_pfnVectors                  
00000429  generate_colors               
00007051  ldexp                         
00007051  ldexpl                        
00006755  main                          
2000509c  maxArrowSize                  
20006a88  maximumAnalogValue            
00008097  memccpy                       
00007407  memcpy                        
00007743  memset                        
200050a8  offset                        
20006900  oldDiffCosResults             
20006980  oldDiffSinResults             
2000509b  oversampling                  
00000579  print_string                  
20006000  pui8ControlTable              
2000509a  relative                      
00007051  scalbn                        
00007051  scalbnl                       
000003c7  screen_show_nr                
000003f7  screen_write_nr               
00004ddd  sin                           
00004ddd  sinl                          
00007e21  sprintf                       
00006a31  sqrt                          
00006a31  sqrtl                         
0000818b  strchr                        
000081b5  strlen                        
00007cc9  uDMAChannelAttributeDisable   
00007d9d  uDMAChannelAttributeEnable    
00007ff5  uDMAChannelControlSet         
0000815d  uDMAChannelEnable             
00007645  uDMAChannelTransferSet        
000082c1  uDMAControlBaseSet            
0000821d  uDMAEnable                    
20006a00  v_length                      
000081db  wcslen                        
00000209  write_Infos                   
000006b1  write_char                    
00000ced  write_cmd_data                
00000cc9  write_command                 
00000d1d  write_data                    
00000e15  write_line                    
00002109  write_line_0_degree           
000021b1  write_line_180_degree         
00002205  write_line_270_degree         
0000215d  write_line_90_degree          
00002259  write_line_quadrant_1_I       
0000232d  write_line_quadrant_1_II      
000023e7  write_line_quadrant_2_I       
000024a1  write_line_quadrant_2_II      
0000256d  write_line_quadrant_3_I       
00002627  write_line_quadrant_3_II      
000026e1  write_line_quadrant_4_I       
0000279b  write_line_quadrant_4_II      
00000d63  write_position                
0000076d  write_screen_color5INCH       
000007f1  write_screen_color7INCH       


GLOBAL SYMBOLS: SORTED BY Symbol Address 

address   name                          
-------   ----                          
00000000  __TI_static_base__            
00000000  g_pfnVectors                  
00000209  write_Infos                   
000003c7  screen_show_nr                
000003f7  screen_write_nr               
00000429  generate_colors               
00000579  print_string                  
000006b1  write_char                    
0000076d  write_screen_color5INCH       
000007f1  write_screen_color7INCH       
00000875  drawDisplay5Inch              
00000aa1  drawDisplay7Inch              
00000cc9  write_command                 
00000ced  write_cmd_data                
00000d1d  write_data                    
00000d63  write_position                
00000e15  write_line                    
00002109  write_line_0_degree           
0000215d  write_line_90_degree          
000021b1  write_line_180_degree         
00002205  write_line_270_degree         
00002259  write_line_quadrant_1_I       
0000232d  write_line_quadrant_1_II      
000023e7  write_line_quadrant_2_I       
000024a1  write_line_quadrant_2_II      
0000256d  write_line_quadrant_3_I       
00002627  write_line_quadrant_3_II      
000026e1  write_line_quadrant_4_I       
0000279b  write_line_quadrant_4_II      
00002865  ConfigureLCD5Inch             
00002a79  ConfigureLCD7Inch             
00002ca1  __TI_printfi                  
000036ef  __aeabi_idiv0                 
000036ef  __aeabi_ldiv0                 
000036f1  ReadArray                     
00003979  compute_relative              
00003cc9  compute_absolute              
000040c9  __kernel_rem_pio2             
00004801  cos                           
00004801  cosl                          
00004ddd  sin                           
00004ddd  sinl                          
00004e20  __STACK_SIZE                  
000053a1  Timer0IntHandler              
000053dd  ADC0IntHandler                
00005477  UART0IntHandler               
00005665  UART2IntHandler               
00005769  ConfigureADC                  
000058c1  ConfigureUART0                
0000597f  ConfigureUART2                
000059df  ConfigureGPIO                 
00005a43  ConfigureTimer0               
00005a8f  ConfigureUDMA                 
00005afd  atan                          
00005afd  atanl                         
00006059  SysCtlClockFreqSet            
00006429  __aeabi_dsub                  
00006433  __aeabi_dadd                  
000065e1  __kernel_sin                  
00006755  main                          
000068c5  __kernel_cos                  
00006a31  sqrt                          
00006a31  sqrtl                         
00006cc5  __aeabi_ddiv                  
00006dfb  GPIOPadConfigSet              
00007051  ldexp                         
00007051  ldexpl                        
00007051  scalbn                        
00007051  scalbnl                       
00007161  __aeabi_dmul                  
0000725d  floor                         
0000725d  floorl                        
00007407  __aeabi_memcpy                
00007407  __aeabi_memcpy4               
00007407  __aeabi_memcpy8               
00007407  memcpy                        
000074a3  __aeabi_uldivmod              
00007539  __aeabi_cdcmpeq               
00007539  __aeabi_cdcmple               
000075bf  __aeabi_cdrcmple              
00007645  uDMAChannelTransferSet        
000076c1  ADCSequenceStepConfigure      
0000773b  __aeabi_memclr                
0000773b  __aeabi_memclr4               
0000773b  __aeabi_memclr8               
0000773d  __aeabi_memset                
0000773d  __aeabi_memset4               
0000773d  __aeabi_memset8               
00007743  memset                        
00007825  IntEnable                     
0000788d  __TI_decompress_lzss          
000078f5  frexp                         
000078f5  frexpl                        
00007959  TimerConfigure                
00007a0f  __TI_ltoa                     
00007b05  ADCSequenceConfigure          
00007b55  GPIOPinConfigure              
00007bed  atoi                          
00007c81  __aeabi_d2iz                  
00007cc9  uDMAChannelAttributeDisable   
00007d11  UARTConfigSetExpClk           
00007d59  __TI_auto_init_nobinit_nopinit
00007d9d  uDMAChannelAttributeEnable    
00007e21  sprintf                       
00007ea1  SysCtlPeripheralReady         
00007ed9  IntRegister                   
00007f0d  SysCtlPeripheralEnable        
00007f41  _c_int00_noargs               
00007f75  __aeabi_i2d                   
00007fa3  GPIODirModeSet                
00007fd1  IntPrioritySet                
00007ff5  uDMAChannelControlSet         
00008019  UARTDisable                   
00008059  __aeabi_ui2d                  
00008079  ADCSequenceDataGet            
00008097  memccpy                       
000080b3  copysign                      
000080b3  copysignl                     
000080cd  ADCIntRegister                
000080e5  ADCProcessorTrigger           
000080fd  GPIOPinTypeGPIOOutput         
00008115  TimerIntRegister              
0000812d  UARTIntRegister               
0000815d  uDMAChannelEnable             
00008175  GPIOPinTypeUART               
0000818b  strchr                        
000081a1  UARTEnable                    
000081b5  strlen                        
000081c9  TimerLoadSet                  
000081db  wcslen                        
000081ed  ADCIntEnable                  
000081fd  IntMasterDisable              
0000820d  IntMasterEnable               
0000821d  uDMAEnable                    
0000822d  ADCHardwareOversampleConfigure
0000823b  ADCSequenceEnable             
00008249  TimerEnable                   
00008257  UARTCharGetNonBlocking        
00008265  UARTCharPutNonBlocking        
00008273  UARTCharsAvail                
00008281  __TI_decompress_none          
0000828f  CPUcpsid                      
0000829b  CPUcpsie                      
000082a7  __TI_zero_init                
000082b3  ResetISR                      
000082c1  uDMAControlBaseSet            
000082cd  ADCIntClear                   
000082d7  UARTFIFOEnable                
000082e1  UARTIntStatus                 
000082f5  TimerIntEnable                
000082fd  UARTDMAEnable                 
00008305  UARTIntEnable                 
0000830d  __aeabi_errno_addr            
00008315  GPIOPinWrite                  
0000831b  SysCtlDelay                   
00008321  UARTFIFOLevelSet              
00008327  TimerIntClear                 
0000832b  UARTIntClear                  
0000832f  _system_pre_init              
00008333  C$$EXIT                       
00008333  abort                         
00008338  font_12_16                    
0000a640  _ctypes_                      
0000ab7c  __TI_Handler_Table_Base       
0000ab88  __TI_Handler_Table_Limit      
0000ab98  __TI_CINIT_Base               
0000abb0  __TI_CINIT_Limit              
20000000  __start___llvm_prf_cnts       
20000000  __stop___llvm_prf_cnts        
20000000  g_pfnRAMVectors               
20000270  __stack                       
20000470  __STACK_TOP                   
20005090  __STACK_END                   
2000509a  relative                      
2000509b  oversampling                  
2000509c  maxArrowSize                  
200050a0  backColor                     
200050a4  errno                         
200050a8  offset                        
20005400  color                         
20006000  pui8ControlTable              
20006400  CosResults                    
20006500  DiffResults                   
20006600  SinResults                    
20006700  CosOffset                     
20006780  DiffCosResults                
20006800  DiffSinResults                
20006880  SinOffset                     
20006900  oldDiffCosResults             
20006980  oldDiffSinResults             
20006a00  v_length                      
20006a80  UART0receive                  
20006a88  maximumAnalogValue            
ffffffff  __TI_pprof_out_hndl           
ffffffff  __TI_prof_data_size           
ffffffff  __TI_prof_data_start          
ffffffff  __binit__                     
ffffffff  __c_args__                    
ffffffff  binit                         
UNDEFED   __mpu_init                    
UNDEFED   _system_post_cinit            

[201 symbols]
