******************************************************************************
                  TI ARM Linker Unix v20.2.0                   
******************************************************************************
>> Linked Sun May 24 14:23:50 2020

OUTPUT FILE NAME:   <BP_TMR_sensor_array.out>
ENTRY POINT SYMBOL: "_c_int00_noargs"  address: 00007dad


MEMORY CONFIGURATION

         name            origin    length      used     unused   attr    fill
----------------------  --------  ---------  --------  --------  ----  --------
  FLASH                 00000000   00100000  0000a9ea  000f5616  R  X
  SRAM                  20000000   00040000  00006738  000398c8  RW X


SEGMENT ALLOCATION MAP

run origin  load origin   length   init length attrs members
----------  ----------- ---------- ----------- ----- -------
00000000    00000000    0000a9f0   0000a9f0    r-x
  00000000    00000000    00000208   00000208    r-- .intvecs
  00000208    00000208    00007fa6   00007fa6    r-x .text
  000081b0    000081b0    000027f4   000027f4    r-- .const
  0000a9a8    0000a9a8    00000048   00000048    r-- .cinit
20000000    20000000    000050ab   00000000    rw-
  20000000    20000000    0000026c   00000000    rw- .vtable
  20000270    20000270    00004e20   00000000    rw- .stack
  20005090    20005090    0000001b   00000000    rw- .data
20005400    20005400    00001691   00000000    rw-
  20005400    20005400    00001691   00000000    rw- .bss


SECTION ALLOCATION MAP

 output                                  attributes/
section   page    origin      length       input sections
--------  ----  ----------  ----------   ----------------
.intvecs   0    00000000    00000208     
                  00000000    00000208     tm4c1294ncpdt_startup_ccs.obj (.intvecs)

.text      0    00000208    00007fa6     
                  00000208    00002b64     lcd_functions.obj (.text)
                  00002d6c    00000a4e     rtsv7M4_T_le_v4SPD16_eabi.lib : _printfi.c.obj (.text:__TI_printfi)
                  000037ba    00000002                                   : div0.asm.obj (.text)
                  000037bc    0000093c     adc_functions.obj (.text)
                  000040f8    00000738     rtsv7M4_T_le_v4SPD16_eabi.lib : k_rem_pio2.c.obj (.text:__kernel_rem_pio2)
                  00004830    000005dc                                   : s_cos.c.obj (.text:cos)
                  00004e0c    000005c4                                   : s_sin.c.obj (.text:sin)
                  000053d0    00000344     uartDMA.obj (.text)
                  00005714    000002ec     rtsv7M4_T_le_v4SPD16_eabi.lib : s_atan.c.obj (.text:atan)
                  00005a00    00000270                                   : _printfi.c.obj (.text:_pconv_a)
                  00005c70    00000200     driverlib.lib : sysctl.obj (.text:SysCtlClockFreqSet)
                  00005e70    000001d8     rtsv7M4_T_le_v4SPD16_eabi.lib : e_atan2.c.obj (.text:atan2)
                  00006048    000001d0                                   : _printfi.c.obj (.text:_pconv_g)
                  00006218    000001b6                                   : fd_add_t2.asm.obj (.text)
                  000063ce    00000002     --HOLE-- [fill = 0]
                  000063d0    00000188     main.obj (.text)
                  00006558    00000174     rtsv7M4_T_le_v4SPD16_eabi.lib : k_sin.c.obj (.text:__kernel_sin)
                  000066cc    0000016c                                   : k_cos.c.obj (.text:__kernel_cos)
                  00006838    00000158                                   : e_sqrt.c.obj (.text:sqrt)
                  00006990    0000013c                                   : _printfi.c.obj (.text:_pconv_e)
                  00006acc    00000136                                   : fd_div_t2.asm.obj (.text)
                  00006c02    00000132     driverlib.lib : gpio.obj (.text:GPIOPadConfigSet)
                  00006d34    00000124     rtsv7M4_T_le_v4SPD16_eabi.lib : _printfi.c.obj (.text:fcvt)
                  00006e58    00000110                                   : s_scalbn.c.obj (.text:scalbn)
                  00006f68    000000fc                                   : fd_mul_t2.asm.obj (.text)
                  00007064    000000f8                                   : s_floor.c.obj (.text:floor)
                  0000715c    000000b1                                   : _printfi.c.obj (.text:_ltostr)
                  0000720d    00000001     --HOLE-- [fill = 0]
                  0000720e    0000009c                                   : memcpy_t2.asm.obj (.text)
                  000072aa    00000096                                   : ull_div_t2.asm.obj (.text)
                  00007340    00000086                                   : fd_cmp_t2.asm.obj (.text:__aeabi_cdcmple)
                  000073c6    00000086                                   : fd_cmp_t2.asm.obj (.text:__aeabi_cdrcmple)
                  0000744c    0000007c     driverlib.lib : udma.obj (.text:uDMAChannelTransferSet)
                  000074c8    0000007a                   : adc.obj (.text:ADCSequenceStepConfigure)
                  00007542    0000007a     rtsv7M4_T_le_v4SPD16_eabi.lib : memset_t2.asm.obj (.text)
                  000075bc    0000006e                                   : _printfi.c.obj (.text:_mcpy)
                  0000762a    00000002     --HOLE-- [fill = 0]
                  0000762c    00000068     driverlib.lib : interrupt.obj (.text:IntEnable)
                  00007694    00000068     rtsv7M4_T_le_v4SPD16_eabi.lib : copy_decompress_lzss.c.obj (.text:decompress:lzss:__TI_decompress_lzss)
                  000076fc    00000064                                   : s_frexp.c.obj (.text:frexp)
                  00007760    00000064     timer_functions.obj (.text)
                  000077c4    00000060     driverlib.lib : timer.obj (.text:TimerConfigure)
                  00007824    00000056     rtsv7M4_T_le_v4SPD16_eabi.lib : _printfi.c.obj (.text:_pconv_f)
                  0000787a    00000054                                   : _ltoa.c.obj (.text:__TI_ltoa)
                  000078ce    00000052                                   : _printfi.c.obj (.text:_ecpy)
                  00007920    00000050     driverlib.lib : adc.obj (.text:_ADCIntNumberGet)
                  00007970    0000004e                   : adc.obj (.text:ADCSequenceConfigure)
                  000079be    00000002     --HOLE-- [fill = 0]
                  000079c0    0000004c                   : gpio.obj (.text:GPIOPinConfigure)
                  00007a0c    0000004c                   : timer.obj (.text:_TimerIntNumberGet)
                  00007a58    0000004c     rtsv7M4_T_le_v4SPD16_eabi.lib : atoi.c.obj (.text:atoi)
                  00007aa4    00000048     driverlib.lib : sysctl.obj (.text:_SysCtlFrequencyGet)
                  00007aec    00000048     rtsv7M4_T_le_v4SPD16_eabi.lib : fd_toi_t2.asm.obj (.text)
                  00007b34    00000048     driverlib.lib : udma.obj (.text:uDMAChannelAttributeDisable)
                  00007b7c    00000046                   : uart.obj (.text:UARTConfigSetExpClk)
                  00007bc2    00000002     --HOLE-- [fill = 0]
                  00007bc4    00000044     rtsv7M4_T_le_v4SPD16_eabi.lib : autoinit.c.obj (.text:__TI_auto_init_nobinit_nopinit:__TI_auto_init_nobinit_nopinit)
                  00007c08    00000044     driverlib.lib : udma.obj (.text:uDMAChannelAttributeEnable)
                  00007c4c    00000040                   : uart.obj (.text:_UARTIntNumberGet)
                  00007c8c    00000040     rtsv7M4_T_le_v4SPD16_eabi.lib : sprintf.c.obj (.text:sprintf)
                  00007ccc    0000003e                                   : _printfi.c.obj (.text:_fcpy)
                  00007d0a    00000002     --HOLE-- [fill = 0]
                  00007d0c    00000038     driverlib.lib : sysctl.obj (.text:SysCtlPeripheralReady)
                  00007d44    00000034                   : interrupt.obj (.text:IntRegister)
                  00007d78    00000034                   : sysctl.obj (.text:SysCtlPeripheralEnable)
                  00007dac    00000034     rtsv7M4_T_le_v4SPD16_eabi.lib : boot_cortex_m.c.obj (.text:_c_int00_noargs:_c_int00_noargs)
                  00007de0    0000002e                                   : i_tofd_t2.asm.obj (.text)
                  00007e0e    0000002c     driverlib.lib : gpio.obj (.text:GPIODirModeSet)
                  00007e3a    00000002     --HOLE-- [fill = 0]
                  00007e3c    0000002c                   : udma.obj (.text:uDMAChannelAssign)
                  00007e68    00000024                   : interrupt.obj (.text:IntPrioritySet)
                  00007e8c    00000024                   : udma.obj (.text:uDMAChannelControlSet)
                  00007eb0    00000020                   : uart.obj (.text:UARTDisable)
                  00007ed0    00000020                   : sysctl.obj (.text:_SysCtlMemTimingGet)
                  00007ef0    0000001e                   : adc.obj (.text:ADCSequenceDataGet)
                  00007f0e    0000001c     rtsv7M4_T_le_v4SPD16_eabi.lib : memccpy.c.obj (.text:memccpy)
                  00007f2a    0000001a                                   : s_copysign.c.obj (.text:copysign)
                  00007f44    00000018     driverlib.lib : adc.obj (.text:ADCIntRegister)
                  00007f5c    00000018                   : adc.obj (.text:ADCProcessorTrigger)
                  00007f74    00000018                   : gpio.obj (.text:GPIOPinTypeGPIOOutput)
                  00007f8c    00000018                   : timer.obj (.text:TimerIntRegister)
                  00007fa4    00000018                   : uart.obj (.text:UARTIntRegister)
                  00007fbc    00000018     rtsv7M4_T_le_v4SPD16_eabi.lib : sprintf.c.obj (.text:_outs)
                  00007fd4    00000018     driverlib.lib : udma.obj (.text:uDMAChannelEnable)
                  00007fec    00000016                   : gpio.obj (.text:GPIOPinTypeUART)
                  00008002    00000016     rtsv7M4_T_le_v4SPD16_eabi.lib : strchr.c.obj (.text:strchr)
                  00008018    00000014     driverlib.lib : uart.obj (.text:UARTEnable)
                  0000802c    00000014     rtsv7M4_T_le_v4SPD16_eabi.lib : strlen.c.obj (.text:strlen)
                  00008040    00000012     driverlib.lib : timer.obj (.text:TimerLoadSet)
                  00008052    00000012     rtsv7M4_T_le_v4SPD16_eabi.lib : wcslen.c.obj (.text:wcslen)
                  00008064    00000010     driverlib.lib : adc.obj (.text:ADCIntEnable)
                  00008074    00000010                   : interrupt.obj (.text:IntMasterDisable)
                  00008084    00000010                   : interrupt.obj (.text:IntMasterEnable)
                  00008094    00000010                   : udma.obj (.text:uDMAEnable)
                  000080a4    0000000e                   : adc.obj (.text:ADCHardwareOversampleConfigure)
                  000080b2    0000000e                   : adc.obj (.text:ADCSequenceEnable)
                  000080c0    0000000e                   : timer.obj (.text:TimerEnable)
                  000080ce    0000000e                   : uart.obj (.text:UARTCharGetNonBlocking)
                  000080dc    0000000e                   : uart.obj (.text:UARTCharPutNonBlocking)
                  000080ea    0000000e                   : uart.obj (.text:UARTCharsAvail)
                  000080f8    0000000e     rtsv7M4_T_le_v4SPD16_eabi.lib : copy_decompress_none.c.obj (.text:decompress:none:__TI_decompress_none)
                  00008106    0000000c     driverlib.lib : cpu.obj (.text:CPUcpsid)
                  00008112    0000000c                   : cpu.obj (.text:CPUcpsie)
                  0000811e    0000000c     rtsv7M4_T_le_v4SPD16_eabi.lib : copy_zero_init.c.obj (.text:decompress:ZI:__TI_zero_init)
                  0000812a    0000000c     tm4c1294ncpdt_startup_ccs.obj (.text)
                  00008136    00000002     --HOLE-- [fill = 0]
                  00008138    0000000c     driverlib.lib : udma.obj (.text:uDMAControlBaseSet)
                  00008144    0000000a                   : adc.obj (.text:ADCIntClear)
                  0000814e    0000000a                   : uart.obj (.text:UARTFIFOEnable)
                  00008158    0000000a                   : uart.obj (.text:UARTIntStatus)
                  00008162    0000000a     rtsv7M4_T_le_v4SPD16_eabi.lib : sprintf.c.obj (.text:_outc)
                  0000816c    00000008     driverlib.lib : timer.obj (.text:TimerIntEnable)
                  00008174    00000008                   : uart.obj (.text:UARTDMAEnable)
                  0000817c    00000008                   : uart.obj (.text:UARTIntEnable)
                  00008184    00000008     rtsv7M4_T_le_v4SPD16_eabi.lib : errno.c.obj (.text:__aeabi_errno_addr)
                  0000818c    00000006     driverlib.lib : gpio.obj (.text:GPIOPinWrite)
                  00008192    00000006                   : sysctl.obj (.text:SysCtlDelay)
                  00008198    00000006                   : uart.obj (.text:UARTFIFOLevelSet)
                  0000819e    00000004                   : timer.obj (.text:TimerIntClear)
                  000081a2    00000004                   : uart.obj (.text:UARTIntClear)
                  000081a6    00000004     rtsv7M4_T_le_v4SPD16_eabi.lib : pre_init.c.obj (.text:_system_pre_init)
                  000081aa    00000004                                   : exit.c.obj (.text:abort:abort)

.const     0    000081b0    000027f4     
                  000081b0    00002000     lcd_functions.obj (.const:font_12_16)
                  0000a1b0    000001b0     driverlib.lib : sysctl.obj (.const:g_pppui32XTALtoVCO)
                  0000a360    00000158     rtsv7M4_T_le_v4SPD16_eabi.lib : k_rem_pio2.c.obj (.const:$O1$$)
                  0000a4b8    00000101                                   : ctype.c.obj (.const:.string:_ctypes_)
                  0000a5b9    00000003     --HOLE-- [fill = 0]
                  0000a5bc    0000009c     driverlib.lib : interrupt.obj (.const:g_pui32Regs)
                  0000a658    00000098     rtsv7M4_T_le_v4SPD16_eabi.lib : s_atan.c.obj (.const:$O1$$)
                  0000a6f0    00000090     driverlib.lib : gpio.obj (.const:g_pui32GPIOBaseAddrs)
                  0000a780    0000006c                   : sysctl.obj (.const:g_pui32Xtals)
                  0000a7ec    00000060                   : timer.obj (.const:g_ppui32TimerIntMap)
                  0000a84c    00000040                   : timer.obj (.const:g_ppui32TimerIntMapSnowflake)
                  0000a88c    00000040                   : uart.obj (.const:g_ppui32UARTIntMap)
                  0000a8cc    00000040                   : uart.obj (.const:g_ppui32UARTIntMapSnowflake)
                  0000a90c    00000030                   : sysctl.obj (.const:g_sXTALtoMEMTIM)
                  0000a93c    00000014                   : interrupt.obj (.const:g_pui32EnRegs)
                  0000a950    00000008                   : sysctl.obj (.const:g_pui32VCOFrequencies)
                  0000a958    00000004     lcd_functions.obj (.const:$P$T10$5)
                  0000a95c    00000004     lcd_functions.obj (.const:$P$T11$6)
                  0000a960    00000004     lcd_functions.obj (.const:$P$T12$7)
                  0000a964    00000004     lcd_functions.obj (.const:$P$T14$8)
                  0000a968    00000004     lcd_functions.obj (.const:$P$T16$9)
                  0000a96c    00000004     lcd_functions.obj (.const:$P$T18$10)
                  0000a970    00000004     lcd_functions.obj (.const:$P$T23$11)
                  0000a974    00000004     lcd_functions.obj (.const:$P$T24$12)
                  0000a978    00000004     lcd_functions.obj (.const:$P$T25$13)
                  0000a97c    00000004     lcd_functions.obj (.const:$P$T26$14)
                  0000a980    00000004     lcd_functions.obj (.const:$P$T29$15)
                  0000a984    00000004     lcd_functions.obj (.const:$P$T30$16)
                  0000a988    00000004     lcd_functions.obj (.const:$P$T32$17)
                  0000a98c    00000004     lcd_functions.obj (.const:$P$T36$18)
                  0000a990    00000004     lcd_functions.obj (.const:$P$T37$19)
                  0000a994    00000004     lcd_functions.obj (.const:$P$T38$20)
                  0000a998    00000004     lcd_functions.obj (.const:$P$T4$2)
                  0000a99c    00000004     lcd_functions.obj (.const:$P$T5$3)
                  0000a9a0    00000004     lcd_functions.obj (.const:$P$T6$4)

.cinit     0    0000a9a8    00000048     
                  0000a9a8    00000013     (.cinit..data.load) [load image, compression = lzss]
                  0000a9bb    00000001     --HOLE-- [fill = 0]
                  0000a9bc    0000000c     (__TI_handler_table)
                  0000a9c8    00000008     (.cinit..bss.load) [load image, compression = zero_init]
                  0000a9d0    00000008     (.cinit..vtable.load) [load image, compression = zero_init]
                  0000a9d8    00000018     (__TI_cinit_table)

.init_array 
*          0    00000000    00000000     UNINITIALIZED

.vtable    0    20000000    0000026c     UNINITIALIZED
                  20000000    0000026c     driverlib.lib : interrupt.obj (.vtable)

.data      0    20005090    0000001b     UNINITIALIZED
                  20005090    00000009     uartDMA.obj (.data:stepperMotorCommand$1)
                  20005099    00000001     --HOLE--
                  2000509a    00000006     main.obj (.data)
                  200050a0    00000004     main.obj (.data:backColor)
                  200050a4    00000004     rtsv7M4_T_le_v4SPD16_eabi.lib : errno.c.obj (.data)
                  200050a8    00000003     lcd_functions.obj (.data)

.bss       0    20005400    00001691     UNINITIALIZED
                  20005400    00000c00     lcd_functions.obj (.bss:color)
                  20006000    00000400     (.common:pui8ControlTable)
                  20006400    00000100     adc_functions.obj (.bss:CosResults)
                  20006500    00000100     adc_functions.obj (.bss:SinResults)
                  20006600    00000100     (.common:DiffResults)
                  20006700    00000080     (.common:CosOffset)
                  20006780    00000080     (.common:DiffCosResults)
                  20006800    00000080     (.common:DiffSinResults)
                  20006880    00000080     (.common:SinOffset)
                  20006900    00000080     (.common:arrowLength)
                  20006980    00000080     (.common:oldDiffCosResults)
                  20006a00    00000080     (.common:oldDiffSinResults)
                  20006a80    00000008     uartDMA.obj (.bss:UART0receive)
                  20006a88    00000008     main.obj (.bss)
                  20006a90    00000001     (.common:commandFromTouch)

.stack     0    20000270    00004e20     UNINITIALIZED
                  20000270    00000004     rtsv7M4_T_le_v4SPD16_eabi.lib : boot_cortex_m.c.obj (.stack)
                  20000274    00004e1c     --HOLE--

__llvm_prf_cnts 
*          0    20000000    00000000     UNINITIALIZED

MODULE SUMMARY

       Module                          code    ro data   rw data
       ------                          ----    -------   -------
    ./
       lcd_functions.obj               11108   8268      3331   
       adc_functions.obj               2364    0         1408   
       uartDMA.obj                     836     0         1041   
       tm4c1294ncpdt_startup_ccs.obj   12      520       0      
       main.obj                        392     0         19     
       timer_functions.obj             100     0         0      
    +--+-------------------------------+-------+---------+---------+
       Total:                          14812   8788      5799   
                                                                
    /home/ole/CodeComposerStudio10/TivaWare_C_Series-2.1.4.178/driverlib/ccs/Debug/driverlib.lib
       sysctl.obj                      730     596       0      
       interrupt.obj                   224     176       620    
       gpio.obj                        478     144       0      
       uart.obj                        298     128       0      
       adc.obj                         412     0         0      
       timer.obj                       240     160       0      
       udma.obj                        396     0         0      
       cpu.obj                         24      0         0      
    +--+-------------------------------+-------+---------+---------+
       Total:                          2802    1204      620    
                                                                
    /home/ole/CodeComposerStudio10/ccs/tools/compiler/ti-cgt-arm_20.2.0.LTS/lib/rtsv7M4_T_le_v4SPD16_eabi.lib
       _printfi.c.obj                  4851    0         0      
       k_rem_pio2.c.obj                1848    344       0      
       s_cos.c.obj                     1500    0         0      
       s_sin.c.obj                     1476    0         0      
       s_atan.c.obj                    748     152       0      
       e_atan2.c.obj                   472     0         0      
       fd_add_t2.asm.obj               438     0         0      
       k_sin.c.obj                     372     0         0      
       k_cos.c.obj                     364     0         0      
       e_sqrt.c.obj                    344     0         0      
       fd_div_t2.asm.obj               310     0         0      
       s_scalbn.c.obj                  272     0         0      
       fd_cmp_t2.asm.obj               268     0         0      
       ctype.c.obj                     0       257       0      
       fd_mul_t2.asm.obj               252     0         0      
       s_floor.c.obj                   248     0         0      
       memcpy_t2.asm.obj               156     0         0      
       ull_div_t2.asm.obj              150     0         0      
       memset_t2.asm.obj               122     0         0      
       copy_decompress_lzss.c.obj      104     0         0      
       s_frexp.c.obj                   100     0         0      
       sprintf.c.obj                   98      0         0      
       _ltoa.c.obj                     84      0         0      
       atoi.c.obj                      76      0         0      
       fd_toi_t2.asm.obj               72      0         0      
       autoinit.c.obj                  68      0         0      
       boot_cortex_m.c.obj             52      0         0      
       i_tofd_t2.asm.obj               46      0         0      
       memccpy.c.obj                   28      0         0      
       s_copysign.c.obj                26      0         0      
       strchr.c.obj                    22      0         0      
       strlen.c.obj                    20      0         0      
       wcslen.c.obj                    18      0         0      
       copy_decompress_none.c.obj      14      0         0      
       copy_zero_init.c.obj            12      0         0      
       errno.c.obj                     8       0         4      
       exit.c.obj                      4       0         0      
       pre_init.c.obj                  4       0         0      
       div0.asm.obj                    2       0         0      
    +--+-------------------------------+-------+---------+---------+
       Total:                          15049   753       4      
                                                                
       Stack:                          0       0         20000  
       Linker Generated:               0       71        0      
    +--+-------------------------------+-------+---------+---------+
       Grand Total:                    32663   10816     26423  


LINKER GENERATED COPY TABLES

__TI_cinit_table @ 0000a9d8 records: 3, size/record: 8, table size: 24
	.data: load addr=0000a9a8, load size=00000013 bytes, run addr=20005090, run size=0000001b bytes, compression=lzss
	.bss: load addr=0000a9c8, load size=00000008 bytes, run addr=20005400, run size=00001691 bytes, compression=zero_init
	.vtable: load addr=0000a9d0, load size=00000008 bytes, run addr=20000000, run size=0000026c bytes, compression=zero_init


LINKER GENERATED HANDLER TABLE

__TI_handler_table @ 0000a9bc records: 3, size/record: 4, table size: 12
	index: 0, handler: __TI_zero_init
	index: 1, handler: __TI_decompress_lzss
	index: 2, handler: __TI_decompress_none


GLOBAL SYMBOLS: SORTED ALPHABETICALLY BY Name 

address   name                          
-------   ----                          
0000644f  ADC1IntHandler                
000080a5  ADCHardwareOversampleConfigure
00008145  ADCIntClear                   
00008065  ADCIntEnable                  
00007f45  ADCIntRegister                
00007f5d  ADCProcessorTrigger           
00007971  ADCSequenceConfigure          
00007ef1  ADCSequenceDataGet            
000080b3  ADCSequenceEnable             
000074c9  ADCSequenceStepConfigure      
000081ab  C$$EXIT                       
00008107  CPUcpsid                      
00008113  CPUcpsie                      
00003f85  ConfigureADC                  
00002d45  ConfigureGPIO                 
000028d9  ConfigureLCD5Inch             
00002ac3  ConfigureLCD7Inch             
0000776d  ConfigureTimer0               
000055ed  ConfigureUART0                
00005669  ConfigureUART2                
20006700  CosOffset                     
20006780  DiffCosResults                
20006600  DiffResults                   
20006800  DiffSinResults                
00007e0f  GPIODirModeSet                
00006c03  GPIOPadConfigSet              
000079c1  GPIOPinConfigure              
00007f75  GPIOPinTypeGPIOOutput         
00007fed  GPIOPinTypeUART               
0000818d  GPIOPinWrite                  
0000762d  IntEnable                     
00008075  IntMasterDisable              
00008085  IntMasterEnable               
00007e69  IntPrioritySet                
00007d45  IntRegister                   
0000812b  ResetISR                      
20006880  SinOffset                     
00005c71  SysCtlClockFreqSet            
00008193  SysCtlDelay                   
00007d79  SysCtlPeripheralEnable        
00007d0d  SysCtlPeripheralReady         
00006413  Timer0IntHandler              
000077c5  TimerConfigure                
000080c1  TimerEnable                   
0000819f  TimerIntClear                 
0000816d  TimerIntEnable                
00007f8d  TimerIntRegister              
00008041  TimerLoadSet                  
000053d1  UART0ClearInterrupt           
000064c3  UART0IntHandler               
000054e5  UART2IntHandler               
000080cf  UARTCharGetNonBlocking        
000080dd  UARTCharPutNonBlocking        
000080eb  UARTCharsAvail                
00007b7d  UARTConfigSetExpClk           
00008175  UARTDMAEnable                 
00007eb1  UARTDisable                   
00008019  UARTEnable                    
0000814f  UARTFIFOEnable                
00008199  UARTFIFOLevelSet              
000053df  UARTGetIntStatus              
000081a3  UARTIntClear                  
0000817d  UARTIntEnable                 
00007fa5  UARTIntRegister               
00008159  UARTIntStatus                 
20005090  __STACK_END                   
00004e20  __STACK_SIZE                  
20000470  __STACK_TOP                   
0000a9d8  __TI_CINIT_Base               
0000a9f0  __TI_CINIT_Limit              
0000a9bc  __TI_Handler_Table_Base       
0000a9c8  __TI_Handler_Table_Limit      
00007bc5  __TI_auto_init_nobinit_nopinit
00007695  __TI_decompress_lzss          
000080f9  __TI_decompress_none          
0000787b  __TI_ltoa                     
ffffffff  __TI_pprof_out_hndl           
00002d6d  __TI_printfi                  
ffffffff  __TI_prof_data_size           
ffffffff  __TI_prof_data_start          
00000000  __TI_static_base__            
0000811f  __TI_zero_init                
00007341  __aeabi_cdcmpeq               
00007341  __aeabi_cdcmple               
000073c7  __aeabi_cdrcmple              
00007aed  __aeabi_d2iz                  
00006223  __aeabi_dadd                  
00006acd  __aeabi_ddiv                  
00006f69  __aeabi_dmul                  
00006219  __aeabi_dsub                  
00008185  __aeabi_errno_addr            
00007de1  __aeabi_i2d                   
000037bb  __aeabi_idiv0                 
000037bb  __aeabi_ldiv0                 
00007543  __aeabi_memclr                
00007543  __aeabi_memclr4               
00007543  __aeabi_memclr8               
0000720f  __aeabi_memcpy                
0000720f  __aeabi_memcpy4               
0000720f  __aeabi_memcpy8               
00007545  __aeabi_memset                
00007545  __aeabi_memset4               
00007545  __aeabi_memset8               
000072ab  __aeabi_uldivmod              
ffffffff  __binit__                     
ffffffff  __c_args__                    
000066cd  __kernel_cos                  
000040f9  __kernel_rem_pio2             
00006559  __kernel_sin                  
UNDEFED   __mpu_init                    
20000270  __stack                       
20000000  __start___llvm_prf_cnts       
20000000  __stop___llvm_prf_cnts        
00007dad  _c_int00_noargs               
0000a4b8  _ctypes_                      
UNDEFED   _system_post_cinit            
000081a7  _system_pre_init              
000081ab  abort                         
000037d9  adcIntClear                   
20006900  arrowLength                   
00005715  atan                          
00005e71  atan2                         
00005e71  atan2l                        
00005715  atanl                         
00007a59  atoi                          
ffffffff  binit                         
20006a90  commandFromTouch              
00003a9d  computeArrows                 
00005583  configureUartUDMA             
00007f2b  copysign                      
00007f2b  copysignl                     
00004831  cos                           
00004831  cosl                          
00000841  drawDisplay5Inch              
00000a61  drawDisplay7Inch              
200050a4  errno                         
00007065  floor                         
00007065  floorl                        
000076fd  frexp                         
000076fd  frexpl                        
20000000  g_pfnRAMVectors               
00000000  g_pfnVectors                  
0000038f  generateColors                
000037e5  getADCHardwareAveraging       
00005409  getMaxArrowLength             
000053ef  getRelativeAbsoluteSetting    
000053eb  getUART0RxData                
00006e59  ldexp                         
00006e59  ldexpl                        
000063d1  main                          
00007f0f  memccpy                       
0000720f  memcpy                        
0000754b  memset                        
200050a8  offset                        
20006980  oldDiffCosResults             
20006a00  oldDiffSinResults             
00005429  prepareNextReceiveDMA         
000004b9  printString                   
20006000  pui8ControlTable              
0000037f  readTouchscreen               
00005507  receiveDataFromMotor          
00006e59  scalbn                        
00006e59  scalbnl                       
0000545f  sendCommandToMotor            
00005443  sendUARTDMA                   
00004e0d  sin                           
00004e0d  sinl                          
00007c8d  sprintf                       
00006839  sqrt                          
00006839  sqrtl                         
000037bd  startAdcConversion            
00003815  storeArraySensorData          
00008003  strchr                        
0000802d  strlen                        
00007761  timer0IntClear                
00007e3d  uDMAChannelAssign             
00007b35  uDMAChannelAttributeDisable   
00007c09  uDMAChannelAttributeEnable    
00007e8d  uDMAChannelControlSet         
00007fd5  uDMAChannelEnable             
0000744d  uDMAChannelTransferSet        
00008139  uDMAControlBaseSet            
00008095  uDMAEnable                    
00008053  wcslen                        
000005d5  writeChar                     
00000cad  writeCmdData                  
00000c8d  writeCommand                  
00000cdd  writeData                     
00000209  writeInfos                    
00000dd5  writeLine                     
0000211d  writeLine0Degree              
000021c5  writeLine180Degree            
00002219  writeLine270Degree            
00002171  writeLine90Degree             
00002275  writeLineQuadrant1_I          
0000234d  writeLineQuadrant1_II         
00002413  writeLineQuadrant2_I          
000024d9  writeLineQuadrant2_II         
000025b1  writeLineQuadrant3_I          
00002677  writeLineQuadrant3_II         
0000273d  writeLineQuadrant4_I          
00002803  writeLineQuadrant4_II         
00000d23  writePosition                 
0000073d  writeRecangle                 
000006b7  writeScreenColor5INCH         
000007bf  writeScreenColor7INCH         


GLOBAL SYMBOLS: SORTED BY Symbol Address 

address   name                          
-------   ----                          
00000000  __TI_static_base__            
00000000  g_pfnVectors                  
00000209  writeInfos                    
0000037f  readTouchscreen               
0000038f  generateColors                
000004b9  printString                   
000005d5  writeChar                     
000006b7  writeScreenColor5INCH         
0000073d  writeRecangle                 
000007bf  writeScreenColor7INCH         
00000841  drawDisplay5Inch              
00000a61  drawDisplay7Inch              
00000c8d  writeCommand                  
00000cad  writeCmdData                  
00000cdd  writeData                     
00000d23  writePosition                 
00000dd5  writeLine                     
0000211d  writeLine0Degree              
00002171  writeLine90Degree             
000021c5  writeLine180Degree            
00002219  writeLine270Degree            
00002275  writeLineQuadrant1_I          
0000234d  writeLineQuadrant1_II         
00002413  writeLineQuadrant2_I          
000024d9  writeLineQuadrant2_II         
000025b1  writeLineQuadrant3_I          
00002677  writeLineQuadrant3_II         
0000273d  writeLineQuadrant4_I          
00002803  writeLineQuadrant4_II         
000028d9  ConfigureLCD5Inch             
00002ac3  ConfigureLCD7Inch             
00002d45  ConfigureGPIO                 
00002d6d  __TI_printfi                  
000037bb  __aeabi_idiv0                 
000037bb  __aeabi_ldiv0                 
000037bd  startAdcConversion            
000037d9  adcIntClear                   
000037e5  getADCHardwareAveraging       
00003815  storeArraySensorData          
00003a9d  computeArrows                 
00003f85  ConfigureADC                  
000040f9  __kernel_rem_pio2             
00004831  cos                           
00004831  cosl                          
00004e0d  sin                           
00004e0d  sinl                          
00004e20  __STACK_SIZE                  
000053d1  UART0ClearInterrupt           
000053df  UARTGetIntStatus              
000053eb  getUART0RxData                
000053ef  getRelativeAbsoluteSetting    
00005409  getMaxArrowLength             
00005429  prepareNextReceiveDMA         
00005443  sendUARTDMA                   
0000545f  sendCommandToMotor            
000054e5  UART2IntHandler               
00005507  receiveDataFromMotor          
00005583  configureUartUDMA             
000055ed  ConfigureUART0                
00005669  ConfigureUART2                
00005715  atan                          
00005715  atanl                         
00005c71  SysCtlClockFreqSet            
00005e71  atan2                         
00005e71  atan2l                        
00006219  __aeabi_dsub                  
00006223  __aeabi_dadd                  
000063d1  main                          
00006413  Timer0IntHandler              
0000644f  ADC1IntHandler                
000064c3  UART0IntHandler               
00006559  __kernel_sin                  
000066cd  __kernel_cos                  
00006839  sqrt                          
00006839  sqrtl                         
00006acd  __aeabi_ddiv                  
00006c03  GPIOPadConfigSet              
00006e59  ldexp                         
00006e59  ldexpl                        
00006e59  scalbn                        
00006e59  scalbnl                       
00006f69  __aeabi_dmul                  
00007065  floor                         
00007065  floorl                        
0000720f  __aeabi_memcpy                
0000720f  __aeabi_memcpy4               
0000720f  __aeabi_memcpy8               
0000720f  memcpy                        
000072ab  __aeabi_uldivmod              
00007341  __aeabi_cdcmpeq               
00007341  __aeabi_cdcmple               
000073c7  __aeabi_cdrcmple              
0000744d  uDMAChannelTransferSet        
000074c9  ADCSequenceStepConfigure      
00007543  __aeabi_memclr                
00007543  __aeabi_memclr4               
00007543  __aeabi_memclr8               
00007545  __aeabi_memset                
00007545  __aeabi_memset4               
00007545  __aeabi_memset8               
0000754b  memset                        
0000762d  IntEnable                     
00007695  __TI_decompress_lzss          
000076fd  frexp                         
000076fd  frexpl                        
00007761  timer0IntClear                
0000776d  ConfigureTimer0               
000077c5  TimerConfigure                
0000787b  __TI_ltoa                     
00007971  ADCSequenceConfigure          
000079c1  GPIOPinConfigure              
00007a59  atoi                          
00007aed  __aeabi_d2iz                  
00007b35  uDMAChannelAttributeDisable   
00007b7d  UARTConfigSetExpClk           
00007bc5  __TI_auto_init_nobinit_nopinit
00007c09  uDMAChannelAttributeEnable    
00007c8d  sprintf                       
00007d0d  SysCtlPeripheralReady         
00007d45  IntRegister                   
00007d79  SysCtlPeripheralEnable        
00007dad  _c_int00_noargs               
00007de1  __aeabi_i2d                   
00007e0f  GPIODirModeSet                
00007e3d  uDMAChannelAssign             
00007e69  IntPrioritySet                
00007e8d  uDMAChannelControlSet         
00007eb1  UARTDisable                   
00007ef1  ADCSequenceDataGet            
00007f0f  memccpy                       
00007f2b  copysign                      
00007f2b  copysignl                     
00007f45  ADCIntRegister                
00007f5d  ADCProcessorTrigger           
00007f75  GPIOPinTypeGPIOOutput         
00007f8d  TimerIntRegister              
00007fa5  UARTIntRegister               
00007fd5  uDMAChannelEnable             
00007fed  GPIOPinTypeUART               
00008003  strchr                        
00008019  UARTEnable                    
0000802d  strlen                        
00008041  TimerLoadSet                  
00008053  wcslen                        
00008065  ADCIntEnable                  
00008075  IntMasterDisable              
00008085  IntMasterEnable               
00008095  uDMAEnable                    
000080a5  ADCHardwareOversampleConfigure
000080b3  ADCSequenceEnable             
000080c1  TimerEnable                   
000080cf  UARTCharGetNonBlocking        
000080dd  UARTCharPutNonBlocking        
000080eb  UARTCharsAvail                
000080f9  __TI_decompress_none          
00008107  CPUcpsid                      
00008113  CPUcpsie                      
0000811f  __TI_zero_init                
0000812b  ResetISR                      
00008139  uDMAControlBaseSet            
00008145  ADCIntClear                   
0000814f  UARTFIFOEnable                
00008159  UARTIntStatus                 
0000816d  TimerIntEnable                
00008175  UARTDMAEnable                 
0000817d  UARTIntEnable                 
00008185  __aeabi_errno_addr            
0000818d  GPIOPinWrite                  
00008193  SysCtlDelay                   
00008199  UARTFIFOLevelSet              
0000819f  TimerIntClear                 
000081a3  UARTIntClear                  
000081a7  _system_pre_init              
000081ab  C$$EXIT                       
000081ab  abort                         
0000a4b8  _ctypes_                      
0000a9bc  __TI_Handler_Table_Base       
0000a9c8  __TI_Handler_Table_Limit      
0000a9d8  __TI_CINIT_Base               
0000a9f0  __TI_CINIT_Limit              
20000000  __start___llvm_prf_cnts       
20000000  __stop___llvm_prf_cnts        
20000000  g_pfnRAMVectors               
20000270  __stack                       
20000470  __STACK_TOP                   
20005090  __STACK_END                   
200050a4  errno                         
200050a8  offset                        
20006000  pui8ControlTable              
20006600  DiffResults                   
20006700  CosOffset                     
20006780  DiffCosResults                
20006800  DiffSinResults                
20006880  SinOffset                     
20006900  arrowLength                   
20006980  oldDiffCosResults             
20006a00  oldDiffSinResults             
20006a90  commandFromTouch              
ffffffff  __TI_pprof_out_hndl           
ffffffff  __TI_prof_data_size           
ffffffff  __TI_prof_data_start          
ffffffff  __binit__                     
ffffffff  __c_args__                    
ffffffff  binit                         
UNDEFED   __mpu_init                    
UNDEFED   _system_post_cinit            

[206 symbols]
