<?xml version="1.0" encoding="ISO-8859-1" ?>
<link_info>
   <banner>TI ARM Linker Unix v20.2.0.LTS</banner>
   <copyright>Copyright (c) 1996-2018 Texas Instruments Incorporated</copyright>
   <link_time>0x5eca6756</link_time>
   <link_errors>0x0</link_errors>
   <output_file>BP_TMR_sensor_array.out</output_file>
   <entry_point>
      <name>_c_int00_noargs</name>
      <address>0x7dad</address>
   </entry_point>
   <input_file_list>
      <input_file id="fl-1">
         <path>./</path>
         <kind>object</kind>
         <file>adc_functions.obj</file>
         <name>adc_functions.obj</name>
      </input_file>
      <input_file id="fl-2">
         <path>./</path>
         <kind>object</kind>
         <file>lcd_functions.obj</file>
         <name>lcd_functions.obj</name>
      </input_file>
      <input_file id="fl-3">
         <path>./</path>
         <kind>object</kind>
         <file>main.obj</file>
         <name>main.obj</name>
      </input_file>
      <input_file id="fl-4">
         <path>./</path>
         <kind>object</kind>
         <file>timer_functions.obj</file>
         <name>timer_functions.obj</name>
      </input_file>
      <input_file id="fl-5">
         <path>./</path>
         <kind>object</kind>
         <file>tm4c1294ncpdt_startup_ccs.obj</file>
         <name>tm4c1294ncpdt_startup_ccs.obj</name>
      </input_file>
      <input_file id="fl-6">
         <path>./</path>
         <kind>object</kind>
         <file>touch.obj</file>
         <name>touch.obj</name>
      </input_file>
      <input_file id="fl-7">
         <path>./</path>
         <kind>object</kind>
         <file>uartDMA.obj</file>
         <name>uartDMA.obj</name>
      </input_file>
      <input_file id="fl-c">
         <kind>object</kind>
         <file>&lt;internal&gt;</file>
         <name>&lt;internal&gt;</name>
      </input_file>
      <input_file id="fl-c2">
         <path>/home/ole/CodeComposerStudio10/ccs/tools/compiler/ti-cgt-arm_20.2.0.LTS/lib/</path>
         <kind>archive</kind>
         <file>rtsv7M4_T_le_v4SPD16_eabi.lib</file>
         <name>e_atan2.c.obj</name>
      </input_file>
      <input_file id="fl-c3">
         <path>/home/ole/CodeComposerStudio10/ccs/tools/compiler/ti-cgt-arm_20.2.0.LTS/lib/</path>
         <kind>archive</kind>
         <file>rtsv7M4_T_le_v4SPD16_eabi.lib</file>
         <name>e_sqrt.c.obj</name>
      </input_file>
      <input_file id="fl-c4">
         <path>/home/ole/CodeComposerStudio10/ccs/tools/compiler/ti-cgt-arm_20.2.0.LTS/lib/</path>
         <kind>archive</kind>
         <file>rtsv7M4_T_le_v4SPD16_eabi.lib</file>
         <name>s_atan.c.obj</name>
      </input_file>
      <input_file id="fl-c5">
         <path>/home/ole/CodeComposerStudio10/ccs/tools/compiler/ti-cgt-arm_20.2.0.LTS/lib/</path>
         <kind>archive</kind>
         <file>rtsv7M4_T_le_v4SPD16_eabi.lib</file>
         <name>s_cos.c.obj</name>
      </input_file>
      <input_file id="fl-c6">
         <path>/home/ole/CodeComposerStudio10/ccs/tools/compiler/ti-cgt-arm_20.2.0.LTS/lib/</path>
         <kind>archive</kind>
         <file>rtsv7M4_T_le_v4SPD16_eabi.lib</file>
         <name>s_sin.c.obj</name>
      </input_file>
      <input_file id="fl-c7">
         <path>/home/ole/CodeComposerStudio10/ccs/tools/compiler/ti-cgt-arm_20.2.0.LTS/lib/</path>
         <kind>archive</kind>
         <file>rtsv7M4_T_le_v4SPD16_eabi.lib</file>
         <name>sprintf.c.obj</name>
      </input_file>
      <input_file id="fl-c8">
         <path>/home/ole/CodeComposerStudio10/ccs/tools/compiler/ti-cgt-arm_20.2.0.LTS/lib/</path>
         <kind>archive</kind>
         <file>rtsv7M4_T_le_v4SPD16_eabi.lib</file>
         <name>fd_add_t2.asm.obj</name>
      </input_file>
      <input_file id="fl-c9">
         <path>/home/ole/CodeComposerStudio10/ccs/tools/compiler/ti-cgt-arm_20.2.0.LTS/lib/</path>
         <kind>archive</kind>
         <file>rtsv7M4_T_le_v4SPD16_eabi.lib</file>
         <name>fd_cmp_t2.asm.obj</name>
      </input_file>
      <input_file id="fl-ca">
         <path>/home/ole/CodeComposerStudio10/ccs/tools/compiler/ti-cgt-arm_20.2.0.LTS/lib/</path>
         <kind>archive</kind>
         <file>rtsv7M4_T_le_v4SPD16_eabi.lib</file>
         <name>fd_div_t2.asm.obj</name>
      </input_file>
      <input_file id="fl-cb">
         <path>/home/ole/CodeComposerStudio10/ccs/tools/compiler/ti-cgt-arm_20.2.0.LTS/lib/</path>
         <kind>archive</kind>
         <file>rtsv7M4_T_le_v4SPD16_eabi.lib</file>
         <name>fd_mul_t2.asm.obj</name>
      </input_file>
      <input_file id="fl-cc">
         <path>/home/ole/CodeComposerStudio10/ccs/tools/compiler/ti-cgt-arm_20.2.0.LTS/lib/</path>
         <kind>archive</kind>
         <file>rtsv7M4_T_le_v4SPD16_eabi.lib</file>
         <name>fd_toi_t2.asm.obj</name>
      </input_file>
      <input_file id="fl-cd">
         <path>/home/ole/CodeComposerStudio10/ccs/tools/compiler/ti-cgt-arm_20.2.0.LTS/lib/</path>
         <kind>archive</kind>
         <file>rtsv7M4_T_le_v4SPD16_eabi.lib</file>
         <name>i_tofd_t2.asm.obj</name>
      </input_file>
      <input_file id="fl-ce">
         <path>/home/ole/CodeComposerStudio10/ccs/tools/compiler/ti-cgt-arm_20.2.0.LTS/lib/</path>
         <kind>archive</kind>
         <file>rtsv7M4_T_le_v4SPD16_eabi.lib</file>
         <name>memcpy_t2.asm.obj</name>
      </input_file>
      <input_file id="fl-cf">
         <path>/home/ole/CodeComposerStudio10/ccs/tools/compiler/ti-cgt-arm_20.2.0.LTS/lib/</path>
         <kind>archive</kind>
         <file>rtsv7M4_T_le_v4SPD16_eabi.lib</file>
         <name>copy_zero_init.c.obj</name>
      </input_file>
      <input_file id="fl-d0">
         <path>/home/ole/CodeComposerStudio10/ccs/tools/compiler/ti-cgt-arm_20.2.0.LTS/lib/</path>
         <kind>archive</kind>
         <file>rtsv7M4_T_le_v4SPD16_eabi.lib</file>
         <name>copy_decompress_none.c.obj</name>
      </input_file>
      <input_file id="fl-d1">
         <path>/home/ole/CodeComposerStudio10/ccs/tools/compiler/ti-cgt-arm_20.2.0.LTS/lib/</path>
         <kind>archive</kind>
         <file>rtsv7M4_T_le_v4SPD16_eabi.lib</file>
         <name>copy_decompress_lzss.c.obj</name>
      </input_file>
      <input_file id="fl-d2">
         <path>/home/ole/CodeComposerStudio10/ccs/tools/compiler/ti-cgt-arm_20.2.0.LTS/lib/</path>
         <kind>archive</kind>
         <file>rtsv7M4_T_le_v4SPD16_eabi.lib</file>
         <name>strlen.c.obj</name>
      </input_file>
      <input_file id="fl-d3">
         <path>/home/ole/CodeComposerStudio10/ccs/tools/compiler/ti-cgt-arm_20.2.0.LTS/lib/</path>
         <kind>archive</kind>
         <file>rtsv7M4_T_le_v4SPD16_eabi.lib</file>
         <name>k_rem_pio2.c.obj</name>
      </input_file>
      <input_file id="fl-d4">
         <path>/home/ole/CodeComposerStudio10/ccs/tools/compiler/ti-cgt-arm_20.2.0.LTS/lib/</path>
         <kind>archive</kind>
         <file>rtsv7M4_T_le_v4SPD16_eabi.lib</file>
         <name>errno.c.obj</name>
      </input_file>
      <input_file id="fl-d5">
         <path>/home/ole/CodeComposerStudio10/ccs/tools/compiler/ti-cgt-arm_20.2.0.LTS/lib/</path>
         <kind>archive</kind>
         <file>rtsv7M4_T_le_v4SPD16_eabi.lib</file>
         <name>boot_cortex_m.c.obj</name>
      </input_file>
      <input_file id="fl-d6">
         <path>/home/ole/CodeComposerStudio10/ccs/tools/compiler/ti-cgt-arm_20.2.0.LTS/lib/</path>
         <kind>archive</kind>
         <file>rtsv7M4_T_le_v4SPD16_eabi.lib</file>
         <name>k_cos.c.obj</name>
      </input_file>
      <input_file id="fl-d7">
         <path>/home/ole/CodeComposerStudio10/ccs/tools/compiler/ti-cgt-arm_20.2.0.LTS/lib/</path>
         <kind>archive</kind>
         <file>rtsv7M4_T_le_v4SPD16_eabi.lib</file>
         <name>k_sin.c.obj</name>
      </input_file>
      <input_file id="fl-d8">
         <path>/home/ole/CodeComposerStudio10/ccs/tools/compiler/ti-cgt-arm_20.2.0.LTS/lib/</path>
         <kind>archive</kind>
         <file>rtsv7M4_T_le_v4SPD16_eabi.lib</file>
         <name>s_floor.c.obj</name>
      </input_file>
      <input_file id="fl-d9">
         <path>/home/ole/CodeComposerStudio10/ccs/tools/compiler/ti-cgt-arm_20.2.0.LTS/lib/</path>
         <kind>archive</kind>
         <file>rtsv7M4_T_le_v4SPD16_eabi.lib</file>
         <name>s_scalbn.c.obj</name>
      </input_file>
      <input_file id="fl-da">
         <path>/home/ole/CodeComposerStudio10/ccs/tools/compiler/ti-cgt-arm_20.2.0.LTS/lib/</path>
         <kind>archive</kind>
         <file>rtsv7M4_T_le_v4SPD16_eabi.lib</file>
         <name>s_copysign.c.obj</name>
      </input_file>
      <input_file id="fl-db">
         <path>/home/ole/CodeComposerStudio10/ccs/tools/compiler/ti-cgt-arm_20.2.0.LTS/lib/</path>
         <kind>archive</kind>
         <file>rtsv7M4_T_le_v4SPD16_eabi.lib</file>
         <name>_printfi.c.obj</name>
      </input_file>
      <input_file id="fl-dc">
         <path>/home/ole/CodeComposerStudio10/ccs/tools/compiler/ti-cgt-arm_20.2.0.LTS/lib/</path>
         <kind>archive</kind>
         <file>rtsv7M4_T_le_v4SPD16_eabi.lib</file>
         <name>memset_t2.asm.obj</name>
      </input_file>
      <input_file id="fl-dd">
         <path>/home/ole/CodeComposerStudio10/ccs/tools/compiler/ti-cgt-arm_20.2.0.LTS/lib/</path>
         <kind>archive</kind>
         <file>rtsv7M4_T_le_v4SPD16_eabi.lib</file>
         <name>ull_div_t2.asm.obj</name>
      </input_file>
      <input_file id="fl-de">
         <path>/home/ole/CodeComposerStudio10/ccs/tools/compiler/ti-cgt-arm_20.2.0.LTS/lib/</path>
         <kind>archive</kind>
         <file>rtsv7M4_T_le_v4SPD16_eabi.lib</file>
         <name>autoinit.c.obj</name>
      </input_file>
      <input_file id="fl-df">
         <path>/home/ole/CodeComposerStudio10/ccs/tools/compiler/ti-cgt-arm_20.2.0.LTS/lib/</path>
         <kind>archive</kind>
         <file>rtsv7M4_T_le_v4SPD16_eabi.lib</file>
         <name>pre_init.c.obj</name>
      </input_file>
      <input_file id="fl-e0">
         <path>/home/ole/CodeComposerStudio10/ccs/tools/compiler/ti-cgt-arm_20.2.0.LTS/lib/</path>
         <kind>archive</kind>
         <file>rtsv7M4_T_le_v4SPD16_eabi.lib</file>
         <name>cpy_tbl.c.obj</name>
      </input_file>
      <input_file id="fl-e1">
         <path>/home/ole/CodeComposerStudio10/ccs/tools/compiler/ti-cgt-arm_20.2.0.LTS/lib/</path>
         <kind>archive</kind>
         <file>rtsv7M4_T_le_v4SPD16_eabi.lib</file>
         <name>exit.c.obj</name>
      </input_file>
      <input_file id="fl-e2">
         <path>/home/ole/CodeComposerStudio10/ccs/tools/compiler/ti-cgt-arm_20.2.0.LTS/lib/</path>
         <kind>archive</kind>
         <file>rtsv7M4_T_le_v4SPD16_eabi.lib</file>
         <name>_lock.c.obj</name>
      </input_file>
      <input_file id="fl-e3">
         <path>/home/ole/CodeComposerStudio10/ccs/tools/compiler/ti-cgt-arm_20.2.0.LTS/lib/</path>
         <kind>archive</kind>
         <file>rtsv7M4_T_le_v4SPD16_eabi.lib</file>
         <name>_ltoa.c.obj</name>
      </input_file>
      <input_file id="fl-e4">
         <path>/home/ole/CodeComposerStudio10/ccs/tools/compiler/ti-cgt-arm_20.2.0.LTS/lib/</path>
         <kind>archive</kind>
         <file>rtsv7M4_T_le_v4SPD16_eabi.lib</file>
         <name>args_main.c.obj</name>
      </input_file>
      <input_file id="fl-e5">
         <path>/home/ole/CodeComposerStudio10/ccs/tools/compiler/ti-cgt-arm_20.2.0.LTS/lib/</path>
         <kind>archive</kind>
         <file>rtsv7M4_T_le_v4SPD16_eabi.lib</file>
         <name>atoi.c.obj</name>
      </input_file>
      <input_file id="fl-e6">
         <path>/home/ole/CodeComposerStudio10/ccs/tools/compiler/ti-cgt-arm_20.2.0.LTS/lib/</path>
         <kind>archive</kind>
         <file>rtsv7M4_T_le_v4SPD16_eabi.lib</file>
         <name>ctype.c.obj</name>
      </input_file>
      <input_file id="fl-e7">
         <path>/home/ole/CodeComposerStudio10/ccs/tools/compiler/ti-cgt-arm_20.2.0.LTS/lib/</path>
         <kind>archive</kind>
         <file>rtsv7M4_T_le_v4SPD16_eabi.lib</file>
         <name>memccpy.c.obj</name>
      </input_file>
      <input_file id="fl-e8">
         <path>/home/ole/CodeComposerStudio10/ccs/tools/compiler/ti-cgt-arm_20.2.0.LTS/lib/</path>
         <kind>archive</kind>
         <file>rtsv7M4_T_le_v4SPD16_eabi.lib</file>
         <name>strchr.c.obj</name>
      </input_file>
      <input_file id="fl-e9">
         <path>/home/ole/CodeComposerStudio10/ccs/tools/compiler/ti-cgt-arm_20.2.0.LTS/lib/</path>
         <kind>archive</kind>
         <file>rtsv7M4_T_le_v4SPD16_eabi.lib</file>
         <name>s_frexp.c.obj</name>
      </input_file>
      <input_file id="fl-ea">
         <path>/home/ole/CodeComposerStudio10/ccs/tools/compiler/ti-cgt-arm_20.2.0.LTS/lib/</path>
         <kind>archive</kind>
         <file>rtsv7M4_T_le_v4SPD16_eabi.lib</file>
         <name>wcslen.c.obj</name>
      </input_file>
      <input_file id="fl-eb">
         <path>/home/ole/CodeComposerStudio10/ccs/tools/compiler/ti-cgt-arm_20.2.0.LTS/lib/</path>
         <kind>archive</kind>
         <file>rtsv7M4_T_le_v4SPD16_eabi.lib</file>
         <name>div0.asm.obj</name>
      </input_file>
      <input_file id="fl-ec">
         <path>/home/ole/CodeComposerStudio10/TivaWare_C_Series-2.1.4.178/driverlib/ccs/Debug/</path>
         <kind>archive</kind>
         <file>driverlib.lib</file>
         <name>adc.obj</name>
      </input_file>
      <input_file id="fl-ed">
         <path>/home/ole/CodeComposerStudio10/TivaWare_C_Series-2.1.4.178/driverlib/ccs/Debug/</path>
         <kind>archive</kind>
         <file>driverlib.lib</file>
         <name>gpio.obj</name>
      </input_file>
      <input_file id="fl-ee">
         <path>/home/ole/CodeComposerStudio10/TivaWare_C_Series-2.1.4.178/driverlib/ccs/Debug/</path>
         <kind>archive</kind>
         <file>driverlib.lib</file>
         <name>interrupt.obj</name>
      </input_file>
      <input_file id="fl-ef">
         <path>/home/ole/CodeComposerStudio10/TivaWare_C_Series-2.1.4.178/driverlib/ccs/Debug/</path>
         <kind>archive</kind>
         <file>driverlib.lib</file>
         <name>sysctl.obj</name>
      </input_file>
      <input_file id="fl-f0">
         <path>/home/ole/CodeComposerStudio10/TivaWare_C_Series-2.1.4.178/driverlib/ccs/Debug/</path>
         <kind>archive</kind>
         <file>driverlib.lib</file>
         <name>timer.obj</name>
      </input_file>
      <input_file id="fl-f1">
         <path>/home/ole/CodeComposerStudio10/TivaWare_C_Series-2.1.4.178/driverlib/ccs/Debug/</path>
         <kind>archive</kind>
         <file>driverlib.lib</file>
         <name>uart.obj</name>
      </input_file>
      <input_file id="fl-f2">
         <path>/home/ole/CodeComposerStudio10/TivaWare_C_Series-2.1.4.178/driverlib/ccs/Debug/</path>
         <kind>archive</kind>
         <file>driverlib.lib</file>
         <name>udma.obj</name>
      </input_file>
      <input_file id="fl-f3">
         <path>/home/ole/CodeComposerStudio10/TivaWare_C_Series-2.1.4.178/driverlib/ccs/Debug/</path>
         <kind>archive</kind>
         <file>driverlib.lib</file>
         <name>cpu.obj</name>
      </input_file>
   </input_file_list>
   <object_component_list>
      <object_component id="oc-12">
         <name>.intvecs</name>
         <load_address>0x0</load_address>
         <run_address>0x0</run_address>
         <size>0x208</size>
         <input_file_ref idref="fl-5"/>
      </object_component>
      <object_component id="oc-d5">
         <name>.text</name>
         <load_address>0x208</load_address>
         <run_address>0x208</run_address>
         <size>0x2b64</size>
         <input_file_ref idref="fl-2"/>
      </object_component>
      <object_component id="oc-35c">
         <name>.text:__TI_printfi</name>
         <load_address>0x2d6c</load_address>
         <run_address>0x2d6c</run_address>
         <size>0xa4e</size>
         <input_file_ref idref="fl-db"/>
      </object_component>
      <object_component id="oc-59c">
         <name>.text</name>
         <load_address>0x37ba</load_address>
         <run_address>0x37ba</run_address>
         <size>0x2</size>
         <input_file_ref idref="fl-eb"/>
      </object_component>
      <object_component id="oc-db">
         <name>.text</name>
         <load_address>0x37bc</load_address>
         <run_address>0x37bc</run_address>
         <size>0x93c</size>
         <input_file_ref idref="fl-1"/>
      </object_component>
      <object_component id="oc-3ae">
         <name>.text:__kernel_rem_pio2</name>
         <load_address>0x40f8</load_address>
         <run_address>0x40f8</run_address>
         <size>0x738</size>
         <input_file_ref idref="fl-d3"/>
      </object_component>
      <object_component id="oc-1da">
         <name>.text:cos</name>
         <load_address>0x4830</load_address>
         <run_address>0x4830</run_address>
         <size>0x5dc</size>
         <input_file_ref idref="fl-c5"/>
      </object_component>
      <object_component id="oc-1c5">
         <name>.text:sin</name>
         <load_address>0x4e0c</load_address>
         <run_address>0x4e0c</run_address>
         <size>0x5c4</size>
         <input_file_ref idref="fl-c6"/>
      </object_component>
      <object_component id="oc-e7">
         <name>.text</name>
         <load_address>0x53d0</load_address>
         <run_address>0x53d0</run_address>
         <size>0x344</size>
         <input_file_ref idref="fl-7"/>
      </object_component>
      <object_component id="oc-1eb">
         <name>.text:atan</name>
         <load_address>0x5714</load_address>
         <run_address>0x5714</run_address>
         <size>0x2ec</size>
         <input_file_ref idref="fl-c4"/>
      </object_component>
      <object_component id="oc-48c">
         <name>.text:_pconv_a</name>
         <load_address>0x5a00</load_address>
         <run_address>0x5a00</run_address>
         <size>0x270</size>
         <input_file_ref idref="fl-db"/>
      </object_component>
      <object_component id="oc-c9">
         <name>.text:SysCtlClockFreqSet</name>
         <load_address>0x5c70</load_address>
         <run_address>0x5c70</run_address>
         <size>0x200</size>
         <input_file_ref idref="fl-ef"/>
      </object_component>
      <object_component id="oc-1e5">
         <name>.text:atan2</name>
         <load_address>0x5e70</load_address>
         <run_address>0x5e70</run_address>
         <size>0x1d8</size>
         <input_file_ref idref="fl-c2"/>
      </object_component>
      <object_component id="oc-47a">
         <name>.text:_pconv_g</name>
         <load_address>0x6048</load_address>
         <run_address>0x6048</run_address>
         <size>0x1d0</size>
         <input_file_ref idref="fl-db"/>
      </object_component>
      <object_component id="oc-1d0">
         <name>.text</name>
         <load_address>0x6218</load_address>
         <run_address>0x6218</run_address>
         <size>0x1b6</size>
         <input_file_ref idref="fl-c8"/>
      </object_component>
      <object_component id="oc-9b">
         <name>.text</name>
         <load_address>0x63d0</load_address>
         <run_address>0x63d0</run_address>
         <size>0x188</size>
         <input_file_ref idref="fl-3"/>
      </object_component>
      <object_component id="oc-3a8">
         <name>.text:__kernel_sin</name>
         <load_address>0x6558</load_address>
         <run_address>0x6558</run_address>
         <size>0x174</size>
         <input_file_ref idref="fl-d7"/>
      </object_component>
      <object_component id="oc-3b4">
         <name>.text:__kernel_cos</name>
         <load_address>0x66cc</load_address>
         <run_address>0x66cc</run_address>
         <size>0x16c</size>
         <input_file_ref idref="fl-d6"/>
      </object_component>
      <object_component id="oc-22d">
         <name>.text:sqrt</name>
         <load_address>0x6838</load_address>
         <run_address>0x6838</run_address>
         <size>0x158</size>
         <input_file_ref idref="fl-c3"/>
      </object_component>
      <object_component id="oc-486">
         <name>.text:_pconv_e</name>
         <load_address>0x6990</load_address>
         <run_address>0x6990</run_address>
         <size>0x13c</size>
         <input_file_ref idref="fl-db"/>
      </object_component>
      <object_component id="oc-1e0">
         <name>.text</name>
         <load_address>0x6acc</load_address>
         <run_address>0x6acc</run_address>
         <size>0x136</size>
         <input_file_ref idref="fl-ca"/>
      </object_component>
      <object_component id="oc-3d5">
         <name>.text:GPIOPadConfigSet</name>
         <load_address>0x6c02</load_address>
         <run_address>0x6c02</run_address>
         <size>0x132</size>
         <input_file_ref idref="fl-ed"/>
      </object_component>
      <object_component id="oc-53b">
         <name>.text:fcvt</name>
         <load_address>0x6d34</load_address>
         <run_address>0x6d34</run_address>
         <size>0x124</size>
         <input_file_ref idref="fl-db"/>
      </object_component>
      <object_component id="oc-4b2">
         <name>.text:scalbn</name>
         <load_address>0x6e58</load_address>
         <run_address>0x6e58</run_address>
         <size>0x110</size>
         <input_file_ref idref="fl-d9"/>
      </object_component>
      <object_component id="oc-1cb">
         <name>.text</name>
         <load_address>0x6f68</load_address>
         <run_address>0x6f68</run_address>
         <size>0xfc</size>
         <input_file_ref idref="fl-cb"/>
      </object_component>
      <object_component id="oc-4b8">
         <name>.text:floor</name>
         <load_address>0x7064</load_address>
         <run_address>0x7064</run_address>
         <size>0xf8</size>
         <input_file_ref idref="fl-d8"/>
      </object_component>
      <object_component id="oc-474">
         <name>.text:_ltostr</name>
         <load_address>0x715c</load_address>
         <run_address>0x715c</run_address>
         <size>0xb1</size>
         <input_file_ref idref="fl-db"/>
      </object_component>
      <object_component id="oc-3b">
         <name>.text</name>
         <load_address>0x720e</load_address>
         <run_address>0x720e</run_address>
         <size>0x9c</size>
         <input_file_ref idref="fl-ce"/>
      </object_component>
      <object_component id="oc-522">
         <name>.text</name>
         <load_address>0x72aa</load_address>
         <run_address>0x72aa</run_address>
         <size>0x96</size>
         <input_file_ref idref="fl-dd"/>
      </object_component>
      <object_component id="oc-1f1">
         <name>.text:__aeabi_cdcmple</name>
         <load_address>0x7340</load_address>
         <run_address>0x7340</run_address>
         <size>0x86</size>
         <input_file_ref idref="fl-c9"/>
      </object_component>
      <object_component id="oc-3c9">
         <name>.text:__aeabi_cdrcmple</name>
         <load_address>0x73c6</load_address>
         <run_address>0x73c6</run_address>
         <size>0x86</size>
         <input_file_ref idref="fl-c9"/>
      </object_component>
      <object_component id="oc-292">
         <name>.text:uDMAChannelTransferSet</name>
         <load_address>0x744c</load_address>
         <run_address>0x744c</run_address>
         <size>0x7c</size>
         <input_file_ref idref="fl-f2"/>
      </object_component>
      <object_component id="oc-23c">
         <name>.text:ADCSequenceStepConfigure</name>
         <load_address>0x74c8</load_address>
         <run_address>0x74c8</run_address>
         <size>0x7a</size>
         <input_file_ref idref="fl-ec"/>
      </object_component>
      <object_component id="oc-8f">
         <name>.text</name>
         <load_address>0x7542</load_address>
         <run_address>0x7542</run_address>
         <size>0x7a</size>
         <input_file_ref idref="fl-dc"/>
      </object_component>
      <object_component id="oc-534">
         <name>.text:_mcpy</name>
         <load_address>0x75bc</load_address>
         <run_address>0x75bc</run_address>
         <size>0x6e</size>
         <input_file_ref idref="fl-db"/>
      </object_component>
      <object_component id="oc-25a">
         <name>.text:IntEnable</name>
         <load_address>0x762c</load_address>
         <run_address>0x762c</run_address>
         <size>0x68</size>
         <input_file_ref idref="fl-ee"/>
      </object_component>
      <object_component id="oc-15">
         <name>.text:decompress:lzss:__TI_decompress_lzss</name>
         <load_address>0x7694</load_address>
         <run_address>0x7694</run_address>
         <size>0x68</size>
         <input_file_ref idref="fl-d1"/>
      </object_component>
      <object_component id="oc-549">
         <name>.text:frexp</name>
         <load_address>0x76fc</load_address>
         <run_address>0x76fc</run_address>
         <size>0x64</size>
         <input_file_ref idref="fl-e9"/>
      </object_component>
      <object_component id="oc-e1">
         <name>.text</name>
         <load_address>0x7760</load_address>
         <run_address>0x7760</run_address>
         <size>0x64</size>
         <input_file_ref idref="fl-4"/>
      </object_component>
      <object_component id="oc-267">
         <name>.text:TimerConfigure</name>
         <load_address>0x77c4</load_address>
         <run_address>0x77c4</run_address>
         <size>0x60</size>
         <input_file_ref idref="fl-f0"/>
      </object_component>
      <object_component id="oc-480">
         <name>.text:_pconv_f</name>
         <load_address>0x7824</load_address>
         <run_address>0x7824</run_address>
         <size>0x56</size>
         <input_file_ref idref="fl-db"/>
      </object_component>
      <object_component id="oc-528">
         <name>.text:__TI_ltoa</name>
         <load_address>0x787a</load_address>
         <run_address>0x787a</run_address>
         <size>0x54</size>
         <input_file_ref idref="fl-e3"/>
      </object_component>
      <object_component id="oc-52e">
         <name>.text:_ecpy</name>
         <load_address>0x78ce</load_address>
         <run_address>0x78ce</run_address>
         <size>0x52</size>
         <input_file_ref idref="fl-db"/>
      </object_component>
      <object_component id="oc-3fb">
         <name>.text:_ADCIntNumberGet</name>
         <load_address>0x7920</load_address>
         <run_address>0x7920</run_address>
         <size>0x50</size>
         <input_file_ref idref="fl-ec"/>
      </object_component>
      <object_component id="oc-236">
         <name>.text:ADCSequenceConfigure</name>
         <load_address>0x7970</load_address>
         <run_address>0x7970</run_address>
         <size>0x4e</size>
         <input_file_ref idref="fl-ec"/>
      </object_component>
      <object_component id="oc-2d4">
         <name>.text:GPIOPinConfigure</name>
         <load_address>0x79c0</load_address>
         <run_address>0x79c0</run_address>
         <size>0x4c</size>
         <input_file_ref idref="fl-ed"/>
      </object_component>
      <object_component id="oc-412">
         <name>.text:_TimerIntNumberGet</name>
         <load_address>0x7a0c</load_address>
         <run_address>0x7a0c</run_address>
         <size>0x4c</size>
         <input_file_ref idref="fl-f0"/>
      </object_component>
      <object_component id="oc-46e">
         <name>.text:atoi</name>
         <load_address>0x7a58</load_address>
         <run_address>0x7a58</run_address>
         <size>0x4c</size>
         <input_file_ref idref="fl-e5"/>
      </object_component>
      <object_component id="oc-14c">
         <name>.text:_SysCtlFrequencyGet</name>
         <load_address>0x7aa4</load_address>
         <run_address>0x7aa4</run_address>
         <size>0x48</size>
         <input_file_ref idref="fl-ef"/>
      </object_component>
      <object_component id="oc-1d5">
         <name>.text</name>
         <load_address>0x7aec</load_address>
         <run_address>0x7aec</run_address>
         <size>0x48</size>
         <input_file_ref idref="fl-cc"/>
      </object_component>
      <object_component id="oc-2c2">
         <name>.text:uDMAChannelAttributeDisable</name>
         <load_address>0x7b34</load_address>
         <run_address>0x7b34</run_address>
         <size>0x48</size>
         <input_file_ref idref="fl-f2"/>
      </object_component>
      <object_component id="oc-2e0">
         <name>.text:UARTConfigSetExpClk</name>
         <load_address>0x7b7c</load_address>
         <run_address>0x7b7c</run_address>
         <size>0x46</size>
         <input_file_ref idref="fl-f1"/>
      </object_component>
      <object_component id="oc-112">
         <name>.text:__TI_auto_init_nobinit_nopinit:__TI_auto_init_nobinit_nopinit</name>
         <load_address>0x7bc4</load_address>
         <run_address>0x7bc4</run_address>
         <size>0x44</size>
         <input_file_ref idref="fl-de"/>
      </object_component>
      <object_component id="oc-2ce">
         <name>.text:uDMAChannelAttributeEnable</name>
         <load_address>0x7c08</load_address>
         <run_address>0x7c08</run_address>
         <size>0x44</size>
         <input_file_ref idref="fl-f2"/>
      </object_component>
      <object_component id="oc-43e">
         <name>.text:_UARTIntNumberGet</name>
         <load_address>0x7c4c</load_address>
         <run_address>0x7c4c</run_address>
         <size>0x40</size>
         <input_file_ref idref="fl-f1"/>
      </object_component>
      <object_component id="oc-169">
         <name>.text:sprintf</name>
         <load_address>0x7c8c</load_address>
         <run_address>0x7c8c</run_address>
         <size>0x40</size>
         <input_file_ref idref="fl-c7"/>
      </object_component>
      <object_component id="oc-541">
         <name>.text:_fcpy</name>
         <load_address>0x7ccc</load_address>
         <run_address>0x7ccc</run_address>
         <size>0x3e</size>
         <input_file_ref idref="fl-db"/>
      </object_component>
      <object_component id="oc-1fc">
         <name>.text:SysCtlPeripheralReady</name>
         <load_address>0x7d0c</load_address>
         <run_address>0x7d0c</run_address>
         <size>0x38</size>
         <input_file_ref idref="fl-ef"/>
      </object_component>
      <object_component id="oc-401">
         <name>.text:IntRegister</name>
         <load_address>0x7d44</load_address>
         <run_address>0x7d44</run_address>
         <size>0x34</size>
         <input_file_ref idref="fl-ee"/>
      </object_component>
      <object_component id="oc-1f6">
         <name>.text:SysCtlPeripheralEnable</name>
         <load_address>0x7d78</load_address>
         <run_address>0x7d78</run_address>
         <size>0x34</size>
         <input_file_ref idref="fl-ef"/>
      </object_component>
      <object_component id="oc-59">
         <name>.text:_c_int00_noargs:_c_int00_noargs</name>
         <load_address>0x7dac</load_address>
         <run_address>0x7dac</run_address>
         <size>0x34</size>
         <input_file_ref idref="fl-d5"/>
      </object_component>
      <object_component id="oc-1c0">
         <name>.text</name>
         <load_address>0x7de0</load_address>
         <run_address>0x7de0</run_address>
         <size>0x2e</size>
         <input_file_ref idref="fl-cd"/>
      </object_component>
      <object_component id="oc-3db">
         <name>.text:GPIODirModeSet</name>
         <load_address>0x7e0e</load_address>
         <run_address>0x7e0e</run_address>
         <size>0x2c</size>
         <input_file_ref idref="fl-ed"/>
      </object_component>
      <object_component id="oc-2bc">
         <name>.text:uDMAChannelAssign</name>
         <load_address>0x7e3c</load_address>
         <run_address>0x7e3c</run_address>
         <size>0x2c</size>
         <input_file_ref idref="fl-f2"/>
      </object_component>
      <object_component id="oc-248">
         <name>.text:IntPrioritySet</name>
         <load_address>0x7e68</load_address>
         <run_address>0x7e68</run_address>
         <size>0x24</size>
         <input_file_ref idref="fl-ee"/>
      </object_component>
      <object_component id="oc-2c8">
         <name>.text:uDMAChannelControlSet</name>
         <load_address>0x7e8c</load_address>
         <run_address>0x7e8c</run_address>
         <size>0x24</size>
         <input_file_ref idref="fl-f2"/>
      </object_component>
      <object_component id="oc-42e">
         <name>.text:UARTDisable</name>
         <load_address>0x7eb0</load_address>
         <run_address>0x7eb0</run_address>
         <size>0x20</size>
         <input_file_ref idref="fl-f1"/>
      </object_component>
      <object_component id="oc-146">
         <name>.text:_SysCtlMemTimingGet</name>
         <load_address>0x7ed0</load_address>
         <run_address>0x7ed0</run_address>
         <size>0x20</size>
         <input_file_ref idref="fl-ef"/>
      </object_component>
      <object_component id="oc-221">
         <name>.text:ADCSequenceDataGet</name>
         <load_address>0x7ef0</load_address>
         <run_address>0x7ef0</run_address>
         <size>0x1e</size>
         <input_file_ref idref="fl-ec"/>
      </object_component>
      <object_component id="oc-492">
         <name>.text:memccpy</name>
         <load_address>0x7f0e</load_address>
         <run_address>0x7f0e</run_address>
         <size>0x1c</size>
         <input_file_ref idref="fl-e7"/>
      </object_component>
      <object_component id="oc-572">
         <name>.text:copysign</name>
         <load_address>0x7f2a</load_address>
         <run_address>0x7f2a</run_address>
         <size>0x1a</size>
         <input_file_ref idref="fl-da"/>
      </object_component>
      <object_component id="oc-24e">
         <name>.text:ADCIntRegister</name>
         <load_address>0x7f44</load_address>
         <run_address>0x7f44</run_address>
         <size>0x18</size>
         <input_file_ref idref="fl-ec"/>
      </object_component>
      <object_component id="oc-20f">
         <name>.text:ADCProcessorTrigger</name>
         <load_address>0x7f5c</load_address>
         <run_address>0x7f5c</run_address>
         <size>0x18</size>
         <input_file_ref idref="fl-ec"/>
      </object_component>
      <object_component id="oc-202">
         <name>.text:GPIOPinTypeGPIOOutput</name>
         <load_address>0x7f74</load_address>
         <run_address>0x7f74</run_address>
         <size>0x18</size>
         <input_file_ref idref="fl-ed"/>
      </object_component>
      <object_component id="oc-279">
         <name>.text:TimerIntRegister</name>
         <load_address>0x7f8c</load_address>
         <run_address>0x7f8c</run_address>
         <size>0x18</size>
         <input_file_ref idref="fl-f0"/>
      </object_component>
      <object_component id="oc-2f8">
         <name>.text:UARTIntRegister</name>
         <load_address>0x7fa4</load_address>
         <run_address>0x7fa4</run_address>
         <size>0x18</size>
         <input_file_ref idref="fl-f1"/>
      </object_component>
      <object_component id="oc-362">
         <name>.text:_outs</name>
         <load_address>0x7fbc</load_address>
         <run_address>0x7fbc</run_address>
         <size>0x18</size>
         <input_file_ref idref="fl-c7"/>
      </object_component>
      <object_component id="oc-298">
         <name>.text:uDMAChannelEnable</name>
         <load_address>0x7fd4</load_address>
         <run_address>0x7fd4</run_address>
         <size>0x18</size>
         <input_file_ref idref="fl-f2"/>
      </object_component>
      <object_component id="oc-2da">
         <name>.text:GPIOPinTypeUART</name>
         <load_address>0x7fec</load_address>
         <run_address>0x7fec</run_address>
         <size>0x16</size>
         <input_file_ref idref="fl-ed"/>
      </object_component>
      <object_component id="oc-54f">
         <name>.text:strchr</name>
         <load_address>0x8002</load_address>
         <run_address>0x8002</run_address>
         <size>0x16</size>
         <input_file_ref idref="fl-e8"/>
      </object_component>
      <object_component id="oc-434">
         <name>.text:UARTEnable</name>
         <load_address>0x8018</load_address>
         <run_address>0x8018</run_address>
         <size>0x14</size>
         <input_file_ref idref="fl-f1"/>
      </object_component>
      <object_component id="oc-181">
         <name>.text:strlen</name>
         <load_address>0x802c</load_address>
         <run_address>0x802c</run_address>
         <size>0x14</size>
         <input_file_ref idref="fl-d2"/>
      </object_component>
      <object_component id="oc-26d">
         <name>.text:TimerLoadSet</name>
         <load_address>0x8040</load_address>
         <run_address>0x8040</run_address>
         <size>0x12</size>
         <input_file_ref idref="fl-f0"/>
      </object_component>
      <object_component id="oc-498">
         <name>.text:wcslen</name>
         <load_address>0x8052</load_address>
         <run_address>0x8052</run_address>
         <size>0x12</size>
         <input_file_ref idref="fl-ea"/>
      </object_component>
      <object_component id="oc-254">
         <name>.text:ADCIntEnable</name>
         <load_address>0x8064</load_address>
         <run_address>0x8064</run_address>
         <size>0x10</size>
         <input_file_ref idref="fl-ec"/>
      </object_component>
      <object_component id="oc-cf">
         <name>.text:IntMasterDisable</name>
         <load_address>0x8074</load_address>
         <run_address>0x8074</run_address>
         <size>0x10</size>
         <input_file_ref idref="fl-ee"/>
      </object_component>
      <object_component id="oc-ed">
         <name>.text:IntMasterEnable</name>
         <load_address>0x8084</load_address>
         <run_address>0x8084</run_address>
         <size>0x10</size>
         <input_file_ref idref="fl-ee"/>
      </object_component>
      <object_component id="oc-2b0">
         <name>.text:uDMAEnable</name>
         <load_address>0x8094</load_address>
         <run_address>0x8094</run_address>
         <size>0x10</size>
         <input_file_ref idref="fl-f2"/>
      </object_component>
      <object_component id="oc-21b">
         <name>.text:ADCHardwareOversampleConfigure</name>
         <load_address>0x80a4</load_address>
         <run_address>0x80a4</run_address>
         <size>0xe</size>
         <input_file_ref idref="fl-ec"/>
      </object_component>
      <object_component id="oc-242">
         <name>.text:ADCSequenceEnable</name>
         <load_address>0x80b2</load_address>
         <run_address>0x80b2</run_address>
         <size>0xe</size>
         <input_file_ref idref="fl-ec"/>
      </object_component>
      <object_component id="oc-273">
         <name>.text:TimerEnable</name>
         <load_address>0x80c0</load_address>
         <run_address>0x80c0</run_address>
         <size>0xe</size>
         <input_file_ref idref="fl-f0"/>
      </object_component>
      <object_component id="oc-2a4">
         <name>.text:UARTCharGetNonBlocking</name>
         <load_address>0x80ce</load_address>
         <run_address>0x80ce</run_address>
         <size>0xe</size>
         <input_file_ref idref="fl-f1"/>
      </object_component>
      <object_component id="oc-29e">
         <name>.text:UARTCharPutNonBlocking</name>
         <load_address>0x80dc</load_address>
         <run_address>0x80dc</run_address>
         <size>0xe</size>
         <input_file_ref idref="fl-f1"/>
      </object_component>
      <object_component id="oc-2aa">
         <name>.text:UARTCharsAvail</name>
         <load_address>0x80ea</load_address>
         <run_address>0x80ea</run_address>
         <size>0xe</size>
         <input_file_ref idref="fl-f1"/>
      </object_component>
      <object_component id="oc-1b">
         <name>.text:decompress:none:__TI_decompress_none</name>
         <load_address>0x80f8</load_address>
         <run_address>0x80f8</run_address>
         <size>0xe</size>
         <input_file_ref idref="fl-d0"/>
      </object_component>
      <object_component id="oc-162">
         <name>.text:CPUcpsid</name>
         <load_address>0x8106</load_address>
         <run_address>0x8106</run_address>
         <size>0xc</size>
         <input_file_ref idref="fl-f3"/>
      </object_component>
      <object_component id="oc-30a">
         <name>.text:CPUcpsie</name>
         <load_address>0x8112</load_address>
         <run_address>0x8112</run_address>
         <size>0xc</size>
         <input_file_ref idref="fl-f3"/>
      </object_component>
      <object_component id="oc-4d">
         <name>.text:decompress:ZI:__TI_zero_init</name>
         <load_address>0x811e</load_address>
         <run_address>0x811e</run_address>
         <size>0xc</size>
         <input_file_ref idref="fl-cf"/>
      </object_component>
      <object_component id="oc-27">
         <name>.text</name>
         <load_address>0x812a</load_address>
         <run_address>0x812a</run_address>
         <size>0xc</size>
         <input_file_ref idref="fl-5"/>
      </object_component>
      <object_component id="oc-2b6">
         <name>.text:uDMAControlBaseSet</name>
         <load_address>0x8138</load_address>
         <run_address>0x8138</run_address>
         <size>0xc</size>
         <input_file_ref idref="fl-f2"/>
      </object_component>
      <object_component id="oc-215">
         <name>.text:ADCIntClear</name>
         <load_address>0x8144</load_address>
         <run_address>0x8144</run_address>
         <size>0xa</size>
         <input_file_ref idref="fl-ec"/>
      </object_component>
      <object_component id="oc-2e6">
         <name>.text:UARTFIFOEnable</name>
         <load_address>0x814e</load_address>
         <run_address>0x814e</run_address>
         <size>0xa</size>
         <input_file_ref idref="fl-f1"/>
      </object_component>
      <object_component id="oc-28c">
         <name>.text:UARTIntStatus</name>
         <load_address>0x8158</load_address>
         <run_address>0x8158</run_address>
         <size>0xa</size>
         <input_file_ref idref="fl-f1"/>
      </object_component>
      <object_component id="oc-368">
         <name>.text:_outc</name>
         <load_address>0x8162</load_address>
         <run_address>0x8162</run_address>
         <size>0xa</size>
         <input_file_ref idref="fl-c7"/>
      </object_component>
      <object_component id="oc-27f">
         <name>.text:TimerIntEnable</name>
         <load_address>0x816c</load_address>
         <run_address>0x816c</run_address>
         <size>0x8</size>
         <input_file_ref idref="fl-f0"/>
      </object_component>
      <object_component id="oc-2f2">
         <name>.text:UARTDMAEnable</name>
         <load_address>0x8174</load_address>
         <run_address>0x8174</run_address>
         <size>0x8</size>
         <input_file_ref idref="fl-f1"/>
      </object_component>
      <object_component id="oc-2fe">
         <name>.text:UARTIntEnable</name>
         <load_address>0x817c</load_address>
         <run_address>0x817c</run_address>
         <size>0x8</size>
         <input_file_ref idref="fl-f1"/>
      </object_component>
      <object_component id="oc-3eb">
         <name>.text:__aeabi_errno_addr</name>
         <load_address>0x8184</load_address>
         <run_address>0x8184</run_address>
         <size>0x8</size>
         <input_file_ref idref="fl-d4"/>
      </object_component>
      <object_component id="oc-f3">
         <name>.text:GPIOPinWrite</name>
         <load_address>0x818c</load_address>
         <run_address>0x818c</run_address>
         <size>0x6</size>
         <input_file_ref idref="fl-ed"/>
      </object_component>
      <object_component id="oc-208">
         <name>.text:SysCtlDelay</name>
         <load_address>0x8192</load_address>
         <run_address>0x8192</run_address>
         <size>0x6</size>
         <input_file_ref idref="fl-ef"/>
      </object_component>
      <object_component id="oc-2ec">
         <name>.text:UARTFIFOLevelSet</name>
         <load_address>0x8198</load_address>
         <run_address>0x8198</run_address>
         <size>0x6</size>
         <input_file_ref idref="fl-f1"/>
      </object_component>
      <object_component id="oc-261">
         <name>.text:TimerIntClear</name>
         <load_address>0x819e</load_address>
         <run_address>0x819e</run_address>
         <size>0x4</size>
         <input_file_ref idref="fl-f0"/>
      </object_component>
      <object_component id="oc-286">
         <name>.text:UARTIntClear</name>
         <load_address>0x81a2</load_address>
         <run_address>0x81a2</run_address>
         <size>0x4</size>
         <input_file_ref idref="fl-f1"/>
      </object_component>
      <object_component id="oc-95">
         <name>.text:_system_pre_init</name>
         <load_address>0x81a6</load_address>
         <run_address>0x81a6</run_address>
         <size>0x4</size>
         <input_file_ref idref="fl-df"/>
      </object_component>
      <object_component id="oc-106">
         <name>.text:abort:abort</name>
         <load_address>0x81aa</load_address>
         <run_address>0x81aa</run_address>
         <size>0x4</size>
         <input_file_ref idref="fl-e1"/>
      </object_component>
      <object_component id="oc-196">
         <name>.const:font_12_16</name>
         <load_address>0x81b0</load_address>
         <run_address>0x81b0</run_address>
         <size>0x2000</size>
         <input_file_ref idref="fl-2"/>
      </object_component>
      <object_component id="oc-155">
         <name>.const:g_pppui32XTALtoVCO</name>
         <load_address>0xa1b0</load_address>
         <run_address>0xa1b0</run_address>
         <size>0x1b0</size>
         <input_file_ref idref="fl-ef"/>
      </object_component>
      <object_component id="oc-4be">
         <name>.const:$O1$$</name>
         <load_address>0xa360</load_address>
         <run_address>0xa360</run_address>
         <size>0x158</size>
         <input_file_ref idref="fl-d3"/>
      </object_component>
      <object_component id="oc-51d">
         <name>.const:.string:_ctypes_</name>
         <load_address>0xa4b8</load_address>
         <run_address>0xa4b8</run_address>
         <size>0x101</size>
         <input_file_ref idref="fl-e6"/>
      </object_component>
      <object_component id="oc-3f6">
         <name>.const:g_pui32Regs</name>
         <load_address>0xa5bc</load_address>
         <run_address>0xa5bc</run_address>
         <size>0x9c</size>
         <input_file_ref idref="fl-ee"/>
      </object_component>
      <object_component id="oc-3ce">
         <name>.const:$O1$$</name>
         <load_address>0xa658</load_address>
         <run_address>0xa658</run_address>
         <size>0x98</size>
         <input_file_ref idref="fl-c4"/>
      </object_component>
      <object_component id="oc-429">
         <name>.const:g_pui32GPIOBaseAddrs</name>
         <load_address>0xa6f0</load_address>
         <run_address>0xa6f0</run_address>
         <size>0x90</size>
         <input_file_ref idref="fl-ed"/>
      </object_component>
      <object_component id="oc-152">
         <name>.const:g_pui32Xtals</name>
         <load_address>0xa780</load_address>
         <run_address>0xa780</run_address>
         <size>0x6c</size>
         <input_file_ref idref="fl-ef"/>
      </object_component>
      <object_component id="oc-4f3">
         <name>.const:g_ppui32TimerIntMap</name>
         <load_address>0xa7ec</load_address>
         <run_address>0xa7ec</run_address>
         <size>0x60</size>
         <input_file_ref idref="fl-f0"/>
      </object_component>
      <object_component id="oc-4f6">
         <name>.const:g_ppui32TimerIntMapSnowflake</name>
         <load_address>0xa84c</load_address>
         <run_address>0xa84c</run_address>
         <size>0x40</size>
         <input_file_ref idref="fl-f0"/>
      </object_component>
      <object_component id="oc-507">
         <name>.const:g_ppui32UARTIntMap</name>
         <load_address>0xa88c</load_address>
         <run_address>0xa88c</run_address>
         <size>0x40</size>
         <input_file_ref idref="fl-f1"/>
      </object_component>
      <object_component id="oc-50a">
         <name>.const:g_ppui32UARTIntMapSnowflake</name>
         <load_address>0xa8cc</load_address>
         <run_address>0xa8cc</run_address>
         <size>0x40</size>
         <input_file_ref idref="fl-f1"/>
      </object_component>
      <object_component id="oc-33b">
         <name>.const:g_sXTALtoMEMTIM</name>
         <load_address>0xa90c</load_address>
         <run_address>0xa90c</run_address>
         <size>0x30</size>
         <input_file_ref idref="fl-ef"/>
      </object_component>
      <object_component id="oc-409">
         <name>.const:g_pui32EnRegs</name>
         <load_address>0xa93c</load_address>
         <run_address>0xa93c</run_address>
         <size>0x14</size>
         <input_file_ref idref="fl-ee"/>
      </object_component>
      <object_component id="oc-158">
         <name>.const:g_pui32VCOFrequencies</name>
         <load_address>0xa950</load_address>
         <run_address>0xa950</run_address>
         <size>0x8</size>
         <input_file_ref idref="fl-ef"/>
      </object_component>
      <object_component id="oc-17b">
         <name>.const:$P$T10$5</name>
         <load_address>0xa958</load_address>
         <run_address>0xa958</run_address>
         <size>0x4</size>
         <input_file_ref idref="fl-2"/>
      </object_component>
      <object_component id="oc-17e">
         <name>.const:$P$T11$6</name>
         <load_address>0xa95c</load_address>
         <run_address>0xa95c</run_address>
         <size>0x4</size>
         <input_file_ref idref="fl-2"/>
      </object_component>
      <object_component id="oc-187">
         <name>.const:$P$T12$7</name>
         <load_address>0xa960</load_address>
         <run_address>0xa960</run_address>
         <size>0x4</size>
         <input_file_ref idref="fl-2"/>
      </object_component>
      <object_component id="oc-18a">
         <name>.const:$P$T14$8</name>
         <load_address>0xa964</load_address>
         <run_address>0xa964</run_address>
         <size>0x4</size>
         <input_file_ref idref="fl-2"/>
      </object_component>
      <object_component id="oc-18d">
         <name>.const:$P$T16$9</name>
         <load_address>0xa968</load_address>
         <run_address>0xa968</run_address>
         <size>0x4</size>
         <input_file_ref idref="fl-2"/>
      </object_component>
      <object_component id="oc-190">
         <name>.const:$P$T18$10</name>
         <load_address>0xa96c</load_address>
         <run_address>0xa96c</run_address>
         <size>0x4</size>
         <input_file_ref idref="fl-2"/>
      </object_component>
      <object_component id="oc-199">
         <name>.const:$P$T23$11</name>
         <load_address>0xa970</load_address>
         <run_address>0xa970</run_address>
         <size>0x4</size>
         <input_file_ref idref="fl-2"/>
      </object_component>
      <object_component id="oc-19c">
         <name>.const:$P$T24$12</name>
         <load_address>0xa974</load_address>
         <run_address>0xa974</run_address>
         <size>0x4</size>
         <input_file_ref idref="fl-2"/>
      </object_component>
      <object_component id="oc-19f">
         <name>.const:$P$T25$13</name>
         <load_address>0xa978</load_address>
         <run_address>0xa978</run_address>
         <size>0x4</size>
         <input_file_ref idref="fl-2"/>
      </object_component>
      <object_component id="oc-1a2">
         <name>.const:$P$T26$14</name>
         <load_address>0xa97c</load_address>
         <run_address>0xa97c</run_address>
         <size>0x4</size>
         <input_file_ref idref="fl-2"/>
      </object_component>
      <object_component id="oc-1a5">
         <name>.const:$P$T29$15</name>
         <load_address>0xa980</load_address>
         <run_address>0xa980</run_address>
         <size>0x4</size>
         <input_file_ref idref="fl-2"/>
      </object_component>
      <object_component id="oc-1ac">
         <name>.const:$P$T30$16</name>
         <load_address>0xa984</load_address>
         <run_address>0xa984</run_address>
         <size>0x4</size>
         <input_file_ref idref="fl-2"/>
      </object_component>
      <object_component id="oc-1b4">
         <name>.const:$P$T32$17</name>
         <load_address>0xa988</load_address>
         <run_address>0xa988</run_address>
         <size>0x4</size>
         <input_file_ref idref="fl-2"/>
      </object_component>
      <object_component id="oc-1b7">
         <name>.const:$P$T36$18</name>
         <load_address>0xa98c</load_address>
         <run_address>0xa98c</run_address>
         <size>0x4</size>
         <input_file_ref idref="fl-2"/>
      </object_component>
      <object_component id="oc-1ba">
         <name>.const:$P$T37$19</name>
         <load_address>0xa990</load_address>
         <run_address>0xa990</run_address>
         <size>0x4</size>
         <input_file_ref idref="fl-2"/>
      </object_component>
      <object_component id="oc-1bd">
         <name>.const:$P$T38$20</name>
         <load_address>0xa994</load_address>
         <run_address>0xa994</run_address>
         <size>0x4</size>
         <input_file_ref idref="fl-2"/>
      </object_component>
      <object_component id="oc-172">
         <name>.const:$P$T4$2</name>
         <load_address>0xa998</load_address>
         <run_address>0xa998</run_address>
         <size>0x4</size>
         <input_file_ref idref="fl-2"/>
      </object_component>
      <object_component id="oc-175">
         <name>.const:$P$T5$3</name>
         <load_address>0xa99c</load_address>
         <run_address>0xa99c</run_address>
         <size>0x4</size>
         <input_file_ref idref="fl-2"/>
      </object_component>
      <object_component id="oc-178">
         <name>.const:$P$T6$4</name>
         <load_address>0xa9a0</load_address>
         <run_address>0xa9a0</run_address>
         <size>0x4</size>
         <input_file_ref idref="fl-2"/>
      </object_component>
      <object_component id="oc-5f4">
         <name>.cinit..data.load</name>
         <load_address>0xa9a8</load_address>
         <run_address>0xa9a8</run_address>
         <size>0x13</size>
      </object_component>
      <object_component id="oc-5f1">
         <name>__TI_handler_table</name>
         <load_address>0xa9bc</load_address>
         <run_address>0xa9bc</run_address>
         <size>0xc</size>
      </object_component>
      <object_component id="oc-5f5">
         <name>.cinit..bss.load</name>
         <load_address>0xa9c8</load_address>
         <run_address>0xa9c8</run_address>
         <size>0x8</size>
      </object_component>
      <object_component id="oc-5f3">
         <name>.cinit..vtable.load</name>
         <load_address>0xa9d0</load_address>
         <run_address>0xa9d0</run_address>
         <size>0x8</size>
      </object_component>
      <object_component id="oc-5f2">
         <name>__TI_cinit_table</name>
         <load_address>0xa9d8</load_address>
         <run_address>0xa9d8</run_address>
         <size>0x18</size>
      </object_component>
      <object_component id="oc-4eb">
         <name>.vtable</name>
         <uninitialized>true</uninitialized>
         <run_address>0x20000000</run_address>
         <size>0x26c</size>
         <input_file_ref idref="fl-ee"/>
      </object_component>
      <object_component id="oc-16f">
         <name>.data</name>
         <load_address>0x200050a8</load_address>
         <run_address>0x200050a8</run_address>
         <size>0x3</size>
         <input_file_ref idref="fl-2"/>
      </object_component>
      <object_component id="oc-fc">
         <name>.data</name>
         <load_address>0x2000509a</load_address>
         <run_address>0x2000509a</run_address>
         <size>0x6</size>
         <input_file_ref idref="fl-3"/>
      </object_component>
      <object_component id="oc-f9">
         <name>.data:backColor</name>
         <load_address>0x200050a0</load_address>
         <run_address>0x200050a0</run_address>
         <size>0x4</size>
         <input_file_ref idref="fl-3"/>
      </object_component>
      <object_component id="oc-307">
         <name>.data:stepperMotorCommand$1</name>
         <load_address>0x20005090</load_address>
         <run_address>0x20005090</run_address>
         <size>0x9</size>
         <input_file_ref idref="fl-7"/>
      </object_component>
      <object_component id="oc-4df">
         <name>.data</name>
         <load_address>0x200050a4</load_address>
         <run_address>0x200050a4</run_address>
         <size>0x4</size>
         <input_file_ref idref="fl-d4"/>
      </object_component>
      <object_component id="oc-22a">
         <name>.bss:SinResults</name>
         <uninitialized>true</uninitialized>
         <run_address>0x20006500</run_address>
         <size>0x100</size>
         <input_file_ref idref="fl-1"/>
      </object_component>
      <object_component id="oc-227">
         <name>.bss:CosResults</name>
         <uninitialized>true</uninitialized>
         <run_address>0x20006400</run_address>
         <size>0x100</size>
         <input_file_ref idref="fl-1"/>
      </object_component>
      <object_component id="oc-193">
         <name>.bss:color</name>
         <uninitialized>true</uninitialized>
         <run_address>0x20005400</run_address>
         <size>0xc00</size>
         <input_file_ref idref="fl-2"/>
      </object_component>
      <object_component id="oc-ff">
         <name>.bss</name>
         <uninitialized>true</uninitialized>
         <run_address>0x20006a88</run_address>
         <size>0x8</size>
         <input_file_ref idref="fl-3"/>
      </object_component>
      <object_component id="oc-304">
         <name>.bss:UART0receive</name>
         <uninitialized>true</uninitialized>
         <run_address>0x20006a80</run_address>
         <size>0x8</size>
         <input_file_ref idref="fl-7"/>
      </object_component>
      <object_component id="oc-233">
         <name>.common:DiffResults</name>
         <uninitialized>true</uninitialized>
         <run_address>0x20006600</run_address>
         <size>0x100</size>
      </object_component>
      <object_component id="oc-1b2">
         <name>.common:DiffSinResults</name>
         <uninitialized>true</uninitialized>
         <run_address>0x20006800</run_address>
         <size>0x80</size>
      </object_component>
      <object_component id="oc-1af">
         <name>.common:DiffCosResults</name>
         <uninitialized>true</uninitialized>
         <run_address>0x20006780</run_address>
         <size>0x80</size>
      </object_component>
      <object_component id="oc-1b3">
         <name>.common:arrowLength</name>
         <uninitialized>true</uninitialized>
         <run_address>0x20006900</run_address>
         <size>0x80</size>
      </object_component>
      <object_component id="oc-235">
         <name>.common:SinOffset</name>
         <uninitialized>true</uninitialized>
         <run_address>0x20006880</run_address>
         <size>0x80</size>
      </object_component>
      <object_component id="oc-234">
         <name>.common:CosOffset</name>
         <uninitialized>true</uninitialized>
         <run_address>0x20006700</run_address>
         <size>0x80</size>
      </object_component>
      <object_component id="oc-1ab">
         <name>.common:oldDiffSinResults</name>
         <uninitialized>true</uninitialized>
         <run_address>0x20006a00</run_address>
         <size>0x80</size>
      </object_component>
      <object_component id="oc-1a8">
         <name>.common:oldDiffCosResults</name>
         <uninitialized>true</uninitialized>
         <run_address>0x20006980</run_address>
         <size>0x80</size>
      </object_component>
      <object_component id="oc-102">
         <name>.common:commandFromTouch</name>
         <uninitialized>true</uninitialized>
         <run_address>0x20006a90</run_address>
         <size>0x1</size>
      </object_component>
      <object_component id="oc-308">
         <name>.common:pui8ControlTable</name>
         <uninitialized>true</uninitialized>
         <run_address>0x20006000</run_address>
         <size>0x400</size>
      </object_component>
      <object_component id="oc-24">
         <name>.stack</name>
         <uninitialized>true</uninitialized>
         <run_address>0x20000270</run_address>
         <size>0x4</size>
         <input_file_ref idref="fl-d5"/>
      </object_component>
      <object_component id="oc-5f7">
         <name>.stack</name>
         <uninitialized>true</uninitialized>
         <run_address>0x20000270</run_address>
         <size>0x0</size>
      </object_component>
      <object_component id="oc-b7">
         <name>.debug_info</name>
         <load_address>0x0</load_address>
         <run_address>0x0</run_address>
         <size>0x74b</size>
         <input_file_ref idref="fl-1"/>
      </object_component>
      <object_component id="oc-22b">
         <name>.debug_info</name>
         <load_address>0x74b</load_address>
         <run_address>0x74b</run_address>
         <size>0x100</size>
         <input_file_ref idref="fl-1"/>
      </object_component>
      <object_component id="oc-228">
         <name>.debug_info</name>
         <load_address>0x84b</load_address>
         <run_address>0x84b</run_address>
         <size>0x100</size>
         <input_file_ref idref="fl-1"/>
      </object_component>
      <object_component id="oc-dc">
         <name>.debug_info</name>
         <load_address>0x94b</load_address>
         <run_address>0x94b</run_address>
         <size>0xa2d</size>
         <input_file_ref idref="fl-1"/>
      </object_component>
      <object_component id="oc-70">
         <name>.debug_info</name>
         <load_address>0x1378</load_address>
         <run_address>0x1378</run_address>
         <size>0x26b</size>
         <input_file_ref idref="fl-1"/>
      </object_component>
      <object_component id="oc-b2">
         <name>.debug_info</name>
         <load_address>0x15e3</load_address>
         <run_address>0x15e3</run_address>
         <size>0x8b</size>
         <input_file_ref idref="fl-1"/>
      </object_component>
      <object_component id="oc-ad">
         <name>.debug_info</name>
         <load_address>0x166e</load_address>
         <run_address>0x166e</run_address>
         <size>0x2a4</size>
         <input_file_ref idref="fl-1"/>
      </object_component>
      <object_component id="oc-75">
         <name>.debug_info</name>
         <load_address>0x1912</load_address>
         <run_address>0x1912</run_address>
         <size>0xbb</size>
         <input_file_ref idref="fl-1"/>
      </object_component>
      <object_component id="oc-1a9">
         <name>.debug_info</name>
         <load_address>0x19cd</load_address>
         <run_address>0x19cd</run_address>
         <size>0x625</size>
         <input_file_ref idref="fl-2"/>
      </object_component>
      <object_component id="oc-197">
         <name>.debug_info</name>
         <load_address>0x1ff2</load_address>
         <run_address>0x1ff2</run_address>
         <size>0x100</size>
         <input_file_ref idref="fl-2"/>
      </object_component>
      <object_component id="oc-170">
         <name>.debug_info</name>
         <load_address>0x20f2</load_address>
         <run_address>0x20f2</run_address>
         <size>0xf9</size>
         <input_file_ref idref="fl-2"/>
      </object_component>
      <object_component id="oc-194">
         <name>.debug_info</name>
         <load_address>0x21eb</load_address>
         <run_address>0x21eb</run_address>
         <size>0xf6</size>
         <input_file_ref idref="fl-2"/>
      </object_component>
      <object_component id="oc-173">
         <name>.debug_info</name>
         <load_address>0x22e1</load_address>
         <run_address>0x22e1</run_address>
         <size>0xfa</size>
         <input_file_ref idref="fl-2"/>
      </object_component>
      <object_component id="oc-176">
         <name>.debug_info</name>
         <load_address>0x23db</load_address>
         <run_address>0x23db</run_address>
         <size>0xfa</size>
         <input_file_ref idref="fl-2"/>
      </object_component>
      <object_component id="oc-179">
         <name>.debug_info</name>
         <load_address>0x24d5</load_address>
         <run_address>0x24d5</run_address>
         <size>0xfa</size>
         <input_file_ref idref="fl-2"/>
      </object_component>
      <object_component id="oc-17c">
         <name>.debug_info</name>
         <load_address>0x25cf</load_address>
         <run_address>0x25cf</run_address>
         <size>0xfc</size>
         <input_file_ref idref="fl-2"/>
      </object_component>
      <object_component id="oc-17f">
         <name>.debug_info</name>
         <load_address>0x26cb</load_address>
         <run_address>0x26cb</run_address>
         <size>0xfc</size>
         <input_file_ref idref="fl-2"/>
      </object_component>
      <object_component id="oc-188">
         <name>.debug_info</name>
         <load_address>0x27c7</load_address>
         <run_address>0x27c7</run_address>
         <size>0xfc</size>
         <input_file_ref idref="fl-2"/>
      </object_component>
      <object_component id="oc-18b">
         <name>.debug_info</name>
         <load_address>0x28c3</load_address>
         <run_address>0x28c3</run_address>
         <size>0xfc</size>
         <input_file_ref idref="fl-2"/>
      </object_component>
      <object_component id="oc-18e">
         <name>.debug_info</name>
         <load_address>0x29bf</load_address>
         <run_address>0x29bf</run_address>
         <size>0xfc</size>
         <input_file_ref idref="fl-2"/>
      </object_component>
      <object_component id="oc-191">
         <name>.debug_info</name>
         <load_address>0x2abb</load_address>
         <run_address>0x2abb</run_address>
         <size>0xfe</size>
         <input_file_ref idref="fl-2"/>
      </object_component>
      <object_component id="oc-19a">
         <name>.debug_info</name>
         <load_address>0x2bb9</load_address>
         <run_address>0x2bb9</run_address>
         <size>0xfe</size>
         <input_file_ref idref="fl-2"/>
      </object_component>
      <object_component id="oc-19d">
         <name>.debug_info</name>
         <load_address>0x2cb7</load_address>
         <run_address>0x2cb7</run_address>
         <size>0xfe</size>
         <input_file_ref idref="fl-2"/>
      </object_component>
      <object_component id="oc-1a0">
         <name>.debug_info</name>
         <load_address>0x2db5</load_address>
         <run_address>0x2db5</run_address>
         <size>0xfe</size>
         <input_file_ref idref="fl-2"/>
      </object_component>
      <object_component id="oc-1a3">
         <name>.debug_info</name>
         <load_address>0x2eb3</load_address>
         <run_address>0x2eb3</run_address>
         <size>0xfe</size>
         <input_file_ref idref="fl-2"/>
      </object_component>
      <object_component id="oc-1a6">
         <name>.debug_info</name>
         <load_address>0x2fb1</load_address>
         <run_address>0x2fb1</run_address>
         <size>0xff</size>
         <input_file_ref idref="fl-2"/>
      </object_component>
      <object_component id="oc-1ad">
         <name>.debug_info</name>
         <load_address>0x30b0</load_address>
         <run_address>0x30b0</run_address>
         <size>0xff</size>
         <input_file_ref idref="fl-2"/>
      </object_component>
      <object_component id="oc-1b5">
         <name>.debug_info</name>
         <load_address>0x31af</load_address>
         <run_address>0x31af</run_address>
         <size>0xff</size>
         <input_file_ref idref="fl-2"/>
      </object_component>
      <object_component id="oc-1b8">
         <name>.debug_info</name>
         <load_address>0x32ae</load_address>
         <run_address>0x32ae</run_address>
         <size>0xff</size>
         <input_file_ref idref="fl-2"/>
      </object_component>
      <object_component id="oc-1bb">
         <name>.debug_info</name>
         <load_address>0x33ad</load_address>
         <run_address>0x33ad</run_address>
         <size>0xff</size>
         <input_file_ref idref="fl-2"/>
      </object_component>
      <object_component id="oc-1be">
         <name>.debug_info</name>
         <load_address>0x34ac</load_address>
         <run_address>0x34ac</run_address>
         <size>0xff</size>
         <input_file_ref idref="fl-2"/>
      </object_component>
      <object_component id="oc-d6">
         <name>.debug_info</name>
         <load_address>0x35ab</load_address>
         <run_address>0x35ab</run_address>
         <size>0x4d71</size>
         <input_file_ref idref="fl-2"/>
      </object_component>
      <object_component id="oc-20a">
         <name>.debug_info</name>
         <load_address>0x831c</load_address>
         <run_address>0x831c</run_address>
         <size>0x168</size>
         <input_file_ref idref="fl-2"/>
      </object_component>
      <object_component id="oc-c0">
         <name>.debug_info</name>
         <load_address>0x8484</load_address>
         <run_address>0x8484</run_address>
         <size>0x2c</size>
         <input_file_ref idref="fl-2"/>
      </object_component>
      <object_component id="oc-370">
         <name>.debug_info</name>
         <load_address>0x84b0</load_address>
         <run_address>0x84b0</run_address>
         <size>0x2c</size>
         <input_file_ref idref="fl-2"/>
      </object_component>
      <object_component id="oc-103">
         <name>.debug_info</name>
         <load_address>0x84dc</load_address>
         <run_address>0x84dc</run_address>
         <size>0x97f</size>
         <input_file_ref idref="fl-3"/>
      </object_component>
      <object_component id="oc-fd">
         <name>.debug_info</name>
         <load_address>0x8e5b</load_address>
         <run_address>0x8e5b</run_address>
         <size>0x13b</size>
         <input_file_ref idref="fl-3"/>
      </object_component>
      <object_component id="oc-100">
         <name>.debug_info</name>
         <load_address>0x8f96</load_address>
         <run_address>0x8f96</run_address>
         <size>0x125</size>
         <input_file_ref idref="fl-3"/>
      </object_component>
      <object_component id="oc-fa">
         <name>.debug_info</name>
         <load_address>0x90bb</load_address>
         <run_address>0x90bb</run_address>
         <size>0xf5</size>
         <input_file_ref idref="fl-3"/>
      </object_component>
      <object_component id="oc-9c">
         <name>.debug_info</name>
         <load_address>0x91b0</load_address>
         <run_address>0x91b0</run_address>
         <size>0x5d8</size>
         <input_file_ref idref="fl-3"/>
      </object_component>
      <object_component id="oc-e2">
         <name>.debug_info</name>
         <load_address>0x9788</load_address>
         <run_address>0x9788</run_address>
         <size>0x2a1</size>
         <input_file_ref idref="fl-4"/>
      </object_component>
      <object_component id="oc-36">
         <name>.debug_info</name>
         <load_address>0x9a29</load_address>
         <run_address>0x9a29</run_address>
         <size>0x84</size>
         <input_file_ref idref="fl-4"/>
      </object_component>
      <object_component id="oc-2f">
         <name>.debug_info</name>
         <load_address>0x9aad</load_address>
         <run_address>0x9aad</run_address>
         <size>0x2d2</size>
         <input_file_ref idref="fl-5"/>
      </object_component>
      <object_component id="oc-13">
         <name>.debug_info</name>
         <load_address>0x9d7f</load_address>
         <run_address>0x9d7f</run_address>
         <size>0x111</size>
         <input_file_ref idref="fl-5"/>
      </object_component>
      <object_component id="oc-28">
         <name>.debug_info</name>
         <load_address>0x9e90</load_address>
         <run_address>0x9e90</run_address>
         <size>0x290</size>
         <input_file_ref idref="fl-5"/>
      </object_component>
      <object_component id="oc-1b0">
         <name>.debug_info</name>
         <load_address>0xa120</load_address>
         <run_address>0xa120</run_address>
         <size>0x9af</size>
         <input_file_ref idref="fl-7"/>
      </object_component>
      <object_component id="oc-305">
         <name>.debug_info</name>
         <load_address>0xaacf</load_address>
         <run_address>0xaacf</run_address>
         <size>0xfe</size>
         <input_file_ref idref="fl-7"/>
      </object_component>
      <object_component id="oc-e8">
         <name>.debug_info</name>
         <load_address>0xabcd</load_address>
         <run_address>0xabcd</run_address>
         <size>0xc48</size>
         <input_file_ref idref="fl-7"/>
      </object_component>
      <object_component id="oc-3c8">
         <name>.debug_info</name>
         <load_address>0xb815</load_address>
         <run_address>0xb815</run_address>
         <size>0x2ae</size>
         <input_file_ref idref="fl-c2"/>
      </object_component>
      <object_component id="oc-1e6">
         <name>.debug_info</name>
         <load_address>0xbac3</load_address>
         <run_address>0xbac3</run_address>
         <size>0x247</size>
         <input_file_ref idref="fl-c2"/>
      </object_component>
      <object_component id="oc-4cd">
         <name>.debug_info</name>
         <load_address>0xbd0a</load_address>
         <run_address>0xbd0a</run_address>
         <size>0x46</size>
         <input_file_ref idref="fl-c2"/>
      </object_component>
      <object_component id="oc-3bc">
         <name>.debug_info</name>
         <load_address>0xbd50</load_address>
         <run_address>0xbd50</run_address>
         <size>0x39</size>
         <input_file_ref idref="fl-c2"/>
      </object_component>
      <object_component id="oc-3f2">
         <name>.debug_info</name>
         <load_address>0xbd89</load_address>
         <run_address>0xbd89</run_address>
         <size>0x2ca</size>
         <input_file_ref idref="fl-c3"/>
      </object_component>
      <object_component id="oc-231">
         <name>.debug_info</name>
         <load_address>0xc053</load_address>
         <run_address>0xc053</run_address>
         <size>0x24e</size>
         <input_file_ref idref="fl-c3"/>
      </object_component>
      <object_component id="oc-4d9">
         <name>.debug_info</name>
         <load_address>0xc2a1</load_address>
         <run_address>0xc2a1</run_address>
         <size>0x2f7</size>
         <input_file_ref idref="fl-c4"/>
      </object_component>
      <object_component id="oc-3cf">
         <name>.debug_info</name>
         <load_address>0xc598</load_address>
         <run_address>0xc598</run_address>
         <size>0x131</size>
         <input_file_ref idref="fl-c4"/>
      </object_component>
      <object_component id="oc-1ee">
         <name>.debug_info</name>
         <load_address>0xc6c9</load_address>
         <run_address>0xc6c9</run_address>
         <size>0x4ac</size>
         <input_file_ref idref="fl-c4"/>
      </object_component>
      <object_component id="oc-3c5">
         <name>.debug_info</name>
         <load_address>0xcb75</load_address>
         <run_address>0xcb75</run_address>
         <size>0x366</size>
         <input_file_ref idref="fl-c5"/>
      </object_component>
      <object_component id="oc-1dc">
         <name>.debug_info</name>
         <load_address>0xcedb</load_address>
         <run_address>0xcedb</run_address>
         <size>0x79b</size>
         <input_file_ref idref="fl-c5"/>
      </object_component>
      <object_component id="oc-3bb">
         <name>.debug_info</name>
         <load_address>0xd676</load_address>
         <run_address>0xd676</run_address>
         <size>0x366</size>
         <input_file_ref idref="fl-c6"/>
      </object_component>
      <object_component id="oc-1c7">
         <name>.debug_info</name>
         <load_address>0xd9dc</load_address>
         <run_address>0xd9dc</run_address>
         <size>0x796</size>
         <input_file_ref idref="fl-c6"/>
      </object_component>
      <object_component id="oc-36f">
         <name>.debug_info</name>
         <load_address>0xe172</load_address>
         <run_address>0xe172</run_address>
         <size>0x333</size>
         <input_file_ref idref="fl-c7"/>
      </object_component>
      <object_component id="oc-16b">
         <name>.debug_info</name>
         <load_address>0xe4a5</load_address>
         <run_address>0xe4a5</run_address>
         <size>0x1d1</size>
         <input_file_ref idref="fl-c7"/>
      </object_component>
      <object_component id="oc-365">
         <name>.debug_info</name>
         <load_address>0xe676</load_address>
         <run_address>0xe676</run_address>
         <size>0x18d</size>
         <input_file_ref idref="fl-c7"/>
      </object_component>
      <object_component id="oc-36b">
         <name>.debug_info</name>
         <load_address>0xe803</load_address>
         <run_address>0xe803</run_address>
         <size>0x16d</size>
         <input_file_ref idref="fl-c7"/>
      </object_component>
      <object_component id="oc-561">
         <name>.debug_info</name>
         <load_address>0xe970</load_address>
         <run_address>0xe970</run_address>
         <size>0x2c</size>
         <input_file_ref idref="fl-c7"/>
      </object_component>
      <object_component id="oc-1d1">
         <name>.debug_info</name>
         <load_address>0xe99c</load_address>
         <run_address>0xe99c</run_address>
         <size>0x14c</size>
         <input_file_ref idref="fl-c8"/>
      </object_component>
      <object_component id="oc-1f2">
         <name>.debug_info</name>
         <load_address>0xeae8</load_address>
         <run_address>0xeae8</run_address>
         <size>0x128</size>
         <input_file_ref idref="fl-c9"/>
      </object_component>
      <object_component id="oc-3ca">
         <name>.debug_info</name>
         <load_address>0xec10</load_address>
         <run_address>0xec10</run_address>
         <size>0x12a</size>
         <input_file_ref idref="fl-c9"/>
      </object_component>
      <object_component id="oc-1e1">
         <name>.debug_info</name>
         <load_address>0xed3a</load_address>
         <run_address>0xed3a</run_address>
         <size>0x13a</size>
         <input_file_ref idref="fl-ca"/>
      </object_component>
      <object_component id="oc-1cc">
         <name>.debug_info</name>
         <load_address>0xee74</load_address>
         <run_address>0xee74</run_address>
         <size>0x13a</size>
         <input_file_ref idref="fl-cb"/>
      </object_component>
      <object_component id="oc-1d6">
         <name>.debug_info</name>
         <load_address>0xefae</load_address>
         <run_address>0xefae</run_address>
         <size>0x12e</size>
         <input_file_ref idref="fl-cc"/>
      </object_component>
      <object_component id="oc-1c1">
         <name>.debug_info</name>
         <load_address>0xf0dc</load_address>
         <run_address>0xf0dc</run_address>
         <size>0x12c</size>
         <input_file_ref idref="fl-cd"/>
      </object_component>
      <object_component id="oc-3c">
         <name>.debug_info</name>
         <load_address>0xf208</load_address>
         <run_address>0xf208</run_address>
         <size>0x119</size>
         <input_file_ref idref="fl-ce"/>
      </object_component>
      <object_component id="oc-8e">
         <name>.debug_info</name>
         <load_address>0xf321</load_address>
         <run_address>0xf321</run_address>
         <size>0x2d4</size>
         <input_file_ref idref="fl-cf"/>
      </object_component>
      <object_component id="oc-4e">
         <name>.debug_info</name>
         <load_address>0xf5f5</load_address>
         <run_address>0xf5f5</run_address>
         <size>0x1b5</size>
         <input_file_ref idref="fl-cf"/>
      </object_component>
      <object_component id="oc-89">
         <name>.debug_info</name>
         <load_address>0xf7aa</load_address>
         <run_address>0xf7aa</run_address>
         <size>0x46</size>
         <input_file_ref idref="fl-cf"/>
      </object_component>
[...]
      </symbol>
      <symbol id="sm-349">
         <name>getRelativeAbsoluteSetting</name>
         <value>0x53ef</value>
         <object_component_ref idref="oc-e7"/>
      </symbol>
      <symbol id="sm-34a">
         <name>getMaxArrowLength</name>
         <value>0x5409</value>
         <object_component_ref idref="oc-e7"/>
      </symbol>
      <symbol id="sm-34b">
         <name>prepareNextReceiveDMA</name>
         <value>0x5429</value>
         <object_component_ref idref="oc-e7"/>
      </symbol>
      <symbol id="sm-34c">
         <name>getUART0RxData</name>
         <value>0x53eb</value>
         <object_component_ref idref="oc-e7"/>
      </symbol>
      <symbol id="sm-38e">
         <name>atan2</name>
         <value>0x5e71</value>
         <object_component_ref idref="oc-1e5"/>
      </symbol>
      <symbol id="sm-38f">
         <name>atan2l</name>
         <value>0x5e71</value>
         <object_component_ref idref="oc-1e5"/>
      </symbol>
      <symbol id="sm-3b1">
         <name>sqrtl</name>
         <value>0x6839</value>
         <object_component_ref idref="oc-22d"/>
      </symbol>
      <symbol id="sm-3b2">
         <name>sqrt</name>
         <value>0x6839</value>
         <object_component_ref idref="oc-22d"/>
      </symbol>
      <symbol id="sm-3e8">
         <name>atanl</name>
         <value>0x5715</value>
         <object_component_ref idref="oc-1eb"/>
      </symbol>
      <symbol id="sm-3e9">
         <name>atan</name>
         <value>0x5715</value>
         <object_component_ref idref="oc-1eb"/>
      </symbol>
      <symbol id="sm-43a">
         <name>cosl</name>
         <value>0x4831</value>
         <object_component_ref idref="oc-1da"/>
      </symbol>
      <symbol id="sm-43b">
         <name>cos</name>
         <value>0x4831</value>
         <object_component_ref idref="oc-1da"/>
      </symbol>
      <symbol id="sm-487">
         <name>sin</name>
         <value>0x4e0d</value>
         <object_component_ref idref="oc-1c5"/>
      </symbol>
      <symbol id="sm-488">
         <name>sinl</name>
         <value>0x4e0d</value>
         <object_component_ref idref="oc-1c5"/>
      </symbol>
      <symbol id="sm-4af">
         <name>sprintf</name>
         <value>0x7c8d</value>
         <object_component_ref idref="oc-169"/>
      </symbol>
      <symbol id="sm-4c6">
         <name>__aeabi_dsub</name>
         <value>0x6219</value>
         <object_component_ref idref="oc-1d0"/>
      </symbol>
      <symbol id="sm-4c7">
         <name>__aeabi_dadd</name>
         <value>0x6223</value>
         <object_component_ref idref="oc-1d0"/>
      </symbol>
      <symbol id="sm-4e9">
         <name>__aeabi_cdcmpeq</name>
         <value>0x7341</value>
         <object_component_ref idref="oc-1f1"/>
      </symbol>
      <symbol id="sm-4ea">
         <name>__aeabi_cdcmple</name>
         <value>0x7341</value>
         <object_component_ref idref="oc-1f1"/>
      </symbol>
      <symbol id="sm-4eb">
         <name>__aeabi_cdrcmple</name>
         <value>0x73c7</value>
         <object_component_ref idref="oc-3c9"/>
      </symbol>
      <symbol id="sm-4ff">
         <name>__aeabi_ddiv</name>
         <value>0x6acd</value>
         <object_component_ref idref="oc-1e0"/>
      </symbol>
      <symbol id="sm-50a">
         <name>__aeabi_dmul</name>
         <value>0x6f69</value>
         <object_component_ref idref="oc-1cb"/>
      </symbol>
      <symbol id="sm-514">
         <name>__aeabi_d2iz</name>
         <value>0x7aed</value>
         <object_component_ref idref="oc-1d5"/>
      </symbol>
      <symbol id="sm-51e">
         <name>__aeabi_i2d</name>
         <value>0x7de1</value>
         <object_component_ref idref="oc-1c0"/>
      </symbol>
      <symbol id="sm-539">
         <name>memcpy</name>
         <value>0x720f</value>
         <object_component_ref idref="oc-3b"/>
      </symbol>
      <symbol id="sm-53a">
         <name>__aeabi_memcpy</name>
         <value>0x720f</value>
         <object_component_ref idref="oc-3b"/>
      </symbol>
      <symbol id="sm-53b">
         <name>__aeabi_memcpy8</name>
         <value>0x720f</value>
         <object_component_ref idref="oc-3b"/>
      </symbol>
      <symbol id="sm-53c">
         <name>__aeabi_memcpy4</name>
         <value>0x720f</value>
         <object_component_ref idref="oc-3b"/>
      </symbol>
      <symbol id="sm-54e">
         <name>__TI_zero_init</name>
         <value>0x811f</value>
         <object_component_ref idref="oc-4d"/>
      </symbol>
      <symbol id="sm-565">
         <name>__TI_decompress_none</name>
         <value>0x80f9</value>
         <object_component_ref idref="oc-1b"/>
      </symbol>
      <symbol id="sm-588">
         <name>__TI_decompress_lzss</name>
         <value>0x7695</value>
         <object_component_ref idref="oc-15"/>
      </symbol>
      <symbol id="sm-596">
         <name>strlen</name>
         <value>0x802d</value>
         <object_component_ref idref="oc-181"/>
      </symbol>
      <symbol id="sm-606">
         <name>__kernel_rem_pio2</name>
         <value>0x40f9</value>
         <object_component_ref idref="oc-3ae"/>
      </symbol>
      <symbol id="sm-61c">
         <name>__aeabi_errno_addr</name>
         <value>0x8185</value>
         <object_component_ref idref="oc-3eb"/>
      </symbol>
      <symbol id="sm-61d">
         <name>errno</name>
         <value>0x200050a4</value>
         <object_component_ref idref="oc-4df"/>
      </symbol>
      <symbol id="sm-630">
         <name>__stack</name>
         <value>0x20000270</value>
         <object_component_ref idref="oc-24"/>
      </symbol>
      <symbol id="sm-631">
         <name>_c_int00_noargs</name>
         <value>0x7dad</value>
         <object_component_ref idref="oc-59"/>
      </symbol>
      <symbol id="sm-647">
         <name>__kernel_cos</name>
         <value>0x66cd</value>
         <object_component_ref idref="oc-3b4"/>
      </symbol>
      <symbol id="sm-65e">
         <name>__kernel_sin</name>
         <value>0x6559</value>
         <object_component_ref idref="oc-3a8"/>
      </symbol>
      <symbol id="sm-67b">
         <name>floorl</name>
         <value>0x7065</value>
         <object_component_ref idref="oc-4b8"/>
      </symbol>
      <symbol id="sm-67c">
         <name>floor</name>
         <value>0x7065</value>
         <object_component_ref idref="oc-4b8"/>
      </symbol>
      <symbol id="sm-699">
         <name>scalbn</name>
         <value>0x6e59</value>
         <object_component_ref idref="oc-4b2"/>
      </symbol>
      <symbol id="sm-69a">
         <name>scalbnl</name>
         <value>0x6e59</value>
         <object_component_ref idref="oc-4b2"/>
      </symbol>
      <symbol id="sm-69b">
         <name>ldexpl</name>
         <value>0x6e59</value>
         <object_component_ref idref="oc-4b2"/>
      </symbol>
      <symbol id="sm-69c">
         <name>ldexp</name>
         <value>0x6e59</value>
         <object_component_ref idref="oc-4b2"/>
      </symbol>
      <symbol id="sm-6a6">
         <name>copysign</name>
         <value>0x7f2b</value>
         <object_component_ref idref="oc-572"/>
      </symbol>
      <symbol id="sm-6a7">
         <name>copysignl</name>
         <value>0x7f2b</value>
         <object_component_ref idref="oc-572"/>
      </symbol>
      <symbol id="sm-80c">
         <name>__TI_printfi</name>
         <value>0x2d6d</value>
         <object_component_ref idref="oc-35c"/>
      </symbol>
      <symbol id="sm-81b">
         <name>__aeabi_memset</name>
         <value>0x7545</value>
         <object_component_ref idref="oc-8f"/>
      </symbol>
      <symbol id="sm-81c">
         <name>memset</name>
         <value>0x754b</value>
         <object_component_ref idref="oc-8f"/>
      </symbol>
      <symbol id="sm-81d">
         <name>__aeabi_memset8</name>
         <value>0x7545</value>
         <object_component_ref idref="oc-8f"/>
      </symbol>
      <symbol id="sm-81e">
         <name>__aeabi_memset4</name>
         <value>0x7545</value>
         <object_component_ref idref="oc-8f"/>
      </symbol>
      <symbol id="sm-81f">
         <name>__aeabi_memclr8</name>
         <value>0x7543</value>
         <object_component_ref idref="oc-8f"/>
      </symbol>
      <symbol id="sm-820">
         <name>__aeabi_memclr4</name>
         <value>0x7543</value>
         <object_component_ref idref="oc-8f"/>
      </symbol>
      <symbol id="sm-821">
         <name>__aeabi_memclr</name>
         <value>0x7543</value>
         <object_component_ref idref="oc-8f"/>
      </symbol>
      <symbol id="sm-82e">
         <name>__aeabi_uldivmod</name>
         <value>0x72ab</value>
         <object_component_ref idref="oc-522"/>
      </symbol>
      <symbol id="sm-856">
         <name>__TI_auto_init_nobinit_nopinit</name>
         <value>0x7bc5</value>
         <object_component_ref idref="oc-112"/>
      </symbol>
      <symbol id="sm-860">
         <name>_system_pre_init</name>
         <value>0x81a7</value>
         <object_component_ref idref="oc-95"/>
      </symbol>
      <symbol id="sm-86c">
         <name>C$$EXIT</name>
         <value>0x81ab</value>
         <object_component_ref idref="oc-106"/>
      </symbol>
      <symbol id="sm-86d">
         <name>abort</name>
         <value>0x81ab</value>
         <object_component_ref idref="oc-106"/>
      </symbol>
      <symbol id="sm-87d">
         <name>__TI_ltoa</name>
         <value>0x787b</value>
         <object_component_ref idref="oc-528"/>
      </symbol>
      <symbol id="sm-894">
         <name>atoi</name>
         <value>0x7a59</value>
         <object_component_ref idref="oc-46e"/>
      </symbol>
      <symbol id="sm-89f">
         <name>_ctypes_</name>
         <value>0xa4b8</value>
         <object_component_ref idref="oc-51d"/>
      </symbol>
      <symbol id="sm-8af">
         <name>memccpy</name>
         <value>0x7f0f</value>
         <object_component_ref idref="oc-492"/>
      </symbol>
      <symbol id="sm-8bf">
         <name>strchr</name>
         <value>0x8003</value>
         <object_component_ref idref="oc-54f"/>
      </symbol>
      <symbol id="sm-8d5">
         <name>frexpl</name>
         <value>0x76fd</value>
         <object_component_ref idref="oc-549"/>
      </symbol>
      <symbol id="sm-8d6">
         <name>frexp</name>
         <value>0x76fd</value>
         <object_component_ref idref="oc-549"/>
      </symbol>
      <symbol id="sm-8ef">
         <name>wcslen</name>
         <value>0x8053</value>
         <object_component_ref idref="oc-498"/>
      </symbol>
      <symbol id="sm-8f9">
         <name>__aeabi_idiv0</name>
         <value>0x37bb</value>
         <object_component_ref idref="oc-59c"/>
      </symbol>
      <symbol id="sm-8fa">
         <name>__aeabi_ldiv0</name>
         <value>0x37bb</value>
         <object_component_ref idref="oc-59c"/>
      </symbol>
      <symbol id="sm-976">
         <name>ADCProcessorTrigger</name>
         <value>0x7f5d</value>
         <object_component_ref idref="oc-20f"/>
      </symbol>
      <symbol id="sm-977">
         <name>ADCSequenceEnable</name>
         <value>0x80b3</value>
         <object_component_ref idref="oc-242"/>
      </symbol>
      <symbol id="sm-978">
         <name>ADCSequenceConfigure</name>
         <value>0x7971</value>
         <object_component_ref idref="oc-236"/>
      </symbol>
      <symbol id="sm-979">
         <name>ADCIntEnable</name>
         <value>0x8065</value>
         <object_component_ref idref="oc-254"/>
      </symbol>
      <symbol id="sm-97a">
         <name>ADCSequenceStepConfigure</name>
         <value>0x74c9</value>
         <object_component_ref idref="oc-23c"/>
      </symbol>
      <symbol id="sm-97b">
         <name>ADCIntClear</name>
         <value>0x8145</value>
         <object_component_ref idref="oc-215"/>
      </symbol>
      <symbol id="sm-97c">
         <name>ADCHardwareOversampleConfigure</name>
         <value>0x80a5</value>
         <object_component_ref idref="oc-21b"/>
      </symbol>
      <symbol id="sm-97d">
         <name>ADCIntRegister</name>
         <value>0x7f45</value>
         <object_component_ref idref="oc-24e"/>
      </symbol>
      <symbol id="sm-97e">
         <name>ADCSequenceDataGet</name>
         <value>0x7ef1</value>
         <object_component_ref idref="oc-221"/>
      </symbol>
      <symbol id="sm-9c1">
         <name>GPIOPinConfigure</name>
         <value>0x79c1</value>
         <object_component_ref idref="oc-2d4"/>
      </symbol>
      <symbol id="sm-9c2">
         <name>GPIOPinTypeUART</name>
         <value>0x7fed</value>
         <object_component_ref idref="oc-2da"/>
      </symbol>
      <symbol id="sm-9c3">
         <name>GPIOPinTypeGPIOOutput</name>
         <value>0x7f75</value>
         <object_component_ref idref="oc-202"/>
      </symbol>
      <symbol id="sm-9c4">
         <name>GPIODirModeSet</name>
         <value>0x7e0f</value>
         <object_component_ref idref="oc-3db"/>
      </symbol>
      <symbol id="sm-9c5">
         <name>GPIOPinWrite</name>
         <value>0x818d</value>
         <object_component_ref idref="oc-f3"/>
      </symbol>
      <symbol id="sm-9c6">
         <name>GPIOPadConfigSet</name>
         <value>0x6c03</value>
         <object_component_ref idref="oc-3d5"/>
      </symbol>
      <symbol id="sm-a1a">
         <name>IntPrioritySet</name>
         <value>0x7e69</value>
         <object_component_ref idref="oc-248"/>
      </symbol>
      <symbol id="sm-a1b">
         <name>IntEnable</name>
         <value>0x762d</value>
         <object_component_ref idref="oc-25a"/>
      </symbol>
      <symbol id="sm-a1c">
         <name>IntRegister</name>
         <value>0x7d45</value>
         <object_component_ref idref="oc-401"/>
      </symbol>
      <symbol id="sm-a1d">
         <name>IntMasterDisable</name>
         <value>0x8075</value>
         <object_component_ref idref="oc-cf"/>
      </symbol>
      <symbol id="sm-a1e">
         <name>g_pfnRAMVectors</name>
         <value>0x20000000</value>
         <object_component_ref idref="oc-4eb"/>
      </symbol>
      <symbol id="sm-a1f">
         <name>IntMasterEnable</name>
         <value>0x8085</value>
         <object_component_ref idref="oc-ed"/>
      </symbol>
      <symbol id="sm-a9a">
         <name>SysCtlDelay</name>
         <value>0x8193</value>
         <object_component_ref idref="oc-208"/>
      </symbol>
      <symbol id="sm-a9b">
         <name>SysCtlPeripheralEnable</name>
         <value>0x7d79</value>
         <object_component_ref idref="oc-1f6"/>
      </symbol>
      <symbol id="sm-a9c">
         <name>SysCtlPeripheralReady</name>
         <value>0x7d0d</value>
         <object_component_ref idref="oc-1fc"/>
      </symbol>
      <symbol id="sm-a9d">
         <name>SysCtlClockFreqSet</name>
         <value>0x5c71</value>
         <object_component_ref idref="oc-c9"/>
      </symbol>
      <symbol id="sm-af8">
         <name>TimerLoadSet</name>
         <value>0x8041</value>
         <object_component_ref idref="oc-26d"/>
      </symbol>
      <symbol id="sm-af9">
         <name>TimerIntRegister</name>
         <value>0x7f8d</value>
         <object_component_ref idref="oc-279"/>
      </symbol>
      <symbol id="sm-afa">
         <name>TimerEnable</name>
         <value>0x80c1</value>
         <object_component_ref idref="oc-273"/>
      </symbol>
      <symbol id="sm-afb">
         <name>TimerIntEnable</name>
         <value>0x816d</value>
         <object_component_ref idref="oc-27f"/>
      </symbol>
      <symbol id="sm-afc">
         <name>TimerConfigure</name>
         <value>0x77c5</value>
         <object_component_ref idref="oc-267"/>
      </symbol>
      <symbol id="sm-afd">
         <name>TimerIntClear</name>
         <value>0x819f</value>
         <object_component_ref idref="oc-261"/>
      </symbol>
      <symbol id="sm-b8d">
         <name>UARTCharPutNonBlocking</name>
         <value>0x80dd</value>
         <object_component_ref idref="oc-29e"/>
      </symbol>
      <symbol id="sm-b8e">
         <name>UARTDMAEnable</name>
         <value>0x8175</value>
         <object_component_ref idref="oc-2f2"/>
      </symbol>
      <symbol id="sm-b8f">
         <name>UARTConfigSetExpClk</name>
         <value>0x7b7d</value>
         <object_component_ref idref="oc-2e0"/>
      </symbol>
      <symbol id="sm-b90">
         <name>UARTDisable</name>
         <value>0x7eb1</value>
         <object_component_ref idref="oc-42e"/>
      </symbol>
      <symbol id="sm-b91">
         <name>UARTIntEnable</name>
         <value>0x817d</value>
         <object_component_ref idref="oc-2fe"/>
      </symbol>
      <symbol id="sm-b92">
         <name>UARTCharsAvail</name>
         <value>0x80eb</value>
         <object_component_ref idref="oc-2aa"/>
      </symbol>
      <symbol id="sm-b93">
         <name>UARTCharGetNonBlocking</name>
         <value>0x80cf</value>
         <object_component_ref idref="oc-2a4"/>
      </symbol>
      <symbol id="sm-b94">
         <name>UARTEnable</name>
         <value>0x8019</value>
         <object_component_ref idref="oc-434"/>
      </symbol>
      <symbol id="sm-b95">
         <name>UARTFIFOEnable</name>
         <value>0x814f</value>
         <object_component_ref idref="oc-2e6"/>
      </symbol>
      <symbol id="sm-b96">
         <name>UARTIntClear</name>
         <value>0x81a3</value>
         <object_component_ref idref="oc-286"/>
      </symbol>
      <symbol id="sm-b97">
         <name>UARTIntStatus</name>
         <value>0x8159</value>
         <object_component_ref idref="oc-28c"/>
      </symbol>
      <symbol id="sm-b98">
         <name>UARTFIFOLevelSet</name>
         <value>0x8199</value>
         <object_component_ref idref="oc-2ec"/>
      </symbol>
      <symbol id="sm-b99">
         <name>UARTIntRegister</name>
         <value>0x7fa5</value>
         <object_component_ref idref="oc-2f8"/>
      </symbol>
      <symbol id="sm-c02">
         <name>uDMAChannelControlSet</name>
         <value>0x7e8d</value>
         <object_component_ref idref="oc-2c8"/>
      </symbol>
      <symbol id="sm-c03">
         <name>uDMAChannelAttributeEnable</name>
         <value>0x7c09</value>
         <object_component_ref idref="oc-2ce"/>
      </symbol>
      <symbol id="sm-c04">
         <name>uDMAChannelTransferSet</name>
         <value>0x744d</value>
         <object_component_ref idref="oc-292"/>
      </symbol>
      <symbol id="sm-c05">
         <name>uDMAChannelAssign</name>
         <value>0x7e3d</value>
         <object_component_ref idref="oc-2bc"/>
      </symbol>
      <symbol id="sm-c06">
         <name>uDMAEnable</name>
         <value>0x8095</value>
         <object_component_ref idref="oc-2b0"/>
      </symbol>
      <symbol id="sm-c07">
         <name>uDMAControlBaseSet</name>
         <value>0x8139</value>
         <object_component_ref idref="oc-2b6"/>
      </symbol>
      <symbol id="sm-c08">
         <name>uDMAChannelAttributeDisable</name>
         <value>0x7b35</value>
         <object_component_ref idref="oc-2c2"/>
      </symbol>
      <symbol id="sm-c09">
         <name>uDMAChannelEnable</name>
         <value>0x7fd5</value>
         <object_component_ref idref="oc-298"/>
      </symbol>
      <symbol id="sm-c1b">
         <name>CPUcpsie</name>
         <value>0x8113</value>
         <object_component_ref idref="oc-30a"/>
      </symbol>
      <symbol id="sm-c1c">
         <name>CPUcpsid</name>
         <value>0x8107</value>
         <object_component_ref idref="oc-162"/>
      </symbol>
      <symbol id="sm-c1d">
         <name>__TI_static_base__</name>
         <value>0x0</value>
      </symbol>
      <symbol id="sm-c20">
         <name>__mpu_init</name>
         <value>0x0</value>
      </symbol>
      <symbol id="sm-c21">
         <name>_system_post_cinit</name>
         <value>0x0</value>
      </symbol>
   </symbol_table>
   <title>Link successful</title>
</link_info>
