<?xml version="1.0" encoding="ISO-8859-1" ?>
<link_info>
   <banner>TI ARM Linker Unix v18.12.4.LTS</banner>
   <copyright>Copyright (c) 1996-2018 Texas Instruments Incorporated</copyright>
   <link_time>0x5e624f2f</link_time>
   <link_errors>0x0</link_errors>
   <output_file>BP_TMR_sensor_array.out</output_file>
   <entry_point>
      <name>_c_int00_noargs</name>
      <address>0x2bd9</address>
   </entry_point>
   <input_file_list>
      <input_file id="fl-1">
         <path>./</path>
         <kind>object</kind>
         <file>Interrupt_handler.obj</file>
         <name>Interrupt_handler.obj</name>
      </input_file>
      <input_file id="fl-2">
         <path>./</path>
         <kind>object</kind>
         <file>configuration.obj</file>
         <name>configuration.obj</name>
      </input_file>
      <input_file id="fl-3">
         <path>./</path>
         <kind>object</kind>
         <file>fonts.obj</file>
         <name>fonts.obj</name>
      </input_file>
      <input_file id="fl-4">
         <path>./</path>
         <kind>object</kind>
         <file>functions.obj</file>
         <name>functions.obj</name>
      </input_file>
      <input_file id="fl-5">
         <path>./</path>
         <kind>object</kind>
         <file>lcd_functions.obj</file>
         <name>lcd_functions.obj</name>
      </input_file>
      <input_file id="fl-6">
         <path>./</path>
         <kind>object</kind>
         <file>main.obj</file>
         <name>main.obj</name>
      </input_file>
      <input_file id="fl-7">
         <path>./</path>
         <kind>object</kind>
         <file>tm4c1294ncpdt_startup_ccs.obj</file>
         <name>tm4c1294ncpdt_startup_ccs.obj</name>
      </input_file>
      <input_file id="fl-c">
         <kind>object</kind>
         <file>&lt;internal&gt;</file>
         <name>&lt;internal&gt;</name>
      </input_file>
      <input_file id="fl-c2">
         <path>/home/ole/ccs930/ccs/tools/compiler/ti-cgt-arm_18.12.4.LTS/lib/</path>
         <kind>archive</kind>
         <file>rtsv7M4_T_le_v4SPD16_eabi.lib</file>
         <name>e_sqrt.c.obj</name>
      </input_file>
      <input_file id="fl-c3">
         <path>/home/ole/ccs930/ccs/tools/compiler/ti-cgt-arm_18.12.4.LTS/lib/</path>
         <kind>archive</kind>
         <file>rtsv7M4_T_le_v4SPD16_eabi.lib</file>
         <name>fd_add_t2.asm.obj</name>
      </input_file>
      <input_file id="fl-c4">
         <path>/home/ole/ccs930/ccs/tools/compiler/ti-cgt-arm_18.12.4.LTS/lib/</path>
         <kind>archive</kind>
         <file>rtsv7M4_T_le_v4SPD16_eabi.lib</file>
         <name>fd_cmp_t2.asm.obj</name>
      </input_file>
      <input_file id="fl-c5">
         <path>/home/ole/ccs930/ccs/tools/compiler/ti-cgt-arm_18.12.4.LTS/lib/</path>
         <kind>archive</kind>
         <file>rtsv7M4_T_le_v4SPD16_eabi.lib</file>
         <name>fd_div_t2.asm.obj</name>
      </input_file>
      <input_file id="fl-c6">
         <path>/home/ole/ccs930/ccs/tools/compiler/ti-cgt-arm_18.12.4.LTS/lib/</path>
         <kind>archive</kind>
         <file>rtsv7M4_T_le_v4SPD16_eabi.lib</file>
         <name>fd_mul_t2.asm.obj</name>
      </input_file>
      <input_file id="fl-c7">
         <path>/home/ole/ccs930/ccs/tools/compiler/ti-cgt-arm_18.12.4.LTS/lib/</path>
         <kind>archive</kind>
         <file>rtsv7M4_T_le_v4SPD16_eabi.lib</file>
         <name>fd_toi_t2.asm.obj</name>
      </input_file>
      <input_file id="fl-c8">
         <path>/home/ole/ccs930/ccs/tools/compiler/ti-cgt-arm_18.12.4.LTS/lib/</path>
         <kind>archive</kind>
         <file>rtsv7M4_T_le_v4SPD16_eabi.lib</file>
         <name>i_tofd_t2.asm.obj</name>
      </input_file>
      <input_file id="fl-c9">
         <path>/home/ole/ccs930/ccs/tools/compiler/ti-cgt-arm_18.12.4.LTS/lib/</path>
         <kind>archive</kind>
         <file>rtsv7M4_T_le_v4SPD16_eabi.lib</file>
         <name>copy_zero_init.c.obj</name>
      </input_file>
      <input_file id="fl-ca">
         <path>/home/ole/ccs930/ccs/tools/compiler/ti-cgt-arm_18.12.4.LTS/lib/</path>
         <kind>archive</kind>
         <file>rtsv7M4_T_le_v4SPD16_eabi.lib</file>
         <name>copy_decompress_none.c.obj</name>
      </input_file>
      <input_file id="fl-cb">
         <path>/home/ole/ccs930/ccs/tools/compiler/ti-cgt-arm_18.12.4.LTS/lib/</path>
         <kind>archive</kind>
         <file>rtsv7M4_T_le_v4SPD16_eabi.lib</file>
         <name>copy_decompress_lzss.c.obj</name>
      </input_file>
      <input_file id="fl-cc">
         <path>/home/ole/ccs930/ccs/tools/compiler/ti-cgt-arm_18.12.4.LTS/lib/</path>
         <kind>archive</kind>
         <file>rtsv7M4_T_le_v4SPD16_eabi.lib</file>
         <name>strlen.c.obj</name>
      </input_file>
      <input_file id="fl-cd">
         <path>/home/ole/ccs930/ccs/tools/compiler/ti-cgt-arm_18.12.4.LTS/lib/</path>
         <kind>archive</kind>
         <file>rtsv7M4_T_le_v4SPD16_eabi.lib</file>
         <name>boot_cortex_m.c.obj</name>
      </input_file>
      <input_file id="fl-ce">
         <path>/home/ole/ccs930/ccs/tools/compiler/ti-cgt-arm_18.12.4.LTS/lib/</path>
         <kind>archive</kind>
         <file>rtsv7M4_T_le_v4SPD16_eabi.lib</file>
         <name>errno.c.obj</name>
      </input_file>
      <input_file id="fl-cf">
         <path>/home/ole/ccs930/ccs/tools/compiler/ti-cgt-arm_18.12.4.LTS/lib/</path>
         <kind>archive</kind>
         <file>rtsv7M4_T_le_v4SPD16_eabi.lib</file>
         <name>memcpy_t2.asm.obj</name>
      </input_file>
      <input_file id="fl-d0">
         <path>/home/ole/ccs930/ccs/tools/compiler/ti-cgt-arm_18.12.4.LTS/lib/</path>
         <kind>archive</kind>
         <file>rtsv7M4_T_le_v4SPD16_eabi.lib</file>
         <name>memset_t2.asm.obj</name>
      </input_file>
      <input_file id="fl-d1">
         <path>/home/ole/ccs930/ccs/tools/compiler/ti-cgt-arm_18.12.4.LTS/lib/</path>
         <kind>archive</kind>
         <file>rtsv7M4_T_le_v4SPD16_eabi.lib</file>
         <name>autoinit.c.obj</name>
      </input_file>
      <input_file id="fl-d2">
         <path>/home/ole/ccs930/ccs/tools/compiler/ti-cgt-arm_18.12.4.LTS/lib/</path>
         <kind>archive</kind>
         <file>rtsv7M4_T_le_v4SPD16_eabi.lib</file>
         <name>pre_init.c.obj</name>
      </input_file>
      <input_file id="fl-d3">
         <path>/home/ole/ccs930/ccs/tools/compiler/ti-cgt-arm_18.12.4.LTS/lib/</path>
         <kind>archive</kind>
         <file>rtsv7M4_T_le_v4SPD16_eabi.lib</file>
         <name>cpy_tbl.c.obj</name>
      </input_file>
      <input_file id="fl-d4">
         <path>/home/ole/ccs930/ccs/tools/compiler/ti-cgt-arm_18.12.4.LTS/lib/</path>
         <kind>archive</kind>
         <file>rtsv7M4_T_le_v4SPD16_eabi.lib</file>
         <name>exit.c.obj</name>
      </input_file>
      <input_file id="fl-d5">
         <path>/home/ole/ccs930/ccs/tools/compiler/ti-cgt-arm_18.12.4.LTS/lib/</path>
         <kind>archive</kind>
         <file>rtsv7M4_T_le_v4SPD16_eabi.lib</file>
         <name>_lock.c.obj</name>
      </input_file>
      <input_file id="fl-d6">
         <path>/home/ole/ccs930/ccs/tools/compiler/ti-cgt-arm_18.12.4.LTS/lib/</path>
         <kind>archive</kind>
         <file>rtsv7M4_T_le_v4SPD16_eabi.lib</file>
         <name>args_main.c.obj</name>
      </input_file>
      <input_file id="fl-d7">
         <path>/home/ole/ccs930/TivaWare_C_Series-2.1.4.178/driverlib/ccs/Debug/</path>
         <kind>archive</kind>
         <file>driverlib.lib</file>
         <name>adc.obj</name>
      </input_file>
      <input_file id="fl-d8">
         <path>/home/ole/ccs930/TivaWare_C_Series-2.1.4.178/driverlib/ccs/Debug/</path>
         <kind>archive</kind>
         <file>driverlib.lib</file>
         <name>gpio.obj</name>
      </input_file>
      <input_file id="fl-d9">
         <path>/home/ole/ccs930/TivaWare_C_Series-2.1.4.178/driverlib/ccs/Debug/</path>
         <kind>archive</kind>
         <file>driverlib.lib</file>
         <name>interrupt.obj</name>
      </input_file>
      <input_file id="fl-da">
         <path>/home/ole/ccs930/TivaWare_C_Series-2.1.4.178/driverlib/ccs/Debug/</path>
         <kind>archive</kind>
         <file>driverlib.lib</file>
         <name>sysctl.obj</name>
      </input_file>
      <input_file id="fl-db">
         <path>/home/ole/ccs930/TivaWare_C_Series-2.1.4.178/driverlib/ccs/Debug/</path>
         <kind>archive</kind>
         <file>driverlib.lib</file>
         <name>timer.obj</name>
      </input_file>
      <input_file id="fl-dc">
         <path>/home/ole/ccs930/TivaWare_C_Series-2.1.4.178/driverlib/ccs/Debug/</path>
         <kind>archive</kind>
         <file>driverlib.lib</file>
         <name>uart.obj</name>
      </input_file>
      <input_file id="fl-dd">
         <path>/home/ole/ccs930/TivaWare_C_Series-2.1.4.178/driverlib/ccs/Debug/</path>
         <kind>archive</kind>
         <file>driverlib.lib</file>
         <name>cpu.obj</name>
      </input_file>
   </input_file_list>
   <object_component_list>
      <object_component id="oc-f">
         <name>.intvecs</name>
         <load_address>0x0</load_address>
         <run_address>0x0</run_address>
         <size>0x208</size>
         <input_file_ref idref="fl-7"/>
      </object_component>
      <object_component id="oc-d8">
         <name>.text</name>
         <load_address>0x208</load_address>
         <run_address>0x208</run_address>
         <size>0xdec</size>
         <input_file_ref idref="fl-5"/>
      </object_component>
      <object_component id="oc-2af">
         <name>.text</name>
         <load_address>0xff4</load_address>
         <run_address>0xff4</run_address>
         <size>0x6a0</size>
         <input_file_ref idref="fl-4"/>
      </object_component>
      <object_component id="oc-d2">
         <name>.text</name>
         <load_address>0x1694</load_address>
         <run_address>0x1694</run_address>
         <size>0x508</size>
         <input_file_ref idref="fl-2"/>
      </object_component>
      <object_component id="oc-c6">
         <name>.text:SysCtlClockFreqSet</name>
         <load_address>0x1b9c</load_address>
         <run_address>0x1b9c</run_address>
         <size>0x200</size>
         <input_file_ref idref="fl-da"/>
      </object_component>
      <object_component id="oc-20b">
         <name>.text</name>
         <load_address>0x1d9c</load_address>
         <run_address>0x1d9c</run_address>
         <size>0x1b6</size>
         <input_file_ref idref="fl-c3"/>
      </object_component>
      <object_component id="oc-36f">
         <name>.text:sqrt</name>
         <load_address>0x1f54</load_address>
         <run_address>0x1f54</run_address>
         <size>0x158</size>
         <input_file_ref idref="fl-c2"/>
      </object_component>
      <object_component id="oc-1cf">
         <name>.text</name>
         <load_address>0x20ac</load_address>
         <run_address>0x20ac</run_address>
         <size>0x154</size>
         <input_file_ref idref="fl-1"/>
      </object_component>
      <object_component id="oc-201">
         <name>.text</name>
         <load_address>0x2200</load_address>
         <run_address>0x2200</run_address>
         <size>0x136</size>
         <input_file_ref idref="fl-c5"/>
      </object_component>
      <object_component id="oc-26d">
         <name>.text:GPIOPadConfigSet</name>
         <load_address>0x2336</load_address>
         <run_address>0x2336</run_address>
         <size>0x132</size>
         <input_file_ref idref="fl-d8"/>
      </object_component>
      <object_component id="oc-3ac">
         <name>.text</name>
         <load_address>0x2468</load_address>
         <run_address>0x2468</run_address>
         <size>0xfc</size>
         <input_file_ref idref="fl-c6"/>
      </object_component>
      <object_component id="oc-38">
         <name>.text</name>
         <load_address>0x2564</load_address>
         <run_address>0x2564</run_address>
         <size>0x9c</size>
         <input_file_ref idref="fl-cf"/>
      </object_component>
      <object_component id="oc-206">
         <name>.text:__aeabi_cdcmple</name>
         <load_address>0x2600</load_address>
         <run_address>0x2600</run_address>
         <size>0x86</size>
         <input_file_ref idref="fl-c4"/>
      </object_component>
      <object_component id="oc-162">
         <name>.text:ADCSequenceStepConfigure</name>
         <load_address>0x2686</load_address>
         <run_address>0x2686</run_address>
         <size>0x7a</size>
         <input_file_ref idref="fl-d7"/>
      </object_component>
      <object_component id="oc-8c">
         <name>.text</name>
         <load_address>0x2700</load_address>
         <run_address>0x2700</run_address>
         <size>0x7a</size>
         <input_file_ref idref="fl-d0"/>
      </object_component>
      <object_component id="oc-1a4">
         <name>.text:IntEnable</name>
         <load_address>0x277c</load_address>
         <run_address>0x277c</run_address>
         <size>0x68</size>
         <input_file_ref idref="fl-d9"/>
      </object_component>
      <object_component id="oc-12">
         <name>.text:decompress:lzss:__TI_decompress_lzss</name>
         <load_address>0x27e4</load_address>
         <run_address>0x27e4</run_address>
         <size>0x68</size>
         <input_file_ref idref="fl-cb"/>
      </object_component>
      <object_component id="oc-1b0">
         <name>.text:TimerConfigure</name>
         <load_address>0x284c</load_address>
         <run_address>0x284c</run_address>
         <size>0x60</size>
         <input_file_ref idref="fl-db"/>
      </object_component>
      <object_component id="oc-15c">
         <name>.text:ADCSequenceConfigure</name>
         <load_address>0x28ac</load_address>
         <run_address>0x28ac</run_address>
         <size>0x4e</size>
         <input_file_ref idref="fl-d7"/>
      </object_component>
      <object_component id="oc-16e">
         <name>.text:GPIOPinConfigure</name>
         <load_address>0x28fc</load_address>
         <run_address>0x28fc</run_address>
         <size>0x4c</size>
         <input_file_ref idref="fl-d8"/>
      </object_component>
      <object_component id="oc-2a1">
         <name>.text:_TimerIntNumberGet</name>
         <load_address>0x2948</load_address>
         <run_address>0x2948</run_address>
         <size>0x4c</size>
         <input_file_ref idref="fl-db"/>
      </object_component>
      <object_component id="oc-133">
         <name>.text:_SysCtlFrequencyGet</name>
         <load_address>0x2994</load_address>
         <run_address>0x2994</run_address>
         <size>0x48</size>
         <input_file_ref idref="fl-da"/>
      </object_component>
      <object_component id="oc-98">
         <name>.text</name>
         <load_address>0x29dc</load_address>
         <run_address>0x29dc</run_address>
         <size>0x48</size>
         <input_file_ref idref="fl-6"/>
      </object_component>
      <object_component id="oc-375">
         <name>.text</name>
         <load_address>0x2a24</load_address>
         <run_address>0x2a24</run_address>
         <size>0x48</size>
         <input_file_ref idref="fl-c7"/>
      </object_component>
      <object_component id="oc-17a">
         <name>.text:UARTConfigSetExpClk</name>
         <load_address>0x2a6c</load_address>
         <run_address>0x2a6c</run_address>
         <size>0x46</size>
         <input_file_ref idref="fl-dc"/>
      </object_component>
      <object_component id="oc-f9">
         <name>.text:__TI_auto_init_nobinit_nopinit:__TI_auto_init_nobinit_nopinit</name>
         <load_address>0x2ab4</load_address>
         <run_address>0x2ab4</run_address>
         <size>0x44</size>
         <input_file_ref idref="fl-d1"/>
      </object_component>
      <object_component id="oc-28b">
         <name>.text:_UARTIntNumberGet</name>
         <load_address>0x2af8</load_address>
         <run_address>0x2af8</run_address>
         <size>0x40</size>
         <input_file_ref idref="fl-dc"/>
      </object_component>
      <object_component id="oc-156">
         <name>.text:SysCtlPeripheralReady</name>
         <load_address>0x2b38</load_address>
         <run_address>0x2b38</run_address>
         <size>0x38</size>
         <input_file_ref idref="fl-da"/>
      </object_component>
      <object_component id="oc-291">
         <name>.text:IntRegister</name>
         <load_address>0x2b70</load_address>
         <run_address>0x2b70</run_address>
         <size>0x34</size>
         <input_file_ref idref="fl-d9"/>
      </object_component>
      <object_component id="oc-150">
         <name>.text:SysCtlPeripheralEnable</name>
         <load_address>0x2ba4</load_address>
         <run_address>0x2ba4</run_address>
         <size>0x34</size>
         <input_file_ref idref="fl-da"/>
      </object_component>
      <object_component id="oc-56">
         <name>.text:_c_int00_noargs:_c_int00_noargs</name>
         <load_address>0x2bd8</load_address>
         <run_address>0x2bd8</run_address>
         <size>0x34</size>
         <input_file_ref idref="fl-cd"/>
      </object_component>
      <object_component id="oc-358">
         <name>.text:ADCIntStatus</name>
         <load_address>0x2c0c</load_address>
         <run_address>0x2c0c</run_address>
         <size>0x2e</size>
         <input_file_ref idref="fl-d7"/>
      </object_component>
      <object_component id="oc-1fc">
         <name>.text</name>
         <load_address>0x2c3a</load_address>
         <run_address>0x2c3a</run_address>
         <size>0x2e</size>
         <input_file_ref idref="fl-c8"/>
      </object_component>
      <object_component id="oc-267">
         <name>.text:GPIODirModeSet</name>
         <load_address>0x2c68</load_address>
         <run_address>0x2c68</run_address>
         <size>0x2c</size>
         <input_file_ref idref="fl-d8"/>
      </object_component>
      <object_component id="oc-186">
         <name>.text:IntPrioritySet</name>
         <load_address>0x2c94</load_address>
         <run_address>0x2c94</run_address>
         <size>0x24</size>
         <input_file_ref idref="fl-d9"/>
      </object_component>
      <object_component id="oc-274">
         <name>.text:UARTDisable</name>
         <load_address>0x2cb8</load_address>
         <run_address>0x2cb8</run_address>
         <size>0x20</size>
         <input_file_ref idref="fl-dc"/>
      </object_component>
      <object_component id="oc-12d">
         <name>.text:_SysCtlMemTimingGet</name>
         <load_address>0x2cd8</load_address>
         <run_address>0x2cd8</run_address>
         <size>0x20</size>
         <input_file_ref idref="fl-da"/>
      </object_component>
      <object_component id="oc-364">
         <name>.text:ADCSequenceDataGet</name>
         <load_address>0x2cf8</load_address>
         <run_address>0x2cf8</run_address>
         <size>0x1e</size>
         <input_file_ref idref="fl-d7"/>
      </object_component>
      <object_component id="oc-352">
         <name>.text:ADCProcessorTrigger</name>
         <load_address>0x2d16</load_address>
         <run_address>0x2d16</run_address>
         <size>0x18</size>
         <input_file_ref idref="fl-d7"/>
      </object_component>
      <object_component id="oc-1aa">
         <name>.text:GPIOPinTypeGPIOOutput</name>
         <load_address>0x2d2e</load_address>
         <run_address>0x2d2e</run_address>
         <size>0x18</size>
         <input_file_ref idref="fl-d8"/>
      </object_component>
      <object_component id="oc-2d3">
         <name>.text:TimerDisable</name>
         <load_address>0x2d48</load_address>
         <run_address>0x2d48</run_address>
         <size>0x18</size>
         <input_file_ref idref="fl-db"/>
      </object_component>
      <object_component id="oc-1c2">
         <name>.text:TimerIntRegister</name>
         <load_address>0x2d60</load_address>
         <run_address>0x2d60</run_address>
         <size>0x18</size>
         <input_file_ref idref="fl-db"/>
      </object_component>
      <object_component id="oc-19e">
         <name>.text:UARTIntRegister</name>
         <load_address>0x2d78</load_address>
         <run_address>0x2d78</run_address>
         <size>0x18</size>
         <input_file_ref idref="fl-dc"/>
      </object_component>
      <object_component id="oc-174">
         <name>.text:GPIOPinTypeUART</name>
         <load_address>0x2d90</load_address>
         <run_address>0x2d90</run_address>
         <size>0x16</size>
         <input_file_ref idref="fl-d8"/>
      </object_component>
      <object_component id="oc-27a">
         <name>.text:UARTEnable</name>
         <load_address>0x2da6</load_address>
         <run_address>0x2da6</run_address>
         <size>0x14</size>
         <input_file_ref idref="fl-dc"/>
      </object_component>
      <object_component id="oc-1d6">
         <name>.text:strlen</name>
         <load_address>0x2dba</load_address>
         <run_address>0x2dba</run_address>
         <size>0x14</size>
         <input_file_ref idref="fl-cc"/>
      </object_component>
      <object_component id="oc-1b6">
         <name>.text:TimerLoadSet</name>
         <load_address>0x2dce</load_address>
         <run_address>0x2dce</run_address>
         <size>0x12</size>
         <input_file_ref idref="fl-db"/>
      </object_component>
      <object_component id="oc-cc">
         <name>.text:IntMasterDisable</name>
         <load_address>0x2de0</load_address>
         <run_address>0x2de0</run_address>
         <size>0x10</size>
         <input_file_ref idref="fl-d9"/>
      </object_component>
      <object_component id="oc-de">
         <name>.text:IntMasterEnable</name>
         <load_address>0x2df0</load_address>
         <run_address>0x2df0</run_address>
         <size>0x10</size>
         <input_file_ref idref="fl-d9"/>
      </object_component>
      <object_component id="oc-168">
         <name>.text:ADCSequenceEnable</name>
         <load_address>0x2e00</load_address>
         <run_address>0x2e00</run_address>
         <size>0xe</size>
         <input_file_ref idref="fl-d7"/>
      </object_component>
      <object_component id="oc-1bc">
         <name>.text:TimerEnable</name>
         <load_address>0x2e0e</load_address>
         <run_address>0x2e0e</run_address>
         <size>0xe</size>
         <input_file_ref idref="fl-db"/>
      </object_component>
      <object_component id="oc-2b5">
         <name>.text:UARTCharPutNonBlocking</name>
         <load_address>0x2e1c</load_address>
         <run_address>0x2e1c</run_address>
         <size>0xe</size>
         <input_file_ref idref="fl-dc"/>
      </object_component>
      <object_component id="oc-2cd">
         <name>.text:UARTCharsAvail</name>
         <load_address>0x2e2a</load_address>
         <run_address>0x2e2a</run_address>
         <size>0xe</size>
         <input_file_ref idref="fl-dc"/>
      </object_component>
      <object_component id="oc-18">
         <name>.text:decompress:none:__TI_decompress_none</name>
         <load_address>0x2e38</load_address>
         <run_address>0x2e38</run_address>
         <size>0xe</size>
         <input_file_ref idref="fl-ca"/>
      </object_component>
      <object_component id="oc-149">
         <name>.text:CPUcpsid</name>
         <load_address>0x2e46</load_address>
         <run_address>0x2e46</run_address>
         <size>0xc</size>
         <input_file_ref idref="fl-dd"/>
      </object_component>
      <object_component id="oc-211">
         <name>.text:CPUcpsie</name>
         <load_address>0x2e52</load_address>
         <run_address>0x2e52</run_address>
         <size>0xc</size>
         <input_file_ref idref="fl-dd"/>
      </object_component>
      <object_component id="oc-198">
         <name>.text:UARTTxIntModeSet</name>
         <load_address>0x2e5e</load_address>
         <run_address>0x2e5e</run_address>
         <size>0xc</size>
         <input_file_ref idref="fl-dc"/>
      </object_component>
      <object_component id="oc-4a">
         <name>.text:decompress:ZI:__TI_zero_init</name>
         <load_address>0x2e6a</load_address>
         <run_address>0x2e6a</run_address>
         <size>0xc</size>
         <input_file_ref idref="fl-c9"/>
      </object_component>
      <object_component id="oc-24">
         <name>.text</name>
         <load_address>0x2e76</load_address>
         <run_address>0x2e76</run_address>
         <size>0xc</size>
         <input_file_ref idref="fl-7"/>
      </object_component>
      <object_component id="oc-35e">
         <name>.text:ADCIntClear</name>
         <load_address>0x2e82</load_address>
         <run_address>0x2e82</run_address>
         <size>0xa</size>
         <input_file_ref idref="fl-d7"/>
      </object_component>
      <object_component id="oc-2c7">
         <name>.text:UARTCharGet</name>
         <load_address>0x2e8c</load_address>
         <run_address>0x2e8c</run_address>
         <size>0xa</size>
         <input_file_ref idref="fl-dc"/>
      </object_component>
      <object_component id="oc-2d9">
         <name>.text:UARTFIFODisable</name>
         <load_address>0x2e96</load_address>
         <run_address>0x2e96</run_address>
         <size>0xa</size>
         <input_file_ref idref="fl-dc"/>
      </object_component>
      <object_component id="oc-180">
         <name>.text:UARTFIFOEnable</name>
         <load_address>0x2ea0</load_address>
         <run_address>0x2ea0</run_address>
         <size>0xa</size>
         <input_file_ref idref="fl-dc"/>
      </object_component>
      <object_component id="oc-2bb">
         <name>.text:UARTIntStatus</name>
         <load_address>0x2eaa</load_address>
         <run_address>0x2eaa</run_address>
         <size>0xa</size>
         <input_file_ref idref="fl-dc"/>
      </object_component>
      <object_component id="oc-1c8">
         <name>.text:TimerIntEnable</name>
         <load_address>0x2eb4</load_address>
         <run_address>0x2eb4</run_address>
         <size>0x8</size>
         <input_file_ref idref="fl-db"/>
      </object_component>
      <object_component id="oc-18c">
         <name>.text:UARTIntEnable</name>
         <load_address>0x2ebc</load_address>
         <run_address>0x2ebc</run_address>
         <size>0x8</size>
         <input_file_ref idref="fl-dc"/>
      </object_component>
      <object_component id="oc-3b1">
         <name>.text:__aeabi_errno_addr</name>
         <load_address>0x2ec4</load_address>
         <run_address>0x2ec4</run_address>
         <size>0x8</size>
         <input_file_ref idref="fl-ce"/>
      </object_component>
      <object_component id="oc-34c">
         <name>.text:GPIOPinWrite</name>
         <load_address>0x2ecc</load_address>
         <run_address>0x2ecc</run_address>
         <size>0x6</size>
         <input_file_ref idref="fl-d8"/>
      </object_component>
      <object_component id="oc-1ce">
         <name>.text:SysCtlDelay</name>
         <load_address>0x2ed2</load_address>
         <run_address>0x2ed2</run_address>
         <size>0x6</size>
         <input_file_ref idref="fl-da"/>
      </object_component>
      <object_component id="oc-192">
         <name>.text:UARTFIFOLevelSet</name>
         <load_address>0x2ed8</load_address>
         <run_address>0x2ed8</run_address>
         <size>0x6</size>
         <input_file_ref idref="fl-dc"/>
      </object_component>
      <object_component id="oc-2a9">
         <name>.text:TimerIntClear</name>
         <load_address>0x2ede</load_address>
         <run_address>0x2ede</run_address>
         <size>0x4</size>
         <input_file_ref idref="fl-db"/>
      </object_component>
      <object_component id="oc-2c1">
         <name>.text:UARTIntClear</name>
         <load_address>0x2ee2</load_address>
         <run_address>0x2ee2</run_address>
         <size>0x4</size>
         <input_file_ref idref="fl-dc"/>
      </object_component>
      <object_component id="oc-92">
         <name>.text:_system_pre_init</name>
         <load_address>0x2ee6</load_address>
         <run_address>0x2ee6</run_address>
         <size>0x4</size>
         <input_file_ref idref="fl-d2"/>
      </object_component>
      <object_component id="oc-ed">
         <name>.text:abort:abort</name>
         <load_address>0x2eea</load_address>
         <run_address>0x2eea</run_address>
         <size>0x4</size>
         <input_file_ref idref="fl-d4"/>
      </object_component>
      <object_component id="oc-1df">
         <name>.const:font_12_16</name>
         <load_address>0x2ef0</load_address>
         <run_address>0x2ef0</run_address>
         <size>0x2000</size>
         <input_file_ref idref="fl-3"/>
      </object_component>
      <object_component id="oc-13c">
         <name>.const:g_pppui32XTALtoVCO</name>
         <load_address>0x4ef0</load_address>
         <run_address>0x4ef0</run_address>
         <size>0x1b0</size>
         <input_file_ref idref="fl-da"/>
      </object_component>
      <object_component id="oc-283">
         <name>.const:g_pui32Regs</name>
         <load_address>0x50a0</load_address>
         <run_address>0x50a0</run_address>
         <size>0x9c</size>
         <input_file_ref idref="fl-d9"/>
      </object_component>
      <object_component id="oc-262">
         <name>.const:g_pui32GPIOBaseAddrs</name>
         <load_address>0x513c</load_address>
         <run_address>0x513c</run_address>
         <size>0x90</size>
         <input_file_ref idref="fl-d8"/>
      </object_component>
      <object_component id="oc-139">
         <name>.const:g_pui32Xtals</name>
         <load_address>0x51cc</load_address>
         <run_address>0x51cc</run_address>
         <size>0x6c</size>
         <input_file_ref idref="fl-da"/>
      </object_component>
      <object_component id="oc-344">
         <name>.const:g_ppui32TimerIntMap</name>
         <load_address>0x5238</load_address>
         <run_address>0x5238</run_address>
         <size>0x60</size>
         <input_file_ref idref="fl-db"/>
      </object_component>
      <object_component id="oc-347">
         <name>.const:g_ppui32TimerIntMapSnowflake</name>
         <load_address>0x5298</load_address>
         <run_address>0x5298</run_address>
         <size>0x40</size>
         <input_file_ref idref="fl-db"/>
      </object_component>
      <object_component id="oc-335">
         <name>.const:g_ppui32UARTIntMap</name>
         <load_address>0x52d8</load_address>
         <run_address>0x52d8</run_address>
         <size>0x40</size>
         <input_file_ref idref="fl-dc"/>
      </object_component>
      <object_component id="oc-338">
         <name>.const:g_ppui32UARTIntMapSnowflake</name>
         <load_address>0x5318</load_address>
         <run_address>0x5318</run_address>
         <size>0x40</size>
         <input_file_ref idref="fl-dc"/>
      </object_component>
      <object_component id="oc-23b">
         <name>.const:g_sXTALtoMEMTIM</name>
         <load_address>0x5358</load_address>
         <run_address>0x5358</run_address>
         <size>0x30</size>
         <input_file_ref idref="fl-da"/>
      </object_component>
      <object_component id="oc-298">
         <name>.const:g_pui32EnRegs</name>
         <load_address>0x5388</load_address>
         <run_address>0x5388</run_address>
         <size>0x14</size>
         <input_file_ref idref="fl-d9"/>
      </object_component>
      <object_component id="oc-13f">
         <name>.const:g_pui32VCOFrequencies</name>
         <load_address>0x539c</load_address>
         <run_address>0x539c</run_address>
         <size>0x8</size>
         <input_file_ref idref="fl-da"/>
      </object_component>
      <object_component id="oc-1f6">
         <name>.const:$P$T11$5</name>
         <load_address>0x53a4</load_address>
         <run_address>0x53a4</run_address>
         <size>0x4</size>
         <input_file_ref idref="fl-5"/>
      </object_component>
      <object_component id="oc-1f9">
         <name>.const:$P$T12$6</name>
         <load_address>0x53a8</load_address>
         <run_address>0x53a8</run_address>
         <size>0x4</size>
         <input_file_ref idref="fl-5"/>
      </object_component>
      <object_component id="oc-1e2">
         <name>.const:$P$T2$1</name>
         <load_address>0x53ac</load_address>
         <run_address>0x53ac</run_address>
         <size>0x4</size>
         <input_file_ref idref="fl-5"/>
      </object_component>
      <object_component id="oc-e4">
         <name>.const:$P$T2$1</name>
         <load_address>0x53b0</load_address>
         <run_address>0x53b0</run_address>
         <size>0x4</size>
         <input_file_ref idref="fl-6"/>
      </object_component>
      <object_component id="oc-1e9">
         <name>.const:$P$T6$2</name>
         <load_address>0x53b4</load_address>
         <run_address>0x53b4</run_address>
         <size>0x4</size>
         <input_file_ref idref="fl-5"/>
      </object_component>
      <object_component id="oc-1ec">
         <name>.const:$P$T7$3</name>
         <load_address>0x53b8</load_address>
         <run_address>0x53b8</run_address>
         <size>0x4</size>
         <input_file_ref idref="fl-5"/>
      </object_component>
      <object_component id="oc-1ef">
         <name>.const:$P$T8$4</name>
         <load_address>0x53bc</load_address>
         <run_address>0x53bc</run_address>
         <size>0x4</size>
         <input_file_ref idref="fl-5"/>
      </object_component>
      <object_component id="oc-3f7">
         <name>__TI_handler_table</name>
         <load_address>0x53c0</load_address>
         <run_address>0x53c0</run_address>
         <size>0xc</size>
      </object_component>
      <object_component id="oc-3fb">
         <name>.cinit..bss.load</name>
         <load_address>0x53d0</load_address>
         <run_address>0x53d0</run_address>
         <size>0x8</size>
      </object_component>
      <object_component id="oc-3f9">
         <name>.cinit..vtable.load</name>
         <load_address>0x53d8</load_address>
         <run_address>0x53d8</run_address>
         <size>0x8</size>
      </object_component>
      <object_component id="oc-3fa">
         <name>.cinit..data.load</name>
         <load_address>0x53e0</load_address>
         <run_address>0x53e0</run_address>
         <size>0x7</size>
      </object_component>
      <object_component id="oc-3f8">
         <name>__TI_cinit_table</name>
         <load_address>0x53e8</load_address>
         <run_address>0x53e8</run_address>
         <size>0x18</size>
      </object_component>
      <object_component id="oc-33c">
         <name>.vtable</name>
         <uninitialized>true</uninitialized>
         <run_address>0x20000000</run_address>
         <size>0x26c</size>
         <input_file_ref idref="fl-d9"/>
      </object_component>
      <object_component id="oc-2df">
         <name>.data</name>
         <load_address>0x200057d4</load_address>
         <run_address>0x200057d4</run_address>
         <size>0x8</size>
         <input_file_ref idref="fl-1"/>
      </object_component>
      <object_component id="oc-1dc">
         <name>.data</name>
         <load_address>0x200057e0</load_address>
         <run_address>0x200057e0</run_address>
         <size>0x2</size>
         <input_file_ref idref="fl-5"/>
      </object_component>
      <object_component id="oc-3c0">
         <name>.data</name>
         <load_address>0x200057dc</load_address>
         <run_address>0x200057dc</run_address>
         <size>0x4</size>
         <input_file_ref idref="fl-ce"/>
      </object_component>
      <object_component id="oc-2e2">
         <name>.common:ucPtr</name>
         <uninitialized>true</uninitialized>
         <run_address>0x200057d0</run_address>
         <size>0x4</size>
      </object_component>
      <object_component id="oc-36e">
         <name>.common:SinResults</name>
         <uninitialized>true</uninitialized>
         <run_address>0x20005190</run_address>
         <size>0x100</size>
      </object_component>
      <object_component id="oc-36a">
         <name>.common:CosResults</name>
         <uninitialized>true</uninitialized>
         <run_address>0x20005090</run_address>
         <size>0x100</size>
      </object_component>
      <object_component id="oc-1f5">
         <name>.common:DiffSinResults</name>
         <uninitialized>true</uninitialized>
         <run_address>0x20005390</run_address>
         <size>0x80</size>
      </object_component>
      <object_component id="oc-1f2">
         <name>.common:DiffCosResults</name>
         <uninitialized>true</uninitialized>
         <run_address>0x20005310</run_address>
         <size>0x80</size>
      </object_component>
      <object_component id="oc-37d">
         <name>.common:negSinResults</name>
         <uninitialized>true</uninitialized>
         <run_address>0x20005510</run_address>
         <size>0x80</size>
      </object_component>
      <object_component id="oc-37e">
         <name>.common:posSinResults</name>
         <uninitialized>true</uninitialized>
         <run_address>0x20005710</run_address>
         <size>0x80</size>
      </object_component>
      <object_component id="oc-37a">
         <name>.common:negCosResults</name>
         <uninitialized>true</uninitialized>
         <run_address>0x20005490</run_address>
         <size>0x80</size>
      </object_component>
      <object_component id="oc-37b">
         <name>.common:posCosResults</name>
         <uninitialized>true</uninitialized>
         <run_address>0x20005690</run_address>
         <size>0x80</size>
      </object_component>
      <object_component id="oc-37f">
         <name>.common:SinOffset</name>
         <uninitialized>true</uninitialized>
         <run_address>0x20005410</run_address>
         <size>0x80</size>
      </object_component>
      <object_component id="oc-37c">
         <name>.common:CosOffset</name>
         <uninitialized>true</uninitialized>
         <run_address>0x20005290</run_address>
         <size>0x80</size>
      </object_component>
      <object_component id="oc-36b">
         <name>.common:ADCValues_SS0</name>
         <uninitialized>true</uninitialized>
         <run_address>0x20005790</run_address>
         <size>0x20</size>
      </object_component>
      <object_component id="oc-36c">
         <name>.common:ADCValues_SS1</name>
         <uninitialized>true</uninitialized>
         <run_address>0x200057b0</run_address>
         <size>0x10</size>
      </object_component>
      <object_component id="oc-36d">
         <name>.common:ADCValues_SS2</name>
         <uninitialized>true</uninitialized>
         <run_address>0x200057c0</run_address>
         <size>0x10</size>
      </object_component>
      <object_component id="oc-1e8">
         <name>.common:oldDiffSinResults</name>
         <uninitialized>true</uninitialized>
         <run_address>0x20005610</run_address>
         <size>0x80</size>
      </object_component>
      <object_component id="oc-1e5">
         <name>.common:oldDiffCosResults</name>
         <uninitialized>true</uninitialized>
         <run_address>0x20005590</run_address>
         <size>0x80</size>
      </object_component>
      <object_component id="oc-21">
         <name>.stack</name>
         <uninitialized>true</uninitialized>
         <run_address>0x20000270</run_address>
         <size>0x4</size>
         <input_file_ref idref="fl-cd"/>
      </object_component>
      <object_component id="oc-3fc">
         <name>.stack</name>
         <uninitialized>true</uninitialized>
         <run_address>0x20000270</run_address>
         <size>0x0</size>
      </object_component>
      <object_component id="oc-b4">
         <name>.debug_info</name>
         <load_address>0x0</load_address>
         <run_address>0x0</run_address>
         <size>0x576</size>
         <input_file_ref idref="fl-1"/>
      </object_component>
      <object_component id="oc-2e0">
         <name>.debug_info</name>
         <load_address>0x576</load_address>
         <run_address>0x576</run_address>
         <size>0xe5</size>
         <input_file_ref idref="fl-1"/>
      </object_component>
      <object_component id="oc-1d0">
         <name>.debug_info</name>
         <load_address>0x65b</load_address>
         <run_address>0x65b</run_address>
         <size>0x322</size>
         <input_file_ref idref="fl-1"/>
      </object_component>
      <object_component id="oc-6d">
         <name>.debug_info</name>
         <load_address>0x97d</load_address>
         <run_address>0x97d</run_address>
         <size>0x26b</size>
         <input_file_ref idref="fl-1"/>
      </object_component>
      <object_component id="oc-e8">
         <name>.debug_info</name>
         <load_address>0xbe8</load_address>
         <run_address>0xbe8</run_address>
         <size>0xa8</size>
         <input_file_ref idref="fl-1"/>
      </object_component>
      <object_component id="oc-af">
         <name>.debug_info</name>
         <load_address>0xc90</load_address>
         <run_address>0xc90</run_address>
         <size>0x8b</size>
         <input_file_ref idref="fl-1"/>
      </object_component>
      <object_component id="oc-aa">
         <name>.debug_info</name>
         <load_address>0xd1b</load_address>
         <run_address>0xd1b</run_address>
         <size>0x297</size>
         <input_file_ref idref="fl-1"/>
      </object_component>
      <object_component id="oc-240">
         <name>.debug_info</name>
         <load_address>0xfb2</load_address>
         <run_address>0xfb2</run_address>
         <size>0xef</size>
         <input_file_ref idref="fl-1"/>
      </object_component>
      <object_component id="oc-72">
         <name>.debug_info</name>
         <load_address>0x10a1</load_address>
         <run_address>0x10a1</run_address>
         <size>0xbb</size>
         <input_file_ref idref="fl-1"/>
      </object_component>
      <object_component id="oc-d3">
         <name>.debug_info</name>
         <load_address>0x115c</load_address>
         <run_address>0x115c</run_address>
         <size>0xee2</size>
         <input_file_ref idref="fl-2"/>
      </object_component>
      <object_component id="oc-bd">
         <name>.debug_info</name>
         <load_address>0x203e</load_address>
         <run_address>0x203e</run_address>
         <size>0x2c</size>
         <input_file_ref idref="fl-2"/>
      </object_component>
      <object_component id="oc-2ea">
         <name>.debug_info</name>
         <load_address>0x206a</load_address>
         <run_address>0x206a</run_address>
         <size>0xd7</size>
         <input_file_ref idref="fl-3"/>
      </object_component>
      <object_component id="oc-1e0">
         <name>.debug_info</name>
         <load_address>0x2141</load_address>
         <run_address>0x2141</run_address>
         <size>0xd8</size>
         <input_file_ref idref="fl-3"/>
      </object_component>
      <object_component id="oc-33">
         <name>.debug_info</name>
         <load_address>0x2219</load_address>
         <run_address>0x2219</run_address>
         <size>0x84</size>
         <input_file_ref idref="fl-3"/>
      </object_component>
      <object_component id="oc-1f3">
         <name>.debug_info</name>
         <load_address>0x229d</load_address>
         <run_address>0x229d</run_address>
         <size>0x63d</size>
         <input_file_ref idref="fl-4"/>
      </object_component>
      <object_component id="oc-2b0">
         <name>.debug_info</name>
         <load_address>0x28da</load_address>
         <run_address>0x28da</run_address>
         <size>0x364</size>
         <input_file_ref idref="fl-4"/>
      </object_component>
      <object_component id="oc-1e6">
         <name>.debug_info</name>
         <load_address>0x2c3e</load_address>
         <run_address>0x2c3e</run_address>
         <size>0x3b2</size>
         <input_file_ref idref="fl-5"/>
      </object_component>
      <object_component id="oc-1dd">
         <name>.debug_info</name>
         <load_address>0x2ff0</load_address>
         <run_address>0x2ff0</run_address>
         <size>0xd8</size>
         <input_file_ref idref="fl-5"/>
      </object_component>
      <object_component id="oc-1e3">
         <name>.debug_info</name>
         <load_address>0x30c8</load_address>
         <run_address>0x30c8</run_address>
         <size>0xd9</size>
         <input_file_ref idref="fl-5"/>
      </object_component>
      <object_component id="oc-1ea">
         <name>.debug_info</name>
         <load_address>0x31a1</load_address>
         <run_address>0x31a1</run_address>
         <size>0xd9</size>
         <input_file_ref idref="fl-5"/>
      </object_component>
      <object_component id="oc-1ed">
         <name>.debug_info</name>
         <load_address>0x327a</load_address>
         <run_address>0x327a</run_address>
         <size>0xd9</size>
         <input_file_ref idref="fl-5"/>
      </object_component>
      <object_component id="oc-1f0">
         <name>.debug_info</name>
         <load_address>0x3353</load_address>
         <run_address>0x3353</run_address>
         <size>0xd9</size>
         <input_file_ref idref="fl-5"/>
      </object_component>
      <object_component id="oc-1f7">
         <name>.debug_info</name>
         <load_address>0x342c</load_address>
         <run_address>0x342c</run_address>
         <size>0xdb</size>
         <input_file_ref idref="fl-5"/>
      </object_component>
      <object_component id="oc-1fa">
         <name>.debug_info</name>
         <load_address>0x3507</load_address>
         <run_address>0x3507</run_address>
         <size>0xdb</size>
         <input_file_ref idref="fl-5"/>
      </object_component>
      <object_component id="oc-d9">
         <name>.debug_info</name>
         <load_address>0x35e2</load_address>
         <run_address>0x35e2</run_address>
         <size>0x1453</size>
         <input_file_ref idref="fl-5"/>
      </object_component>
      <object_component id="oc-21a">
         <name>.debug_info</name>
         <load_address>0x4a35</load_address>
         <run_address>0x4a35</run_address>
         <size>0x3fd</size>
         <input_file_ref idref="fl-6"/>
      </object_component>
      <object_component id="oc-e5">
         <name>.debug_info</name>
         <load_address>0x4e32</load_address>
         <run_address>0x4e32</run_address>
         <size>0xd0</size>
         <input_file_ref idref="fl-6"/>
      </object_component>
      <object_component id="oc-99">
         <name>.debug_info</name>
         <load_address>0x4f02</load_address>
         <run_address>0x4f02</run_address>
         <size>0x1e4</size>
         <input_file_ref idref="fl-6"/>
      </object_component>
      <object_component id="oc-2c">
         <name>.debug_info</name>
         <load_address>0x50e6</load_address>
         <run_address>0x50e6</run_address>
         <size>0x2b1</size>
         <input_file_ref idref="fl-7"/>
      </object_component>
      <object_component id="oc-10">
         <name>.debug_info</name>
         <load_address>0x5397</load_address>
         <run_address>0x5397</run_address>
         <size>0xf0</size>
         <input_file_ref idref="fl-7"/>
      </object_component>
      <object_component id="oc-25">
         <name>.debug_info</name>
         <load_address>0x5487</load_address>
         <run_address>0x5487</run_address>
         <size>0x26f</size>
         <input_file_ref idref="fl-7"/>
      </object_component>
      <object_component id="oc-3bd">
         <name>.debug_info</name>
         <load_address>0x56f6</load_address>
         <run_address>0x56f6</run_address>
         <size>0x2c9</size>
         <input_file_ref idref="fl-c2"/>
      </object_component>
      <object_component id="oc-370">
         <name>.debug_info</name>
         <load_address>0x59bf</load_address>
         <run_address>0x59bf</run_address>
         <size>0x24c</size>
         <input_file_ref idref="fl-c2"/>
      </object_component>
      <object_component id="oc-3c5">
         <name>.debug_info</name>
         <load_address>0x5c0b</load_address>
         <run_address>0x5c0b</run_address>
         <size>0x46</size>
         <input_file_ref idref="fl-c2"/>
      </object_component>
      <object_component id="oc-3b8">
         <name>.debug_info</name>
         <load_address>0x5c51</load_address>
         <run_address>0x5c51</run_address>
         <size>0x39</size>
         <input_file_ref idref="fl-c2"/>
      </object_component>
      <object_component id="oc-20c">
         <name>.debug_info</name>
         <load_address>0x5c8a</load_address>
         <run_address>0x5c8a</run_address>
         <size>0x14b</size>
         <input_file_ref idref="fl-c3"/>
      </object_component>
      <object_component id="oc-207">
         <name>.debug_info</name>
         <load_address>0x5dd5</load_address>
         <run_address>0x5dd5</run_address>
         <size>0x127</size>
         <input_file_ref idref="fl-c4"/>
      </object_component>
      <object_component id="oc-204">
         <name>.debug_info</name>
         <load_address>0x5efc</load_address>
         <run_address>0x5efc</run_address>
         <size>0x139</size>
         <input_file_ref idref="fl-c5"/>
      </object_component>
      <object_component id="oc-3ad">
         <name>.debug_info</name>
         <load_address>0x6035</load_address>
         <run_address>0x6035</run_address>
         <size>0x139</size>
         <input_file_ref idref="fl-c6"/>
      </object_component>
      <object_component id="oc-376">
         <name>.debug_info</name>
         <load_address>0x616e</load_address>
         <run_address>0x616e</run_address>
         <size>0x12d</size>
         <input_file_ref idref="fl-c7"/>
      </object_component>
      <object_component id="oc-1fd">
         <name>.debug_info</name>
         <load_address>0x629b</load_address>
         <run_address>0x629b</run_address>
         <size>0x12b</size>
         <input_file_ref idref="fl-c8"/>
      </object_component>
      <object_component id="oc-8b">
         <name>.debug_info</name>
         <load_address>0x63c6</load_address>
         <run_address>0x63c6</run_address>
         <size>0x2d3</size>
         <input_file_ref idref="fl-c9"/>
      </object_component>
      <object_component id="oc-4b">
         <name>.debug_info</name>
         <load_address>0x6699</load_address>
         <run_address>0x6699</run_address>
         <size>0x1b4</size>
         <input_file_ref idref="fl-c9"/>
      </object_component>
      <object_component id="oc-86">
         <name>.debug_info</name>
         <load_address>0x684d</load_address>
         <run_address>0x684d</run_address>
         <size>0x46</size>
         <input_file_ref idref="fl-c9"/>
      </object_component>
      <object_component id="oc-43">
         <name>.debug_info</name>
         <load_address>0x6893</load_address>
         <run_address>0x6893</run_address>
         <size>0x2a7</size>
         <input_file_ref idref="fl-ca"/>
      </object_component>
      <object_component id="oc-19">
         <name>.debug_info</name>
         <load_address>0x6b3a</load_address>
         <run_address>0x6b3a</run_address>
         <size>0x1e9</size>
         <input_file_ref idref="fl-ca"/>
      </object_component>
      <object_component id="oc-3e">
         <name>.debug_info</name>
         <load_address>0x6d23</load_address>
         <run_address>0x6d23</run_address>
         <size>0x46</size>
         <input_file_ref idref="fl-ca"/>
      </object_component>
      <object_component id="oc-7e">
         <name>.debug_info</name>
         <load_address>0x6d69</load_address>
         <run_address>0x6d69</run_address>
         <size>0x2c</size>
         <input_file_ref idref="fl-ca"/>
      </object_component>
      <object_component id="oc-7c">
         <name>.debug_info</name>
         <load_address>0x6d95</load_address>
         <run_address>0x6d95</run_address>
         <size>0x29d</size>
         <input_file_ref idref="fl-cb"/>
      </object_component>
      <object_component id="oc-13">
         <name>.debug_info</name>
         <load_address>0x7032</load_address>
         <run_address>0x7032</run_address>
         <size>0x24f</size>
         <input_file_ref idref="fl-cb"/>
      </object_component>
      <object_component id="oc-2e">
         <name>.debug_info</name>
         <load_address>0x7281</load_address>
         <run_address>0x7281</run_address>
         <size>0x60</size>
         <input_file_ref idref="fl-cb"/>
      </object_component>
      <object_component id="oc-b6">
         <name>.debug_info</name>
         <load_address>0x72e1</load_address>
         <run_address>0x72e1</run_address>
         <size>0x46</size>
         <input_file_ref idref="fl-cb"/>
      </object_component>
      <object_component id="oc-77">
         <name>.debug_info</name>
         <load_address>0x7327</load_address>
         <run_address>0x7327</run_address>
         <size>0x39</size>
         <input_file_ref idref="fl-cb"/>
      </object_component>
      <object_component id="oc-2e5">
         <name>.debug_info</name>
         <load_address>0x7360</load_address>
         <run_address>0x7360</run_address>
         <size>0x28e</size>
         <input_file_ref idref="fl-cc"/>
      </object_component>
      <object_component id="oc-1d7">
         <name>.debug_info</name>
         <load_address>0x75ee</load_address>
         <run_address>0x75ee</run_address>
         <size>0x240</size>
         <input_file_ref idref="fl-cc"/>
      </object_component>
      <object_component id="oc-22">
         <name>.debug_info</name>
         <load_address>0x782e</load_address>
         <run_address>0x782e</run_address>
         <size>0x10a</size>
         <input_file_ref idref="fl-cd"/>
      </object_component>
      <object_component id="oc-57">
         <name>.debug_info</name>
         <load_address>0x7938</load_address>
         <run_address>0x7938</run_address>
         <size>0x1a8</size>
         <input_file_ref idref="fl-cd"/>
      </object_component>
      <object_component id="oc-3c4">
         <name>.debug_info</name>
         <load_address>0x7ae0</load_address>
         <run_address>0x7ae0</run_address>
         <size>0x288</size>
         <input_file_ref idref="fl-ce"/>
      </object_component>
      <object_component id="oc-3c1">
         <name>.debug_info</name>
         <load_address>0x7d68</load_address>
         <run_address>0x7d68</run_address>
         <size>0x10d</size>
         <input_file_ref idref="fl-ce"/>
      </object_component>
      <object_component id="oc-3b2">
         <name>.debug_info</name>
         <load_address>0x7e75</load_address>
         <run_address>0x7e75</run_address>
         <size>0x14d</size>
         <input_file_ref idref="fl-ce"/>
      </object_component>
      <object_component id="oc-39">
         <name>.debug_info</name>
         <load_address>0x7fc2</load_address>
         <run_address>0x7fc2</run_address>
         <size>0x118</size>
         <input_file_ref idref="fl-cf"/>
      </object_component>
      <object_component id="oc-8d">
         <name>.debug_info</name>
         <load_address>0x80da</load_address>
         <run_address>0x80da</run_address>
         <size>0x146</size>
         <input_file_ref idref="fl-d0"/>
      </object_component>
      <object_component id="oc-226">
         <name>.debug_info</name>
         <load_address>0x8220</load_address>
         <run_address>0x8220</run_address>
         <size>0x4b2</size>
         <input_file_ref idref="fl-d1"/>
      </object_component>
      <object_component id="oc-fa">
         <name>.debug_info</name>
         <load_address>0x86d2</load_address>
         <run_address>0x86d2</run_address>
         <size>0x1a5</size>
         <input_file_ref idref="fl-d1"/>
      </object_component>
      <object_component id="oc-312">
         <name>.debug_info</name>
         <load_address>0x8877</load_address>
         <run_address>0x8877</run_address>
         <size>0x39</size>
         <input_file_ref idref="fl-d1"/>
      </object_component>
      <object_component id="oc-391">
         <name>.debug_info</name>
         <load_address>0x88b0</load_address>
         <run_address>0x88b0</run_address>
         <size>0x39</size>
         <input_file_ref idref="fl-d1"/>
      </object_component>
      <object_component id="oc-317">
         <name>.debug_info</name>
         <load_address>0x88e9</load_address>
         <run_address>0x88e9</run_address>
         <size>0x39</size>
         <input_file_ref idref="fl-d1"/>
      </object_component>
      <object_component id="oc-31c">
         <name>.debug_info</name>
         <load_address>0x8922</load_address>
         <run_address>0x8922</run_address>
         <size>0xcd</size>
         <input_file_ref idref="fl-d1"/>
      </object_component>
      <object_component id="oc-93">
         <name>.debug_info</name>
         <load_address>0x89ef</load_address>
         <run_address>0x89ef</run_address>
         <size>0x152</size>
         <input_file_ref idref="fl-d2"/>
      </object_component>
      <object_component id="oc-ee">
         <name>.debug_info</name>
         <load_address>0x8b41</load_address>
         <run_address>0x8b41</run_address>
         <size>0x121</size>
         <input_file_ref idref="fl-d4"/>
      </object_component>
      <object_component id="oc-25f">
         <name>.debug_info</name>
         <load_address>0x8c62</load_address>
         <run_address>0x8c62</run_address>
         <size>0x370</size>
         <input_file_ref idref="fl-d7"/>
      </object_component>
      <object_component id="oc-163">
         <name>.debug_info</name>
         <load_address>0x8fd2</load_address>
         <run_address>0x8fd2</run_address>
         <size>0x2ac</size>
         <input_file_ref idref="fl-d7"/>
      </object_component>
      <object_component id="oc-169">
         <name>.debug_info</name>
         <load_address>0x927e</load_address>
         <run_address>0x927e</run_address>
         <size>0x219</size>
         <input_file_ref idref="fl-d7"/>
      </object_component>
      <object_component id="oc-365">
         <name>.debug_info</name>
         <load_address>0x9497</load_address>
         <run_address>0x9497</run_address>
         <size>0x278</size>
         <input_file_ref idref="fl-d7"/>
      </object_component>
      <object_component id="oc-15d">
         <name>.debug_info</name>
         <load_address>0x970f</load_address>
         <run_address>0x970f</run_address>
         <size>0x29f</size>
         <input_file_ref idref="fl-d7"/>
      </object_component>
      <object_component id="oc-353">
         <name>.debug_info</name>
         <load_address>0x99ae</load_address>
         <run_address>0x99ae</run_address>
         <size>0x21d</size>
         <input_file_ref idref="fl-d7"/>
      </object_component>
      <object_component id="oc-359">
         <name>.debug_info</name>
         <load_address>0x9bcb</load_address>
         <run_address>0x9bcb</run_address>
         <size>0x260</size>
         <input_file_ref idref="fl-d7"/>
      </object_component>
      <object_component id="oc-35f">
         <name>.debug_info</name>
         <load_address>0x9e2b</load_address>
         <run_address>0x9e2b</run_address>
         <size>0x20d</size>
         <input_file_ref idref="fl-d7"/>
      </object_component>
      <object_component id="oc-256">
         <name>.debug_info</name>
         <load_address>0xa038</load_address>
         <run_address>0xa038</run_address>
         <size>0x26b</size>
         <input_file_ref idref="fl-d7"/>
      </object_component>
      <object_component id="oc-24b">
         <name>.debug_info</name>
         <load_address>0xa2a3</load_address>
         <run_address>0xa2a3</run_address>
         <size>0x297</size>
         <input_file_ref idref="fl-d7"/>
      </object_component>
      <object_component id="oc-143">
         <name>.debug_info</name>
         <load_address>0xa53a</load_address>
         <run_address>0xa53a</run_address>
         <size>0xbb</size>
         <input_file_ref idref="fl-d7"/>
      </object_component>
      <object_component id="oc-266">
         <name>.debug_info</name>
         <load_address>0xa5f5</load_address>
         <run_address>0xa5f5</run_address>
         <size>0x39a</size>
         <input_file_ref idref="fl-d8"/>
      </object_component>
      <object_component id="oc-263">
         <name>.debug_info</name>
         <load_address>0xa98f</load_address>
         <run_address>0xa98f</run_address>
         <size>0x11a</size>
         <input_file_ref idref="fl-d8"/>
      </object_component>
      <object_component id="oc-34d">
         <name>.debug_info</name>
         <load_address>0xaaa9</load_address>
         <run_address>0xaaa9</run_address>
         <size>0x21c</size>
         <input_file_ref idref="fl-d8"/>
      </object_component>
      <object_component id="oc-268">
         <name>.debug_info</name>
         <load_address>0xacc5</load_address>
         <run_address>0xacc5</run_address>
         <size>0x22c</size>
         <input_file_ref idref="fl-d8"/>
      </object_component>
      <object_component id="oc-26e">
         <name>.debug_info</name>
         <load_address>0xaef1</load_address>
         <run_address>0xaef1</run_address>
         <size>0x28f</size>
         <input_file_ref idref="fl-d8"/>
      </object_component>
      <object_component id="oc-175">
         <name>.debug_info</name>
         <load_address>0xb180</load_address>
         <run_address>0xb180</run_address>
         <size>0x20b</size>
         <input_file_ref idref="fl-d8"/>
      </object_component>
      <object_component id="oc-1ab">
         <name>.debug_info</name>
         <load_address>0xb38b</load_address>
         <run_address>0xb38b</run_address>
         <size>0x230</size>
         <input_file_ref idref="fl-d8"/>
      </object_component>
      <object_component id="oc-16f">
         <name>.debug_info</name>
         <load_address>0xb5bb</load_address>
         <run_address>0xb5bb</run_address>
         <size>0x1f9</size>
         <input_file_ref idref="fl-d8"/>
      </object_component>
      <object_component id="oc-287">
         <name>.debug_info</name>
         <load_address>0xb7b4</load_address>
         <run_address>0xb7b4</run_address>
         <size>0x36d</size>
         <input_file_ref idref="fl-d9"/>
      </object_component>
      <object_component id="oc-284">
         <name>.debug_info</name>
         <load_address>0xbb21</load_address>
         <run_address>0xbb21</run_address>
         <size>0x10d</size>
         <input_file_ref idref="fl-d9"/>
      </object_component>
      <object_component id="oc-299">
         <name>.debug_info</name>
         <load_address>0xbc2e</load_address>
         <run_address>0xbc2e</run_address>
         <size>0x111</size>
         <input_file_ref idref="fl-d9"/>
      </object_component>
      <object_component id="oc-33d">
         <name>.debug_info</name>
         <load_address>0xbd3f</load_address>
         <run_address>0xbd3f</run_address>
         <size>0x116</size>
         <input_file_ref idref="fl-d9"/>
      </object_component>
      <object_component id="oc-292">
         <name>.debug_info</name>
         <load_address>0xbe55</load_address>
         <run_address>0xbe55</run_address>
         <size>0x23a</size>
         <input_file_ref idref="fl-d9"/>
      </object_component>
      <object_component id="oc-187">
         <name>.debug_info</name>
         <load_address>0xc08f</load_address>
         <run_address>0xc08f</run_address>
         <size>0x242</size>
         <input_file_ref idref="fl-d9"/>
      </object_component>
      <object_component id="oc-df">
         <name>.debug_info</name>
         <load_address>0xc2d1</load_address>
         <run_address>0xc2d1</run_address>
         <size>0x1b7</size>
         <input_file_ref idref="fl-d9"/>
      </object_component>
      <object_component id="oc-cd">
         <name>.debug_info</name>
         <load_address>0xc488</load_address>
         <run_address>0xc488</run_address>
         <size>0x1b9</size>
         <input_file_ref idref="fl-d9"/>
      </object_component>
      <object_component id="oc-1a5">
         <name>.debug_info</name>
         <load_address>0xc641</load_address>
         <run_address>0xc641</run_address>
         <size>0x1e1</size>
         <input_file_ref idref="fl-d9"/>
      </object_component>
      <object_component id="oc-148">
         <name>.debug_info</name>
         <load_address>0xc822</load_address>
         <run_address>0xc822</run_address>
         <size>0x3f7</size>
         <input_file_ref idref="fl-da"/>
      </object_component>
      <object_component id="oc-13a">
         <name>.debug_info</name>
         <load_address>0xcc19</load_address>
         <run_address>0xcc19</run_address>
         <size>0x10c</size>
         <input_file_ref idref="fl-da"/>
      </object_component>
      <object_component id="oc-13d">
         <name>.debug_info</name>
         <load_address>0xcd25</load_address>
         <run_address>0xcd25</run_address>
         <size>0x118</size>
         <input_file_ref idref="fl-da"/>
      </object_component>
      <object_component id="oc-23c">
         <name>.debug_info</name>
         <load_address>0xce3d</load_address>
         <run_address>0xce3d</run_address>
         <size>0x112</size>
         <input_file_ref idref="fl-da"/>
      </object_component>
      <object_component id="oc-140">
         <name>.debug_info</name>
         <load_address>0xcf4f</load_address>
         <run_address>0xcf4f</run_address>
         <size>0x11f</size>
         <input_file_ref idref="fl-da"/>
      </object_component>
      <object_component id="oc-157">
         <name>.debug_info</name>
         <load_address>0xd06e</load_address>
         <run_address>0xd06e</run_address>
         <size>0x1f8</size>
         <input_file_ref idref="fl-da"/>
      </object_component>
      <object_component id="oc-151">
         <name>.debug_info</name>
         <load_address>0xd266</load_address>
         <run_address>0xd266</run_address>
         <size>0x1f6</size>
         <input_file_ref idref="fl-da"/>
      </object_component>
      <object_component id="oc-12e">
         <name>.debug_info</name>
         <load_address>0xd45c</load_address>
         <run_address>0xd45c</run_address>
         <size>0x1e9</size>
         <input_file_ref idref="fl-da"/>
      </object_component>
      <object_component id="oc-134">
         <name>.debug_info</name>
         <load_address>0xd645</load_address>
         <run_address>0xd645</run_address>
         <size>0x233</size>
         <input_file_ref idref="fl-da"/>
      </object_component>
      <object_component id="oc-c7">
         <name>.debug_info</name>
         <load_address>0xd878</load_address>
         <run_address>0xd878</run_address>
         <size>0x413</size>
         <input_file_ref idref="fl-da"/>
      </object_component>
      <object_component id="oc-252">
         <name>.debug_info</name>
         <load_address>0xdc8b</load_address>
         <run_address>0xdc8b</run_address>
         <size>0x51</size>
         <input_file_ref idref="fl-da"/>
      </object_component>
      <object_component id="oc-29e">
         <name>.debug_info</name>
         <load_address>0xdcdc</load_address>
         <run_address>0xdcdc</run_address>
         <size>0x37d</size>
         <input_file_ref idref="fl-db"/>
      </object_component>
      <object_component id="oc-345">
         <name>.debug_info</name>
         <load_address>0xe059</load_address>
         <run_address>0xe059</run_address>
         <size>0x119</size>
         <input_file_ref idref="fl-db"/>
      </object_component>
      <object_component id="oc-348">
         <name>.debug_info</name>
         <load_address>0xe172</load_address>
         <run_address>0xe172</run_address>
         <size>0x12b</size>
         <input_file_ref idref="fl-db"/>
      </object_component>
      <object_component id="oc-1b7">
         <name>.debug_info</name>
         <load_address>0xe29d</load_address>
         <run_address>0xe29d</run_address>
         <size>0x233</size>
         <input_file_ref idref="fl-db"/>
      </object_component>
      <object_component id="oc-2a2">
         <name>.debug_info</name>
         <load_address>0xe4d0</load_address>
         <run_address>0xe4d0</run_address>
         <size>0x264</size>
         <input_file_ref idref="fl-db"/>
      </object_component>
      <object_component id="oc-1c3">
         <name>.debug_info</name>
         <load_address>0xe734</load_address>
         <run_address>0xe734</run_address>
         <size>0x25d</size>
         <input_file_ref idref="fl-db"/>
      </object_component>
      <object_component id="oc-1c9">
         <name>.debug_info</name>
         <load_address>0xe991</load_address>
         <run_address>0xe991</run_address>
         <size>0x20d</size>
         <input_file_ref idref="fl-db"/>
      </object_component>
      <object_component id="oc-2aa">
         <name>.debug_info</name>
         <load_address>0xeb9e</load_address>
         <run_address>0xeb9e</run_address>
         <size>0x20b</size>
         <input_file_ref idref="fl-db"/>
      </object_component>
      <object_component id="oc-1bd">
         <name>.debug_info</name>
         <load_address>0xeda9</load_address>
         <run_address>0xeda9</run_address>
         <size>0x1f8</size>
         <input_file_ref idref="fl-db"/>
      </object_component>
      <object_component id="oc-2d4">
         <name>.debug_info</name>
         <load_address>0xefa1</load_address>
         <run_address>0xefa1</run_address>
         <size>0x1fa</size>
         <input_file_ref idref="fl-db"/>
      </object_component>
      <object_component id="oc-1b1">
         <name>.debug_info</name>
         <load_address>0xf19b</load_address>
         <run_address>0xf19b</run_address>
         <size>0x205</size>
         <input_file_ref idref="fl-db"/>
      </object_component>
      <object_component id="oc-281">
         <name>.debug_info</name>
         <load_address>0xf3a0</load_address>
         <run_address>0xf3a0</run_address>
         <size>0x381</size>
         <input_file_ref idref="fl-dc"/>
      </object_component>
      <object_component id="oc-336">
         <name>.debug_info</name>
         <load_address>0xf721</load_address>
         <run_address>0xf721</run_address>
         <size>0x116</size>
         <input_file_ref idref="fl-dc"/>
      </object_component>
      <object_component id="oc-339">
         <name>.debug_info</name>
         <load_address>0xf837</load_address>
         <run_address>0xf837</run_address>
         <size>0x128</size>
         <input_file_ref idref="fl-dc"/>
      </object_component>
      <object_component id="oc-199">
         <name>.debug_info</name>
         <load_address>0xf95f</load_address>
         <run_address>0xf95f</run_address>
         <size>0x1fe</size>
         <input_file_ref idref="fl-dc"/>
      </object_component>
      <object_component id="oc-28c">
         <name>.debug_info</name>
         <load_address>0xfb5d</load_address>
         <run_address>0xfb5d</run_address>
         <size>0x1f7</size>
         <input_file_ref idref="fl-dc"/>
      </object_component>
      <object_component id="oc-2bc">
         <name>.debug_info</name>
         <load_address>0xfd54</load_address>
         <run_address>0xfd54</run_address>
         <size>0x1f8</size>
         <input_file_ref idref="fl-dc"/>
      </object_component>
      <object_component id="oc-19f">
         <name>.debug_info</name>
         <load_address>0xff4c</load_address>
         <run_address>0xff4c</run_address>
         <size>0x23c</size>
         <input_file_ref idref="fl-dc"/>
      </object_component>
      <object_component id="oc-18d">
         <name>.debug_info</name>
         <load_address>0x10188</load_address>
         <run_address>0x10188</run_address>
         <size>0x208</size>
         <input_file_ref idref="fl-dc"/>
      </object_component>
      <object_component id="oc-2c2">
         <name>.debug_info</name>
         <load_address>0x10390</load_address>
         <run_address>0x10390</run_address>
         <size>0x206</size>
         <input_file_ref idref="fl-dc"/>
      </object_component>
      <object_component id="oc-193">
         <name>.debug_info</name>
         <load_address>0x10596</load_address>
         <run_address>0x10596</run_address>
         <size>0x248</size>
         <input_file_ref idref="fl-dc"/>
      </object_component>
      <object_component id="oc-181">
         <name>.debug_info</name>
         <load_address>0x107de</load_address>
         <run_address>0x107de</run_address>
         <size>0x1c8</size>
         <input_file_ref idref="fl-dc"/>
      </object_component>
      <object_component id="oc-2da">
         <name>.debug_info</name>
         <load_address>0x109a6</load_address>
         <run_address>0x109a6</run_address>
         <size>0x1ca</size>
         <input_file_ref idref="fl-dc"/>
      </object_component>
      <object_component id="oc-27b">
         <name>.debug_info</name>
         <load_address>0x10b70</load_address>
         <run_address>0x10b70</run_address>
         <size>0x1c0</size>
         <input_file_ref idref="fl-dc"/>
      </object_component>
      <object_component id="oc-275">
         <name>.debug_info</name>
         <load_address>0x10d30</load_address>
         <run_address>0x10d30</run_address>
         <size>0x1c2</size>
         <input_file_ref idref="fl-dc"/>
      </object_component>
      <object_component id="oc-17b">
         <name>.debug_info</name>
         <load_address>0x10ef2</load_address>
         <run_address>0x10ef2</run_address>
         <size>0x29f</size>
         <input_file_ref idref="fl-dc"/>
      </object_component>
      <object_component id="oc-2ce">
         <name>.debug_info</name>
         <load_address>0x11191</load_address>
         <run_address>0x11191</run_address>
         <size>0x1cc</size>
         <input_file_ref idref="fl-dc"/>
      </object_component>
      <object_component id="oc-2b6">
         <name>.debug_info</name>
         <load_address>0x1135d</load_address>
         <run_address>0x1135d</run_address>
         <size>0x206</size>
         <input_file_ref idref="fl-dc"/>
      </object_component>
      <object_component id="oc-2c8">
         <name>.debug_info</name>
         <load_address>0x11563</load_address>
         <run_address>0x11563</run_address>
         <size>0x1c6</size>
         <input_file_ref idref="fl-dc"/>
      </object_component>
      <object_component id="oc-212">
         <name>.debug_info</name>
         <load_address>0x11729</load_address>
         <run_address>0x11729</run_address>
         <size>0x18b</size>
         <input_file_ref idref="fl-dd"/>
      </object_component>
      <object_component id="oc-14a">
         <name>.debug_info</name>
         <load_address>0x118b4</load_address>
         <run_address>0x118b4</run_address>
         <size>0x188</size>
         <input_file_ref idref="fl-dd"/>
      </object_component>
      <object_component id="oc-3fd">
         <name>.debug_info</name>
         <load_address>0x11a3c</load_address>
         <run_address>0x11a3c</run_address>
         <size>0xa2</size>
      </object_component>
      <object_component id="oc-12c">
         <name>.debug_line</name>
         <load_address>0x0</load_address>
         <run_address>0x0</run_address>
         <size>0x178</size>
         <input_file_ref idref="fl-1"/>
      </object_component>
      <object_component id="oc-389">
         <name>.debug_line</name>
         <load_address>0x178</load_address>
         <run_address>0x178</run_address>
         <size>0x3a</size>
         <input_file_ref idref="fl-1"/>
      </object_component>
      <object_component id="oc-1d3">
         <name>.debug_line</name>
         <load_address>0x1b2</load_address>
         <run_address>0x1b2</run_address>
         <size>0xb1</size>
         <input_file_ref idref="fl-1"/>
      </object_component>
      <object_component id="oc-70">
         <name>.debug_line</name>
         <load_address>0x263</load_address>
         <run_address>0x263</run_address>
         <size>0x73</size>
         <input_file_ref idref="fl-1"/>
      </object_component>
      <object_component id="oc-eb">
         <name>.debug_line</name>
         <load_address>0x2d6</load_address>
         <run_address>0x2d6</run_address>
         <size>0x5e</size>
         <input_file_ref idref="fl-1"/>
      </object_component>
      <object_component id="oc-b2">
         <name>.debug_line</name>
         <load_address>0x334</load_address>
         <run_address>0x334</run_address>
         <size>0x20</size>
         <input_file_ref idref="fl-1"/>
      </object_component>
      <object_component id="oc-ad">
         <name>.debug_line</name>
         <load_address>0x354</load_address>
         <run_address>0x354</run_address>
         <size>0x77</size>
         <input_file_ref idref="fl-1"/>
      </object_component>
      <object_component id="oc-243">
         <name>.debug_line</name>
         <load_address>0x3cb</load_address>
         <run_address>0x3cb</run_address>
         <size>0x73</size>
         <input_file_ref idref="fl-1"/>
      </object_component>
      <object_component id="oc-75">
         <name>.debug_line</name>
         <load_address>0x43e</load_address>
         <run_address>0x43e</run_address>
         <size>0x74</size>
         <input_file_ref idref="fl-1"/>
      </object_component>
      <object_component id="oc-d6">
         <name>.debug_line</name>
         <load_address>0x4b2</load_address>
         <run_address>0x4b2</run_address>
         <size>0x15b</size>
         <input_file_ref idref="fl-2"/>
      </object_component>
      <object_component id="oc-c0">
         <name>.debug_line</name>
         <load_address>0x60d</load_address>
         <run_address>0x60d</run_address>
         <size>0x6f</size>
         <input_file_ref idref="fl-2"/>
      </object_component>
      <object_component id="oc-38d">
         <name>.debug_line</name>
         <load_address>0x67c</load_address>
         <run_address>0x67c</run_address>
         <size>0x20</size>
         <input_file_ref idref="fl-3"/>
      </object_component>
      <object_component id="oc-2e9">
         <name>.debug_line</name>
         <load_address>0x69c</load_address>
         <run_address>0x69c</run_address>
         <size>0x2e</size>
         <input_file_ref idref="fl-3"/>
      </object_component>
      <object_component id="oc-36">
         <name>.debug_line</name>
         <load_address>0x6ca</load_address>
         <run_address>0x6ca</run_address>
         <size>0x20</size>
         <input_file_ref idref="fl-3"/>
      </object_component>
      <object_component id="oc-2f6">
         <name>.debug_line</name>
         <load_address>0x6ea</load_address>
         <run_address>0x6ea</run_address>
         <size>0x143</size>
         <input_file_ref idref="fl-4"/>
      </object_component>
      <object_component id="oc-2b3">
         <name>.debug_line</name>
         <load_address>0x82d</load_address>
         <run_address>0x82d</run_address>
         <size>0x18b</size>
         <input_file_ref idref="fl-4"/>
      </object_component>
      <object_component id="oc-2ee">
         <name>.debug_line</name>
         <load_address>0x9b8</load_address>
         <run_address>0x9b8</run_address>
         <size>0x85</size>
         <input_file_ref idref="fl-5"/>
      </object_component>
      <object_component id="oc-2e7">
         <name>.debug_line</name>
         <load_address>0xa3d</load_address>
         <run_address>0xa3d</run_address>
         <size>0x36</size>
         <input_file_ref idref="fl-5"/>
      </object_component>
      <object_component id="oc-2ec">
         <name>.debug_line</name>
         <load_address>0xa73</load_address>
         <run_address>0xa73</run_address>
         <size>0x36</size>
         <input_file_ref idref="fl-5"/>
      </object_component>
      <object_component id="oc-2f0">
         <name>.debug_line</name>
         <load_address>0xaa9</load_address>
         <run_address>0xaa9</run_address>
[...]
         <name>__binit__</name>
         <value>0xffffffff</value>
      </symbol>
      <symbol id="sm-8">
         <name>__STACK_SIZE</name>
         <value>0x4e20</value>
      </symbol>
      <symbol id="sm-9">
         <name>__STACK_END</name>
         <value>0x20005090</value>
      </symbol>
      <symbol id="sm-a">
         <name>__c_args__</name>
         <value>0xffffffff</value>
      </symbol>
      <symbol id="sm-b">
         <name>__TI_pprof_out_hndl</name>
         <value>0xffffffff</value>
      </symbol>
      <symbol id="sm-c">
         <name>__TI_prof_data_start</name>
         <value>0xffffffff</value>
      </symbol>
      <symbol id="sm-d">
         <name>__TI_prof_data_size</name>
         <value>0xffffffff</value>
      </symbol>
      <symbol id="sm-69">
         <name>ucPtr</name>
         <value>0x200057d0</value>
      </symbol>
      <symbol id="sm-6a">
         <name>n</name>
         <value>0x200057d8</value>
         <object_component_ref idref="oc-2df"/>
      </symbol>
      <symbol id="sm-6b">
         <name>m</name>
         <value>0x200057d4</value>
         <object_component_ref idref="oc-2df"/>
      </symbol>
      <symbol id="sm-6c">
         <name>UARTIntHandler</name>
         <value>0x2119</value>
         <object_component_ref idref="oc-1cf"/>
      </symbol>
      <symbol id="sm-6d">
         <name>Timer0IntHandler</name>
         <value>0x20ad</value>
         <object_component_ref idref="oc-1cf"/>
      </symbol>
      <symbol id="sm-9d">
         <name>ConfigureLCD</name>
         <value>0x18ed</value>
         <object_component_ref idref="oc-d2"/>
      </symbol>
      <symbol id="sm-9e">
         <name>ConfigureGPIO</name>
         <value>0x182b</value>
         <object_component_ref idref="oc-d2"/>
      </symbol>
      <symbol id="sm-9f">
         <name>ConfigureUART</name>
         <value>0x17bd</value>
         <object_component_ref idref="oc-d2"/>
      </symbol>
      <symbol id="sm-a0">
         <name>ConfigureTimer0</name>
         <value>0x188f</value>
         <object_component_ref idref="oc-d2"/>
      </symbol>
      <symbol id="sm-a1">
         <name>ConfigureADC</name>
         <value>0x1695</value>
         <object_component_ref idref="oc-d2"/>
      </symbol>
      <symbol id="sm-b1">
         <name>font_12_16</name>
         <value>0x2ef0</value>
         <object_component_ref idref="oc-1df"/>
      </symbol>
      <symbol id="sm-102">
         <name>SinResults</name>
         <value>0x20005190</value>
      </symbol>
      <symbol id="sm-103">
         <name>CosResults</name>
         <value>0x20005090</value>
      </symbol>
      <symbol id="sm-104">
         <name>DiffSinResults</name>
         <value>0x20005390</value>
      </symbol>
      <symbol id="sm-105">
         <name>DiffCosResults</name>
         <value>0x20005310</value>
      </symbol>
      <symbol id="sm-106">
         <name>negSinResults</name>
         <value>0x20005510</value>
      </symbol>
      <symbol id="sm-107">
         <name>posSinResults</name>
         <value>0x20005710</value>
      </symbol>
      <symbol id="sm-108">
         <name>negCosResults</name>
         <value>0x20005490</value>
      </symbol>
      <symbol id="sm-109">
         <name>posCosResults</name>
         <value>0x20005690</value>
      </symbol>
      <symbol id="sm-10a">
         <name>SinOffset</name>
         <value>0x20005410</value>
      </symbol>
      <symbol id="sm-10b">
         <name>CosOffset</name>
         <value>0x20005290</value>
      </symbol>
      <symbol id="sm-10c">
         <name>ADCValues_SS0</name>
         <value>0x20005790</value>
      </symbol>
      <symbol id="sm-10d">
         <name>ADCValues_SS1</name>
         <value>0x200057b0</value>
      </symbol>
      <symbol id="sm-10e">
         <name>ADCValues_SS2</name>
         <value>0x200057c0</value>
      </symbol>
      <symbol id="sm-10f">
         <name>GetADCValues</name>
         <value>0x12a5</value>
         <object_component_ref idref="oc-2af"/>
      </symbol>
      <symbol id="sm-110">
         <name>Computations</name>
         <value>0x1385</value>
         <object_component_ref idref="oc-2af"/>
      </symbol>
      <symbol id="sm-111">
         <name>ReadArray</name>
         <value>0xff5</value>
         <object_component_ref idref="oc-2af"/>
      </symbol>
      <symbol id="sm-1ca">
         <name>oldDiffSinResults</name>
         <value>0x20005610</value>
      </symbol>
      <symbol id="sm-1cb">
         <name>oldDiffCosResults</name>
         <value>0x20005590</value>
      </symbol>
      <symbol id="sm-1cc">
         <name>write_data</name>
         <value>0x767</value>
         <object_component_ref idref="oc-d8"/>
      </symbol>
      <symbol id="sm-1cd">
         <name>write_line</name>
         <value>0x86d</value>
         <object_component_ref idref="oc-d8"/>
      </symbol>
      <symbol id="sm-1ce">
         <name>draw_arrows</name>
         <value>0x481</value>
         <object_component_ref idref="oc-d8"/>
      </symbol>
      <symbol id="sm-1cf">
         <name>screen_show_nr</name>
         <value>0x209</value>
         <object_component_ref idref="oc-d8"/>
      </symbol>
      <symbol id="sm-1d0">
         <name>write_cmd_data</name>
         <value>0x747</value>
         <object_component_ref idref="oc-d8"/>
      </symbol>
      <symbol id="sm-1d1">
         <name>print_string</name>
         <value>0x30f</value>
         <object_component_ref idref="oc-d8"/>
      </symbol>
      <symbol id="sm-1d2">
         <name>offset</name>
         <value>0x200057e0</value>
         <object_component_ref idref="oc-1dc"/>
      </symbol>
      <symbol id="sm-1d3">
         <name>write_command</name>
         <value>0x727</value>
         <object_component_ref idref="oc-d8"/>
      </symbol>
      <symbol id="sm-1d4">
         <name>draw_grid</name>
         <value>0x689</value>
         <object_component_ref idref="oc-d8"/>
      </symbol>
      <symbol id="sm-1d5">
         <name>write_position</name>
         <value>0x7b1</value>
         <object_component_ref idref="oc-d8"/>
      </symbol>
      <symbol id="sm-1d6">
         <name>write_screen_color</name>
         <value>0x3ff</value>
         <object_component_ref idref="oc-d8"/>
      </symbol>
      <symbol id="sm-1d7">
         <name>write_char</name>
         <value>0x253</value>
         <object_component_ref idref="oc-d8"/>
      </symbol>
      <symbol id="sm-1d8">
         <name>screen_write_nr</name>
         <value>0x239</value>
         <object_component_ref idref="oc-d8"/>
      </symbol>
      <symbol id="sm-1f1">
         <name>main</name>
         <value>0x29dd</value>
         <object_component_ref idref="oc-98"/>
      </symbol>
      <symbol id="sm-20d">
         <name>ResetISR</name>
         <value>0x2e77</value>
         <object_component_ref idref="oc-24"/>
      </symbol>
      <symbol id="sm-20e">
         <name>g_pfnVectors</name>
         <value>0x0</value>
         <object_component_ref idref="oc-f"/>
      </symbol>
      <symbol id="sm-23a">
         <name>sqrtl</name>
         <value>0x1f55</value>
         <object_component_ref idref="oc-36f"/>
      </symbol>
      <symbol id="sm-23b">
         <name>sqrt</name>
         <value>0x1f55</value>
         <object_component_ref idref="oc-36f"/>
      </symbol>
      <symbol id="sm-252">
         <name>__aeabi_dsub</name>
         <value>0x1d9d</value>
         <object_component_ref idref="oc-20b"/>
      </symbol>
      <symbol id="sm-253">
         <name>__aeabi_dadd</name>
         <value>0x1da7</value>
         <object_component_ref idref="oc-20b"/>
      </symbol>
      <symbol id="sm-265">
         <name>__aeabi_cdcmpeq</name>
         <value>0x2601</value>
         <object_component_ref idref="oc-206"/>
      </symbol>
      <symbol id="sm-266">
         <name>__aeabi_cdcmple</name>
         <value>0x2601</value>
         <object_component_ref idref="oc-206"/>
      </symbol>
      <symbol id="sm-27a">
         <name>__aeabi_ddiv</name>
         <value>0x2201</value>
         <object_component_ref idref="oc-201"/>
      </symbol>
      <symbol id="sm-285">
         <name>__aeabi_dmul</name>
         <value>0x2469</value>
         <object_component_ref idref="oc-3ac"/>
      </symbol>
      <symbol id="sm-28f">
         <name>__aeabi_d2iz</name>
         <value>0x2a25</value>
         <object_component_ref idref="oc-375"/>
      </symbol>
      <symbol id="sm-299">
         <name>__aeabi_i2d</name>
         <value>0x2c3b</value>
         <object_component_ref idref="oc-1fc"/>
      </symbol>
      <symbol id="sm-2ab">
         <name>__TI_zero_init</name>
         <value>0x2e6b</value>
         <object_component_ref idref="oc-4a"/>
      </symbol>
      <symbol id="sm-2c2">
         <name>__TI_decompress_none</name>
         <value>0x2e39</value>
         <object_component_ref idref="oc-18"/>
      </symbol>
      <symbol id="sm-2e5">
         <name>__TI_decompress_lzss</name>
         <value>0x27e5</value>
         <object_component_ref idref="oc-12"/>
      </symbol>
      <symbol id="sm-2f3">
         <name>strlen</name>
         <value>0x2dbb</value>
         <object_component_ref idref="oc-1d6"/>
      </symbol>
      <symbol id="sm-306">
         <name>__stack</name>
         <value>0x20000270</value>
         <object_component_ref idref="oc-21"/>
      </symbol>
      <symbol id="sm-307">
         <name>_c_int00_noargs</name>
         <value>0x2bd9</value>
         <object_component_ref idref="oc-56"/>
      </symbol>
      <symbol id="sm-31d">
         <name>__aeabi_errno_addr</name>
         <value>0x2ec5</value>
         <object_component_ref idref="oc-3b1"/>
      </symbol>
      <symbol id="sm-31e">
         <name>errno</name>
         <value>0x200057dc</value>
         <object_component_ref idref="oc-3c0"/>
      </symbol>
      <symbol id="sm-339">
         <name>memcpy</name>
         <value>0x2565</value>
         <object_component_ref idref="oc-38"/>
      </symbol>
      <symbol id="sm-33a">
         <name>__aeabi_memcpy</name>
         <value>0x2565</value>
         <object_component_ref idref="oc-38"/>
      </symbol>
      <symbol id="sm-33b">
         <name>__aeabi_memcpy8</name>
         <value>0x2565</value>
         <object_component_ref idref="oc-38"/>
      </symbol>
      <symbol id="sm-33c">
         <name>__aeabi_memcpy4</name>
         <value>0x2565</value>
         <object_component_ref idref="oc-38"/>
      </symbol>
      <symbol id="sm-34b">
         <name>__aeabi_memset</name>
         <value>0x2703</value>
         <object_component_ref idref="oc-8c"/>
      </symbol>
      <symbol id="sm-34c">
         <name>memset</name>
         <value>0x2709</value>
         <object_component_ref idref="oc-8c"/>
      </symbol>
      <symbol id="sm-34d">
         <name>__aeabi_memset8</name>
         <value>0x2703</value>
         <object_component_ref idref="oc-8c"/>
      </symbol>
      <symbol id="sm-34e">
         <name>__aeabi_memset4</name>
         <value>0x2703</value>
         <object_component_ref idref="oc-8c"/>
      </symbol>
      <symbol id="sm-34f">
         <name>__aeabi_memclr8</name>
         <value>0x2701</value>
         <object_component_ref idref="oc-8c"/>
      </symbol>
      <symbol id="sm-350">
         <name>__aeabi_memclr4</name>
         <value>0x2701</value>
         <object_component_ref idref="oc-8c"/>
      </symbol>
      <symbol id="sm-351">
         <name>__aeabi_memclr</name>
         <value>0x2701</value>
         <object_component_ref idref="oc-8c"/>
      </symbol>
      <symbol id="sm-379">
         <name>__TI_auto_init_nobinit_nopinit</name>
         <value>0x2ab5</value>
         <object_component_ref idref="oc-f9"/>
      </symbol>
      <symbol id="sm-383">
         <name>_system_pre_init</name>
         <value>0x2ee7</value>
         <object_component_ref idref="oc-92"/>
      </symbol>
      <symbol id="sm-38f">
         <name>C$$EXIT</name>
         <value>0x2eeb</value>
         <object_component_ref idref="oc-ed"/>
      </symbol>
      <symbol id="sm-390">
         <name>abort</name>
         <value>0x2eeb</value>
         <object_component_ref idref="oc-ed"/>
      </symbol>
      <symbol id="sm-3e6">
         <name>ADCProcessorTrigger</name>
         <value>0x2d17</value>
         <object_component_ref idref="oc-352"/>
      </symbol>
      <symbol id="sm-3e7">
         <name>ADCSequenceEnable</name>
         <value>0x2e01</value>
         <object_component_ref idref="oc-168"/>
      </symbol>
      <symbol id="sm-3e8">
         <name>ADCSequenceConfigure</name>
         <value>0x28ad</value>
         <object_component_ref idref="oc-15c"/>
      </symbol>
      <symbol id="sm-3e9">
         <name>ADCSequenceStepConfigure</name>
         <value>0x2687</value>
         <object_component_ref idref="oc-162"/>
      </symbol>
      <symbol id="sm-3ea">
         <name>ADCIntClear</name>
         <value>0x2e83</value>
         <object_component_ref idref="oc-35e"/>
      </symbol>
      <symbol id="sm-3eb">
         <name>ADCIntStatus</name>
         <value>0x2c0d</value>
         <object_component_ref idref="oc-358"/>
      </symbol>
      <symbol id="sm-3ec">
         <name>ADCSequenceDataGet</name>
         <value>0x2cf9</value>
         <object_component_ref idref="oc-364"/>
      </symbol>
      <symbol id="sm-42f">
         <name>GPIOPinConfigure</name>
         <value>0x28fd</value>
         <object_component_ref idref="oc-16e"/>
      </symbol>
      <symbol id="sm-430">
         <name>GPIOPinTypeUART</name>
         <value>0x2d91</value>
         <object_component_ref idref="oc-174"/>
      </symbol>
      <symbol id="sm-431">
         <name>GPIOPinTypeGPIOOutput</name>
         <value>0x2d2f</value>
         <object_component_ref idref="oc-1aa"/>
      </symbol>
      <symbol id="sm-432">
         <name>GPIODirModeSet</name>
         <value>0x2c69</value>
         <object_component_ref idref="oc-267"/>
      </symbol>
      <symbol id="sm-433">
         <name>GPIOPinWrite</name>
         <value>0x2ecd</value>
         <object_component_ref idref="oc-34c"/>
      </symbol>
      <symbol id="sm-434">
         <name>GPIOPadConfigSet</name>
         <value>0x2337</value>
         <object_component_ref idref="oc-26d"/>
      </symbol>
      <symbol id="sm-488">
         <name>IntPrioritySet</name>
         <value>0x2c95</value>
         <object_component_ref idref="oc-186"/>
      </symbol>
      <symbol id="sm-489">
         <name>IntEnable</name>
         <value>0x277d</value>
         <object_component_ref idref="oc-1a4"/>
      </symbol>
      <symbol id="sm-48a">
         <name>IntRegister</name>
         <value>0x2b71</value>
         <object_component_ref idref="oc-291"/>
      </symbol>
      <symbol id="sm-48b">
         <name>IntMasterDisable</name>
         <value>0x2de1</value>
         <object_component_ref idref="oc-cc"/>
      </symbol>
      <symbol id="sm-48c">
         <name>g_pfnRAMVectors</name>
         <value>0x20000000</value>
         <object_component_ref idref="oc-33c"/>
      </symbol>
      <symbol id="sm-48d">
         <name>IntMasterEnable</name>
         <value>0x2df1</value>
         <object_component_ref idref="oc-de"/>
      </symbol>
      <symbol id="sm-508">
         <name>SysCtlDelay</name>
         <value>0x2ed3</value>
         <object_component_ref idref="oc-1ce"/>
      </symbol>
      <symbol id="sm-509">
         <name>SysCtlPeripheralEnable</name>
         <value>0x2ba5</value>
         <object_component_ref idref="oc-150"/>
      </symbol>
      <symbol id="sm-50a">
         <name>SysCtlPeripheralReady</name>
         <value>0x2b39</value>
         <object_component_ref idref="oc-156"/>
      </symbol>
      <symbol id="sm-50b">
         <name>SysCtlClockFreqSet</name>
         <value>0x1b9d</value>
         <object_component_ref idref="oc-c6"/>
      </symbol>
      <symbol id="sm-570">
         <name>TimerLoadSet</name>
         <value>0x2dcf</value>
         <object_component_ref idref="oc-1b6"/>
      </symbol>
      <symbol id="sm-571">
         <name>TimerDisable</name>
         <value>0x2d49</value>
         <object_component_ref idref="oc-2d3"/>
      </symbol>
      <symbol id="sm-572">
         <name>TimerIntRegister</name>
         <value>0x2d61</value>
         <object_component_ref idref="oc-1c2"/>
      </symbol>
      <symbol id="sm-573">
         <name>TimerEnable</name>
         <value>0x2e0f</value>
         <object_component_ref idref="oc-1bc"/>
      </symbol>
      <symbol id="sm-574">
         <name>TimerIntEnable</name>
         <value>0x2eb5</value>
         <object_component_ref idref="oc-1c8"/>
      </symbol>
      <symbol id="sm-575">
         <name>TimerConfigure</name>
         <value>0x284d</value>
         <object_component_ref idref="oc-1b0"/>
      </symbol>
      <symbol id="sm-576">
         <name>TimerIntClear</name>
         <value>0x2edf</value>
         <object_component_ref idref="oc-2a9"/>
      </symbol>
      <symbol id="sm-60f">
         <name>UARTCharPutNonBlocking</name>
         <value>0x2e1d</value>
         <object_component_ref idref="oc-2b5"/>
      </symbol>
      <symbol id="sm-610">
         <name>UARTTxIntModeSet</name>
         <value>0x2e5f</value>
         <object_component_ref idref="oc-198"/>
      </symbol>
      <symbol id="sm-611">
         <name>UARTFIFODisable</name>
         <value>0x2e97</value>
         <object_component_ref idref="oc-2d9"/>
      </symbol>
      <symbol id="sm-612">
         <name>UARTConfigSetExpClk</name>
         <value>0x2a6d</value>
         <object_component_ref idref="oc-17a"/>
      </symbol>
      <symbol id="sm-613">
         <name>UARTDisable</name>
         <value>0x2cb9</value>
         <object_component_ref idref="oc-274"/>
      </symbol>
      <symbol id="sm-614">
         <name>UARTIntEnable</name>
         <value>0x2ebd</value>
         <object_component_ref idref="oc-18c"/>
      </symbol>
      <symbol id="sm-615">
         <name>UARTCharsAvail</name>
         <value>0x2e2b</value>
         <object_component_ref idref="oc-2cd"/>
      </symbol>
      <symbol id="sm-616">
         <name>UARTEnable</name>
         <value>0x2da7</value>
         <object_component_ref idref="oc-27a"/>
      </symbol>
      <symbol id="sm-617">
         <name>UARTFIFOEnable</name>
         <value>0x2ea1</value>
         <object_component_ref idref="oc-180"/>
      </symbol>
      <symbol id="sm-618">
         <name>UARTIntClear</name>
         <value>0x2ee3</value>
         <object_component_ref idref="oc-2c1"/>
      </symbol>
      <symbol id="sm-619">
         <name>UARTIntStatus</name>
         <value>0x2eab</value>
         <object_component_ref idref="oc-2bb"/>
      </symbol>
      <symbol id="sm-61a">
         <name>UARTCharGet</name>
         <value>0x2e8d</value>
         <object_component_ref idref="oc-2c7"/>
      </symbol>
      <symbol id="sm-61b">
         <name>UARTFIFOLevelSet</name>
         <value>0x2ed9</value>
         <object_component_ref idref="oc-192"/>
      </symbol>
      <symbol id="sm-61c">
         <name>UARTIntRegister</name>
         <value>0x2d79</value>
         <object_component_ref idref="oc-19e"/>
      </symbol>
      <symbol id="sm-62e">
         <name>CPUcpsie</name>
         <value>0x2e53</value>
         <object_component_ref idref="oc-211"/>
      </symbol>
      <symbol id="sm-62f">
         <name>CPUcpsid</name>
         <value>0x2e47</value>
         <object_component_ref idref="oc-149"/>
      </symbol>
      <symbol id="sm-630">
         <name>__TI_static_base__</name>
         <value>0x0</value>
      </symbol>
      <symbol id="sm-633">
         <name>__mpu_init</name>
         <value>0x0</value>
      </symbol>
      <symbol id="sm-634">
         <name>_system_post_cinit</name>
         <value>0x0</value>
      </symbol>
   </symbol_table>
   <title>Link successful</title>
</link_info>
