******************************************************************************
                  TI ARM Linker Unix v20.2.0                   
******************************************************************************
>> Linked Tue Jun  2 22:36:44 2020

OUTPUT FILE NAME:   <BP_TMR_sensor_array.out>
ENTRY POINT SYMBOL: "_c_int00_noargs"  address: 00007cb5


MEMORY CONFIGURATION

         name            origin    length      used     unused   attr    fill
----------------------  --------  ---------  --------  --------  ----  --------
  FLASH                 00000000   00100000  0000a8de  000f5722  R  X
  SRAM                  20000000   00040000  0000694b  000396b5  RW X


SEGMENT ALLOCATION MAP

run origin  load origin   length   init length attrs members
----------  ----------- ---------- ----------- ----- -------
00000000    00000000    0000a8e0   0000a8e0    r-x
  00000000    00000000    00000208   00000208    r-- .intvecs
  00000208    00000208    00007eae   00007eae    r-x .text
  000080b8    000080b8    000027e8   000027e8    r-- .const
  0000a8a0    0000a8a0    00000040   00000040    r-- .cinit
20000000    20000000    000050a3   00000000    rw-
  20000000    20000000    0000026c   00000000    rw- .vtable
  20000270    20000270    00004e20   00000000    rw- .stack
  20005090    20005090    00000013   00000000    rw- .data
20005400    20005400    000018ac   00000000    rw-
  20005400    20005400    000018ac   00000000    rw- .bss


SECTION ALLOCATION MAP

 output                                  attributes/
section   page    origin      length       input sections
--------  ----  ----------  ----------   ----------------
.intvecs   0    00000000    00000208     
                  00000000    00000208     tm4c1294ncpdt_startup_ccs.obj (.intvecs)

.text      0    00000208    00007eae     
                  00000208    000028d0     lcd_functions.obj (.text)
                  00002ad8    00000a4e     rtsv7M4_T_le_v4SPD16_eabi.lib : _printfi.c.obj (.text:__TI_printfi)
                  00003526    00000002                                   : div0.asm.obj (.text)
                  00003528    000009c4     adc_functions.obj (.text)
                  00003eec    00000738     rtsv7M4_T_le_v4SPD16_eabi.lib : k_rem_pio2.c.obj (.text:__kernel_rem_pio2)
                  00004624    000005dc                                   : s_cos.c.obj (.text:cos)
                  00004c00    000005c4                                   : s_sin.c.obj (.text:sin)
                  000051c4    00000348     uartDMA.obj (.text)
                  0000550c    000002ec     rtsv7M4_T_le_v4SPD16_eabi.lib : s_atan.c.obj (.text:atan)
                  000057f8    00000270                                   : _printfi.c.obj (.text:_pconv_a)
                  00005a68    00000200     driverlib.lib : sysctl.obj (.text:SysCtlClockFreqSet)
                  00005c68    000001d8     rtsv7M4_T_le_v4SPD16_eabi.lib : e_atan2.c.obj (.text:atan2)
                  00005e40    000001d0                                   : _printfi.c.obj (.text:_pconv_g)
                  00006010    000001b6                                   : fd_add_t2.asm.obj (.text)
                  000061c6    00000002     --HOLE-- [fill = 0]
                  000061c8    00000194     main.obj (.text)
                  0000635c    00000174     rtsv7M4_T_le_v4SPD16_eabi.lib : k_sin.c.obj (.text:__kernel_sin)
                  000064d0    0000016c                                   : k_cos.c.obj (.text:__kernel_cos)
                  0000663c    00000158                                   : e_sqrt.c.obj (.text:sqrt)
                  00006794    0000013c                                   : _printfi.c.obj (.text:_pconv_e)
                  000068d0    00000136                                   : fd_div_t2.asm.obj (.text)
                  00006a06    00000132     driverlib.lib : gpio.obj (.text:GPIOPadConfigSet)
                  00006b38    00000124     rtsv7M4_T_le_v4SPD16_eabi.lib : _printfi.c.obj (.text:fcvt)
                  00006c5c    00000110                                   : s_scalbn.c.obj (.text:scalbn)
                  00006d6c    000000fc                                   : fd_mul_t2.asm.obj (.text)
                  00006e68    000000f8                                   : s_floor.c.obj (.text:floor)
                  00006f60    000000c0     debug_functions.obj (.text)
                  00007020    000000b1     rtsv7M4_T_le_v4SPD16_eabi.lib : _printfi.c.obj (.text:_ltostr)
                  000070d1    00000001     --HOLE-- [fill = 0]
                  000070d2    0000009c                                   : memcpy_t2.asm.obj (.text)
                  0000716e    00000096                                   : ull_div_t2.asm.obj (.text)
                  00007204    00000086                                   : fd_cmp_t2.asm.obj (.text:__aeabi_cdcmple)
                  0000728a    00000086                                   : fd_cmp_t2.asm.obj (.text:__aeabi_cdrcmple)
                  00007310    0000007c     driverlib.lib : udma.obj (.text:uDMAChannelTransferSet)
                  0000738c    0000007a                   : adc.obj (.text:ADCSequenceStepConfigure)
                  00007406    0000007a     rtsv7M4_T_le_v4SPD16_eabi.lib : memset_t2.asm.obj (.text)
                  00007480    0000006e                                   : _printfi.c.obj (.text:_mcpy)
                  000074ee    00000002     --HOLE-- [fill = 0]
                  000074f0    00000068     driverlib.lib : interrupt.obj (.text:IntEnable)
                  00007558    00000068     rtsv7M4_T_le_v4SPD16_eabi.lib : copy_decompress_lzss.c.obj (.text:decompress:lzss:__TI_decompress_lzss)
                  000075c0    00000064                                   : s_frexp.c.obj (.text:frexp)
                  00007624    00000064     timer_functions.obj (.text)
                  00007688    00000060     driverlib.lib : timer.obj (.text:TimerConfigure)
                  000076e8    00000056     rtsv7M4_T_le_v4SPD16_eabi.lib : _printfi.c.obj (.text:_pconv_f)
                  0000773e    00000054                                   : _ltoa.c.obj (.text:__TI_ltoa)
                  00007792    00000052                                   : _printfi.c.obj (.text:_ecpy)
                  000077e4    00000050     driverlib.lib : adc.obj (.text:_ADCIntNumberGet)
                  00007834    0000004e                   : adc.obj (.text:ADCSequenceConfigure)
                  00007882    00000002     --HOLE-- [fill = 0]
                  00007884    0000004c                   : gpio.obj (.text:GPIOPinConfigure)
                  000078d0    0000004c                   : timer.obj (.text:_TimerIntNumberGet)
                  0000791c    0000004c     rtsv7M4_T_le_v4SPD16_eabi.lib : atoi.c.obj (.text:atoi)
                  00007968    00000048     driverlib.lib : sysctl.obj (.text:_SysCtlFrequencyGet)
                  000079b0    00000048     rtsv7M4_T_le_v4SPD16_eabi.lib : fd_toi_t2.asm.obj (.text)
                  000079f8    00000048     driverlib.lib : udma.obj (.text:uDMAChannelAttributeDisable)
                  00007a40    00000046                   : uart.obj (.text:UARTConfigSetExpClk)
                  00007a86    00000002     --HOLE-- [fill = 0]
                  00007a88    00000044     EEPROM_functions.obj (.text)
                  00007acc    00000044     rtsv7M4_T_le_v4SPD16_eabi.lib : autoinit.c.obj (.text:__TI_auto_init_nobinit_nopinit:__TI_auto_init_nobinit_nopinit)
                  00007b10    00000044     driverlib.lib : udma.obj (.text:uDMAChannelAttributeEnable)
                  00007b54    00000040                   : uart.obj (.text:_UARTIntNumberGet)
                  00007b94    00000040     rtsv7M4_T_le_v4SPD16_eabi.lib : sprintf.c.obj (.text:sprintf)
                  00007bd4    0000003e                                   : _printfi.c.obj (.text:_fcpy)
                  00007c12    00000002     --HOLE-- [fill = 0]
                  00007c14    00000038     driverlib.lib : sysctl.obj (.text:SysCtlPeripheralReady)
                  00007c4c    00000034                   : interrupt.obj (.text:IntRegister)
                  00007c80    00000034                   : sysctl.obj (.text:SysCtlPeripheralEnable)
                  00007cb4    00000034     rtsv7M4_T_le_v4SPD16_eabi.lib : boot_cortex_m.c.obj (.text:_c_int00_noargs:_c_int00_noargs)
                  00007ce8    0000002e                                   : i_tofd_t2.asm.obj (.text)
                  00007d16    0000002c     driverlib.lib : gpio.obj (.text:GPIODirModeSet)
                  00007d42    00000002     --HOLE-- [fill = 0]
                  00007d44    0000002c                   : udma.obj (.text:uDMAChannelAssign)
                  00007d70    00000024                   : interrupt.obj (.text:IntPrioritySet)
                  00007d94    00000024                   : udma.obj (.text:uDMAChannelControlSet)
                  00007db8    00000020                   : uart.obj (.text:UARTDisable)
                  00007dd8    00000020                   : sysctl.obj (.text:_SysCtlMemTimingGet)
                  00007df8    0000001e                   : adc.obj (.text:ADCSequenceDataGet)
                  00007e16    0000001c     rtsv7M4_T_le_v4SPD16_eabi.lib : memccpy.c.obj (.text:memccpy)
                  00007e32    0000001a                                   : s_copysign.c.obj (.text:copysign)
                  00007e4c    00000018     driverlib.lib : adc.obj (.text:ADCIntRegister)
                  00007e64    00000018                   : adc.obj (.text:ADCProcessorTrigger)
                  00007e7c    00000018                   : gpio.obj (.text:GPIOPinTypeGPIOOutput)
                  00007e94    00000018                   : timer.obj (.text:TimerIntRegister)
                  00007eac    00000018                   : uart.obj (.text:UARTIntRegister)
                  00007ec4    00000018     rtsv7M4_T_le_v4SPD16_eabi.lib : sprintf.c.obj (.text:_outs)
                  00007edc    00000018     driverlib.lib : udma.obj (.text:uDMAChannelEnable)
                  00007ef4    00000016                   : gpio.obj (.text:GPIOPinTypeUART)
                  00007f0a    00000016     rtsv7M4_T_le_v4SPD16_eabi.lib : strchr.c.obj (.text:strchr)
                  00007f20    00000014     driverlib.lib : uart.obj (.text:UARTEnable)
                  00007f34    00000014     rtsv7M4_T_le_v4SPD16_eabi.lib : strlen.c.obj (.text:strlen)
                  00007f48    00000012     driverlib.lib : timer.obj (.text:TimerLoadSet)
                  00007f5a    00000012     rtsv7M4_T_le_v4SPD16_eabi.lib : wcslen.c.obj (.text:wcslen)
                  00007f6c    00000010     driverlib.lib : adc.obj (.text:ADCIntEnable)
                  00007f7c    00000010                   : interrupt.obj (.text:IntMasterDisable)
                  00007f8c    00000010                   : interrupt.obj (.text:IntMasterEnable)
                  00007f9c    00000010                   : udma.obj (.text:uDMAEnable)
                  00007fac    0000000e                   : adc.obj (.text:ADCHardwareOversampleConfigure)
                  00007fba    0000000e                   : adc.obj (.text:ADCSequenceEnable)
                  00007fc8    0000000e                   : timer.obj (.text:TimerEnable)
                  00007fd6    0000000e                   : uart.obj (.text:UARTCharGetNonBlocking)
                  00007fe4    0000000e                   : uart.obj (.text:UARTCharPutNonBlocking)
                  00007ff2    0000000e                   : uart.obj (.text:UARTCharsAvail)
                  00008000    0000000e     rtsv7M4_T_le_v4SPD16_eabi.lib : copy_decompress_none.c.obj (.text:decompress:none:__TI_decompress_none)
                  0000800e    0000000c     driverlib.lib : cpu.obj (.text:CPUcpsid)
                  0000801a    0000000c                   : cpu.obj (.text:CPUcpsie)
                  00008026    0000000c     rtsv7M4_T_le_v4SPD16_eabi.lib : copy_zero_init.c.obj (.text:decompress:ZI:__TI_zero_init)
                  00008032    0000000c     tm4c1294ncpdt_startup_ccs.obj (.text)
                  0000803e    00000002     --HOLE-- [fill = 0]
                  00008040    0000000c     driverlib.lib : udma.obj (.text:uDMAControlBaseSet)
                  0000804c    0000000a                   : adc.obj (.text:ADCIntClear)
                  00008056    0000000a                   : uart.obj (.text:UARTFIFOEnable)
                  00008060    0000000a                   : uart.obj (.text:UARTIntStatus)
                  0000806a    0000000a     rtsv7M4_T_le_v4SPD16_eabi.lib : sprintf.c.obj (.text:_outc)
                  00008074    00000008     driverlib.lib : timer.obj (.text:TimerIntEnable)
                  0000807c    00000008                   : uart.obj (.text:UARTDMAEnable)
                  00008084    00000008                   : uart.obj (.text:UARTIntEnable)
                  0000808c    00000008     rtsv7M4_T_le_v4SPD16_eabi.lib : errno.c.obj (.text:__aeabi_errno_addr)
                  00008094    00000006     driverlib.lib : gpio.obj (.text:GPIOPinWrite)
                  0000809a    00000006                   : sysctl.obj (.text:SysCtlDelay)
                  000080a0    00000006                   : uart.obj (.text:UARTFIFOLevelSet)
                  000080a6    00000004                   : timer.obj (.text:TimerIntClear)
                  000080aa    00000004                   : uart.obj (.text:UARTIntClear)
                  000080ae    00000004     rtsv7M4_T_le_v4SPD16_eabi.lib : pre_init.c.obj (.text:_system_pre_init)
                  000080b2    00000004                                   : exit.c.obj (.text:abort:abort)

.const     0    000080b8    000027e8     
                  000080b8    00002000     lcd_functions.obj (.const:font_12_16)
                  0000a0b8    000001b0     driverlib.lib : sysctl.obj (.const:g_pppui32XTALtoVCO)
                  0000a268    00000158     rtsv7M4_T_le_v4SPD16_eabi.lib : k_rem_pio2.c.obj (.const:$O1$$)
                  0000a3c0    00000101                                   : ctype.c.obj (.const:.string:_ctypes_)
                  0000a4c1    00000003     --HOLE-- [fill = 0]
                  0000a4c4    0000009c     driverlib.lib : interrupt.obj (.const:g_pui32Regs)
                  0000a560    00000098     rtsv7M4_T_le_v4SPD16_eabi.lib : s_atan.c.obj (.const:$O1$$)
                  0000a5f8    00000090     driverlib.lib : gpio.obj (.const:g_pui32GPIOBaseAddrs)
                  0000a688    0000006c                   : sysctl.obj (.const:g_pui32Xtals)
                  0000a6f4    00000060                   : timer.obj (.const:g_ppui32TimerIntMap)
                  0000a754    00000040                   : timer.obj (.const:g_ppui32TimerIntMapSnowflake)
                  0000a794    00000040                   : uart.obj (.const:g_ppui32UARTIntMap)
                  0000a7d4    00000040                   : uart.obj (.const:g_ppui32UARTIntMapSnowflake)
                  0000a814    00000030                   : sysctl.obj (.const:g_sXTALtoMEMTIM)
                  0000a844    00000014                   : interrupt.obj (.const:g_pui32EnRegs)
                  0000a858    00000008                   : sysctl.obj (.const:g_pui32VCOFrequencies)
                  0000a860    00000004     lcd_functions.obj (.const:$P$T10$5)
                  0000a864    00000004     lcd_functions.obj (.const:$P$T11$6)
                  0000a868    00000004     lcd_functions.obj (.const:$P$T12$7)
                  0000a86c    00000004     lcd_functions.obj (.const:$P$T14$8)
                  0000a870    00000004     lcd_functions.obj (.const:$P$T16$9)
                  0000a874    00000004     lcd_functions.obj (.const:$P$T18$10)
                  0000a878    00000004     lcd_functions.obj (.const:$P$T23$11)
                  0000a87c    00000004     lcd_functions.obj (.const:$P$T24$12)
                  0000a880    00000004     lcd_functions.obj (.const:$P$T25$13)
                  0000a884    00000004     lcd_functions.obj (.const:$P$T26$14)
                  0000a888    00000004     lcd_functions.obj (.const:$P$T30$15)
                  0000a88c    00000004     lcd_functions.obj (.const:$P$T31$16)
                  0000a890    00000004     lcd_functions.obj (.const:$P$T32$17)
                  0000a894    00000004     lcd_functions.obj (.const:$P$T4$2)
                  0000a898    00000004     lcd_functions.obj (.const:$P$T5$3)
                  0000a89c    00000004     lcd_functions.obj (.const:$P$T6$4)

.cinit     0    0000a8a0    00000040     
                  0000a8a0    0000000c     (__TI_handler_table)
                  0000a8ac    00000009     (.cinit..data.load) [load image, compression = lzss]
                  0000a8b5    00000003     --HOLE-- [fill = 0]
                  0000a8b8    00000008     (.cinit..bss.load) [load image, compression = zero_init]
                  0000a8c0    00000008     (.cinit..vtable.load) [load image, compression = zero_init]
                  0000a8c8    00000018     (__TI_cinit_table)

.init_array 
*          0    00000000    00000000     UNINITIALIZED

.vtable    0    20000000    0000026c     UNINITIALIZED
                  20000000    0000026c     driverlib.lib : interrupt.obj (.vtable)

.data      0    20005090    00000013     UNINITIALIZED
                  20005090    00000009     uartDMA.obj (.data:stepperMotorCommand$1)
                  20005099    00000001     --HOLE--
                  2000509a    00000002     main.obj (.data)
                  2000509c    00000004     rtsv7M4_T_le_v4SPD16_eabi.lib : errno.c.obj (.data)
                  200050a0    00000003     lcd_functions.obj (.data)

.bss       0    20005400    000018ac     UNINITIALIZED
                  20005400    00000c00     (.common:color)
                  20006000    00000400     (.common:pui8ControlTable)
                  20006400    00000282     (.common:SensorData)
                  20006682    00000100     adc_functions.obj (.bss:CosResults)
                  20006782    00000100     adc_functions.obj (.bss:SinResults)
                  20006882    00000080     adc_functions.obj (.bss:negCosResults$3)
                  20006902    00000080     adc_functions.obj (.bss:negSinResults$1)
                  20006982    00000080     adc_functions.obj (.bss:posCosResults$4)
                  20006a02    00000080     adc_functions.obj (.bss:posSinResults$2)
                  20006a82    00000080     (.common:CosOffset)
                  20006b02    00000080     (.common:SinOffset)
                  20006b82    00000080     (.common:oldDiffCosResults)
                  20006c02    00000080     (.common:oldDiffSinResults)
                  20006c82    00000001     (.common:commandFromTouch)
                  20006c83    00000001     --HOLE--
                  20006c84    00000010     (.common:setting)
                  20006c94    00000008     uartDMA.obj (.bss:UART0receive)
                  20006c9c    00000004     main.obj (.bss)
                  20006ca0    00000004     (.common:backColor)
                  20006ca4    00000004     (.common:sensorData)
                  20006ca8    00000004     (.common:settings)

.stack     0    20000270    00004e20     UNINITIALIZED
                  20000270    00000004     rtsv7M4_T_le_v4SPD16_eabi.lib : boot_cortex_m.c.obj (.stack)
                  20000274    00004e1c     --HOLE--

__llvm_prf_cnts 
*          0    20000000    00000000     UNINITIALIZED

MODULE SUMMARY

       Module                          code    ro data   rw data
       ------                          ----    -------   -------
    ./
       lcd_functions.obj               10448   8256      3335   
       adc_functions.obj               2500    0         1922   
       uartDMA.obj                     840     0         1041   
       tm4c1294ncpdt_startup_ccs.obj   12      520       0      
       main.obj                        404     0         15     
       debug_functions.obj             192     0         0      
       timer_functions.obj             100     0         0      
       EEPROM_functions.obj            68      0         16     
    +--+-------------------------------+-------+---------+---------+
       Total:                          14564   8776      6329   
                                                                
    /home/ole/CodeComposerStudio10/TivaWare_C_Series-2.1.4.178/driverlib/ccs/Debug/driverlib.lib
       sysctl.obj                      730     596       0      
       interrupt.obj                   224     176       620    
       gpio.obj                        478     144       0      
       uart.obj                        298     128       0      
       adc.obj                         412     0         0      
       timer.obj                       240     160       0      
       udma.obj                        396     0         0      
       cpu.obj                         24      0         0      
    +--+-------------------------------+-------+---------+---------+
       Total:                          2802    1204      620    
                                                                
    /home/ole/CodeComposerStudio10/ccs/tools/compiler/ti-cgt-arm_20.2.0.LTS/lib/rtsv7M4_T_le_v4SPD16_eabi.lib
       _printfi.c.obj                  4851    0         0      
       k_rem_pio2.c.obj                1848    344       0      
       s_cos.c.obj                     1500    0         0      
       s_sin.c.obj                     1476    0         0      
       s_atan.c.obj                    748     152       0      
       e_atan2.c.obj                   472     0         0      
       fd_add_t2.asm.obj               438     0         0      
       k_sin.c.obj                     372     0         0      
       k_cos.c.obj                     364     0         0      
       e_sqrt.c.obj                    344     0         0      
       fd_div_t2.asm.obj               310     0         0      
       s_scalbn.c.obj                  272     0         0      
       fd_cmp_t2.asm.obj               268     0         0      
       ctype.c.obj                     0       257       0      
       fd_mul_t2.asm.obj               252     0         0      
       s_floor.c.obj                   248     0         0      
       memcpy_t2.asm.obj               156     0         0      
       ull_div_t2.asm.obj              150     0         0      
       memset_t2.asm.obj               122     0         0      
       copy_decompress_lzss.c.obj      104     0         0      
       s_frexp.c.obj                   100     0         0      
       sprintf.c.obj                   98      0         0      
       _ltoa.c.obj                     84      0         0      
       atoi.c.obj                      76      0         0      
       fd_toi_t2.asm.obj               72      0         0      
       autoinit.c.obj                  68      0         0      
       boot_cortex_m.c.obj             52      0         0      
       i_tofd_t2.asm.obj               46      0         0      
       memccpy.c.obj                   28      0         0      
       s_copysign.c.obj                26      0         0      
       strchr.c.obj                    22      0         0      
       strlen.c.obj                    20      0         0      
       wcslen.c.obj                    18      0         0      
       copy_decompress_none.c.obj      14      0         0      
       copy_zero_init.c.obj            12      0         0      
       errno.c.obj                     8       0         4      
       exit.c.obj                      4       0         0      
       pre_init.c.obj                  4       0         0      
       div0.asm.obj                    2       0         0      
    +--+-------------------------------+-------+---------+---------+
       Total:                          15049   753       4      
                                                                
       Stack:                          0       0         20000  
       Linker Generated:               0       61        0      
    +--+-------------------------------+-------+---------+---------+
       Grand Total:                    32415   10794     26953  


LINKER GENERATED COPY TABLES

__TI_cinit_table @ 0000a8c8 records: 3, size/record: 8, table size: 24
	.data: load addr=0000a8ac, load size=00000009 bytes, run addr=20005090, run size=00000013 bytes, compression=lzss
	.bss: load addr=0000a8b8, load size=00000008 bytes, run addr=20005400, run size=000018ac bytes, compression=zero_init
	.vtable: load addr=0000a8c0, load size=00000008 bytes, run addr=20000000, run size=0000026c bytes, compression=zero_init


LINKER GENERATED HANDLER TABLE

__TI_handler_table @ 0000a8a0 records: 3, size/record: 4, table size: 12
	index: 0, handler: __TI_zero_init
	index: 1, handler: __TI_decompress_lzss
	index: 2, handler: __TI_decompress_none


GLOBAL SYMBOLS: SORTED ALPHABETICALLY BY Name 

address   name                          
-------   ----                          
00006267  ADC1IntHandler                
00007fad  ADCHardwareOversampleConfigure
0000804d  ADCIntClear                   
00007f6d  ADCIntEnable                  
00007e4d  ADCIntRegister                
00007e65  ADCProcessorTrigger           
00007835  ADCSequenceConfigure          
00007df9  ADCSequenceDataGet            
00007fbb  ADCSequenceEnable             
0000738d  ADCSequenceStepConfigure      
000080b3  C$$EXIT                       
0000800f  CPUcpsid                      
0000801b  CPUcpsie                      
00003d79  ConfigureADC                  
00006ff7  ConfigureDebugGPIO            
00002661  ConfigureLCD5Inch             
0000284f  ConfigureLCD7Inch             
00007631  ConfigureTimer0               
000053e9  ConfigureUART0                
00005465  ConfigureUART2                
20006a82  CosOffset                     
00007d17  GPIODirModeSet                
00006a07  GPIOPadConfigSet              
00007885  GPIOPinConfigure              
00007e7d  GPIOPinTypeGPIOOutput         
00007ef5  GPIOPinTypeUART               
00008095  GPIOPinWrite                  
000074f1  IntEnable                     
00007f7d  IntMasterDisable              
00007f8d  IntMasterEnable               
00007d71  IntPrioritySet                
00007c4d  IntRegister                   
00008033  ResetISR                      
20006400  SensorData                    
20006b02  SinOffset                     
00005a69  SysCtlClockFreqSet            
0000809b  SysCtlDelay                   
00007c81  SysCtlPeripheralEnable        
00007c15  SysCtlPeripheralReady         
0000621d  Timer0IntHandler              
00007689  TimerConfigure                
00007fc9  TimerEnable                   
000080a7  TimerIntClear                 
00008075  TimerIntEnable                
00007e95  TimerIntRegister              
00007f49  TimerLoadSet                  
000051c5  UART0ClearInterrupt           
000062bb  UART0IntHandler               
000052e1  UART2IntHandler               
00007fd7  UARTCharGetNonBlocking        
00007fe5  UARTCharPutNonBlocking        
00007ff3  UARTCharsAvail                
00007a41  UARTConfigSetExpClk           
0000807d  UARTDMAEnable                 
00007db9  UARTDisable                   
00007f21  UARTEnable                    
00008057  UARTFIFOEnable                
000080a1  UARTFIFOLevelSet              
000051d3  UARTGetIntStatus              
000080ab  UARTIntClear                  
00008085  UARTIntEnable                 
00007ead  UARTIntRegister               
00008061  UARTIntStatus                 
20005090  __STACK_END                   
00004e20  __STACK_SIZE                  
20000470  __STACK_TOP                   
0000a8c8  __TI_CINIT_Base               
0000a8e0  __TI_CINIT_Limit              
0000a8a0  __TI_Handler_Table_Base       
0000a8ac  __TI_Handler_Table_Limit      
00007acd  __TI_auto_init_nobinit_nopinit
00007559  __TI_decompress_lzss          
00008001  __TI_decompress_none          
0000773f  __TI_ltoa                     
ffffffff  __TI_pprof_out_hndl           
00002ad9  __TI_printfi                  
ffffffff  __TI_prof_data_size           
ffffffff  __TI_prof_data_start          
00000000  __TI_static_base__            
00008027  __TI_zero_init                
00007205  __aeabi_cdcmpeq               
00007205  __aeabi_cdcmple               
0000728b  __aeabi_cdrcmple              
000079b1  __aeabi_d2iz                  
0000601b  __aeabi_dadd                  
000068d1  __aeabi_ddiv                  
00006d6d  __aeabi_dmul                  
00006011  __aeabi_dsub                  
0000808d  __aeabi_errno_addr            
00007ce9  __aeabi_i2d                   
00003527  __aeabi_idiv0                 
00003527  __aeabi_ldiv0                 
00007407  __aeabi_memclr                
00007407  __aeabi_memclr4               
00007407  __aeabi_memclr8               
000070d3  __aeabi_memcpy                
000070d3  __aeabi_memcpy4               
000070d3  __aeabi_memcpy8               
00007409  __aeabi_memset                
00007409  __aeabi_memset4               
00007409  __aeabi_memset8               
0000716f  __aeabi_uldivmod              
ffffffff  __binit__                     
ffffffff  __c_args__                    
000064d1  __kernel_cos                  
00003eed  __kernel_rem_pio2             
0000635d  __kernel_sin                  
UNDEFED   __mpu_init                    
20000270  __stack                       
20000000  __start___llvm_prf_cnts       
20000000  __stop___llvm_prf_cnts        
00007cb5  _c_int00_noargs               
0000a3c0  _ctypes_                      
UNDEFED   _system_post_cinit            
000080af  _system_pre_init              
000080b3  abort                         
00003545  adcIntClear                   
0000550d  atan                          
00005c69  atan2                         
00005c69  atan2l                        
0000550d  atanl                         
0000791d  atoi                          
20006ca0  backColor                     
ffffffff  binit                         
20005400  color                         
20006c82  commandFromTouch              
00003845  computeArrows                 
0000537f  configureUartUDMA             
00007e33  copysign                      
00007e33  copysignl                     
00004625  cos                           
00004625  cosl                          
00000825  drawDisplay5Inch              
00000a13  drawDisplay7Inch              
2000509c  errno                         
00006e69  floor                         
00006e69  floorl                        
000075c1  frexp                         
000075c1  frexpl                        
20000000  g_pfnRAMVectors               
00000000  g_pfnVectors                  
00000363  generateColors                
00003587  getADCHardwareAveraging       
00005203  getMaxArrowLength             
000051e3  getRelativeAbsoluteSetting    
000051df  getUART0RxData                
00006c5d  ldexp                         
00006c5d  ldexpl                        
00007a89  loadSettings                  
000061c9  main                          
00007e17  memccpy                       
000070d3  memcpy                        
0000740f  memset                        
00006fab  offLED                        
00006fdd  offOszi                       
200050a0  offset                        
20006b82  oldDiffCosResults             
20006c02  oldDiffSinResults             
00006f93  onLED                         
00006fc3  onOszi                        
00005223  prepareNextReceiveDMA         
00000459  printString                   
20006000  pui8ControlTable              
00000353  readTouchscreen               
00005303  receiveDataFromMotor          
00007abd  saveSettings                  
00006c5d  scalbn                        
00006c5d  scalbnl                       
0000525b  sendCommandToMotor            
0000523d  sendUARTDMA                   
20006ca4  sensorData                    
0000068f  setLCDBackgroundColor         
00003551  setMultiplexer                
20006c84  setting                       
20006ca8  settings                      
00004c01  sin                           
00004c01  sinl                          
00007b95  sprintf                       
0000663d  sqrt                          
0000663d  sqrtl                         
00003529  startADConversion             
000035b7  storeArraySensorData          
00007f0b  strchr                        
00007f35  strlen                        
00007625  timer0IntClear                
00006f61  toggleLED                     
00006f79  toggleOszi                    
00007d45  uDMAChannelAssign             
000079f9  uDMAChannelAttributeDisable   
00007b11  uDMAChannelAttributeEnable    
00007d95  uDMAChannelControlSet         
00007edd  uDMAChannelEnable             
00007311  uDMAChannelTransferSet        
00008041  uDMAControlBaseSet            
00007f9d  uDMAEnable                    
00007f5b  wcslen                        
000005ad  writeChar                     
00000a35  writeCmdData                  
00000a15  writeCommand                  
00000a59  writeData                     
00000209  writeInfos                    
00000b5d  writeLine                     
00001ea5  writeLine0Degree              
00001f4d  writeLine180Degree            
00001fa1  writeLine270Degree            
00001ef9  writeLine90Degree             
00001ffd  writeLineQuadrant1_I          
000020d5  writeLineQuadrant1_II         
0000219b  writeLineQuadrant2_I          
00002261  writeLineQuadrant2_II         
00002339  writeLineQuadrant3_I          
000023ff  writeLineQuadrant3_II         
000024c5  writeLineQuadrant4_I          
0000258b  writeLineQuadrant4_II         
00000aad  writePosition                 
00000719  writeRecangle                 
0000079b  writeScreenColor7INCH         


GLOBAL SYMBOLS: SORTED BY Symbol Address 

address   name                          
-------   ----                          
00000000  __TI_static_base__            
00000000  g_pfnVectors                  
00000209  writeInfos                    
00000353  readTouchscreen               
00000363  generateColors                
00000459  printString                   
000005ad  writeChar                     
0000068f  setLCDBackgroundColor         
00000719  writeRecangle                 
0000079b  writeScreenColor7INCH         
00000825  drawDisplay5Inch              
00000a13  drawDisplay7Inch              
00000a15  writeCommand                  
00000a35  writeCmdData                  
00000a59  writeData                     
00000aad  writePosition                 
00000b5d  writeLine                     
00001ea5  writeLine0Degree              
00001ef9  writeLine90Degree             
00001f4d  writeLine180Degree            
00001fa1  writeLine270Degree            
00001ffd  writeLineQuadrant1_I          
000020d5  writeLineQuadrant1_II         
0000219b  writeLineQuadrant2_I          
00002261  writeLineQuadrant2_II         
00002339  writeLineQuadrant3_I          
000023ff  writeLineQuadrant3_II         
000024c5  writeLineQuadrant4_I          
0000258b  writeLineQuadrant4_II         
00002661  ConfigureLCD5Inch             
0000284f  ConfigureLCD7Inch             
00002ad9  __TI_printfi                  
00003527  __aeabi_idiv0                 
00003527  __aeabi_ldiv0                 
00003529  startADConversion             
00003545  adcIntClear                   
00003551  setMultiplexer                
00003587  getADCHardwareAveraging       
000035b7  storeArraySensorData          
00003845  computeArrows                 
00003d79  ConfigureADC                  
00003eed  __kernel_rem_pio2             
00004625  cos                           
00004625  cosl                          
00004c01  sin                           
00004c01  sinl                          
00004e20  __STACK_SIZE                  
000051c5  UART0ClearInterrupt           
000051d3  UARTGetIntStatus              
000051df  getUART0RxData                
000051e3  getRelativeAbsoluteSetting    
00005203  getMaxArrowLength             
00005223  prepareNextReceiveDMA         
0000523d  sendUARTDMA                   
0000525b  sendCommandToMotor            
000052e1  UART2IntHandler               
00005303  receiveDataFromMotor          
0000537f  configureUartUDMA             
000053e9  ConfigureUART0                
00005465  ConfigureUART2                
0000550d  atan                          
0000550d  atanl                         
00005a69  SysCtlClockFreqSet            
00005c69  atan2                         
00005c69  atan2l                        
00006011  __aeabi_dsub                  
0000601b  __aeabi_dadd                  
000061c9  main                          
0000621d  Timer0IntHandler              
00006267  ADC1IntHandler                
000062bb  UART0IntHandler               
0000635d  __kernel_sin                  
000064d1  __kernel_cos                  
0000663d  sqrt                          
0000663d  sqrtl                         
000068d1  __aeabi_ddiv                  
00006a07  GPIOPadConfigSet              
00006c5d  ldexp                         
00006c5d  ldexpl                        
00006c5d  scalbn                        
00006c5d  scalbnl                       
00006d6d  __aeabi_dmul                  
00006e69  floor                         
00006e69  floorl                        
00006f61  toggleLED                     
00006f79  toggleOszi                    
00006f93  onLED                         
00006fab  offLED                        
00006fc3  onOszi                        
00006fdd  offOszi                       
00006ff7  ConfigureDebugGPIO            
000070d3  __aeabi_memcpy                
000070d3  __aeabi_memcpy4               
000070d3  __aeabi_memcpy8               
000070d3  memcpy                        
0000716f  __aeabi_uldivmod              
00007205  __aeabi_cdcmpeq               
00007205  __aeabi_cdcmple               
0000728b  __aeabi_cdrcmple              
00007311  uDMAChannelTransferSet        
0000738d  ADCSequenceStepConfigure      
00007407  __aeabi_memclr                
00007407  __aeabi_memclr4               
00007407  __aeabi_memclr8               
00007409  __aeabi_memset                
00007409  __aeabi_memset4               
00007409  __aeabi_memset8               
0000740f  memset                        
000074f1  IntEnable                     
00007559  __TI_decompress_lzss          
000075c1  frexp                         
000075c1  frexpl                        
00007625  timer0IntClear                
00007631  ConfigureTimer0               
00007689  TimerConfigure                
0000773f  __TI_ltoa                     
00007835  ADCSequenceConfigure          
00007885  GPIOPinConfigure              
0000791d  atoi                          
000079b1  __aeabi_d2iz                  
000079f9  uDMAChannelAttributeDisable   
00007a41  UARTConfigSetExpClk           
00007a89  loadSettings                  
00007abd  saveSettings                  
00007acd  __TI_auto_init_nobinit_nopinit
00007b11  uDMAChannelAttributeEnable    
00007b95  sprintf                       
00007c15  SysCtlPeripheralReady         
00007c4d  IntRegister                   
00007c81  SysCtlPeripheralEnable        
00007cb5  _c_int00_noargs               
00007ce9  __aeabi_i2d                   
00007d17  GPIODirModeSet                
00007d45  uDMAChannelAssign             
00007d71  IntPrioritySet                
00007d95  uDMAChannelControlSet         
00007db9  UARTDisable                   
00007df9  ADCSequenceDataGet            
00007e17  memccpy                       
00007e33  copysign                      
00007e33  copysignl                     
00007e4d  ADCIntRegister                
00007e65  ADCProcessorTrigger           
00007e7d  GPIOPinTypeGPIOOutput         
00007e95  TimerIntRegister              
00007ead  UARTIntRegister               
00007edd  uDMAChannelEnable             
00007ef5  GPIOPinTypeUART               
00007f0b  strchr                        
00007f21  UARTEnable                    
00007f35  strlen                        
00007f49  TimerLoadSet                  
00007f5b  wcslen                        
00007f6d  ADCIntEnable                  
00007f7d  IntMasterDisable              
00007f8d  IntMasterEnable               
00007f9d  uDMAEnable                    
00007fad  ADCHardwareOversampleConfigure
00007fbb  ADCSequenceEnable             
00007fc9  TimerEnable                   
00007fd7  UARTCharGetNonBlocking        
00007fe5  UARTCharPutNonBlocking        
00007ff3  UARTCharsAvail                
00008001  __TI_decompress_none          
0000800f  CPUcpsid                      
0000801b  CPUcpsie                      
00008027  __TI_zero_init                
00008033  ResetISR                      
00008041  uDMAControlBaseSet            
0000804d  ADCIntClear                   
00008057  UARTFIFOEnable                
00008061  UARTIntStatus                 
00008075  TimerIntEnable                
0000807d  UARTDMAEnable                 
00008085  UARTIntEnable                 
0000808d  __aeabi_errno_addr            
00008095  GPIOPinWrite                  
0000809b  SysCtlDelay                   
000080a1  UARTFIFOLevelSet              
000080a7  TimerIntClear                 
000080ab  UARTIntClear                  
000080af  _system_pre_init              
000080b3  C$$EXIT                       
000080b3  abort                         
0000a3c0  _ctypes_                      
0000a8a0  __TI_Handler_Table_Base       
0000a8ac  __TI_Handler_Table_Limit      
0000a8c8  __TI_CINIT_Base               
0000a8e0  __TI_CINIT_Limit              
20000000  __start___llvm_prf_cnts       
20000000  __stop___llvm_prf_cnts        
20000000  g_pfnRAMVectors               
20000270  __stack                       
20000470  __STACK_TOP                   
20005090  __STACK_END                   
2000509c  errno                         
200050a0  offset                        
20005400  color                         
20006000  pui8ControlTable              
20006400  SensorData                    
20006a82  CosOffset                     
20006b02  SinOffset                     
20006b82  oldDiffCosResults             
20006c02  oldDiffSinResults             
20006c82  commandFromTouch              
20006c84  setting                       
20006ca0  backColor                     
20006ca4  sensorData                    
20006ca8  settings                      
ffffffff  __TI_pprof_out_hndl           
ffffffff  __TI_prof_data_size           
ffffffff  __TI_prof_data_start          
ffffffff  __binit__                     
ffffffff  __c_args__                    
ffffffff  binit                         
UNDEFED   __mpu_init                    
UNDEFED   _system_post_cinit            

[217 symbols]
