******************************************************************************
                  TI ARM Linker Unix v20.2.0                   
******************************************************************************
>> Linked Mon May 11 06:58:26 2020

OUTPUT FILE NAME:   <BP_TMR_sensor_array.out>
ENTRY POINT SYMBOL: "_c_int00_noargs"  address: 00007db9


MEMORY CONFIGURATION

         name            origin    length      used     unused   attr    fill
----------------------  --------  ---------  --------  --------  ----  --------
  FLASH                 00000000   00100000  0000aa32  000f55ce  R  X
  SRAM                  20000000   00040000  00006733  000398cd  RW X


SEGMENT ALLOCATION MAP

run origin  load origin   length   init length attrs members
----------  ----------- ---------- ----------- ----- -------
00000000    00000000    0000aa38   0000aa38    r-x
  00000000    00000000    00000208   00000208    r-- .intvecs
  00000208    00000208    00007fb2   00007fb2    r-x .text
  000081c0    000081c0    00002830   00002830    r-- .const
  0000a9f0    0000a9f0    00000048   00000048    r-- .cinit
20000000    20000000    000050ab   00000000    rw-
  20000000    20000000    0000026c   00000000    rw- .vtable
  20000270    20000270    00004e20   00000000    rw- .stack
  20005090    20005090    0000001b   00000000    rw- .data
20005400    20005400    0000168c   00000000    rw-
  20005400    20005400    0000168c   00000000    rw- .bss


SECTION ALLOCATION MAP

 output                                  attributes/
section   page    origin      length       input sections
--------  ----  ----------  ----------   ----------------
.intvecs   0    00000000    00000208     
                  00000000    00000208     tm4c1294ncpdt_startup_ccs.obj (.intvecs)

.text      0    00000208    00007fb2     
                  00000208    00002afc     lcd_functions.obj (.text)
                  00002d04    00000a4e     rtsv7M4_T_le_v4SPD16_eabi.lib : _printfi.c.obj (.text:__TI_printfi)
                  00003752    00000002                                   : div0.asm.obj (.text)
                  00003754    000008e8     adc_functions.obj (.text)
                  0000403c    00000738     rtsv7M4_T_le_v4SPD16_eabi.lib : k_rem_pio2.c.obj (.text:__kernel_rem_pio2)
                  00004774    000005dc                                   : s_cos.c.obj (.text:cos)
                  00004d50    000005c4                                   : s_sin.c.obj (.text:sin)
                  00005314    000002ec                                   : s_atan.c.obj (.text:atan)
                  00005600    000002d0     Interrupt_handler.obj (.text)
                  000058d0    00000270     rtsv7M4_T_le_v4SPD16_eabi.lib : _printfi.c.obj (.text:_pconv_a)
                  00005b40    00000200     driverlib.lib : sysctl.obj (.text:SysCtlClockFreqSet)
                  00005d40    000001e8     uartDMA.obj (.text)
                  00005f28    000001d8     rtsv7M4_T_le_v4SPD16_eabi.lib : e_atan2.c.obj (.text:atan2)
                  00006100    000001d0                                   : _printfi.c.obj (.text:_pconv_g)
                  000062d0    000001b6                                   : fd_add_t2.asm.obj (.text)
                  00006486    00000002     --HOLE-- [fill = 0]
                  00006488    00000174                                   : k_sin.c.obj (.text:__kernel_sin)
                  000065fc    0000016c                                   : k_cos.c.obj (.text:__kernel_cos)
                  00006768    00000158                                   : e_sqrt.c.obj (.text:sqrt)
                  000068c0    0000013c                                   : _printfi.c.obj (.text:_pconv_e)
                  000069fc    00000136                                   : fd_div_t2.asm.obj (.text)
                  00006b32    00000132     driverlib.lib : gpio.obj (.text:GPIOPadConfigSet)
                  00006c64    00000124     rtsv7M4_T_le_v4SPD16_eabi.lib : _printfi.c.obj (.text:fcvt)
                  00006d88    00000110                                   : s_scalbn.c.obj (.text:scalbn)
                  00006e98    000000fc                                   : fd_mul_t2.asm.obj (.text)
                  00006f94    000000f8                                   : s_floor.c.obj (.text:floor)
                  0000708c    000000e8     timer_functions.obj (.text)
                  00007174    000000b1     rtsv7M4_T_le_v4SPD16_eabi.lib : _printfi.c.obj (.text:_ltostr)
                  00007225    00000001     --HOLE-- [fill = 0]
                  00007226    0000009c                                   : memcpy_t2.asm.obj (.text)
                  000072c2    00000096                                   : ull_div_t2.asm.obj (.text)
                  00007358    00000086                                   : fd_cmp_t2.asm.obj (.text:__aeabi_cdcmple)
                  000073de    00000086                                   : fd_cmp_t2.asm.obj (.text:__aeabi_cdrcmple)
                  00007464    0000007c     driverlib.lib : udma.obj (.text:uDMAChannelTransferSet)
                  000074e0    0000007a                   : adc.obj (.text:ADCSequenceStepConfigure)
                  0000755a    0000007a     rtsv7M4_T_le_v4SPD16_eabi.lib : memset_t2.asm.obj (.text)
                  000075d4    0000006e                                   : _printfi.c.obj (.text:_mcpy)
                  00007642    00000002     --HOLE-- [fill = 0]
                  00007644    00000068     driverlib.lib : interrupt.obj (.text:IntEnable)
                  000076ac    00000068     rtsv7M4_T_le_v4SPD16_eabi.lib : copy_decompress_lzss.c.obj (.text:decompress:lzss:__TI_decompress_lzss)
                  00007714    00000064                                   : s_frexp.c.obj (.text:frexp)
                  00007778    00000060     driverlib.lib : timer.obj (.text:TimerConfigure)
                  000077d8    00000056     rtsv7M4_T_le_v4SPD16_eabi.lib : _printfi.c.obj (.text:_pconv_f)
                  0000782e    00000054                                   : _ltoa.c.obj (.text:__TI_ltoa)
                  00007882    00000002     --HOLE-- [fill = 0]
                  00007884    00000054     main.obj (.text)
                  000078d8    00000052     rtsv7M4_T_le_v4SPD16_eabi.lib : _printfi.c.obj (.text:_ecpy)
                  0000792a    00000002     --HOLE-- [fill = 0]
                  0000792c    00000050     driverlib.lib : adc.obj (.text:_ADCIntNumberGet)
                  0000797c    0000004e                   : adc.obj (.text:ADCSequenceConfigure)
                  000079ca    00000002     --HOLE-- [fill = 0]
                  000079cc    0000004c                   : gpio.obj (.text:GPIOPinConfigure)
                  00007a18    0000004c                   : timer.obj (.text:_TimerIntNumberGet)
                  00007a64    0000004c     rtsv7M4_T_le_v4SPD16_eabi.lib : atoi.c.obj (.text:atoi)
                  00007ab0    00000048     driverlib.lib : sysctl.obj (.text:_SysCtlFrequencyGet)
                  00007af8    00000048     rtsv7M4_T_le_v4SPD16_eabi.lib : fd_toi_t2.asm.obj (.text)
                  00007b40    00000048     driverlib.lib : udma.obj (.text:uDMAChannelAttributeDisable)
                  00007b88    00000046                   : uart.obj (.text:UARTConfigSetExpClk)
                  00007bce    00000002     --HOLE-- [fill = 0]
                  00007bd0    00000044     rtsv7M4_T_le_v4SPD16_eabi.lib : autoinit.c.obj (.text:__TI_auto_init_nobinit_nopinit:__TI_auto_init_nobinit_nopinit)
                  00007c14    00000044     driverlib.lib : udma.obj (.text:uDMAChannelAttributeEnable)
                  00007c58    00000040                   : uart.obj (.text:_UARTIntNumberGet)
                  00007c98    00000040     rtsv7M4_T_le_v4SPD16_eabi.lib : sprintf.c.obj (.text:sprintf)
                  00007cd8    0000003e                                   : _printfi.c.obj (.text:_fcpy)
                  00007d16    00000002     --HOLE-- [fill = 0]
                  00007d18    00000038     driverlib.lib : sysctl.obj (.text:SysCtlPeripheralReady)
                  00007d50    00000034                   : interrupt.obj (.text:IntRegister)
                  00007d84    00000034                   : sysctl.obj (.text:SysCtlPeripheralEnable)
                  00007db8    00000034     rtsv7M4_T_le_v4SPD16_eabi.lib : boot_cortex_m.c.obj (.text:_c_int00_noargs:_c_int00_noargs)
                  00007dec    0000002e                                   : i_tofd_t2.asm.obj (.text)
                  00007e1a    0000002c     driverlib.lib : gpio.obj (.text:GPIODirModeSet)
                  00007e46    00000002     --HOLE-- [fill = 0]
                  00007e48    0000002c                   : udma.obj (.text:uDMAChannelAssign)
                  00007e74    00000024                   : interrupt.obj (.text:IntPrioritySet)
                  00007e98    00000024                   : udma.obj (.text:uDMAChannelControlSet)
                  00007ebc    00000020                   : uart.obj (.text:UARTDisable)
                  00007edc    00000020                   : sysctl.obj (.text:_SysCtlMemTimingGet)
                  00007efc    0000001e                   : adc.obj (.text:ADCSequenceDataGet)
                  00007f1a    0000001c     rtsv7M4_T_le_v4SPD16_eabi.lib : memccpy.c.obj (.text:memccpy)
                  00007f36    0000001a                                   : s_copysign.c.obj (.text:copysign)
                  00007f50    00000018     driverlib.lib : adc.obj (.text:ADCIntRegister)
                  00007f68    00000018                   : adc.obj (.text:ADCProcessorTrigger)
                  00007f80    00000018                   : gpio.obj (.text:GPIOPinTypeGPIOOutput)
                  00007f98    00000018                   : timer.obj (.text:TimerIntRegister)
                  00007fb0    00000018                   : uart.obj (.text:UARTIntRegister)
                  00007fc8    00000018     rtsv7M4_T_le_v4SPD16_eabi.lib : sprintf.c.obj (.text:_outs)
                  00007fe0    00000018     driverlib.lib : udma.obj (.text:uDMAChannelEnable)
                  00007ff8    00000016                   : gpio.obj (.text:GPIOPinTypeUART)
                  0000800e    00000016     rtsv7M4_T_le_v4SPD16_eabi.lib : strchr.c.obj (.text:strchr)
                  00008024    00000014     driverlib.lib : uart.obj (.text:UARTEnable)
                  00008038    00000014     rtsv7M4_T_le_v4SPD16_eabi.lib : strlen.c.obj (.text:strlen)
                  0000804c    00000012     driverlib.lib : timer.obj (.text:TimerLoadSet)
                  0000805e    00000012     rtsv7M4_T_le_v4SPD16_eabi.lib : wcslen.c.obj (.text:wcslen)
                  00008070    00000010     driverlib.lib : adc.obj (.text:ADCIntEnable)
                  00008080    00000010                   : interrupt.obj (.text:IntMasterDisable)
                  00008090    00000010                   : interrupt.obj (.text:IntMasterEnable)
                  000080a0    00000010                   : udma.obj (.text:uDMAEnable)
                  000080b0    0000000e                   : adc.obj (.text:ADCHardwareOversampleConfigure)
                  000080be    0000000e                   : adc.obj (.text:ADCSequenceEnable)
                  000080cc    0000000e                   : timer.obj (.text:TimerEnable)
                  000080da    0000000e                   : uart.obj (.text:UARTCharGetNonBlocking)
                  000080e8    0000000e                   : uart.obj (.text:UARTCharPutNonBlocking)
                  000080f6    0000000e                   : uart.obj (.text:UARTCharsAvail)
                  00008104    0000000e     rtsv7M4_T_le_v4SPD16_eabi.lib : copy_decompress_none.c.obj (.text:decompress:none:__TI_decompress_none)
                  00008112    0000000c     driverlib.lib : cpu.obj (.text:CPUcpsid)
                  0000811e    0000000c                   : cpu.obj (.text:CPUcpsie)
                  0000812a    0000000c     rtsv7M4_T_le_v4SPD16_eabi.lib : copy_zero_init.c.obj (.text:decompress:ZI:__TI_zero_init)
                  00008136    0000000c     tm4c1294ncpdt_startup_ccs.obj (.text)
                  00008142    00000002     --HOLE-- [fill = 0]
                  00008144    0000000c     driverlib.lib : udma.obj (.text:uDMAControlBaseSet)
                  00008150    0000000a                   : adc.obj (.text:ADCIntClear)
                  0000815a    0000000a                   : uart.obj (.text:UARTFIFOEnable)
                  00008164    0000000a                   : uart.obj (.text:UARTIntStatus)
                  0000816e    0000000a     rtsv7M4_T_le_v4SPD16_eabi.lib : sprintf.c.obj (.text:_outc)
                  00008178    00000008     driverlib.lib : timer.obj (.text:TimerIntEnable)
                  00008180    00000008                   : uart.obj (.text:UARTDMAEnable)
                  00008188    00000008                   : uart.obj (.text:UARTIntEnable)
                  00008190    00000008     rtsv7M4_T_le_v4SPD16_eabi.lib : errno.c.obj (.text:__aeabi_errno_addr)
                  00008198    00000006     driverlib.lib : gpio.obj (.text:GPIOPinWrite)
                  0000819e    00000006                   : sysctl.obj (.text:SysCtlDelay)
                  000081a4    00000006                   : uart.obj (.text:UARTFIFOLevelSet)
                  000081aa    00000004                   : timer.obj (.text:TimerIntClear)
                  000081ae    00000004                   : uart.obj (.text:UARTIntClear)
                  000081b2    00000004     rtsv7M4_T_le_v4SPD16_eabi.lib : pre_init.c.obj (.text:_system_pre_init)
                  000081b6    00000004                                   : exit.c.obj (.text:abort:abort)

.const     0    000081c0    00002830     
                  000081c0    00002000     lcd_functions.obj (.const:font_12_16)
                  0000a1c0    000001b0     driverlib.lib : sysctl.obj (.const:g_pppui32XTALtoVCO)
                  0000a370    00000158     rtsv7M4_T_le_v4SPD16_eabi.lib : k_rem_pio2.c.obj (.const:$O1$$)
                  0000a4c8    00000101                                   : ctype.c.obj (.const:.string:_ctypes_)
                  0000a5c9    00000003     --HOLE-- [fill = 0]
                  0000a5cc    0000009c     driverlib.lib : interrupt.obj (.const:g_pui32Regs)
                  0000a668    00000098     rtsv7M4_T_le_v4SPD16_eabi.lib : s_atan.c.obj (.const:$O1$$)
                  0000a700    00000090     driverlib.lib : gpio.obj (.const:g_pui32GPIOBaseAddrs)
                  0000a790    0000006c                   : sysctl.obj (.const:g_pui32Xtals)
                  0000a7fc    00000060                   : timer.obj (.const:g_ppui32TimerIntMap)
                  0000a85c    00000040                   : timer.obj (.const:g_ppui32TimerIntMapSnowflake)
                  0000a89c    00000040                   : uart.obj (.const:g_ppui32UARTIntMap)
                  0000a8dc    00000040                   : uart.obj (.const:g_ppui32UARTIntMapSnowflake)
                  0000a91c    00000030                   : sysctl.obj (.const:g_sXTALtoMEMTIM)
                  0000a94c    00000014                   : interrupt.obj (.const:g_pui32EnRegs)
                  0000a960    00000008                   : sysctl.obj (.const:g_pui32VCOFrequencies)
                  0000a968    00000004     lcd_functions.obj (.const:$P$T10$4)
                  0000a96c    00000004     lcd_functions.obj (.const:$P$T11$5)
                  0000a970    00000004     lcd_functions.obj (.const:$P$T12$6)
                  0000a974    00000004     lcd_functions.obj (.const:$P$T13$7)
                  0000a978    00000004     lcd_functions.obj (.const:$P$T14$8)
                  0000a97c    00000004     main.obj (.const:$P$T2$1)
                  0000a980    00000004     lcd_functions.obj (.const:$P$T2$2)
                  0000a984    00000004     lcd_functions.obj (.const:$P$T21$9)
                  0000a988    00000004     lcd_functions.obj (.const:$P$T22$10)
                  0000a98c    00000004     lcd_functions.obj (.const:$P$T23$11)
                  0000a990    00000004     lcd_functions.obj (.const:$P$T24$12)
                  0000a994    00000004     lcd_functions.obj (.const:$P$T25$13)
                  0000a998    00000004     lcd_functions.obj (.const:$P$T26$14)
                  0000a99c    00000004     lcd_functions.obj (.const:$P$T29$15)
                  0000a9a0    00000004     Interrupt_handler.obj (.const:$P$T3$3)
                  0000a9a4    00000004     lcd_functions.obj (.const:$P$T30$16)
                  0000a9a8    00000004     lcd_functions.obj (.const:$P$T33$17)
                  0000a9ac    00000004     lcd_functions.obj (.const:$P$T34$18)
                  0000a9b0    00000004     lcd_functions.obj (.const:$P$T37$19)
                  0000a9b4    00000004     lcd_functions.obj (.const:$P$T38$20)
                  0000a9b8    00000004     Interrupt_handler.obj (.const:$P$T4$4)
                  0000a9bc    00000004     lcd_functions.obj (.const:$P$T41$21)
                  0000a9c0    00000004     lcd_functions.obj (.const:$P$T42$22)
                  0000a9c4    00000004     lcd_functions.obj (.const:$P$T47$23)
                  0000a9c8    00000004     lcd_functions.obj (.const:$P$T48$24)
                  0000a9cc    00000004     lcd_functions.obj (.const:$P$T49$25)
                  0000a9d0    00000004     lcd_functions.obj (.const:$P$T50$26)
                  0000a9d4    00000004     lcd_functions.obj (.const:$P$T53$27)
                  0000a9d8    00000004     lcd_functions.obj (.const:$P$T54$28)
                  0000a9dc    00000004     lcd_functions.obj (.const:$P$T56$29)
                  0000a9e0    00000004     lcd_functions.obj (.const:$P$T60$30)
                  0000a9e4    00000004     lcd_functions.obj (.const:$P$T61$31)
                  0000a9e8    00000004     lcd_functions.obj (.const:$P$T62$32)
                  0000a9ec    00000004     lcd_functions.obj (.const:$P$T9$3)

.cinit     0    0000a9f0    00000048     
                  0000a9f0    00000012     (.cinit..data.load) [load image, compression = lzss]
                  0000aa02    00000002     --HOLE-- [fill = 0]
                  0000aa04    0000000c     (__TI_handler_table)
                  0000aa10    00000008     (.cinit..bss.load) [load image, compression = zero_init]
                  0000aa18    00000008     (.cinit..vtable.load) [load image, compression = zero_init]
                  0000aa20    00000018     (__TI_cinit_table)

.init_array 
*          0    00000000    00000000     UNINITIALIZED

.vtable    0    20000000    0000026c     UNINITIALIZED
                  20000000    0000026c     driverlib.lib : interrupt.obj (.vtable)

.data      0    20005090    0000001b     UNINITIALIZED
                  20005090    00000009     Interrupt_handler.obj (.data:stepperMotorCommand$2)
                  20005099    00000001     --HOLE--
                  2000509a    00000006     Interrupt_handler.obj (.data)
                  200050a0    00000004     Interrupt_handler.obj (.data:backColor)
                  200050a4    00000004     rtsv7M4_T_le_v4SPD16_eabi.lib : errno.c.obj (.data)
                  200050a8    00000003     lcd_functions.obj (.data)

.bss       0    20005400    0000168c     UNINITIALIZED
                  20005400    00000c00     lcd_functions.obj (.bss:color)
                  20006000    00000400     (.common:pui8ControlTable)
                  20006400    00000100     adc_functions.obj (.bss:CosResults)
                  20006500    00000100     adc_functions.obj (.bss:SinResults)
                  20006600    00000100     (.common:DiffResults)
                  20006700    00000080     (.common:CosOffset)
                  20006780    00000080     (.common:DiffCosResults)
                  20006800    00000080     (.common:DiffSinResults)
                  20006880    00000080     (.common:SinOffset)
                  20006900    00000080     (.common:arrowLength)
                  20006980    00000080     (.common:oldDiffCosResults)
                  20006a00    00000080     (.common:oldDiffSinResults)
                  20006a80    00000008     uartDMA.obj (.bss:UART0receive)
                  20006a88    00000004     Interrupt_handler.obj (.bss)

.stack     0    20000270    00004e20     UNINITIALIZED
                  20000270    00000004     rtsv7M4_T_le_v4SPD16_eabi.lib : boot_cortex_m.c.obj (.stack)
                  20000274    00004e1c     --HOLE--

__llvm_prf_cnts 
*          0    20000000    00000000     UNINITIALIZED

MODULE SUMMARY

       Module                          code    ro data   rw data
       ------                          ----    -------   -------
    ./
       lcd_functions.obj               11004   8316      3331   
       adc_functions.obj               2280    0         512    
       Interrupt_handler.obj           720     8         919    
       uartDMA.obj                     488     0         1032   
       tm4c1294ncpdt_startup_ccs.obj   12      520       0      
       timer_functions.obj             232     0         0      
       main.obj                        84      4         0      
    +--+-------------------------------+-------+---------+---------+
       Total:                          14820   8848      5794   
                                                                
    /home/ole/CodeComposerStudio10/TivaWare_C_Series-2.1.4.178/driverlib/ccs/Debug/driverlib.lib
       sysctl.obj                      730     596       0      
       interrupt.obj                   224     176       620    
       gpio.obj                        478     144       0      
       uart.obj                        298     128       0      
       adc.obj                         412     0         0      
       timer.obj                       240     160       0      
       udma.obj                        396     0         0      
       cpu.obj                         24      0         0      
    +--+-------------------------------+-------+---------+---------+
       Total:                          2802    1204      620    
                                                                
    /home/ole/CodeComposerStudio10/ccs/tools/compiler/ti-cgt-arm_20.2.0.LTS/lib/rtsv7M4_T_le_v4SPD16_eabi.lib
       _printfi.c.obj                  4851    0         0      
       k_rem_pio2.c.obj                1848    344       0      
       s_cos.c.obj                     1500    0         0      
       s_sin.c.obj                     1476    0         0      
       s_atan.c.obj                    748     152       0      
       e_atan2.c.obj                   472     0         0      
       fd_add_t2.asm.obj               438     0         0      
       k_sin.c.obj                     372     0         0      
       k_cos.c.obj                     364     0         0      
       e_sqrt.c.obj                    344     0         0      
       fd_div_t2.asm.obj               310     0         0      
       s_scalbn.c.obj                  272     0         0      
       fd_cmp_t2.asm.obj               268     0         0      
       ctype.c.obj                     0       257       0      
       fd_mul_t2.asm.obj               252     0         0      
       s_floor.c.obj                   248     0         0      
       memcpy_t2.asm.obj               156     0         0      
       ull_div_t2.asm.obj              150     0         0      
       memset_t2.asm.obj               122     0         0      
       copy_decompress_lzss.c.obj      104     0         0      
       s_frexp.c.obj                   100     0         0      
       sprintf.c.obj                   98      0         0      
       _ltoa.c.obj                     84      0         0      
       atoi.c.obj                      76      0         0      
       fd_toi_t2.asm.obj               72      0         0      
       autoinit.c.obj                  68      0         0      
       boot_cortex_m.c.obj             52      0         0      
       i_tofd_t2.asm.obj               46      0         0      
       memccpy.c.obj                   28      0         0      
       s_copysign.c.obj                26      0         0      
       strchr.c.obj                    22      0         0      
       strlen.c.obj                    20      0         0      
       wcslen.c.obj                    18      0         0      
       copy_decompress_none.c.obj      14      0         0      
       copy_zero_init.c.obj            12      0         0      
       errno.c.obj                     8       0         4      
       exit.c.obj                      4       0         0      
       pre_init.c.obj                  4       0         0      
       div0.asm.obj                    2       0         0      
    +--+-------------------------------+-------+---------+---------+
       Total:                          15049   753       4      
                                                                
       Stack:                          0       0         20000  
       Linker Generated:               0       70        0      
    +--+-------------------------------+-------+---------+---------+
       Grand Total:                    32671   10875     26418  


LINKER GENERATED COPY TABLES

__TI_cinit_table @ 0000aa20 records: 3, size/record: 8, table size: 24
	.data: load addr=0000a9f0, load size=00000012 bytes, run addr=20005090, run size=0000001b bytes, compression=lzss
	.bss: load addr=0000aa10, load size=00000008 bytes, run addr=20005400, run size=0000168c bytes, compression=zero_init
	.vtable: load addr=0000aa18, load size=00000008 bytes, run addr=20000000, run size=0000026c bytes, compression=zero_init


LINKER GENERATED HANDLER TABLE

__TI_handler_table @ 0000aa04 records: 3, size/record: 4, table size: 12
	index: 0, handler: __TI_zero_init
	index: 1, handler: __TI_decompress_lzss
	index: 2, handler: __TI_decompress_none


GLOBAL SYMBOLS: SORTED ALPHABETICALLY BY Name 

address   name                          
-------   ----                          
00005647  ADC0IntHandler                
000080b1  ADCHardwareOversampleConfigure
00008151  ADCIntClear                   
00008071  ADCIntEnable                  
00007f51  ADCIntRegister                
00007f69  ADCProcessorTrigger           
0000797d  ADCSequenceConfigure          
00007efd  ADCSequenceDataGet            
000080bf  ADCSequenceEnable             
000074e1  ADCSequenceStepConfigure      
000081b7  C$$EXIT                       
00008113  CPUcpsid                      
0000811f  CPUcpsie                      
00003ec9  ConfigureADC                  
000070e5  ConfigureGPIO                 
00002941  ConfigureLCD5Inch             
00002ae3  ConfigureLCD7Inch             
00007099  ConfigureTimer0               
00005e1b  ConfigureUART0                
00005e97  ConfigureUART2                
20006700  CosOffset                     
20006780  DiffCosResults                
20006600  DiffResults                   
20006800  DiffSinResults                
00007e1b  GPIODirModeSet                
00006b33  GPIOPadConfigSet              
000079cd  GPIOPinConfigure              
00007f81  GPIOPinTypeGPIOOutput         
00007ff9  GPIOPinTypeUART               
00008199  GPIOPinWrite                  
00007645  IntEnable                     
00008081  IntMasterDisable              
00008091  IntMasterEnable               
00007e75  IntPrioritySet                
00007d51  IntRegister                   
0000377d  ReadArray                     
00008137  ResetISR                      
20006880  SinOffset                     
00005b41  SysCtlClockFreqSet            
0000819f  SysCtlDelay                   
00007d85  SysCtlPeripheralEnable        
00007d19  SysCtlPeripheralReady         
00005601  Timer0IntHandler              
00007779  TimerConfigure                
000080cd  TimerEnable                   
000081ab  TimerIntClear                 
00008179  TimerIntEnable                
00007f99  TimerIntRegister              
0000804d  TimerLoadSet                  
000056bb  UART0IntHandler               
000057d9  UART2IntHandler               
000080db  UARTCharGetNonBlocking        
000080e9  UARTCharPutNonBlocking        
000080f7  UARTCharsAvail                
00007b89  UARTConfigSetExpClk           
00008181  UARTDMAEnable                 
00007ebd  UARTDisable                   
00008025  UARTEnable                    
0000815b  UARTFIFOEnable                
000081a5  UARTFIFOLevelSet              
000081af  UARTIntClear                  
00008189  UARTIntEnable                 
00007fb1  UARTIntRegister               
00008165  UARTIntStatus                 
20005090  __STACK_END                   
00004e20  __STACK_SIZE                  
20000470  __STACK_TOP                   
0000aa20  __TI_CINIT_Base               
0000aa38  __TI_CINIT_Limit              
0000aa04  __TI_Handler_Table_Base       
0000aa10  __TI_Handler_Table_Limit      
00007bd1  __TI_auto_init_nobinit_nopinit
000076ad  __TI_decompress_lzss          
00008105  __TI_decompress_none          
0000782f  __TI_ltoa                     
ffffffff  __TI_pprof_out_hndl           
00002d05  __TI_printfi                  
ffffffff  __TI_prof_data_size           
ffffffff  __TI_prof_data_start          
00000000  __TI_static_base__            
0000812b  __TI_zero_init                
00007359  __aeabi_cdcmpeq               
00007359  __aeabi_cdcmple               
000073df  __aeabi_cdrcmple              
00007af9  __aeabi_d2iz                  
000062db  __aeabi_dadd                  
000069fd  __aeabi_ddiv                  
00006e99  __aeabi_dmul                  
000062d1  __aeabi_dsub                  
00008191  __aeabi_errno_addr            
00007ded  __aeabi_i2d                   
00003753  __aeabi_idiv0                 
00003753  __aeabi_ldiv0                 
0000755b  __aeabi_memclr                
0000755b  __aeabi_memclr4               
0000755b  __aeabi_memclr8               
00007227  __aeabi_memcpy                
00007227  __aeabi_memcpy4               
00007227  __aeabi_memcpy8               
0000755d  __aeabi_memset                
0000755d  __aeabi_memset4               
0000755d  __aeabi_memset8               
000072c3  __aeabi_uldivmod              
ffffffff  __binit__                     
ffffffff  __c_args__                    
000065fd  __kernel_cos                  
0000403d  __kernel_rem_pio2             
00006489  __kernel_sin                  
UNDEFED   __mpu_init                    
20000270  __stack                       
20000000  __start___llvm_prf_cnts       
20000000  __stop___llvm_prf_cnts        
00007db9  _c_int00_noargs               
0000a4c8  _ctypes_                      
UNDEFED   _system_post_cinit            
000081b3  _system_pre_init              
000081b7  abort                         
00003771  adcIntClear                   
20006900  arrowLength                   
00005315  atan                          
00005f29  atan2                         
00005f29  atan2l                        
00005315  atanl                         
00007a65  atoi                          
ffffffff  binit                         
00003a05  computeArrows                 
00005db1  configureUDMA                 
00007f37  copysign                      
00007f37  copysignl                     
00004775  cos                           
00004775  cosl                          
000008a9  drawDisplay5Inch              
00000ac9  drawDisplay7Inch              
200050a4  errno                         
00006f95  floor                         
00006f95  floorl                        
00007715  frexp                         
00007715  frexpl                        
20000000  g_pfnRAMVectors               
00000000  g_pfnVectors                  
000003d9  generateColors                
00005d41  getDataFromPc                 
00006d89  ldexp                         
00006d89  ldexpl                        
00007885  main                          
00007f1b  memccpy                       
00007227  memcpy                        
00007563  memset                        
200050a8  offset                        
20006980  oldDiffCosResults             
20006a00  oldDiffSinResults             
00005d45  prepareReceiveDMA             
00000521  printString                   
20006000  pui8ControlTable              
00006d89  scalbn                        
00006d89  scalbnl                       
00005d7b  sendCommandToMotor            
00005d5f  sendUARTDMA                   
00004d51  sin                           
00004d51  sinl                          
00007c99  sprintf                       
00006769  sqrt                          
00006769  sqrtl                         
00003755  startAdcConversion            
0000800f  strchr                        
00008039  strlen                        
0000708d  timer0IntClear                
00007e49  uDMAChannelAssign             
00007b41  uDMAChannelAttributeDisable   
00007c15  uDMAChannelAttributeEnable    
00007e99  uDMAChannelControlSet         
00007fe1  uDMAChannelEnable             
00007465  uDMAChannelTransferSet        
00008145  uDMAControlBaseSet            
000080a1  uDMAEnable                    
0000805f  wcslen                        
00000651  writeChar                     
00000d15  writeCmdData                  
00000cf5  writeCommand                  
00000d45  writeData                     
00000209  writeInfos                    
00000e3d  writeLine                     
00002185  writeLine0Degree              
0000222d  writeLine180Degree            
00002281  writeLine270Degree            
000021d9  writeLine90Degree             
000022dd  writeLineQuadrant1_I          
000023b5  writeLineQuadrant1_II         
0000247b  writeLineQuadrant2_I          
00002541  writeLineQuadrant2_II         
00002619  writeLineQuadrant3_I          
000026df  writeLineQuadrant3_II         
000027a5  writeLineQuadrant4_I          
0000286b  writeLineQuadrant4_II         
00000d8b  writePosition                 
000007a5  writeRecangle                 
0000071f  writeScreenColor5INCH         
00000827  writeScreenColor7INCH         


GLOBAL SYMBOLS: SORTED BY Symbol Address 

address   name                          
-------   ----                          
00000000  __TI_static_base__            
00000000  g_pfnVectors                  
00000209  writeInfos                    
000003d9  generateColors                
00000521  printString                   
00000651  writeChar                     
0000071f  writeScreenColor5INCH         
000007a5  writeRecangle                 
00000827  writeScreenColor7INCH         
000008a9  drawDisplay5Inch              
00000ac9  drawDisplay7Inch              
00000cf5  writeCommand                  
00000d15  writeCmdData                  
00000d45  writeData                     
00000d8b  writePosition                 
00000e3d  writeLine                     
00002185  writeLine0Degree              
000021d9  writeLine90Degree             
0000222d  writeLine180Degree            
00002281  writeLine270Degree            
000022dd  writeLineQuadrant1_I          
000023b5  writeLineQuadrant1_II         
0000247b  writeLineQuadrant2_I          
00002541  writeLineQuadrant2_II         
00002619  writeLineQuadrant3_I          
000026df  writeLineQuadrant3_II         
000027a5  writeLineQuadrant4_I          
0000286b  writeLineQuadrant4_II         
00002941  ConfigureLCD5Inch             
00002ae3  ConfigureLCD7Inch             
00002d05  __TI_printfi                  
00003753  __aeabi_idiv0                 
00003753  __aeabi_ldiv0                 
00003755  startAdcConversion            
00003771  adcIntClear                   
0000377d  ReadArray                     
00003a05  computeArrows                 
00003ec9  ConfigureADC                  
0000403d  __kernel_rem_pio2             
00004775  cos                           
00004775  cosl                          
00004d51  sin                           
00004d51  sinl                          
00004e20  __STACK_SIZE                  
00005315  atan                          
00005315  atanl                         
00005601  Timer0IntHandler              
00005647  ADC0IntHandler                
000056bb  UART0IntHandler               
000057d9  UART2IntHandler               
00005b41  SysCtlClockFreqSet            
00005d41  getDataFromPc                 
00005d45  prepareReceiveDMA             
00005d5f  sendUARTDMA                   
00005d7b  sendCommandToMotor            
00005db1  configureUDMA                 
00005e1b  ConfigureUART0                
00005e97  ConfigureUART2                
00005f29  atan2                         
00005f29  atan2l                        
000062d1  __aeabi_dsub                  
000062db  __aeabi_dadd                  
00006489  __kernel_sin                  
000065fd  __kernel_cos                  
00006769  sqrt                          
00006769  sqrtl                         
000069fd  __aeabi_ddiv                  
00006b33  GPIOPadConfigSet              
00006d89  ldexp                         
00006d89  ldexpl                        
00006d89  scalbn                        
00006d89  scalbnl                       
00006e99  __aeabi_dmul                  
00006f95  floor                         
00006f95  floorl                        
0000708d  timer0IntClear                
00007099  ConfigureTimer0               
000070e5  ConfigureGPIO                 
00007227  __aeabi_memcpy                
00007227  __aeabi_memcpy4               
00007227  __aeabi_memcpy8               
00007227  memcpy                        
000072c3  __aeabi_uldivmod              
00007359  __aeabi_cdcmpeq               
00007359  __aeabi_cdcmple               
000073df  __aeabi_cdrcmple              
00007465  uDMAChannelTransferSet        
000074e1  ADCSequenceStepConfigure      
0000755b  __aeabi_memclr                
0000755b  __aeabi_memclr4               
0000755b  __aeabi_memclr8               
0000755d  __aeabi_memset                
0000755d  __aeabi_memset4               
0000755d  __aeabi_memset8               
00007563  memset                        
00007645  IntEnable                     
000076ad  __TI_decompress_lzss          
00007715  frexp                         
00007715  frexpl                        
00007779  TimerConfigure                
0000782f  __TI_ltoa                     
00007885  main                          
0000797d  ADCSequenceConfigure          
000079cd  GPIOPinConfigure              
00007a65  atoi                          
00007af9  __aeabi_d2iz                  
00007b41  uDMAChannelAttributeDisable   
00007b89  UARTConfigSetExpClk           
00007bd1  __TI_auto_init_nobinit_nopinit
00007c15  uDMAChannelAttributeEnable    
00007c99  sprintf                       
00007d19  SysCtlPeripheralReady         
00007d51  IntRegister                   
00007d85  SysCtlPeripheralEnable        
00007db9  _c_int00_noargs               
00007ded  __aeabi_i2d                   
00007e1b  GPIODirModeSet                
00007e49  uDMAChannelAssign             
00007e75  IntPrioritySet                
00007e99  uDMAChannelControlSet         
00007ebd  UARTDisable                   
00007efd  ADCSequenceDataGet            
00007f1b  memccpy                       
00007f37  copysign                      
00007f37  copysignl                     
00007f51  ADCIntRegister                
00007f69  ADCProcessorTrigger           
00007f81  GPIOPinTypeGPIOOutput         
00007f99  TimerIntRegister              
00007fb1  UARTIntRegister               
00007fe1  uDMAChannelEnable             
00007ff9  GPIOPinTypeUART               
0000800f  strchr                        
00008025  UARTEnable                    
00008039  strlen                        
0000804d  TimerLoadSet                  
0000805f  wcslen                        
00008071  ADCIntEnable                  
00008081  IntMasterDisable              
00008091  IntMasterEnable               
000080a1  uDMAEnable                    
000080b1  ADCHardwareOversampleConfigure
000080bf  ADCSequenceEnable             
000080cd  TimerEnable                   
000080db  UARTCharGetNonBlocking        
000080e9  UARTCharPutNonBlocking        
000080f7  UARTCharsAvail                
00008105  __TI_decompress_none          
00008113  CPUcpsid                      
0000811f  CPUcpsie                      
0000812b  __TI_zero_init                
00008137  ResetISR                      
00008145  uDMAControlBaseSet            
00008151  ADCIntClear                   
0000815b  UARTFIFOEnable                
00008165  UARTIntStatus                 
00008179  TimerIntEnable                
00008181  UARTDMAEnable                 
00008189  UARTIntEnable                 
00008191  __aeabi_errno_addr            
00008199  GPIOPinWrite                  
0000819f  SysCtlDelay                   
000081a5  UARTFIFOLevelSet              
000081ab  TimerIntClear                 
000081af  UARTIntClear                  
000081b3  _system_pre_init              
000081b7  C$$EXIT                       
000081b7  abort                         
0000a4c8  _ctypes_                      
0000aa04  __TI_Handler_Table_Base       
0000aa10  __TI_Handler_Table_Limit      
0000aa20  __TI_CINIT_Base               
0000aa38  __TI_CINIT_Limit              
20000000  __start___llvm_prf_cnts       
20000000  __stop___llvm_prf_cnts        
20000000  g_pfnRAMVectors               
20000270  __stack                       
20000470  __STACK_TOP                   
20005090  __STACK_END                   
200050a4  errno                         
200050a8  offset                        
20006000  pui8ControlTable              
20006600  DiffResults                   
20006700  CosOffset                     
20006780  DiffCosResults                
20006800  DiffSinResults                
20006880  SinOffset                     
20006900  arrowLength                   
20006980  oldDiffCosResults             
20006a00  oldDiffSinResults             
ffffffff  __TI_pprof_out_hndl           
ffffffff  __TI_prof_data_size           
ffffffff  __TI_prof_data_start          
ffffffff  __binit__                     
ffffffff  __c_args__                    
ffffffff  binit                         
UNDEFED   __mpu_init                    
UNDEFED   _system_post_cinit            

[198 symbols]
