******************************************************************************
                  TI ARM Linker Unix v20.2.0                   
******************************************************************************
>> Linked Tue Apr 28 14:49:50 2020

OUTPUT FILE NAME:   <BP_TMR_sensor_array.out>
ENTRY POINT SYMBOL: "_c_int00_noargs"  address: 00006d71


MEMORY CONFIGURATION

         name            origin    length      used     unused   attr    fill
----------------------  --------  ---------  --------  --------  ----  --------
  FLASH                 00000000   00100000  00009400  000f6c00  R  X
  SRAM                  20000000   00040000  00001c67  0003e399  RW X


SEGMENT ALLOCATION MAP

run origin  load origin   length   init length attrs members
----------  ----------- ---------- ----------- ----- -------
00000000    00000000    00009408   00009408    r-x
  00000000    00000000    00000208   00000208    r-- .intvecs
  00000208    00000208    00006de4   00006de4    r-x .text
  00006ff0    00006ff0    00002374   00002374    r-- .const
  00009368    00009368    000000a0   000000a0    r-- .cinit
20000000    20000000    00001c68   00000000    rw-
  20000000    20000000    00001854   00000000    rw- .bss
  20001854    20001854    00000203   00000000    rw- .data
  20001a58    20001a58    00000200   00000000    rw- .stack
  20001c58    20001c58    00000010   00000000    rw- .sysmem


SECTION ALLOCATION MAP

 output                                  attributes/
section   page    origin      length       input sections
--------  ----  ----------  ----------   ----------------
.intvecs   0    00000000    00000208     
                  00000000    00000208     tm4c1294ncpdt_startup_ccs.obj (.intvecs)

.text      0    00000208    00006de4     
                  00000208    00001d90     lcd_functions.obj (.text)
                  00001f98    00000a4e     rtsv7M4_T_le_v4SPD16_eabi.lib : _printfi.c.obj (.text:__TI_printfi)
                  000029e6    00000002                                   : _lock.c.obj (.text:_nop)
                  000029e8    00000738                                   : k_rem_pio2.c.obj (.text:__kernel_rem_pio2)
                  00003120    000005dc                                   : s_cos.c.obj (.text:cos)
                  000036fc    000005c4                                   : s_sin.c.obj (.text:sin)
                  00003cc0    000003f4     configuration.obj (.text)
                  000040b4    000003b4     functions.obj (.text)
                  00004468    00000308     Interrupt_handler.obj (.text)
                  00004770    000002ec     rtsv7M4_T_le_v4SPD16_eabi.lib : s_atan.c.obj (.text:atan)
                  00004a5c    00000270                                   : _printfi.c.obj (.text:_pconv_a)
                  00004ccc    000001d0                                   : _printfi.c.obj (.text:_pconv_g)
                  00004e9c    000001b6                                   : fd_add_t2.asm.obj (.text)
                  00005052    00000002                                   : div0.asm.obj (.text)
                  00005054    00000174                                   : k_sin.c.obj (.text:__kernel_sin)
                  000051c8    0000016c                                   : k_cos.c.obj (.text:__kernel_cos)
                  00005334    00000158                                   : e_sqrt.c.obj (.text:sqrt)
                  0000548c    0000013c                                   : _printfi.c.obj (.text:_pconv_e)
                  000055c8    00000136                                   : fd_div_t2.asm.obj (.text)
                  000056fe    00000002     --HOLE-- [fill = 0]
                  00005700    00000124                                   : _printfi.c.obj (.text:fcvt)
                  00005824    00000114                                   : fputs.c.obj (.text:fputs)
                  00005938    00000110                                   : s_scalbn.c.obj (.text:scalbn)
                  00005a48    00000108                                   : memory.c.obj (.text:aligned_alloc)
                  00005b50    000000fc                                   : fd_mul_t2.asm.obj (.text)
                  00005c4c    000000f8                                   : s_floor.c.obj (.text:floor)
                  00005d44    000000e4                                   : memory.c.obj (.text:free)
                  00005e28    000000dc                                   : setvbuf.c.obj (.text:setvbuf)
                  00005f04    000000b1                                   : _printfi.c.obj (.text:_ltostr)
                  00005fb5    00000001     --HOLE-- [fill = 0]
                  00005fb6    0000009c                                   : memcpy_t2.asm.obj (.text)
                  00006052    00000096                                   : ull_div_t2.asm.obj (.text)
                  000060e8    0000008c                                   : fputc.c.obj (.text:fputc)
                  00006174    00000086                                   : fd_cmp_t2.asm.obj (.text:__aeabi_cdcmple)
                  000061fa    00000086                                   : fd_cmp_t2.asm.obj (.text:__aeabi_cdrcmple)
                  00006280    0000007a                                   : memset_t2.asm.obj (.text)
                  000062fa    00000002     --HOLE-- [fill = 0]
                  000062fc    00000074                                   : fclose.c.obj (.text:__TI_closefile)
                  00006370    00000070                                   : memory.c.obj (.text:split)
                  000063e0    0000006e                                   : _printfi.c.obj (.text:_mcpy)
                  0000644e    00000002     --HOLE-- [fill = 0]
                  00006450    0000006c                                   : hostrename.c.obj (.text:HOSTrename)
                  000064bc    00000068                                   : hostlseek.c.obj (.text:HOSTlseek)
                  00006524    00000068                                   : copy_decompress_lzss.c.obj (.text:decompress:lzss:__TI_decompress_lzss)
                  0000658c    00000068                                   : printf.c.obj (.text:printf)
                  000065f4    00000064                                   : s_frexp.c.obj (.text:frexp)
                  00006658    00000064                                   : fseek.c.obj (.text:fseek)
                  000066bc    00000062                                   : _io_perm.c.obj (.text:__TI_wrt_ok)
                  0000671e    00000002     --HOLE-- [fill = 0]
                  00006720    00000060                                   : hostopen.c.obj (.text:HOSTopen)
                  00006780    0000005c                                   : close.c.obj (.text:close)
                  000067dc    00000058                                   : hostread.c.obj (.text:HOSTread)
                  00006834    00000058                                   : hostwrite.c.obj (.text:HOSTwrite)
                  0000688c    00000058     main.obj (.text)
                  000068e4    00000056     rtsv7M4_T_le_v4SPD16_eabi.lib : _printfi.c.obj (.text:_pconv_f)
                  0000693a    00000054                                   : _ltoa.c.obj (.text:__TI_ltoa)
                  0000698e    00000052                                   : _printfi.c.obj (.text:_ecpy)
                  000069e0    0000004c                                   : fflush.c.obj (.text:__TI_doflush)
                  00006a2c    0000004c                                   : atoi.c.obj (.text:atoi)
                  00006a78    00000048                                   : exit.c.obj (.text:exit)
                  00006ac0    00000048                                   : fd_toi_t2.asm.obj (.text)
                  00006b08    00000044                                   : hostclose.c.obj (.text:HOSTclose)
                  00006b4c    00000044                                   : hostunlink.c.obj (.text:HOSTunlink)
                  00006b90    00000044                                   : autoinit.c.obj (.text:__TI_auto_init_nobinit_nopinit:__TI_auto_init_nobinit_nopinit)
                  00006bd4    00000044                                   : getdevice.c.obj (.text:getdevice)
                  00006c18    00000040                                   : sprintf.c.obj (.text:sprintf)
                  00006c58    0000003e                                   : _printfi.c.obj (.text:_fcpy)
                  00006c96    00000002     --HOLE-- [fill = 0]
                  00006c98    00000038                                   : trgmsg.c.obj (.text:__TI_writemsg)
                  00006cd0    00000036                                   : strncpy.c.obj (.text:strncpy)
                  00006d06    00000002     --HOLE-- [fill = 0]
                  00006d08    00000034                                   : fopen.c.obj (.text:__TI_cleanup)
                  00006d3c    00000034                                   : trgmsg.c.obj (.text:__TI_readmsg)
                  00006d70    00000034                                   : boot_cortex_m.c.obj (.text:_c_int00_noargs:_c_int00_noargs)
                  00006da4    00000030                                   : getdevice.c.obj (.text:finddevice)
                  00006dd4    0000002e                                   : i_tofd_t2.asm.obj (.text)
                  00006e02    00000002     --HOLE-- [fill = 0]
                  00006e04    0000002c                                   : unlink.c.obj (.text:unlink)
                  00006e30    00000028                                   : memory.c.obj (.text:free_list_insert)
                  00006e58    00000028                                   : lseek.c.obj (.text:lseek)
                  00006e80    00000028                                   : write.c.obj (.text:write)
                  00006ea8    00000020                                   : memchr.c.obj (.text:memchr)
                  00006ec8    0000001c                                   : memory.c.obj (.text:free_list_remove)
                  00006ee4    0000001c                                   : memccpy.c.obj (.text:memccpy)
                  00006f00    0000001a                                   : s_copysign.c.obj (.text:copysign)
                  00006f1a    00000018                                   : sprintf.c.obj (.text:_outs)
                  00006f32    00000018                                   : strcmp.c.obj (.text:strcmp)
                  00006f4a    00000016                                   : strchr.c.obj (.text:strchr)
                  00006f60    00000014                                   : strcpy.c.obj (.text:strcpy)
                  00006f74    00000014                                   : strlen.c.obj (.text:strlen)
                  00006f88    00000012                                   : wcslen.c.obj (.text:wcslen)
                  00006f9a    0000000e                                   : copy_decompress_none.c.obj (.text:decompress:none:__TI_decompress_none)
                  00006fa8    0000000c                                   : copy_zero_init.c.obj (.text:decompress:ZI:__TI_zero_init)
                  00006fb4    0000000c     tm4c1294ncpdt_startup_ccs.obj (.text)
                  00006fc0    0000000a     rtsv7M4_T_le_v4SPD16_eabi.lib : sprintf.c.obj (.text:_outc)
                  00006fca    00000002     --HOLE-- [fill = 0]
                  00006fcc    00000008                                   : errno.c.obj (.text:__aeabi_errno_addr)
                  00006fd4    00000008                                   : memory.c.obj (.text:malloc)
                  00006fdc    00000004                                   : printf.c.obj (.text:_outc)
                  00006fe0    00000004                                   : printf.c.obj (.text:_outs)
                  00006fe4    00000004                                   : pre_init.c.obj (.text:_system_pre_init)
                  00006fe8    00000004                                   : exit.c.obj (.text:abort:abort)

.const     0    00006ff0    00002374     
                  00006ff0    00002000     fonts.obj (.const:font_12_16)
                  00008ff0    00000158     rtsv7M4_T_le_v4SPD16_eabi.lib : k_rem_pio2.c.obj (.const:$O1$$)
                  00009148    00000101                                   : ctype.c.obj (.const:.string:_ctypes_)
                  00009249    00000003     --HOLE-- [fill = 0]
                  0000924c    00000004     lcd_functions.obj (.const:$P$T10$4)
                  00009250    00000098     rtsv7M4_T_le_v4SPD16_eabi.lib : s_atan.c.obj (.const:$O1$$)
                  000092e8    00000004     Interrupt_handler.obj (.const:$P$T10$7)
                  000092ec    00000004     lcd_functions.obj (.const:$P$T11$5)
                  000092f0    00000004     lcd_functions.obj (.const:$P$T12$6)
                  000092f4    00000004     lcd_functions.obj (.const:$P$T13$7)
                  000092f8    00000004     lcd_functions.obj (.const:$P$T14$8)
                  000092fc    00000004     lcd_functions.obj (.const:$P$T2$2)
                  00009300    00000004     Interrupt_handler.obj (.const:$P$T2$3)
                  00009304    00000004     lcd_functions.obj (.const:$P$T21$9)
                  00009308    00000004     lcd_functions.obj (.const:$P$T22$10)
                  0000930c    00000004     lcd_functions.obj (.const:$P$T23$11)
                  00009310    00000004     lcd_functions.obj (.const:$P$T24$12)
                  00009314    00000004     lcd_functions.obj (.const:$P$T25$13)
                  00009318    00000004     lcd_functions.obj (.const:$P$T26$14)
                  0000931c    00000004     lcd_functions.obj (.const:$P$T29$15)
                  00009320    00000004     main.obj (.const:$P$T3$1)
                  00009324    00000004     lcd_functions.obj (.const:$P$T30$16)
                  00009328    00000004     lcd_functions.obj (.const:$P$T33$17)
                  0000932c    00000004     lcd_functions.obj (.const:$P$T34$18)
                  00009330    00000004     lcd_functions.obj (.const:$P$T37$19)
                  00009334    00000004     lcd_functions.obj (.const:$P$T38$20)
                  00009338    00000004     main.obj (.const:$P$T4$2)
                  0000933c    00000004     Interrupt_handler.obj (.const:$P$T4$4)
                  00009340    00000004     lcd_functions.obj (.const:$P$T41$21)
                  00009344    00000004     lcd_functions.obj (.const:$P$T42$22)
                  00009348    00000004     lcd_functions.obj (.const:$P$T44$23)
                  0000934c    00000004     lcd_functions.obj (.const:$P$T48$24)
                  00009350    00000004     lcd_functions.obj (.const:$P$T49$25)
                  00009354    00000004     lcd_functions.obj (.const:$P$T50$26)
                  00009358    00000004     Interrupt_handler.obj (.const:$P$T6$5)
                  0000935c    00000004     lcd_functions.obj (.const:$P$T9$3)
                  00009360    00000004     Interrupt_handler.obj (.const:$P$T9$6)

.cinit     0    00009368    000000a0     
                  00009368    00000076     (.cinit..data.load) [load image, compression = lzss]
                  000093de    00000002     --HOLE-- [fill = 0]
                  000093e0    0000000c     (__TI_handler_table)
                  000093ec    00000004     --HOLE-- [fill = 0]
                  000093f0    00000008     (.cinit..bss.load) [load image, compression = zero_init]
                  000093f8    00000010     (__TI_cinit_table)

.init_array 
*          0    00000000    00000000     UNINITIALIZED

.bss       0    20000000    00001854     UNINITIALIZED
                  20000000    00000c00     (.common:color)
                  20000c00    00000400     (.common:pui8ControlTable)
                  20001000    00000120     rtsv7M4_T_le_v4SPD16_eabi.lib : trgmsg.c.obj (.bss:_CIOBUF_)
                  20001120    00000100     (.common:CosResults)
                  20001220    00000100     (.common:DiffResults)
                  20001320    00000100     (.common:SinResults)
                  20001420    000000a0     (.common:__TI_tmpnams)
                  200014c0    00000080     (.common:CosOffset)
                  20001540    00000080     (.common:DiffCosResults)
                  200015c0    00000080     (.common:DiffSinResults)
                  20001640    00000080     (.common:SinOffset)
                  200016c0    00000080     (.common:oldDiffCosResults)
                  20001740    00000080     (.common:oldDiffSinResults)
                  200017c0    00000080     (.common:v_length)
                  20001840    00000008     (.common:parmbuf)
                  20001848    00000008     (.common:receive)
                  20001850    00000004     (.common:maximumAnalogValue)

.data      0    20001854    00000203     UNINITIALIZED
                  20001854    000000f0     rtsv7M4_T_le_v4SPD16_eabi.lib : defs.c.obj (.data:_ftable)
                  20001944    00000078                                   : host_device.c.obj (.data:_device)
                  200019bc    00000050                                   : host_device.c.obj (.data:_stream)
                  20001a0c    00000010                                   : defs.c.obj (.data)
                  20001a1c    0000000c                                   : exit.c.obj (.data:$O1$$)
                  20001a28    0000000a     Interrupt_handler.obj (.data)
                  20001a32    00000009     Interrupt_handler.obj (.data:command$2)
                  20001a3b    00000001     --HOLE--
                  20001a3c    00000008     rtsv7M4_T_le_v4SPD16_eabi.lib : _lock.c.obj (.data:$O1$$)
                  20001a44    00000008                                   : memory.c.obj (.data:$O1$$)
                  20001a4c    00000004     Interrupt_handler.obj (.data:backColor)
                  20001a50    00000004     rtsv7M4_T_le_v4SPD16_eabi.lib : errno.c.obj (.data)
                  20001a54    00000003     lcd_functions.obj (.data)

.stack     0    20001a58    00000200     UNINITIALIZED
                  20001a58    00000004     rtsv7M4_T_le_v4SPD16_eabi.lib : boot_cortex_m.c.obj (.stack)
                  20001a5c    000001fc     --HOLE--

.sysmem    0    20001c58    00000010     UNINITIALIZED
                  20001c58    00000010     rtsv7M4_T_le_v4SPD16_eabi.lib : memory.c.obj (.sysmem)

__llvm_prf_cnts 
*          0    20000000    00000000     UNINITIALIZED

MODULE SUMMARY

       Module                          code    ro data   rw data
       ------                          ----    -------   -------
    ./
       lcd_functions.obj               7568    100       3331   
       fonts.obj                       0       8192      0      
       functions.obj                   948     0         1408   
       configuration.obj               1012    0         1024   
       Interrupt_handler.obj           776     20        35     
       tm4c1294ncpdt_startup_ccs.obj   12      520       0      
       main.obj                        88      8         0      
    +--+-------------------------------+-------+---------+---------+
       Total:                          10404   8840      5798   
                                                                
    /home/ole/CodeComposerStudio10/ccs/tools/compiler/ti-cgt-arm_20.2.0.LTS/lib/rtsv7M4_T_le_v4SPD16_eabi.lib
       _printfi.c.obj                  4851    0         0      
       k_rem_pio2.c.obj                1848    344       0      
       s_cos.c.obj                     1500    0         0      
       s_sin.c.obj                     1476    0         0      
       s_atan.c.obj                    748     152       0      
       memory.c.obj                    680     0         8      
       fd_add_t2.asm.obj               438     0         0      
       defs.c.obj                      0       0         416    
       trgmsg.c.obj                    108     0         288    
       k_sin.c.obj                     372     0         0      
       k_cos.c.obj                     364     0         0      
       e_sqrt.c.obj                    344     0         0      
       fd_div_t2.asm.obj               310     0         0      
       fputs.c.obj                     276     0         0      
       s_scalbn.c.obj                  272     0         0      
       fd_cmp_t2.asm.obj               268     0         0      
       ctype.c.obj                     0       257       0      
       fd_mul_t2.asm.obj               252     0         0      
       s_floor.c.obj                   248     0         0      
       setvbuf.c.obj                   220     0         0      
       host_device.c.obj               0       0         200    
       memcpy_t2.asm.obj               156     0         0      
       ull_div_t2.asm.obj              150     0         0      
       fputc.c.obj                     140     0         0      
       memset_t2.asm.obj               122     0         0      
       fclose.c.obj                    116     0         0      
       getdevice.c.obj                 116     0         0      
       printf.c.obj                    112     0         0      
       hostrename.c.obj                108     0         0      
       copy_decompress_lzss.c.obj      104     0         0      
       hostlseek.c.obj                 104     0         0      
       hostopen.c.obj                  96      0         8      
       fseek.c.obj                     100     0         0      
       s_frexp.c.obj                   100     0         0      
       _io_perm.c.obj                  98      0         0      
       sprintf.c.obj                   98      0         0      
       close.c.obj                     92      0         0      
       exit.c.obj                      76      0         12     
       hostread.c.obj                  88      0         0      
       hostwrite.c.obj                 88      0         0      
       _ltoa.c.obj                     84      0         0      
       atoi.c.obj                      76      0         0      
       fflush.c.obj                    76      0         0      
       fd_toi_t2.asm.obj               72      0         0      
       autoinit.c.obj                  68      0         0      
       hostclose.c.obj                 68      0         0      
       hostunlink.c.obj                68      0         0      
       strncpy.c.obj                   54      0         0      
       boot_cortex_m.c.obj             52      0         0      
       fopen.c.obj                     52      0         0      
       i_tofd_t2.asm.obj               46      0         0      
       unlink.c.obj                    44      0         0      
       lseek.c.obj                     40      0         0      
       write.c.obj                     40      0         0      
       memchr.c.obj                    32      0         0      
       memccpy.c.obj                   28      0         0      
       s_copysign.c.obj                26      0         0      
       strcmp.c.obj                    24      0         0      
       strchr.c.obj                    22      0         0      
       strcpy.c.obj                    20      0         0      
       strlen.c.obj                    20      0         0      
       wcslen.c.obj                    18      0         0      
       copy_decompress_none.c.obj      14      0         0      
       copy_zero_init.c.obj            12      0         0      
       errno.c.obj                     8       0         4      
       _lock.c.obj                     2       0         8      
       pre_init.c.obj                  4       0         0      
       div0.asm.obj                    2       0         0      
    +--+-------------------------------+-------+---------+---------+
       Total:                          17711   753       944    
                                                                
       Heap:                           0       0         16     
       Stack:                          0       0         512    
       Linker Generated:               0       154       0      
    +--+-------------------------------+-------+---------+---------+
       Grand Total:                    28115   9747      7270   


LINKER GENERATED COPY TABLES

__TI_cinit_table @ 000093f8 records: 2, size/record: 8, table size: 16
	.data: load addr=00009368, load size=00000076 bytes, run addr=20001854, run size=00000203 bytes, compression=lzss
	.bss: load addr=000093f0, load size=00000008 bytes, run addr=20000000, run size=00001854 bytes, compression=zero_init


LINKER GENERATED HANDLER TABLE

__TI_handler_table @ 000093e0 records: 3, size/record: 4, table size: 12
	index: 0, handler: __TI_decompress_lzss
	index: 1, handler: __TI_decompress_none
	index: 2, handler: __TI_zero_init


GLOBAL SYMBOLS: SORTED ALPHABETICALLY BY Name 

address   name                           
-------   ----                           
00004675  ADC0IntHandler                 
UNDEFED   ADCHardwareOversampleConfigure 
UNDEFED   ADCIntClear                    
UNDEFED   ADCIntEnable                   
UNDEFED   ADCIntRegister                 
UNDEFED   ADCProcessorTrigger            
UNDEFED   ADCSequenceConfigure           
UNDEFED   ADCSequenceDataGet             
UNDEFED   ADCSequenceEnable              
UNDEFED   ADCSequenceStepConfigure       
00006fe9  C$$EXIT                        
00006cc7  C$$IO$$                        
00003ee9  ConfigureADC                   
00003e7d  ConfigureGPIO                  
00001de1  ConfigureLCD5Inch              
00001c15  ConfigureLCD7Inch              
00003e25  ConfigureTimer0                
00003da3  ConfigureUART0                 
00003d29  ConfigureUART2                 
200014c0  CosOffset                      
20001120  CosResults                     
20001540  DiffCosResults                 
20001220  DiffResults                    
200015c0  DiffSinResults                 
UNDEFED   GPIOPinConfigure               
UNDEFED   GPIOPinTypeGPIOOutput          
UNDEFED   GPIOPinTypeUART                
UNDEFED   GPIOPinWrite                   
00006b09  HOSTclose                      
000064bd  HOSTlseek                      
00006721  HOSTopen                       
000067dd  HOSTread                       
00006451  HOSTrename                     
00006b4d  HOSTunlink                     
00006835  HOSTwrite                      
UNDEFED   IntEnable                      
UNDEFED   IntMasterDisable               
UNDEFED   IntPrioritySet                 
00004321  ReadArray                      
00006fb5  ResetISR                       
20001640  SinOffset                      
20001320  SinResults                     
UNDEFED   SysCtlClockFreqSet             
UNDEFED   SysCtlDelay                    
UNDEFED   SysCtlPeripheralEnable         
UNDEFED   SysCtlPeripheralReady          
00004619  Timer0IntHandler               
UNDEFED   TimerConfigure                 
UNDEFED   TimerEnable                    
UNDEFED   TimerIntClear                  
UNDEFED   TimerIntEnable                 
UNDEFED   TimerIntRegister               
UNDEFED   TimerLoadSet                   
000044f5  UART0IntHandler                
00004469  UART2IntHandler                
UNDEFED   UARTCharGetNonBlocking         
UNDEFED   UARTCharPutNonBlocking         
UNDEFED   UARTCharsAvail                 
UNDEFED   UARTConfigSetExpClk            
UNDEFED   UARTDMAEnable                  
UNDEFED   UARTFIFOEnable                 
UNDEFED   UARTFIFOLevelSet               
UNDEFED   UARTIntClear                   
UNDEFED   UARTIntEnable                  
UNDEFED   UARTIntRegister                
UNDEFED   UARTIntStatus                  
20001000  __CIOBUF_                      
20001c58  __STACK_END                    
00000200  __STACK_SIZE                   
20001c58  __STACK_TOP                    
00000010  __SYSMEM_SIZE                  
000093f8  __TI_CINIT_Base                
00009408  __TI_CINIT_Limit               
000093e0  __TI_Handler_Table_Base        
000093ec  __TI_Handler_Table_Limit       
00006b91  __TI_auto_init_nobinit_nopinit 
00006d09  __TI_cleanup                   
20001a1c  __TI_cleanup_ptr               
000062fd  __TI_closefile                 
00006525  __TI_decompress_lzss           
00006f9b  __TI_decompress_none           
000069e1  __TI_doflush                   
20001a20  __TI_dtors_ptr                 
20001a24  __TI_enable_exit_profile_output
20001a0c  __TI_ft_end                    
0000693b  __TI_ltoa                      
ffffffff  __TI_pprof_out_hndl            
00001f99  __TI_printfi                   
ffffffff  __TI_prof_data_size            
ffffffff  __TI_prof_data_start           
00006d3d  __TI_readmsg                   
00000000  __TI_static_base__             
20001420  __TI_tmpnams                   
00006c99  __TI_writemsg                  
000066bd  __TI_wrt_ok                    
00006fa9  __TI_zero_init                 
00006175  __aeabi_cdcmpeq                
00006175  __aeabi_cdcmple                
000061fb  __aeabi_cdrcmple               
00006ac1  __aeabi_d2iz                   
00004ea7  __aeabi_dadd                   
000055c9  __aeabi_ddiv                   
00005b51  __aeabi_dmul                   
00004e9d  __aeabi_dsub                   
00006fcd  __aeabi_errno_addr             
00006dd5  __aeabi_i2d                    
00005053  __aeabi_idiv0                  
00005053  __aeabi_ldiv0                  
00006281  __aeabi_memclr                 
00006281  __aeabi_memclr4                
00006281  __aeabi_memclr8                
00005fb7  __aeabi_memcpy                 
00005fb7  __aeabi_memcpy4                
00005fb7  __aeabi_memcpy8                
00006283  __aeabi_memset                 
00006283  __aeabi_memset4                
00006283  __aeabi_memset8                
20001a18  __aeabi_stderr                 
20001a10  __aeabi_stdin                  
20001a14  __aeabi_stdout                 
00006053  __aeabi_uldivmod               
ffffffff  __binit__                      
ffffffff  __c_args__                     
000051c9  __kernel_cos                   
000029e9  __kernel_rem_pio2              
00005055  __kernel_sin                   
UNDEFED   __mpu_init                     
20001a58  __stack                        
20000000  __start___llvm_prf_cnts        
20000000  __stop___llvm_prf_cnts         
00006d71  _c_int00_noargs                
00009148  _ctypes_                       
20001944  _device                        
20001854  _ftable                        
20001a3c  _lock                          
000029e7  _nop                           
200019bc  _stream                        
20001c58  _sys_memory                    
UNDEFED   _system_post_cinit             
00006fe5  _system_pre_init               
20001a40  _unlock                        
00006fe9  abort                          
00005a49  aligned_alloc                  
00004771  atan                           
00004771  atanl                          
00006a2d  atoi                           
20001a4c  backColor                      
ffffffff  binit                          
00006781  close                          
20000000  color                          
000041cf  compute_absolute               
000040b5  compute_relative               
00003cc1  configureUDMA                  
00006f01  copysign                       
00006f01  copysignl                      
00003121  cos                            
00003121  cosl                           
00001aad  drawDisplay5Inch               
000018f5  drawDisplay7Inch               
20001a50  errno                          
00006a79  exit                           
00006da5  finddevice                     
00005c4d  floor                          
00005c4d  floorl                         
00006ff0  font_12_16                     
000060e9  fputc                          
00005825  fputs                          
00005d45  free                           
000065f5  frexp                          
000065f5  frexpl                         
00006659  fseek                          
00000000  g_pfnVectors                   
000002cf  generate_colors                
00006bd5  getdevice                      
00005939  ldexp                          
00005939  ldexpl                         
00006e59  lseek                          
0000688d  main                           
00006fd5  malloc                         
20001a2a  maxArrowSize                   
20001850  maximumAnalogValue             
00005a49  memalign                       
00006ee5  memccpy                        
00006ea9  memchr                         
00005fb7  memcpy                         
00006289  memset                         
20001a54  offset                         
200016c0  oldDiffCosResults              
20001740  oldDiffSinResults              
20001a29  oversampling                   
20001840  parmbuf                        
000016d9  print_string                   
0000658d  printf                         
20000c00  pui8ControlTable               
000060e9  putc                           
20001848  receive                        
20001a28  relative                       
00006e05  remove                         
00005939  scalbn                         
00005939  scalbnl                        
000018bd  screen_show_nr                 
000018b1  screen_write_nr                
00005e29  setvbuf                        
000036fd  sin                            
000036fd  sinl                           
00006c19  sprintf                        
00005335  sqrt                           
00005335  sqrtl                          
00006f4b  strchr                         
00006f33  strcmp                         
00006f61  strcpy                         
00006f75  strlen                         
00006cd1  strncpy                        
UNDEFED   uDMAChannelAttributeDisable    
UNDEFED   uDMAChannelAttributeEnable     
UNDEFED   uDMAChannelControlSet          
UNDEFED   uDMAChannelEnable              
UNDEFED   uDMAChannelTransferSet         
UNDEFED   uDMAControlBaseSet             
UNDEFED   uDMAEnable                     
00006e05  unlink                         
200017c0  v_length                       
20001a2c  val                            
00006f89  wcslen                         
00006e81  write                          
0000175d  write_Infos                    
00001677  write_char                     
00000219  write_cmd_data                 
00000209  write_command                  
0000038d  write_data                     
000008d1  write_line                     
00000229  write_position                 
00000339  write_screen_color5INCH        
0000027d  write_screen_color7INCH        


GLOBAL SYMBOLS: SORTED BY Symbol Address 

address   name                           
-------   ----                           
00000000  __TI_static_base__             
00000000  g_pfnVectors                   
00000010  __SYSMEM_SIZE                  
00000200  __STACK_SIZE                   
00000209  write_command                  
00000219  write_cmd_data                 
00000229  write_position                 
0000027d  write_screen_color7INCH        
000002cf  generate_colors                
00000339  write_screen_color5INCH        
0000038d  write_data                     
000008d1  write_line                     
00001677  write_char                     
000016d9  print_string                   
0000175d  write_Infos                    
000018b1  screen_write_nr                
000018bd  screen_show_nr                 
000018f5  drawDisplay7Inch               
00001aad  drawDisplay5Inch               
00001c15  ConfigureLCD7Inch              
00001de1  ConfigureLCD5Inch              
00001f99  __TI_printfi                   
000029e7  _nop                           
000029e9  __kernel_rem_pio2              
00003121  cos                            
00003121  cosl                           
000036fd  sin                            
000036fd  sinl                           
00003cc1  configureUDMA                  
00003d29  ConfigureUART2                 
00003da3  ConfigureUART0                 
00003e25  ConfigureTimer0                
00003e7d  ConfigureGPIO                  
00003ee9  ConfigureADC                   
000040b5  compute_relative               
000041cf  compute_absolute               
00004321  ReadArray                      
00004469  UART2IntHandler                
000044f5  UART0IntHandler                
00004619  Timer0IntHandler               
00004675  ADC0IntHandler                 
00004771  atan                           
00004771  atanl                          
00004e9d  __aeabi_dsub                   
00004ea7  __aeabi_dadd                   
00005053  __aeabi_idiv0                  
00005053  __aeabi_ldiv0                  
00005055  __kernel_sin                   
000051c9  __kernel_cos                   
00005335  sqrt                           
00005335  sqrtl                          
000055c9  __aeabi_ddiv                   
00005825  fputs                          
00005939  ldexp                          
00005939  ldexpl                         
00005939  scalbn                         
00005939  scalbnl                        
00005a49  aligned_alloc                  
00005a49  memalign                       
00005b51  __aeabi_dmul                   
00005c4d  floor                          
00005c4d  floorl                         
00005d45  free                           
00005e29  setvbuf                        
00005fb7  __aeabi_memcpy                 
00005fb7  __aeabi_memcpy4                
00005fb7  __aeabi_memcpy8                
00005fb7  memcpy                         
00006053  __aeabi_uldivmod               
000060e9  fputc                          
000060e9  putc                           
00006175  __aeabi_cdcmpeq                
00006175  __aeabi_cdcmple                
000061fb  __aeabi_cdrcmple               
00006281  __aeabi_memclr                 
00006281  __aeabi_memclr4                
00006281  __aeabi_memclr8                
00006283  __aeabi_memset                 
00006283  __aeabi_memset4                
00006283  __aeabi_memset8                
00006289  memset                         
000062fd  __TI_closefile                 
00006451  HOSTrename                     
000064bd  HOSTlseek                      
00006525  __TI_decompress_lzss           
0000658d  printf                         
000065f5  frexp                          
000065f5  frexpl                         
00006659  fseek                          
000066bd  __TI_wrt_ok                    
00006721  HOSTopen                       
00006781  close                          
000067dd  HOSTread                       
00006835  HOSTwrite                      
0000688d  main                           
0000693b  __TI_ltoa                      
000069e1  __TI_doflush                   
00006a2d  atoi                           
00006a79  exit                           
00006ac1  __aeabi_d2iz                   
00006b09  HOSTclose                      
00006b4d  HOSTunlink                     
00006b91  __TI_auto_init_nobinit_nopinit 
00006bd5  getdevice                      
00006c19  sprintf                        
00006c99  __TI_writemsg                  
00006cc7  C$$IO$$                        
00006cd1  strncpy                        
00006d09  __TI_cleanup                   
00006d3d  __TI_readmsg                   
00006d71  _c_int00_noargs                
00006da5  finddevice                     
00006dd5  __aeabi_i2d                    
00006e05  remove                         
00006e05  unlink                         
00006e59  lseek                          
00006e81  write                          
00006ea9  memchr                         
00006ee5  memccpy                        
00006f01  copysign                       
00006f01  copysignl                      
00006f33  strcmp                         
00006f4b  strchr                         
00006f61  strcpy                         
00006f75  strlen                         
00006f89  wcslen                         
00006f9b  __TI_decompress_none           
00006fa9  __TI_zero_init                 
00006fb5  ResetISR                       
00006fcd  __aeabi_errno_addr             
00006fd5  malloc                         
00006fe5  _system_pre_init               
00006fe9  C$$EXIT                        
00006fe9  abort                          
00006ff0  font_12_16                     
00009148  _ctypes_                       
000093e0  __TI_Handler_Table_Base        
000093ec  __TI_Handler_Table_Limit       
000093f8  __TI_CINIT_Base                
00009408  __TI_CINIT_Limit               
20000000  __start___llvm_prf_cnts        
20000000  __stop___llvm_prf_cnts         
20000000  color                          
20000c00  pui8ControlTable               
20001000  __CIOBUF_                      
20001120  CosResults                     
20001220  DiffResults                    
20001320  SinResults                     
20001420  __TI_tmpnams                   
200014c0  CosOffset                      
20001540  DiffCosResults                 
200015c0  DiffSinResults                 
20001640  SinOffset                      
200016c0  oldDiffCosResults              
20001740  oldDiffSinResults              
200017c0  v_length                       
20001840  parmbuf                        
20001848  receive                        
20001850  maximumAnalogValue             
20001854  _ftable                        
20001944  _device                        
200019bc  _stream                        
20001a0c  __TI_ft_end                    
20001a10  __aeabi_stdin                  
20001a14  __aeabi_stdout                 
20001a18  __aeabi_stderr                 
20001a1c  __TI_cleanup_ptr               
20001a20  __TI_dtors_ptr                 
20001a24  __TI_enable_exit_profile_output
20001a28  relative                       
20001a29  oversampling                   
20001a2a  maxArrowSize                   
20001a2c  val                            
20001a3c  _lock                          
20001a40  _unlock                        
20001a4c  backColor                      
20001a50  errno                          
20001a54  offset                         
20001a58  __stack                        
20001c58  __STACK_END                    
20001c58  __STACK_TOP                    
20001c58  _sys_memory                    
ffffffff  __TI_pprof_out_hndl            
ffffffff  __TI_prof_data_size            
ffffffff  __TI_prof_data_start           
ffffffff  __binit__                      
ffffffff  __c_args__                     
ffffffff  binit                          
UNDEFED   ADCHardwareOversampleConfigure 
UNDEFED   ADCIntClear                    
UNDEFED   ADCIntEnable                   
UNDEFED   ADCIntRegister                 
UNDEFED   ADCProcessorTrigger            
UNDEFED   ADCSequenceConfigure           
UNDEFED   ADCSequenceDataGet             
UNDEFED   ADCSequenceEnable              
UNDEFED   ADCSequenceStepConfigure       
UNDEFED   GPIOPinConfigure               
UNDEFED   GPIOPinTypeGPIOOutput          
UNDEFED   GPIOPinTypeUART                
UNDEFED   GPIOPinWrite                   
UNDEFED   IntEnable                      
UNDEFED   IntMasterDisable               
UNDEFED   IntPrioritySet                 
UNDEFED   SysCtlClockFreqSet             
UNDEFED   SysCtlDelay                    
UNDEFED   SysCtlPeripheralEnable         
UNDEFED   SysCtlPeripheralReady          
UNDEFED   TimerConfigure                 
UNDEFED   TimerEnable                    
UNDEFED   TimerIntClear                  
UNDEFED   TimerIntEnable                 
UNDEFED   TimerIntRegister               
UNDEFED   TimerLoadSet                   
UNDEFED   UARTCharGetNonBlocking         
UNDEFED   UARTCharPutNonBlocking         
UNDEFED   UARTCharsAvail                 
UNDEFED   UARTConfigSetExpClk            
UNDEFED   UARTDMAEnable                  
UNDEFED   UARTFIFOEnable                 
UNDEFED   UARTFIFOLevelSet               
UNDEFED   UARTIntClear                   
UNDEFED   UARTIntEnable                  
UNDEFED   UARTIntRegister                
UNDEFED   UARTIntStatus                  
UNDEFED   __mpu_init                     
UNDEFED   _system_post_cinit             
UNDEFED   uDMAChannelAttributeDisable    
UNDEFED   uDMAChannelAttributeEnable     
UNDEFED   uDMAChannelControlSet          
UNDEFED   uDMAChannelEnable              
UNDEFED   uDMAChannelTransferSet         
UNDEFED   uDMAControlBaseSet             
UNDEFED   uDMAEnable                     

[234 symbols]
