******************************************************************************
                  TI ARM Linker Unix v20.2.1                   
******************************************************************************
>> Linked Thu Aug 20 20:43:50 2020

OUTPUT FILE NAME:   <BP_TMR_sensor_array.out>
ENTRY POINT SYMBOL: "_c_int00_noargs"  address: 0000b48d


MEMORY CONFIGURATION

         name            origin    length      used     unused   attr    fill
----------------------  --------  ---------  --------  --------  ----  --------
  FLASH                 00000000   00100000  0000ecf1  000f130f  R  X
  SRAM                  20000000   00040000  0000e300  00031d00  RW X


SEGMENT ALLOCATION MAP

run origin  load origin   length   init length attrs members
----------  ----------- ---------- ----------- ----- -------
00000000    00000000    0000ecf8   0000ecf8    r-x
  00000000    00000000    00000208   00000208    r-- .intvecs
  00000208    00000208    0000b3d8   0000b3d8    r-x .text
  0000b5e0    0000b5e0    000029a9   000029a9    r-- .const
  0000df90    0000df90    00000d68   00000d68    r-- .cinit
20000000    20000000    0000026c   00000000    rw-
  20000000    20000000    0000026c   00000000    rw- .vtable
20000400    20000400    0000e098   00000000    rw-
  20000400    20000400    000098fc   00000000    rw- .data
  20009d00    20009d00    00002710   00000000    rw- .stack
  2000c410    2000c410    00002088   00000000    rw- .bss


SECTION ALLOCATION MAP

 output                                  attributes/
section   page    origin      length       input sections
--------  ----  ----------  ----------   ----------------
.intvecs   0    00000000    00000208     
                  00000000    00000208     tm4c1294ncpdt_startup_ccs.obj (.intvecs)

.text      0    00000208    0000b3d8     
                  00000208    000030dd     lcd_functions.obj (.text)
                  000032e5    00000001     --HOLE-- [fill = 0]
                  000032e6    00000002     rtsv7M4_T_le_v4SPD16_eabi.lib : div0.asm.obj (.text)
                  000032e8    00002d40     main.obj (.text)
                  00006028    00000e54     sysctl.obj (.text)
                  00006e7c    00000a5a     rtsv7M4_T_le_v4SPD16_eabi.lib : _printfi.c.obj (.text:__TI_printfi)
                  000078d6    00000002     --HOLE-- [fill = 0]
                  000078d8    000005dc                                   : k_rem_pio2.c.obj (.text:__kernel_rem_pio2)
                  00007eb4    000005d8                                   : s_cos.c.obj (.text:cos)
                  0000848c    000005c0                                   : s_sin.c.obj (.text:sin)
                  00008a4c    00000004                                   : pre_init.c.obj (.text:_system_pre_init)
                  00008a50    0000056c     gpio.obj (.text)
                  00008fbc    000002ec     rtsv7M4_T_le_v4SPD16_eabi.lib : s_atan.c.obj (.text:atan)
                  000092a8    0000026e     adc_functions.obj (.text)
                  00009516    00000002     --HOLE-- [fill = 0]
                  00009518    00000268     rtsv7M4_T_le_v4SPD16_eabi.lib : _printfi.c.obj (.text:_pconv_a$56)
                  00009780    000001d8                                   : e_atan2.c.obj (.text:atan2)
                  00009958    000001d0                                   : _printfi.c.obj (.text:_pconv_g$56)
                  00009b28    000001b6                                   : fd_add_t2.asm.obj (.text)
                  00009cde    00000002     --HOLE-- [fill = 0]
                  00009ce0    000001a2     interrupt.obj (.text)
                  00009e82    00000006     sysctl.obj (.text:SysCtlDelay)
                  00009e88    00000196     uart.obj (.text)
                  0000a01e    00000002     --HOLE-- [fill = 0]
                  0000a020    00000174     rtsv7M4_T_le_v4SPD16_eabi.lib : k_sin.c.obj (.text:__kernel_sin)
                  0000a194    0000016c                                   : k_cos.c.obj (.text:__kernel_cos)
                  0000a300    00000158                                   : e_sqrt.c.obj (.text:sqrt)
                  0000a458    0000013c                                   : _printfi.c.obj (.text:_pconv_e$56)
                  0000a594    00000136                                   : fd_div_t2.asm.obj (.text)
                  0000a6ca    00000002     --HOLE-- [fill = 0]
                  0000a6cc    00000124                                   : _printfi.c.obj (.text:fcvt$56)
                  0000a7f0    00000110                                   : s_scalbn.c.obj (.text:scalbn)
                  0000a900    000000fc                                   : fd_mul_t2.asm.obj (.text)
                  0000a9fc    000000f8                                   : s_floor.c.obj (.text:floor)
                  0000aaf4    00000004                                   : exit.c.obj (.text:abort:abort)
                  0000aaf8    000000ce     EEPROM_functions.obj (.text)
                  0000abc6    00000002     --HOLE-- [fill = 0]
                  0000abc8    000000b1     rtsv7M4_T_le_v4SPD16_eabi.lib : _printfi.c.obj (.text:_ltostr$56)
                  0000ac79    00000001     --HOLE-- [fill = 0]
                  0000ac7a    0000009c                                   : memcpy_t2.asm.obj (.text)
                  0000ad16    00000002     --HOLE-- [fill = 0]
                  0000ad18    0000009a     touch_functions.obj (.text)
                  0000adb2    00000096     rtsv7M4_T_le_v4SPD16_eabi.lib : ull_div_t2.asm.obj (.text)
                  0000ae48    00000092     uartDMA_functions.obj (.text)
                  0000aeda    00000006     --HOLE-- [fill = 0]
                  0000aee0    0000008e     eeprom.obj (.text)
                  0000af6e    00000086     rtsv7M4_T_le_v4SPD16_eabi.lib : fd_cmp_t2.asm.obj (.text:__aeabi_cdcmple)
                  0000aff4    00000086                                   : fd_cmp_t2.asm.obj (.text:__aeabi_cdrcmple)
                  0000b07a    0000007a                                   : memset_t2.asm.obj (.text)
                  0000b0f4    0000006a                                   : _printfi.c.obj (.text:_mcpy$56)
                  0000b15e    00000068                                   : copy_decompress_lzss.c.obj (.text:decompress:lzss:__TI_decompress_lzss)
                  0000b1c6    00000002     --HOLE-- [fill = 0]
                  0000b1c8    00000064                                   : s_frexp.c.obj (.text:frexp)
                  0000b22c    00000056                                   : _printfi.c.obj (.text:_pconv_f$56)
                  0000b282    00000054                                   : _ltoa.c.obj (.text:__TI_ltoa)
                  0000b2d6    00000052                                   : _printfi.c.obj (.text:_ecpy$56)
                  0000b328    0000004c                                   : atoi.c.obj (.text:atoi)
                  0000b374    00000004     --HOLE-- [fill = 0]
                  0000b378    0000004a     cpu.obj (.text)
                  0000b3c2    00000048     rtsv7M4_T_le_v4SPD16_eabi.lib : fd_toi_t2.asm.obj (.text)
                  0000b40a    00000002     --HOLE-- [fill = 0]
                  0000b40c    00000044                                   : autoinit.c.obj (.text:__TI_auto_init_nobinit_nopinit:__TI_auto_init_nobinit_nopinit)
                  0000b450    0000003a                                   : _printfi.c.obj (.text:_fcpy$56)
                  0000b48a    00000002     --HOLE-- [fill = 0]
                  0000b48c    00000034                                   : boot_cortex_m.c.obj (.text:_c_int00_noargs:_c_int00_noargs)
                  0000b4c0    00000030                                   : sprintf.c.obj (.text:sprintf)
                  0000b4f0    0000002e                                   : i_tofd_t2.asm.obj (.text)
                  0000b51e    00000020                                   : u_tofd_t2.asm.obj (.text)
                  0000b53e    0000001a                                   : s_copysign.c.obj (.text:copysign)
                  0000b558    0000001a     tm4c1294ncpdt_startup_ccs.obj (.text)
                  0000b572    00000018     rtsv7M4_T_le_v4SPD16_eabi.lib : sprintf.c.obj (.text:_outs$47)
                  0000b58a    00000016                                   : strchr.c.obj (.text:strchr)
                  0000b5a0    00000014                                   : strlen.c.obj (.text:strlen)
                  0000b5b4    0000000e                                   : copy_decompress_none.c.obj (.text:decompress:none:__TI_decompress_none)
                  0000b5c2    0000000c                                   : copy_zero_init.c.obj (.text:decompress:ZI:__TI_zero_init)
                  0000b5ce    0000000a                                   : sprintf.c.obj (.text:_outc$47)
                  0000b5d8    00000008                                   : errno.c.obj (.text:__aeabi_errno_addr)

.const     0    0000b5e0    000029a9     
                  0000b5e0    00002000     lcd_functions.obj (.const:font_12_16$8)
                  0000d5e0    00000254     sysctl.obj (.const:$O1$$)
                  0000d834    00000228     gpio.obj (.const:$O7$$)
                  0000da5c    00000004     --HOLE-- [fill = 0]
                  0000da60    00000158     rtsv7M4_T_le_v4SPD16_eabi.lib : k_rem_pio2.c.obj (.const:$O15$$)
                  0000dbb8    0000010c     interrupt.obj (.const:$O9$$)
                  0000dcc4    00000101     rtsv7M4_T_le_v4SPD16_eabi.lib : ctype.c.obj (.const:.string:_ctypes_)
                  0000ddc5    00000003     --HOLE-- [fill = 0]
                  0000ddc8    000000a0     timer.obj (.const:$O12$$)
                  0000de68    00000098     rtsv7M4_T_le_v4SPD16_eabi.lib : s_atan.c.obj (.const:$O14$$)
                  0000df00    00000080     uart.obj (.const:$O13$$)
                  0000df80    00000009     uartDMA_functions.obj (.const:.string:$P$T0$2$11)

.cinit     0    0000df90    00000d68     
                  0000df90    00000d2e     (.cinit..data.load) [load image, compression = lzss]
                  0000ecbe    00000002     --HOLE-- [fill = 0]
                  0000ecc0    0000000c     (__TI_handler_table)
                  0000eccc    00000004     --HOLE-- [fill = 0]
                  0000ecd0    00000008     (.cinit..bss.load) [load image, compression = zero_init]
                  0000ecd8    00000008     (.cinit..vtable.load) [load image, compression = zero_init]
                  0000ece0    00000018     (__TI_cinit_table)

.init_array 
*          0    00000000    00000000     UNINITIALIZED

.vtable    0    20000000    0000026c     UNINITIALIZED
                  20000000    0000026c     interrupt.obj (.vtable)

.data      0    20000400    000098fc     UNINITIALIZED
                  20000400    00002400     arrow_left.obj (.data:imgArrayArrowLButton)
                  20002800    00002400     arrow_right.obj (.data:imgArrayArrowRButton)
                  20004c00    00002400     startButton.obj (.data:imgArrayStartButton)
                  20007000    00002400     stopButton.obj (.data:imgArrayStopButton)
                  20009400    00000800     uartDMA_functions.obj (.data:$O5$$)
                  20009c00    000000f8     main.obj (.data:$O1$$)
                  20009cf8    00000004     rtsv7M4_T_le_v4SPD16_eabi.lib : errno.c.obj (.data)

.bss       0    2000c410    00002088     UNINITIALIZED
                  2000c410    00001904     lcd_functions.obj (.bss:$O4$$)
                  2000dd14    00000784     adc_functions.obj (.bss:$O3$$)

.stack     0    20009d00    00002710     UNINITIALIZED
                  20009d00    00000004     rtsv7M4_T_le_v4SPD16_eabi.lib : boot_cortex_m.c.obj (.stack)
                  20009d04    0000270c     --HOLE--

__llvm_prf_cnts 
*          0    20000000    00000000     UNINITIALIZED

MODULE SUMMARY

       Module                          code    ro data   rw data
       ------                          ----    -------   -------
    ./
       tm4c1294ncpdt_startup_ccs.obj   26      520       0      
    +--+-------------------------------+-------+---------+---------+
       Total:                          26      520       0      
                                                                
    ./Image_Src/
       arrow_left.obj                  0       0         9216   
       arrow_right.obj                 0       0         9216   
       startButton.obj                 0       0         9216   
       stopButton.obj                  0       0         9216   
    +--+-------------------------------+-------+---------+---------+
       Total:                          0       0         36864  
                                                                
    ./main/
       main.obj                        11584   0         248    
    +--+-------------------------------+-------+---------+---------+
       Total:                          11584   0         248    
                                                                
    ./src/
       lcd_functions.obj               12509   8192      6404   
       adc_functions.obj               622     0         1924   
       uartDMA_functions.obj           146     9         2048   
       EEPROM_functions.obj            206     0         0      
       touch_functions.obj             154     0         0      
    +--+-------------------------------+-------+---------+---------+
       Total:                          13637   8201      10376  
                                                                
    ./tivaware/src/
       sysctl.obj                      3674    596       0      
       gpio.obj                        1388    552       0      
       interrupt.obj                   418     268       620    
       uart.obj                        406     128       0      
       timer.obj                       0       160       0      
       eeprom.obj                      142     0         0      
       cpu.obj                         74      0         0      
    +--+-------------------------------+-------+---------+---------+
       Total:                          6102    1704      620    
                                                                
    /home/ole/ti/ccs1010/ccs/tools/compiler/ti-cgt-arm_20.2.1.LTS/lib/rtsv7M4_T_le_v4SPD16_eabi.lib
       _printfi.c.obj                  4847    0         0      
       k_rem_pio2.c.obj                1500    344       0      
       s_cos.c.obj                     1496    0         0      
       s_sin.c.obj                     1472    0         0      
       s_atan.c.obj                    748     152       0      
       e_atan2.c.obj                   472     0         0      
       fd_add_t2.asm.obj               438     0         0      
       k_sin.c.obj                     372     0         0      
       k_cos.c.obj                     364     0         0      
       e_sqrt.c.obj                    344     0         0      
       fd_div_t2.asm.obj               310     0         0      
       s_scalbn.c.obj                  272     0         0      
       fd_cmp_t2.asm.obj               268     0         0      
       ctype.c.obj                     0       257       0      
       fd_mul_t2.asm.obj               252     0         0      
       s_floor.c.obj                   248     0         0      
       memcpy_t2.asm.obj               156     0         0      
       ull_div_t2.asm.obj              150     0         0      
       memset_t2.asm.obj               122     0         0      
       copy_decompress_lzss.c.obj      104     0         0      
       s_frexp.c.obj                   100     0         0      
       _ltoa.c.obj                     84      0         0      
       sprintf.c.obj                   82      0         0      
       atoi.c.obj                      76      0         0      
       fd_toi_t2.asm.obj               72      0         0      
       autoinit.c.obj                  68      0         0      
       boot_cortex_m.c.obj             52      0         0      
       i_tofd_t2.asm.obj               46      0         0      
       u_tofd_t2.asm.obj               32      0         0      
       s_copysign.c.obj                26      0         0      
       strchr.c.obj                    22      0         0      
       strlen.c.obj                    20      0         0      
       copy_decompress_none.c.obj      14      0         0      
       copy_zero_init.c.obj            12      0         0      
       errno.c.obj                     8       0         4      
       exit.c.obj                      4       0         0      
       pre_init.c.obj                  4       0         0      
       div0.asm.obj                    2       0         0      
    +--+-------------------------------+-------+---------+---------+
       Total:                          14659   753       4      
                                                                
       Stack:                          0       0         10000  
       Linker Generated:               0       3426      0      
    +--+-------------------------------+-------+---------+---------+
       Grand Total:                    46008   14604     58112  


LINKER GENERATED COPY TABLES

__TI_cinit_table @ 0000ece0 records: 3, size/record: 8, table size: 24
	.data: load addr=0000df90, load size=00000d2e bytes, run addr=20000400, run size=000098fc bytes, compression=lzss
	.bss: load addr=0000ecd0, load size=00000008 bytes, run addr=2000c410, run size=00002088 bytes, compression=zero_init
	.vtable: load addr=0000ecd8, load size=00000008 bytes, run addr=20000000, run size=0000026c bytes, compression=zero_init


LINKER GENERATED HANDLER TABLE

__TI_handler_table @ 0000ecc0 records: 3, size/record: 4, table size: 12
	index: 0, handler: __TI_zero_init
	index: 1, handler: __TI_decompress_lzss
	index: 2, handler: __TI_decompress_none


GLOBAL SYMBOLS: SORTED ALPHABETICALLY BY Name 

address   name                            
-------   ----                            
20009c04  A                               
00004271  ADC1InterruptHandler            
0000aaf5  C$$EXIT                         
0000b3b9  CPUbasepriGet                   
0000b3b1  CPUbasepriSet                   
0000b3a1  CPUcpsid                        
0000b391  CPUcpsie                        
0000b381  CPUprimask                      
0000b379  CPUwfi                          
2000dd94  CosOffset                       
00008c59  GPIODirModeSet                  
00008a51  GPIOPadConfigSet                
00008c89  GPIOPinTypeGPIOOutput           
00008df9  GPIOPinTypeUART                 
00009df1  IntDisable                      
00009d41  IntEnable                       
00009ce9  IntRegister                     
00009dd9  IntUnregister                   
0000b559  ResetISR                        
2000e214  SensorData                      
2000dd14  SinOffset                       
00006e71  SysCtlAltClkConfig              
00006a81  SysCtlClockFreqSet              
000068e9  SysCtlClockGet                  
000068d1  SysCtlClockOutConfig            
00006769  SysCtlClockSet                  
00006749  SysCtlDeepSleep                 
000066e1  SysCtlDeepSleepClockConfigSet   
000066d1  SysCtlDeepSleepClockSet         
000066c1  SysCtlDeepSleepPowerSet         
00009e83  SysCtlDelay                     
00006689  SysCtlFlashSectorSizeGet        
00006641  SysCtlFlashSizeGet              
00006621  SysCtlGPIOAHBDisable            
00006601  SysCtlGPIOAHBEnable             
000065f1  SysCtlIntClear                  
000065d9  SysCtlIntDisable                
000065c9  SysCtlIntEnable                 
000065b1  SysCtlIntRegister               
00006591  SysCtlIntStatus                 
00006581  SysCtlIntUnregister             
00006571  SysCtlLDODeepSleepGet           
00006561  SysCtlLDODeepSleepSet           
00006551  SysCtlLDOSleepGet               
00006541  SysCtlLDOSleepSet               
00006531  SysCtlMOSCConfigSet             
00006519  SysCtlNMIClear                  
00006509  SysCtlNMIStatus                 
000064b1  SysCtlPIOSCCalibrate            
00006499  SysCtlPWMClockGet               
00006481  SysCtlPWMClockSet               
00006421  SysCtlPeripheralClockGating     
000063e9  SysCtlPeripheralDeepSleepDisable
000063b1  SysCtlPeripheralDeepSleepEnable 
00006379  SysCtlPeripheralDisable         
00006341  SysCtlPeripheralEnable          
00006309  SysCtlPeripheralPowerOff        
000062d1  SysCtlPeripheralPowerOn         
00006291  SysCtlPeripheralPresent         
00006251  SysCtlPeripheralReady           
000061f9  SysCtlPeripheralReset           
000061c1  SysCtlPeripheralSleepDisable    
00006189  SysCtlPeripheralSleepEnable     
00006171  SysCtlReset                     
00006161  SysCtlResetBehaviorGet          
00006151  SysCtlResetBehaviorSet          
00006139  SysCtlResetCauseClear           
00006129  SysCtlResetCauseGet             
00006111  SysCtlSRAMSizeGet               
0000b379  SysCtlSleep                     
00006101  SysCtlSleepPowerSet             
000060e9  SysCtlUSBPLLDisable             
000060d1  SysCtlUSBPLLEnable              
00006059  SysCtlVCOGet                    
00006049  SysCtlVoltageEventClear         
00006039  SysCtlVoltageEventConfig        
00006029  SysCtlVoltageEventStatus        
00003e81  Timer0InterruptHandler          
000035a9  TouchInterruptHandler           
000032e9  UART0InterruptHandler           
0000ae49  UART2IntHandler                 
00009ed1  UARTIntRegister                 
2000c410  __STACK_END                     
00002710  __STACK_SIZE                    
20009f00  __STACK_TOP                     
0000ece0  __TI_CINIT_Base                 
0000ecf8  __TI_CINIT_Limit                
0000ecc0  __TI_Handler_Table_Base         
0000eccc  __TI_Handler_Table_Limit        
0000b40d  __TI_auto_init_nobinit_nopinit  
0000b15f  __TI_decompress_lzss            
0000b5b5  __TI_decompress_none            
0000b283  __TI_ltoa                       
ffffffff  __TI_pprof_out_hndl             
00006e7d  __TI_printfi                    
ffffffff  __TI_prof_data_size             
ffffffff  __TI_prof_data_start            
00000000  __TI_static_base__              
0000b5c3  __TI_zero_init                  
0000af6f  __aeabi_cdcmpeq                 
0000af6f  __aeabi_cdcmple                 
0000aff5  __aeabi_cdrcmple                
0000b3c3  __aeabi_d2iz                    
00009b33  __aeabi_dadd                    
0000a595  __aeabi_ddiv                    
0000a901  __aeabi_dmul                    
00009b29  __aeabi_dsub                    
0000b5d9  __aeabi_errno_addr              
0000b4f1  __aeabi_i2d                     
000032e7  __aeabi_idiv0                   
000032e7  __aeabi_ldiv0                   
0000b07b  __aeabi_memclr                  
0000b07b  __aeabi_memclr4                 
0000b07b  __aeabi_memclr8                 
0000ac7b  __aeabi_memcpy                  
0000ac7b  __aeabi_memcpy4                 
0000ac7b  __aeabi_memcpy8                 
0000b07d  __aeabi_memset                  
0000b07d  __aeabi_memset4                 
0000b07d  __aeabi_memset8                 
0000b51f  __aeabi_ui2d                    
0000adb3  __aeabi_uldivmod                
ffffffff  __binit__                       
ffffffff  __c_args__                      
0000a195  __kernel_cos                    
000078d9  __kernel_rem_pio2               
0000a021  __kernel_sin                    
UNDEFED   __mpu_init                      
20009d00  __stack                         
20000000  __start___llvm_prf_cnts         
20000000  __stop___llvm_prf_cnts          
0000b48d  _c_int00_noargs                 
0000dcc4  _ctypes_                        
UNDEFED   _system_post_cinit              
00008a4d  _system_pre_init                
20009c06  a                               
0000aaf5  abort                           
2000d114  arrowBlack                      
2000c514  arrowColor                      
00008fbd  atan                            
00009781  atan2                           
00009781  atan2l                          
00008fbd  atanl                           
0000b329  atoi                            
ffffffff  binit                           
0000b53f  copysign                        
0000b53f  copysignl                       
00007eb5  cos                             
00007eb5  cosl                            
000030b1  drawDisplayLayout               
00001b19  drawLine                        
00000249  drawRectangle                   
00000539  drawString                      
20009cf8  errno                           
0000a9fd  floor                           
0000a9fd  floorl                          
0000b1c9  frexp                           
0000b1c9  frexpl                          
20000000  g_pfnRAMVectors                 
00000000  g_pfnVectors                    
20000400  imgArrayArrowLButton            
20002800  imgArrayArrowRButton            
20004c00  imgArrayStartButton             
20007000  imgArrayStopButton              
0000a7f1  ldexp                           
0000a7f1  ldexpl                          
000045e9  main                            
0000ac7b  memcpy                          
0000b083  memset                          
2000c494  oldDiffCosResults               
2000c414  oldDiffSinResults               
20009800  pui8ControlTable                
0000aaf9  saveSettingsToEEPROM            
0000a7f1  scalbn                          
0000a7f1  scalbnl                         
2000c410  set                             
000007f9  setLCDLayout                    
0000848d  sin                             
0000848d  sinl                            
0000b4c1  sprintf                         
0000a301  sqrt                            
0000a301  sqrtl                           
000092a9  storeArraySensorData            
0000b58b  strchr                          
0000b5a1  strlen                          
0000ad19  touchRead                       
000003b9  writeButton                     
00000229  writeCmdData                    
00000209  writeCommand                    
00002ff9  writeInfo                       
000018b1  writeLineQuadrant1_I            
00001659  writeLineQuadrant1_II           
00000f39  writeLineQuadrant2_I            
00000ce1  writeLineQuadrant2_II           
00000a81  writeLineQuadrant3_I            
00000829  writeLineQuadrant3_II           
000013f1  writeLineQuadrant4_I            
000011a1  writeLineQuadrant4_II           
00002fb1  writeMaxAnalogValue             
20009c00  xpos                            
20009c02  ypos                            


GLOBAL SYMBOLS: SORTED BY Symbol Address 

address   name                            
-------   ----                            
00000000  __TI_static_base__              
00000000  g_pfnVectors                    
00000209  writeCommand                    
00000229  writeCmdData                    
00000249  drawRectangle                   
000003b9  writeButton                     
00000539  drawString                      
000007f9  setLCDLayout                    
00000829  writeLineQuadrant3_II           
00000a81  writeLineQuadrant3_I            
00000ce1  writeLineQuadrant2_II           
00000f39  writeLineQuadrant2_I            
000011a1  writeLineQuadrant4_II           
000013f1  writeLineQuadrant4_I            
00001659  writeLineQuadrant1_II           
000018b1  writeLineQuadrant1_I            
00001b19  drawLine                        
00002710  __STACK_SIZE                    
00002fb1  writeMaxAnalogValue             
00002ff9  writeInfo                       
000030b1  drawDisplayLayout               
000032e7  __aeabi_idiv0                   
000032e7  __aeabi_ldiv0                   
000032e9  UART0InterruptHandler           
000035a9  TouchInterruptHandler           
00003e81  Timer0InterruptHandler          
00004271  ADC1InterruptHandler            
000045e9  main                            
00006029  SysCtlVoltageEventStatus        
00006039  SysCtlVoltageEventConfig        
00006049  SysCtlVoltageEventClear         
00006059  SysCtlVCOGet                    
000060d1  SysCtlUSBPLLEnable              
000060e9  SysCtlUSBPLLDisable             
00006101  SysCtlSleepPowerSet             
00006111  SysCtlSRAMSizeGet               
00006129  SysCtlResetCauseGet             
00006139  SysCtlResetCauseClear           
00006151  SysCtlResetBehaviorSet          
00006161  SysCtlResetBehaviorGet          
00006171  SysCtlReset                     
00006189  SysCtlPeripheralSleepEnable     
000061c1  SysCtlPeripheralSleepDisable    
000061f9  SysCtlPeripheralReset           
00006251  SysCtlPeripheralReady           
00006291  SysCtlPeripheralPresent         
000062d1  SysCtlPeripheralPowerOn         
00006309  SysCtlPeripheralPowerOff        
00006341  SysCtlPeripheralEnable          
00006379  SysCtlPeripheralDisable         
000063b1  SysCtlPeripheralDeepSleepEnable 
000063e9  SysCtlPeripheralDeepSleepDisable
00006421  SysCtlPeripheralClockGating     
00006481  SysCtlPWMClockSet               
00006499  SysCtlPWMClockGet               
000064b1  SysCtlPIOSCCalibrate            
00006509  SysCtlNMIStatus                 
00006519  SysCtlNMIClear                  
00006531  SysCtlMOSCConfigSet             
00006541  SysCtlLDOSleepSet               
00006551  SysCtlLDOSleepGet               
00006561  SysCtlLDODeepSleepSet           
00006571  SysCtlLDODeepSleepGet           
00006581  SysCtlIntUnregister             
00006591  SysCtlIntStatus                 
000065b1  SysCtlIntRegister               
000065c9  SysCtlIntEnable                 
000065d9  SysCtlIntDisable                
000065f1  SysCtlIntClear                  
00006601  SysCtlGPIOAHBEnable             
00006621  SysCtlGPIOAHBDisable            
00006641  SysCtlFlashSizeGet              
00006689  SysCtlFlashSectorSizeGet        
000066c1  SysCtlDeepSleepPowerSet         
000066d1  SysCtlDeepSleepClockSet         
000066e1  SysCtlDeepSleepClockConfigSet   
00006749  SysCtlDeepSleep                 
00006769  SysCtlClockSet                  
000068d1  SysCtlClockOutConfig            
000068e9  SysCtlClockGet                  
00006a81  SysCtlClockFreqSet              
00006e71  SysCtlAltClkConfig              
00006e7d  __TI_printfi                    
000078d9  __kernel_rem_pio2               
00007eb5  cos                             
00007eb5  cosl                            
0000848d  sin                             
0000848d  sinl                            
00008a4d  _system_pre_init                
00008a51  GPIOPadConfigSet                
00008c59  GPIODirModeSet                  
00008c89  GPIOPinTypeGPIOOutput           
00008df9  GPIOPinTypeUART                 
00008fbd  atan                            
00008fbd  atanl                           
000092a9  storeArraySensorData            
00009781  atan2                           
00009781  atan2l                          
00009b29  __aeabi_dsub                    
00009b33  __aeabi_dadd                    
00009ce9  IntRegister                     
00009d41  IntEnable                       
00009dd9  IntUnregister                   
00009df1  IntDisable                      
00009e83  SysCtlDelay                     
00009ed1  UARTIntRegister                 
0000a021  __kernel_sin                    
0000a195  __kernel_cos                    
0000a301  sqrt                            
0000a301  sqrtl                           
0000a595  __aeabi_ddiv                    
0000a7f1  ldexp                           
0000a7f1  ldexpl                          
0000a7f1  scalbn                          
0000a7f1  scalbnl                         
0000a901  __aeabi_dmul                    
0000a9fd  floor                           
0000a9fd  floorl                          
0000aaf5  C$$EXIT                         
0000aaf5  abort                           
0000aaf9  saveSettingsToEEPROM            
0000ac7b  __aeabi_memcpy                  
0000ac7b  __aeabi_memcpy4                 
0000ac7b  __aeabi_memcpy8                 
0000ac7b  memcpy                          
0000ad19  touchRead                       
0000adb3  __aeabi_uldivmod                
0000ae49  UART2IntHandler                 
0000af6f  __aeabi_cdcmpeq                 
0000af6f  __aeabi_cdcmple                 
0000aff5  __aeabi_cdrcmple                
0000b07b  __aeabi_memclr                  
0000b07b  __aeabi_memclr4                 
0000b07b  __aeabi_memclr8                 
0000b07d  __aeabi_memset                  
0000b07d  __aeabi_memset4                 
0000b07d  __aeabi_memset8                 
0000b083  memset                          
0000b15f  __TI_decompress_lzss            
0000b1c9  frexp                           
0000b1c9  frexpl                          
0000b283  __TI_ltoa                       
0000b329  atoi                            
0000b379  CPUwfi                          
0000b379  SysCtlSleep                     
0000b381  CPUprimask                      
0000b391  CPUcpsie                        
0000b3a1  CPUcpsid                        
0000b3b1  CPUbasepriSet                   
0000b3b9  CPUbasepriGet                   
0000b3c3  __aeabi_d2iz                    
0000b40d  __TI_auto_init_nobinit_nopinit  
0000b48d  _c_int00_noargs                 
0000b4c1  sprintf                         
0000b4f1  __aeabi_i2d                     
0000b51f  __aeabi_ui2d                    
0000b53f  copysign                        
0000b53f  copysignl                       
0000b559  ResetISR                        
0000b58b  strchr                          
0000b5a1  strlen                          
0000b5b5  __TI_decompress_none            
0000b5c3  __TI_zero_init                  
0000b5d9  __aeabi_errno_addr              
0000dcc4  _ctypes_                        
0000ecc0  __TI_Handler_Table_Base         
0000eccc  __TI_Handler_Table_Limit        
0000ece0  __TI_CINIT_Base                 
0000ecf8  __TI_CINIT_Limit                
20000000  __start___llvm_prf_cnts         
20000000  __stop___llvm_prf_cnts          
20000000  g_pfnRAMVectors                 
20000400  imgArrayArrowLButton            
20002800  imgArrayArrowRButton            
20004c00  imgArrayStartButton             
20007000  imgArrayStopButton              
20009800  pui8ControlTable                
20009c00  xpos                            
20009c02  ypos                            
20009c04  A                               
20009c06  a                               
20009cf8  errno                           
20009d00  __stack                         
20009f00  __STACK_TOP                     
2000c410  __STACK_END                     
2000c410  set                             
2000c414  oldDiffSinResults               
2000c494  oldDiffCosResults               
2000c514  arrowColor                      
2000d114  arrowBlack                      
2000dd14  SinOffset                       
2000dd94  CosOffset                       
2000e214  SensorData                      
ffffffff  __TI_pprof_out_hndl             
ffffffff  __TI_prof_data_size             
ffffffff  __TI_prof_data_start            
ffffffff  __binit__                       
ffffffff  __c_args__                      
ffffffff  binit                           
UNDEFED   __mpu_init                      
UNDEFED   _system_post_cinit              

[201 symbols]
