<?xml version="1.0" encoding="ISO-8859-1" ?>
<link_info>
   <banner>TI ARM Linker Unix v20.2.0.LTS</banner>
   <copyright>Copyright (c) 1996-2018 Texas Instruments Incorporated</copyright>
   <link_time>0x5f36eea9</link_time>
   <link_errors>0x0</link_errors>
   <output_file>BP_TMR_sensor_array.out</output_file>
   <entry_point>
      <name>_c_int00_noargs</name>
      <address>0xc1dd</address>
   </entry_point>
   <input_file_list>
      <input_file id="fl-2">
         <path>./</path>
         <kind>object</kind>
         <file>tm4c1294ncpdt_startup_ccs.obj</file>
         <name>tm4c1294ncpdt_startup_ccs.obj</name>
      </input_file>
      <input_file id="fl-3">
         <path>./Image_Src/</path>
         <kind>object</kind>
         <file>arrow_left.obj</file>
         <name>arrow_left.obj</name>
      </input_file>
      <input_file id="fl-4">
         <path>./Image_Src/</path>
         <kind>object</kind>
         <file>arrow_right.obj</file>
         <name>arrow_right.obj</name>
      </input_file>
      <input_file id="fl-5">
         <path>./Image_Src/</path>
         <kind>object</kind>
         <file>startButton.obj</file>
         <name>startButton.obj</name>
      </input_file>
      <input_file id="fl-6">
         <path>./Image_Src/</path>
         <kind>object</kind>
         <file>stopButton.obj</file>
         <name>stopButton.obj</name>
      </input_file>
      <input_file id="fl-7">
         <path>./main/</path>
         <kind>object</kind>
         <file>main.obj</file>
         <name>main.obj</name>
      </input_file>
      <input_file id="fl-8">
         <path>./src/</path>
         <kind>object</kind>
         <file>EEPROM_functions.obj</file>
         <name>EEPROM_functions.obj</name>
      </input_file>
      <input_file id="fl-9">
         <path>./src/</path>
         <kind>object</kind>
         <file>adc_functions.obj</file>
         <name>adc_functions.obj</name>
      </input_file>
      <input_file id="fl-a">
         <path>./src/</path>
         <kind>object</kind>
         <file>debug_functions.obj</file>
         <name>debug_functions.obj</name>
      </input_file>
      <input_file id="fl-b">
         <path>./src/</path>
         <kind>object</kind>
         <file>lcd_functions.obj</file>
         <name>lcd_functions.obj</name>
      </input_file>
      <input_file id="fl-c">
         <path>./src/</path>
         <kind>object</kind>
         <file>timer_functions.obj</file>
         <name>timer_functions.obj</name>
      </input_file>
      <input_file id="fl-d">
         <path>./src/</path>
         <kind>object</kind>
         <file>touch.obj</file>
         <name>touch.obj</name>
      </input_file>
      <input_file id="fl-e">
         <path>./src/</path>
         <kind>object</kind>
         <file>uartDMA.obj</file>
         <name>uartDMA.obj</name>
      </input_file>
      <input_file id="fl-f">
         <path>./tivaware/src/</path>
         <kind>object</kind>
         <file>adc.obj</file>
         <name>adc.obj</name>
      </input_file>
      <input_file id="fl-10">
         <path>./tivaware/src/</path>
         <kind>object</kind>
         <file>aes.obj</file>
         <name>aes.obj</name>
      </input_file>
      <input_file id="fl-11">
         <path>./tivaware/src/</path>
         <kind>object</kind>
         <file>can.obj</file>
         <name>can.obj</name>
      </input_file>
      <input_file id="fl-12">
         <path>./tivaware/src/</path>
         <kind>object</kind>
         <file>comp.obj</file>
         <name>comp.obj</name>
      </input_file>
      <input_file id="fl-13">
         <path>./tivaware/src/</path>
         <kind>object</kind>
         <file>cpu.obj</file>
         <name>cpu.obj</name>
      </input_file>
      <input_file id="fl-14">
         <path>./tivaware/src/</path>
         <kind>object</kind>
         <file>crc.obj</file>
         <name>crc.obj</name>
      </input_file>
      <input_file id="fl-15">
         <path>./tivaware/src/</path>
         <kind>object</kind>
         <file>des.obj</file>
         <name>des.obj</name>
      </input_file>
      <input_file id="fl-16">
         <path>./tivaware/src/</path>
         <kind>object</kind>
         <file>eeprom.obj</file>
         <name>eeprom.obj</name>
      </input_file>
      <input_file id="fl-17">
         <path>./tivaware/src/</path>
         <kind>object</kind>
         <file>emac.obj</file>
         <name>emac.obj</name>
      </input_file>
      <input_file id="fl-18">
         <path>./tivaware/src/</path>
         <kind>object</kind>
         <file>epi.obj</file>
         <name>epi.obj</name>
      </input_file>
      <input_file id="fl-19">
         <path>./tivaware/src/</path>
         <kind>object</kind>
         <file>flash.obj</file>
         <name>flash.obj</name>
      </input_file>
      <input_file id="fl-1a">
         <path>./tivaware/src/</path>
         <kind>object</kind>
         <file>fpu.obj</file>
         <name>fpu.obj</name>
      </input_file>
      <input_file id="fl-1b">
         <path>./tivaware/src/</path>
         <kind>object</kind>
         <file>gpio.obj</file>
         <name>gpio.obj</name>
      </input_file>
      <input_file id="fl-1c">
         <path>./tivaware/src/</path>
         <kind>object</kind>
         <file>hibernate.obj</file>
         <name>hibernate.obj</name>
      </input_file>
      <input_file id="fl-1d">
         <path>./tivaware/src/</path>
         <kind>object</kind>
         <file>i2c.obj</file>
         <name>i2c.obj</name>
      </input_file>
      <input_file id="fl-1e">
         <path>./tivaware/src/</path>
         <kind>object</kind>
         <file>interrupt.obj</file>
         <name>interrupt.obj</name>
      </input_file>
      <input_file id="fl-1f">
         <path>./tivaware/src/</path>
         <kind>object</kind>
         <file>lcd.obj</file>
         <name>lcd.obj</name>
      </input_file>
      <input_file id="fl-20">
         <path>./tivaware/src/</path>
         <kind>object</kind>
         <file>mpu.obj</file>
         <name>mpu.obj</name>
      </input_file>
      <input_file id="fl-21">
         <path>./tivaware/src/</path>
         <kind>object</kind>
         <file>onewire.obj</file>
         <name>onewire.obj</name>
      </input_file>
      <input_file id="fl-22">
         <path>./tivaware/src/</path>
         <kind>object</kind>
         <file>pwm.obj</file>
         <name>pwm.obj</name>
      </input_file>
      <input_file id="fl-23">
         <path>./tivaware/src/</path>
         <kind>object</kind>
         <file>qei.obj</file>
         <name>qei.obj</name>
      </input_file>
      <input_file id="fl-24">
         <path>./tivaware/src/</path>
         <kind>object</kind>
         <file>shamd5.obj</file>
         <name>shamd5.obj</name>
      </input_file>
      <input_file id="fl-25">
         <path>./tivaware/src/</path>
         <kind>object</kind>
         <file>ssi.obj</file>
         <name>ssi.obj</name>
      </input_file>
      <input_file id="fl-26">
         <path>./tivaware/src/</path>
         <kind>object</kind>
         <file>sw_crc.obj</file>
         <name>sw_crc.obj</name>
      </input_file>
      <input_file id="fl-27">
         <path>./tivaware/src/</path>
         <kind>object</kind>
         <file>sysctl.obj</file>
         <name>sysctl.obj</name>
      </input_file>
      <input_file id="fl-28">
         <path>./tivaware/src/</path>
         <kind>object</kind>
         <file>sysexc.obj</file>
         <name>sysexc.obj</name>
      </input_file>
      <input_file id="fl-29">
         <path>./tivaware/src/</path>
         <kind>object</kind>
         <file>systick.obj</file>
         <name>systick.obj</name>
      </input_file>
      <input_file id="fl-2a">
         <path>./tivaware/src/</path>
         <kind>object</kind>
         <file>timer.obj</file>
         <name>timer.obj</name>
      </input_file>
      <input_file id="fl-2b">
         <path>./tivaware/src/</path>
         <kind>object</kind>
         <file>uart.obj</file>
         <name>uart.obj</name>
      </input_file>
      <input_file id="fl-2c">
         <path>./tivaware/src/</path>
         <kind>object</kind>
         <file>udma.obj</file>
         <name>udma.obj</name>
      </input_file>
      <input_file id="fl-2d">
         <path>./tivaware/src/</path>
         <kind>object</kind>
         <file>usb.obj</file>
         <name>usb.obj</name>
      </input_file>
      <input_file id="fl-2e">
         <path>./tivaware/src/</path>
         <kind>object</kind>
         <file>watchdog.obj</file>
         <name>watchdog.obj</name>
      </input_file>
      <input_file id="fl-34">
         <kind>object</kind>
         <file>&lt;internal&gt;</file>
         <name>&lt;internal&gt;</name>
      </input_file>
      <input_file id="fl-ea">
         <path>/home/ole/CodeComposerStudio10/ccs/tools/compiler/ti-cgt-arm_20.2.0.LTS/lib/</path>
         <kind>archive</kind>
         <file>rtsv7M4_T_le_v4SPD16_eabi.lib</file>
         <name>e_atan2.c.obj</name>
      </input_file>
      <input_file id="fl-eb">
         <path>/home/ole/CodeComposerStudio10/ccs/tools/compiler/ti-cgt-arm_20.2.0.LTS/lib/</path>
         <kind>archive</kind>
         <file>rtsv7M4_T_le_v4SPD16_eabi.lib</file>
         <name>e_sqrt.c.obj</name>
      </input_file>
      <input_file id="fl-ec">
         <path>/home/ole/CodeComposerStudio10/ccs/tools/compiler/ti-cgt-arm_20.2.0.LTS/lib/</path>
         <kind>archive</kind>
         <file>rtsv7M4_T_le_v4SPD16_eabi.lib</file>
         <name>s_atan.c.obj</name>
      </input_file>
      <input_file id="fl-ed">
         <path>/home/ole/CodeComposerStudio10/ccs/tools/compiler/ti-cgt-arm_20.2.0.LTS/lib/</path>
         <kind>archive</kind>
         <file>rtsv7M4_T_le_v4SPD16_eabi.lib</file>
         <name>s_cos.c.obj</name>
      </input_file>
      <input_file id="fl-ee">
         <path>/home/ole/CodeComposerStudio10/ccs/tools/compiler/ti-cgt-arm_20.2.0.LTS/lib/</path>
         <kind>archive</kind>
         <file>rtsv7M4_T_le_v4SPD16_eabi.lib</file>
         <name>s_sin.c.obj</name>
      </input_file>
      <input_file id="fl-ef">
         <path>/home/ole/CodeComposerStudio10/ccs/tools/compiler/ti-cgt-arm_20.2.0.LTS/lib/</path>
         <kind>archive</kind>
         <file>rtsv7M4_T_le_v4SPD16_eabi.lib</file>
         <name>sprintf.c.obj</name>
      </input_file>
      <input_file id="fl-f0">
         <path>/home/ole/CodeComposerStudio10/ccs/tools/compiler/ti-cgt-arm_20.2.0.LTS/lib/</path>
         <kind>archive</kind>
         <file>rtsv7M4_T_le_v4SPD16_eabi.lib</file>
         <name>fd_add_t2.asm.obj</name>
      </input_file>
      <input_file id="fl-f1">
         <path>/home/ole/CodeComposerStudio10/ccs/tools/compiler/ti-cgt-arm_20.2.0.LTS/lib/</path>
         <kind>archive</kind>
         <file>rtsv7M4_T_le_v4SPD16_eabi.lib</file>
         <name>fd_cmp_t2.asm.obj</name>
      </input_file>
      <input_file id="fl-f2">
         <path>/home/ole/CodeComposerStudio10/ccs/tools/compiler/ti-cgt-arm_20.2.0.LTS/lib/</path>
         <kind>archive</kind>
         <file>rtsv7M4_T_le_v4SPD16_eabi.lib</file>
         <name>fd_div_t2.asm.obj</name>
      </input_file>
      <input_file id="fl-f3">
         <path>/home/ole/CodeComposerStudio10/ccs/tools/compiler/ti-cgt-arm_20.2.0.LTS/lib/</path>
         <kind>archive</kind>
         <file>rtsv7M4_T_le_v4SPD16_eabi.lib</file>
         <name>fd_mul_t2.asm.obj</name>
      </input_file>
      <input_file id="fl-f4">
         <path>/home/ole/CodeComposerStudio10/ccs/tools/compiler/ti-cgt-arm_20.2.0.LTS/lib/</path>
         <kind>archive</kind>
         <file>rtsv7M4_T_le_v4SPD16_eabi.lib</file>
         <name>fd_toi_t2.asm.obj</name>
      </input_file>
      <input_file id="fl-f5">
         <path>/home/ole/CodeComposerStudio10/ccs/tools/compiler/ti-cgt-arm_20.2.0.LTS/lib/</path>
         <kind>archive</kind>
         <file>rtsv7M4_T_le_v4SPD16_eabi.lib</file>
         <name>i_tofd_t2.asm.obj</name>
      </input_file>
      <input_file id="fl-f6">
         <path>/home/ole/CodeComposerStudio10/ccs/tools/compiler/ti-cgt-arm_20.2.0.LTS/lib/</path>
         <kind>archive</kind>
         <file>rtsv7M4_T_le_v4SPD16_eabi.lib</file>
         <name>memcpy_t2.asm.obj</name>
      </input_file>
      <input_file id="fl-f7">
         <path>/home/ole/CodeComposerStudio10/ccs/tools/compiler/ti-cgt-arm_20.2.0.LTS/lib/</path>
         <kind>archive</kind>
         <file>rtsv7M4_T_le_v4SPD16_eabi.lib</file>
         <name>copy_zero_init.c.obj</name>
      </input_file>
      <input_file id="fl-f8">
         <path>/home/ole/CodeComposerStudio10/ccs/tools/compiler/ti-cgt-arm_20.2.0.LTS/lib/</path>
         <kind>archive</kind>
         <file>rtsv7M4_T_le_v4SPD16_eabi.lib</file>
         <name>copy_decompress_none.c.obj</name>
      </input_file>
      <input_file id="fl-f9">
         <path>/home/ole/CodeComposerStudio10/ccs/tools/compiler/ti-cgt-arm_20.2.0.LTS/lib/</path>
         <kind>archive</kind>
         <file>rtsv7M4_T_le_v4SPD16_eabi.lib</file>
         <name>copy_decompress_lzss.c.obj</name>
      </input_file>
      <input_file id="fl-fa">
         <path>/home/ole/CodeComposerStudio10/ccs/tools/compiler/ti-cgt-arm_20.2.0.LTS/lib/</path>
         <kind>archive</kind>
         <file>rtsv7M4_T_le_v4SPD16_eabi.lib</file>
         <name>strlen.c.obj</name>
      </input_file>
      <input_file id="fl-fb">
         <path>/home/ole/CodeComposerStudio10/ccs/tools/compiler/ti-cgt-arm_20.2.0.LTS/lib/</path>
         <kind>archive</kind>
         <file>rtsv7M4_T_le_v4SPD16_eabi.lib</file>
         <name>k_rem_pio2.c.obj</name>
      </input_file>
      <input_file id="fl-fc">
         <path>/home/ole/CodeComposerStudio10/ccs/tools/compiler/ti-cgt-arm_20.2.0.LTS/lib/</path>
         <kind>archive</kind>
         <file>rtsv7M4_T_le_v4SPD16_eabi.lib</file>
         <name>errno.c.obj</name>
      </input_file>
      <input_file id="fl-fd">
         <path>/home/ole/CodeComposerStudio10/ccs/tools/compiler/ti-cgt-arm_20.2.0.LTS/lib/</path>
         <kind>archive</kind>
         <file>rtsv7M4_T_le_v4SPD16_eabi.lib</file>
         <name>boot_cortex_m.c.obj</name>
      </input_file>
      <input_file id="fl-fe">
         <path>/home/ole/CodeComposerStudio10/ccs/tools/compiler/ti-cgt-arm_20.2.0.LTS/lib/</path>
         <kind>archive</kind>
         <file>rtsv7M4_T_le_v4SPD16_eabi.lib</file>
         <name>k_cos.c.obj</name>
      </input_file>
      <input_file id="fl-ff">
         <path>/home/ole/CodeComposerStudio10/ccs/tools/compiler/ti-cgt-arm_20.2.0.LTS/lib/</path>
         <kind>archive</kind>
         <file>rtsv7M4_T_le_v4SPD16_eabi.lib</file>
         <name>k_sin.c.obj</name>
      </input_file>
      <input_file id="fl-100">
         <path>/home/ole/CodeComposerStudio10/ccs/tools/compiler/ti-cgt-arm_20.2.0.LTS/lib/</path>
         <kind>archive</kind>
         <file>rtsv7M4_T_le_v4SPD16_eabi.lib</file>
         <name>s_floor.c.obj</name>
      </input_file>
      <input_file id="fl-101">
         <path>/home/ole/CodeComposerStudio10/ccs/tools/compiler/ti-cgt-arm_20.2.0.LTS/lib/</path>
         <kind>archive</kind>
         <file>rtsv7M4_T_le_v4SPD16_eabi.lib</file>
         <name>s_scalbn.c.obj</name>
      </input_file>
      <input_file id="fl-102">
         <path>/home/ole/CodeComposerStudio10/ccs/tools/compiler/ti-cgt-arm_20.2.0.LTS/lib/</path>
         <kind>archive</kind>
         <file>rtsv7M4_T_le_v4SPD16_eabi.lib</file>
         <name>s_copysign.c.obj</name>
      </input_file>
      <input_file id="fl-103">
         <path>/home/ole/CodeComposerStudio10/ccs/tools/compiler/ti-cgt-arm_20.2.0.LTS/lib/</path>
         <kind>archive</kind>
         <file>rtsv7M4_T_le_v4SPD16_eabi.lib</file>
         <name>_printfi.c.obj</name>
      </input_file>
      <input_file id="fl-104">
         <path>/home/ole/CodeComposerStudio10/ccs/tools/compiler/ti-cgt-arm_20.2.0.LTS/lib/</path>
         <kind>archive</kind>
         <file>rtsv7M4_T_le_v4SPD16_eabi.lib</file>
         <name>memset_t2.asm.obj</name>
      </input_file>
      <input_file id="fl-105">
         <path>/home/ole/CodeComposerStudio10/ccs/tools/compiler/ti-cgt-arm_20.2.0.LTS/lib/</path>
         <kind>archive</kind>
         <file>rtsv7M4_T_le_v4SPD16_eabi.lib</file>
         <name>ull_div_t2.asm.obj</name>
      </input_file>
      <input_file id="fl-106">
         <path>/home/ole/CodeComposerStudio10/ccs/tools/compiler/ti-cgt-arm_20.2.0.LTS/lib/</path>
         <kind>archive</kind>
         <file>rtsv7M4_T_le_v4SPD16_eabi.lib</file>
         <name>autoinit.c.obj</name>
      </input_file>
      <input_file id="fl-107">
         <path>/home/ole/CodeComposerStudio10/ccs/tools/compiler/ti-cgt-arm_20.2.0.LTS/lib/</path>
         <kind>archive</kind>
         <file>rtsv7M4_T_le_v4SPD16_eabi.lib</file>
         <name>pre_init.c.obj</name>
      </input_file>
      <input_file id="fl-108">
         <path>/home/ole/CodeComposerStudio10/ccs/tools/compiler/ti-cgt-arm_20.2.0.LTS/lib/</path>
         <kind>archive</kind>
         <file>rtsv7M4_T_le_v4SPD16_eabi.lib</file>
         <name>cpy_tbl.c.obj</name>
      </input_file>
      <input_file id="fl-109">
         <path>/home/ole/CodeComposerStudio10/ccs/tools/compiler/ti-cgt-arm_20.2.0.LTS/lib/</path>
         <kind>archive</kind>
         <file>rtsv7M4_T_le_v4SPD16_eabi.lib</file>
         <name>exit.c.obj</name>
      </input_file>
      <input_file id="fl-10a">
         <path>/home/ole/CodeComposerStudio10/ccs/tools/compiler/ti-cgt-arm_20.2.0.LTS/lib/</path>
         <kind>archive</kind>
         <file>rtsv7M4_T_le_v4SPD16_eabi.lib</file>
         <name>_lock.c.obj</name>
      </input_file>
      <input_file id="fl-10b">
         <path>/home/ole/CodeComposerStudio10/ccs/tools/compiler/ti-cgt-arm_20.2.0.LTS/lib/</path>
         <kind>archive</kind>
         <file>rtsv7M4_T_le_v4SPD16_eabi.lib</file>
         <name>_ltoa.c.obj</name>
      </input_file>
      <input_file id="fl-10c">
         <path>/home/ole/CodeComposerStudio10/ccs/tools/compiler/ti-cgt-arm_20.2.0.LTS/lib/</path>
         <kind>archive</kind>
         <file>rtsv7M4_T_le_v4SPD16_eabi.lib</file>
         <name>args_main.c.obj</name>
      </input_file>
      <input_file id="fl-10d">
         <path>/home/ole/CodeComposerStudio10/ccs/tools/compiler/ti-cgt-arm_20.2.0.LTS/lib/</path>
         <kind>archive</kind>
         <file>rtsv7M4_T_le_v4SPD16_eabi.lib</file>
         <name>atoi.c.obj</name>
      </input_file>
      <input_file id="fl-10e">
         <path>/home/ole/CodeComposerStudio10/ccs/tools/compiler/ti-cgt-arm_20.2.0.LTS/lib/</path>
         <kind>archive</kind>
         <file>rtsv7M4_T_le_v4SPD16_eabi.lib</file>
         <name>ctype.c.obj</name>
      </input_file>
      <input_file id="fl-10f">
         <path>/home/ole/CodeComposerStudio10/ccs/tools/compiler/ti-cgt-arm_20.2.0.LTS/lib/</path>
         <kind>archive</kind>
         <file>rtsv7M4_T_le_v4SPD16_eabi.lib</file>
         <name>memccpy.c.obj</name>
      </input_file>
      <input_file id="fl-110">
         <path>/home/ole/CodeComposerStudio10/ccs/tools/compiler/ti-cgt-arm_20.2.0.LTS/lib/</path>
         <kind>archive</kind>
         <file>rtsv7M4_T_le_v4SPD16_eabi.lib</file>
         <name>strchr.c.obj</name>
      </input_file>
      <input_file id="fl-111">
         <path>/home/ole/CodeComposerStudio10/ccs/tools/compiler/ti-cgt-arm_20.2.0.LTS/lib/</path>
         <kind>archive</kind>
         <file>rtsv7M4_T_le_v4SPD16_eabi.lib</file>
         <name>s_frexp.c.obj</name>
      </input_file>
      <input_file id="fl-112">
         <path>/home/ole/CodeComposerStudio10/ccs/tools/compiler/ti-cgt-arm_20.2.0.LTS/lib/</path>
         <kind>archive</kind>
         <file>rtsv7M4_T_le_v4SPD16_eabi.lib</file>
         <name>wcslen.c.obj</name>
      </input_file>
      <input_file id="fl-113">
         <path>/home/ole/CodeComposerStudio10/ccs/tools/compiler/ti-cgt-arm_20.2.0.LTS/lib/</path>
         <kind>archive</kind>
         <file>rtsv7M4_T_le_v4SPD16_eabi.lib</file>
         <name>div0.asm.obj</name>
      </input_file>
   </input_file_list>
   <object_component_list>
      <object_component id="oc-12">
         <name>.intvecs</name>
         <load_address>0x0</load_address>
         <run_address>0x0</run_address>
         <size>0x208</size>
         <input_file_ref idref="fl-2"/>
      </object_component>
      <object_component id="oc-f2">
         <name>.text</name>
         <load_address>0x208</load_address>
         <run_address>0x208</run_address>
         <size>0x3170</size>
         <input_file_ref idref="fl-b"/>
      </object_component>
      <object_component id="oc-c2">
         <name>.text</name>
         <load_address>0x3378</load_address>
         <run_address>0x3378</run_address>
         <size>0xfa0</size>
         <input_file_ref idref="fl-27"/>
      </object_component>
      <object_component id="oc-f8">
         <name>.text</name>
         <load_address>0x4318</load_address>
         <run_address>0x4318</run_address>
         <size>0xb98</size>
         <input_file_ref idref="fl-1b"/>
      </object_component>
      <object_component id="oc-352">
         <name>.text:__TI_printfi</name>
         <load_address>0x4eb0</load_address>
         <run_address>0x4eb0</run_address>
         <size>0xa4e</size>
         <input_file_ref idref="fl-103"/>
      </object_component>
      <object_component id="oc-536">
         <name>.text</name>
         <load_address>0x58fe</load_address>
         <run_address>0x58fe</run_address>
         <size>0x2</size>
         <input_file_ref idref="fl-113"/>
      </object_component>
      <object_component id="oc-da">
         <name>.text</name>
         <load_address>0x5900</load_address>
         <run_address>0x5900</run_address>
         <size>0x9ec</size>
         <input_file_ref idref="fl-9"/>
      </object_component>
      <object_component id="oc-1a0">
         <name>.text</name>
         <load_address>0x62ec</load_address>
         <run_address>0x62ec</run_address>
         <size>0x83c</size>
         <input_file_ref idref="fl-f"/>
      </object_component>
      <object_component id="oc-3d7">
         <name>.text:__kernel_rem_pio2</name>
         <load_address>0x6b28</load_address>
         <run_address>0x6b28</run_address>
         <size>0x738</size>
         <input_file_ref idref="fl-fb"/>
      </object_component>
      <object_component id="oc-1dd">
         <name>.text</name>
         <load_address>0x7260</load_address>
         <run_address>0x7260</run_address>
         <size>0x642</size>
         <input_file_ref idref="fl-2a"/>
      </object_component>
      <object_component id="oc-1c6">
         <name>.text</name>
         <load_address>0x78a4</load_address>
         <run_address>0x78a4</run_address>
         <size>0x62e</size>
         <input_file_ref idref="fl-2b"/>
      </object_component>
      <object_component id="oc-297">
         <name>.text:cos</name>
         <load_address>0x7ed4</load_address>
         <run_address>0x7ed4</run_address>
         <size>0x5dc</size>
         <input_file_ref idref="fl-ed"/>
      </object_component>
      <object_component id="oc-28c">
         <name>.text:sin</name>
         <load_address>0x84b0</load_address>
         <run_address>0x84b0</run_address>
         <size>0x5c4</size>
         <input_file_ref idref="fl-ee"/>
      </object_component>
      <object_component id="oc-1cc">
         <name>.text</name>
         <load_address>0x8a74</load_address>
         <run_address>0x8a74</run_address>
         <size>0x4e0</size>
         <input_file_ref idref="fl-2c"/>
      </object_component>
      <object_component id="oc-198">
         <name>.text</name>
         <load_address>0x8f54</load_address>
         <run_address>0x8f54</run_address>
         <size>0x470</size>
         <input_file_ref idref="fl-16"/>
      </object_component>
      <object_component id="oc-ec">
         <name>.text</name>
         <load_address>0x93c4</load_address>
         <run_address>0x93c4</run_address>
         <size>0x458</size>
         <input_file_ref idref="fl-d"/>
      </object_component>
      <object_component id="oc-9b">
         <name>.text</name>
         <load_address>0x981c</load_address>
         <run_address>0x981c</run_address>
         <size>0x3e4</size>
         <input_file_ref idref="fl-7"/>
      </object_component>
      <object_component id="oc-e0">
         <name>.text</name>
         <load_address>0x9c00</load_address>
         <run_address>0x9c00</run_address>
         <size>0x3d4</size>
         <input_file_ref idref="fl-e"/>
      </object_component>
      <object_component id="oc-c8">
         <name>.text</name>
         <load_address>0x9fd4</load_address>
         <run_address>0x9fd4</run_address>
         <size>0x3c0</size>
         <input_file_ref idref="fl-1e"/>
      </object_component>
      <object_component id="oc-2a3">
         <name>.text:atan</name>
         <load_address>0xa394</load_address>
         <run_address>0xa394</run_address>
         <size>0x2ec</size>
         <input_file_ref idref="fl-ec"/>
      </object_component>
      <object_component id="oc-460">
         <name>.text:_pconv_a</name>
         <load_address>0xa680</load_address>
         <run_address>0xa680</run_address>
         <size>0x270</size>
         <input_file_ref idref="fl-103"/>
      </object_component>
      <object_component id="oc-29d">
         <name>.text:atan2</name>
         <load_address>0xa8f0</load_address>
         <run_address>0xa8f0</run_address>
         <size>0x1d8</size>
         <input_file_ref idref="fl-ea"/>
      </object_component>
      <object_component id="oc-44e">
         <name>.text:_pconv_g</name>
         <load_address>0xaac8</load_address>
         <run_address>0xaac8</run_address>
         <size>0x1d0</size>
         <input_file_ref idref="fl-103"/>
      </object_component>
      <object_component id="oc-292">
         <name>.text</name>
         <load_address>0xac98</load_address>
         <run_address>0xac98</run_address>
         <size>0x1b6</size>
         <input_file_ref idref="fl-f0"/>
      </object_component>
      <object_component id="oc-3d1">
         <name>.text:__kernel_sin</name>
         <load_address>0xae50</load_address>
         <run_address>0xae50</run_address>
         <size>0x174</size>
         <input_file_ref idref="fl-ff"/>
      </object_component>
      <object_component id="oc-3dd">
         <name>.text:__kernel_cos</name>
         <load_address>0xafc4</load_address>
         <run_address>0xafc4</run_address>
         <size>0x16c</size>
         <input_file_ref idref="fl-fe"/>
      </object_component>
      <object_component id="oc-1b1">
         <name>.text:sqrt</name>
         <load_address>0xb130</load_address>
         <run_address>0xb130</run_address>
         <size>0x158</size>
         <input_file_ref idref="fl-eb"/>
      </object_component>
      <object_component id="oc-45a">
         <name>.text:_pconv_e</name>
         <load_address>0xb288</load_address>
         <run_address>0xb288</run_address>
         <size>0x13c</size>
         <input_file_ref idref="fl-103"/>
      </object_component>
      <object_component id="oc-279">
         <name>.text</name>
         <load_address>0xb3c4</load_address>
         <run_address>0xb3c4</run_address>
         <size>0x136</size>
         <input_file_ref idref="fl-f2"/>
      </object_component>
      <object_component id="oc-4e3">
         <name>.text:fcvt</name>
         <load_address>0xb4fc</load_address>
         <run_address>0xb4fc</run_address>
         <size>0x124</size>
         <input_file_ref idref="fl-103"/>
      </object_component>
      <object_component id="oc-48e">
         <name>.text:scalbn</name>
         <load_address>0xb620</load_address>
         <run_address>0xb620</run_address>
         <size>0x110</size>
         <input_file_ref idref="fl-101"/>
      </object_component>
      <object_component id="oc-27e">
         <name>.text</name>
         <load_address>0xb730</load_address>
         <run_address>0xb730</run_address>
         <size>0xfc</size>
         <input_file_ref idref="fl-f3"/>
      </object_component>
      <object_component id="oc-494">
         <name>.text:floor</name>
         <load_address>0xb82c</load_address>
         <run_address>0xb82c</run_address>
         <size>0xf8</size>
         <input_file_ref idref="fl-100"/>
      </object_component>
      <object_component id="oc-ce">
         <name>.text</name>
         <load_address>0xb924</load_address>
         <run_address>0xb924</run_address>
         <size>0xc0</size>
         <input_file_ref idref="fl-a"/>
      </object_component>
      <object_component id="oc-448">
         <name>.text:_ltostr</name>
         <load_address>0xb9e4</load_address>
         <run_address>0xb9e4</run_address>
         <size>0xb1</size>
         <input_file_ref idref="fl-103"/>
      </object_component>
      <object_component id="oc-3b">
         <name>.text</name>
         <load_address>0xba96</load_address>
         <run_address>0xba96</run_address>
         <size>0x9c</size>
         <input_file_ref idref="fl-f6"/>
      </object_component>
      <object_component id="oc-4ca">
         <name>.text</name>
         <load_address>0xbb32</load_address>
         <run_address>0xbb32</run_address>
         <size>0x96</size>
         <input_file_ref idref="fl-105"/>
      </object_component>
      <object_component id="oc-e6">
         <name>.text</name>
         <load_address>0xbbc8</load_address>
         <run_address>0xbbc8</run_address>
         <size>0x8c</size>
         <input_file_ref idref="fl-c"/>
      </object_component>
      <object_component id="oc-2a9">
         <name>.text:__aeabi_cdcmple</name>
         <load_address>0xbc54</load_address>
         <run_address>0xbc54</run_address>
         <size>0x86</size>
         <input_file_ref idref="fl-f1"/>
      </object_component>
      <object_component id="oc-3ea">
         <name>.text:__aeabi_cdrcmple</name>
         <load_address>0xbcda</load_address>
         <run_address>0xbcda</run_address>
         <size>0x86</size>
         <input_file_ref idref="fl-f1"/>
      </object_component>
      <object_component id="oc-8f">
         <name>.text</name>
         <load_address>0xbd60</load_address>
         <run_address>0xbd60</run_address>
         <size>0x7a</size>
         <input_file_ref idref="fl-104"/>
      </object_component>
      <object_component id="oc-4dc">
         <name>.text:_mcpy</name>
         <load_address>0xbdda</load_address>
         <run_address>0xbdda</run_address>
         <size>0x6e</size>
         <input_file_ref idref="fl-103"/>
      </object_component>
      <object_component id="oc-15">
         <name>.text:decompress:lzss:__TI_decompress_lzss</name>
         <load_address>0xbe48</load_address>
         <run_address>0xbe48</run_address>
         <size>0x68</size>
         <input_file_ref idref="fl-f9"/>
      </object_component>
      <object_component id="oc-4f1">
         <name>.text:frexp</name>
         <load_address>0xbeb0</load_address>
         <run_address>0xbeb0</run_address>
         <size>0x64</size>
         <input_file_ref idref="fl-111"/>
      </object_component>
      <object_component id="oc-454">
         <name>.text:_pconv_f</name>
         <load_address>0xbf14</load_address>
         <run_address>0xbf14</run_address>
         <size>0x56</size>
         <input_file_ref idref="fl-103"/>
      </object_component>
      <object_component id="oc-4d0">
         <name>.text:__TI_ltoa</name>
         <load_address>0xbf6a</load_address>
         <run_address>0xbf6a</run_address>
         <size>0x54</size>
         <input_file_ref idref="fl-10b"/>
      </object_component>
      <object_component id="oc-4d6">
         <name>.text:_ecpy</name>
         <load_address>0xbfbe</load_address>
         <run_address>0xbfbe</run_address>
         <size>0x52</size>
         <input_file_ref idref="fl-103"/>
      </object_component>
      <object_component id="oc-442">
         <name>.text:atoi</name>
         <load_address>0xc010</load_address>
         <run_address>0xc010</run_address>
         <size>0x4c</size>
         <input_file_ref idref="fl-10d"/>
      </object_component>
      <object_component id="oc-1b7">
         <name>.text</name>
         <load_address>0xc05c</load_address>
         <run_address>0xc05c</run_address>
         <size>0x48</size>
         <input_file_ref idref="fl-f4"/>
      </object_component>
      <object_component id="oc-12f">
         <name>.text:__TI_auto_init_nobinit_nopinit:__TI_auto_init_nobinit_nopinit</name>
         <load_address>0xc0a4</load_address>
         <run_address>0xc0a4</run_address>
         <size>0x44</size>
         <input_file_ref idref="fl-106"/>
      </object_component>
      <object_component id="oc-1e7">
         <name>.text:sprintf</name>
         <load_address>0xc0e8</load_address>
         <run_address>0xc0e8</run_address>
         <size>0x40</size>
         <input_file_ref idref="fl-ef"/>
      </object_component>
      <object_component id="oc-4e9">
         <name>.text:_fcpy</name>
         <load_address>0xc128</load_address>
         <run_address>0xc128</run_address>
         <size>0x3e</size>
         <input_file_ref idref="fl-103"/>
      </object_component>
      <object_component id="oc-169">
         <name>.text</name>
         <load_address>0xc166</load_address>
         <run_address>0xc166</run_address>
         <size>0x3e</size>
         <input_file_ref idref="fl-13"/>
      </object_component>
      <object_component id="oc-d4">
         <name>.text</name>
         <load_address>0xc1a4</load_address>
         <run_address>0xc1a4</run_address>
         <size>0x38</size>
         <input_file_ref idref="fl-8"/>
      </object_component>
      <object_component id="oc-59">
         <name>.text:_c_int00_noargs:_c_int00_noargs</name>
         <load_address>0xc1dc</load_address>
         <run_address>0xc1dc</run_address>
         <size>0x34</size>
         <input_file_ref idref="fl-fd"/>
      </object_component>
      <object_component id="oc-1ac">
         <name>.text</name>
         <load_address>0xc210</load_address>
         <run_address>0xc210</run_address>
         <size>0x2e</size>
         <input_file_ref idref="fl-f5"/>
      </object_component>
      <object_component id="oc-466">
         <name>.text:memccpy</name>
         <load_address>0xc23e</load_address>
         <run_address>0xc23e</run_address>
         <size>0x1c</size>
         <input_file_ref idref="fl-10f"/>
      </object_component>
      <object_component id="oc-51a">
         <name>.text:copysign</name>
         <load_address>0xc25a</load_address>
         <run_address>0xc25a</run_address>
         <size>0x1a</size>
         <input_file_ref idref="fl-102"/>
      </object_component>
      <object_component id="oc-358">
         <name>.text:_outs</name>
         <load_address>0xc274</load_address>
         <run_address>0xc274</run_address>
         <size>0x18</size>
         <input_file_ref idref="fl-ef"/>
      </object_component>
      <object_component id="oc-4f7">
         <name>.text:strchr</name>
         <load_address>0xc28c</load_address>
         <run_address>0xc28c</run_address>
         <size>0x16</size>
         <input_file_ref idref="fl-110"/>
      </object_component>
      <object_component id="oc-253">
         <name>.text:strlen</name>
         <load_address>0xc2a2</load_address>
         <run_address>0xc2a2</run_address>
         <size>0x14</size>
         <input_file_ref idref="fl-fa"/>
      </object_component>
      <object_component id="oc-46c">
         <name>.text:wcslen</name>
         <load_address>0xc2b6</load_address>
         <run_address>0xc2b6</run_address>
         <size>0x12</size>
         <input_file_ref idref="fl-112"/>
      </object_component>
      <object_component id="oc-1b">
         <name>.text:decompress:none:__TI_decompress_none</name>
         <load_address>0xc2c8</load_address>
         <run_address>0xc2c8</run_address>
         <size>0xe</size>
         <input_file_ref idref="fl-f8"/>
      </object_component>
      <object_component id="oc-4d">
         <name>.text:decompress:ZI:__TI_zero_init</name>
         <load_address>0xc2d6</load_address>
         <run_address>0xc2d6</run_address>
         <size>0xc</size>
         <input_file_ref idref="fl-f7"/>
      </object_component>
      <object_component id="oc-27">
         <name>.text</name>
         <load_address>0xc2e2</load_address>
         <run_address>0xc2e2</run_address>
         <size>0xc</size>
         <input_file_ref idref="fl-2"/>
      </object_component>
      <object_component id="oc-35e">
         <name>.text:_outc</name>
         <load_address>0xc2ee</load_address>
         <run_address>0xc2ee</run_address>
         <size>0xa</size>
         <input_file_ref idref="fl-ef"/>
      </object_component>
      <object_component id="oc-328">
         <name>.text:__aeabi_errno_addr</name>
         <load_address>0xc2f8</load_address>
         <run_address>0xc2f8</run_address>
         <size>0x8</size>
         <input_file_ref idref="fl-fc"/>
      </object_component>
      <object_component id="oc-178">
         <name>.text:SysCtlDelay</name>
         <load_address>0xc300</load_address>
         <run_address>0xc300</run_address>
         <size>0x6</size>
         <input_file_ref idref="fl-27"/>
      </object_component>
      <object_component id="oc-95">
         <name>.text:_system_pre_init</name>
         <load_address>0xc306</load_address>
         <run_address>0xc306</run_address>
         <size>0x4</size>
         <input_file_ref idref="fl-107"/>
      </object_component>
      <object_component id="oc-123">
         <name>.text:abort:abort</name>
         <load_address>0xc30a</load_address>
         <run_address>0xc30a</run_address>
         <size>0x4</size>
         <input_file_ref idref="fl-109"/>
      </object_component>
      <object_component id="oc-26b">
         <name>.const:font_12_16</name>
         <load_address>0xc310</load_address>
         <run_address>0xc310</run_address>
         <size>0x2000</size>
         <input_file_ref idref="fl-b"/>
      </object_component>
      <object_component id="oc-175">
         <name>.const:g_pppui32XTALtoVCO</name>
         <load_address>0xe310</load_address>
         <run_address>0xe310</run_address>
         <size>0x1b0</size>
         <input_file_ref idref="fl-27"/>
      </object_component>
      <object_component id="oc-49a">
         <name>.const:$O1$$</name>
         <load_address>0xe4c0</load_address>
         <run_address>0xe4c0</run_address>
         <size>0x158</size>
         <input_file_ref idref="fl-fb"/>
      </object_component>
      <object_component id="oc-4c5">
         <name>.const:.string:_ctypes_</name>
         <load_address>0xe618</load_address>
         <run_address>0xe618</run_address>
         <size>0x101</size>
         <input_file_ref idref="fl-10e"/>
      </object_component>
      <object_component id="oc-2b7">
         <name>.const:g_ppui32GPIOIntMapSnowflake</name>
         <load_address>0xe71c</load_address>
         <run_address>0xe71c</run_address>
         <size>0xd8</size>
         <input_file_ref idref="fl-1b"/>
      </object_component>
      <object_component id="oc-2b4">
         <name>.const:g_ppui32GPIOIntMapBlizzard</name>
         <load_address>0xe7f4</load_address>
         <run_address>0xe7f4</run_address>
         <size>0xc0</size>
         <input_file_ref idref="fl-1b"/>
      </object_component>
      <object_component id="oc-186">
         <name>.const:g_pui32Regs</name>
         <load_address>0xe8b4</load_address>
         <run_address>0xe8b4</run_address>
         <size>0x9c</size>
         <input_file_ref idref="fl-1e"/>
      </object_component>
      <object_component id="oc-3ef">
         <name>.const:$O1$$</name>
         <load_address>0xe950</load_address>
         <run_address>0xe950</run_address>
         <size>0x98</size>
         <input_file_ref idref="fl-ec"/>
      </object_component>
      <object_component id="oc-2ba">
         <name>.const:g_pui32GPIOBaseAddrs</name>
         <load_address>0xe9e8</load_address>
         <run_address>0xe9e8</run_address>
         <size>0x90</size>
         <input_file_ref idref="fl-1b"/>
      </object_component>
      <object_component id="oc-16f">
         <name>.const:g_pui32Xtals</name>
         <load_address>0xea78</load_address>
         <run_address>0xea78</run_address>
         <size>0x6c</size>
         <input_file_ref idref="fl-27"/>
      </object_component>
      <object_component id="oc-348">
         <name>.const:g_ppui32TimerIntMap</name>
         <load_address>0xeae4</load_address>
         <run_address>0xeae4</run_address>
         <size>0x60</size>
         <input_file_ref idref="fl-2a"/>
      </object_component>
      <object_component id="oc-34b">
         <name>.const:g_ppui32TimerIntMapSnowflake</name>
         <load_address>0xeb44</load_address>
         <run_address>0xeb44</run_address>
         <size>0x40</size>
         <input_file_ref idref="fl-2a"/>
      </object_component>
      <object_component id="oc-338">
         <name>.const:g_ppui32UARTIntMap</name>
         <load_address>0xeb84</load_address>
         <run_address>0xeb84</run_address>
         <size>0x40</size>
         <input_file_ref idref="fl-2b"/>
      </object_component>
      <object_component id="oc-33b">
         <name>.const:g_ppui32UARTIntMapSnowflake</name>
         <load_address>0xebc4</load_address>
         <run_address>0xebc4</run_address>
         <size>0x40</size>
         <input_file_ref idref="fl-2b"/>
      </object_component>
      <object_component id="oc-166">
         <name>.const:g_sXTALtoMEMTIM</name>
         <load_address>0xec04</load_address>
         <run_address>0xec04</run_address>
         <size>0x30</size>
         <input_file_ref idref="fl-27"/>
      </object_component>
      <object_component id="oc-183">
         <name>.const:g_pui32Priority</name>
         <load_address>0xec34</load_address>
         <run_address>0xec34</run_address>
         <size>0x20</size>
         <input_file_ref idref="fl-1e"/>
      </object_component>
      <object_component id="oc-18c">
         <name>.const:g_pui32Dii16Regs</name>
         <load_address>0xec54</load_address>
         <run_address>0xec54</run_address>
         <size>0x14</size>
         <input_file_ref idref="fl-1e"/>
      </object_component>
      <object_component id="oc-189">
         <name>.const:g_pui32EnRegs</name>
         <load_address>0xec68</load_address>
         <run_address>0xec68</run_address>
         <size>0x14</size>
         <input_file_ref idref="fl-1e"/>
      </object_component>
      <object_component id="oc-18f">
         <name>.const:g_pui32PendRegs</name>
         <load_address>0xec7c</load_address>
         <run_address>0xec7c</run_address>
         <size>0x14</size>
         <input_file_ref idref="fl-1e"/>
      </object_component>
      <object_component id="oc-192">
         <name>.const:g_pui32UnpendRegs</name>
         <load_address>0xec90</load_address>
         <run_address>0xec90</run_address>
         <size>0x14</size>
         <input_file_ref idref="fl-1e"/>
      </object_component>
      <object_component id="oc-1d6">
         <name>.const:.string:$P$T0$2</name>
         <load_address>0xeca4</load_address>
         <run_address>0xeca4</run_address>
         <size>0x9</size>
         <input_file_ref idref="fl-e"/>
      </object_component>
      <object_component id="oc-172">
         <name>.const:g_pui32VCOFrequencies</name>
         <load_address>0xecb0</load_address>
         <run_address>0xecb0</run_address>
         <size>0x8</size>
         <input_file_ref idref="fl-27"/>
      </object_component>
      <object_component id="oc-108">
         <name>.const:$P$T10$2</name>
         <load_address>0xecb8</load_address>
         <run_address>0xecb8</run_address>
         <size>0x4</size>
         <input_file_ref idref="fl-7"/>
      </object_component>
      <object_component id="oc-10b">
         <name>.const:$P$T11$3</name>
         <load_address>0xecbc</load_address>
         <run_address>0xecbc</run_address>
         <size>0x4</size>
         <input_file_ref idref="fl-7"/>
      </object_component>
      <object_component id="oc-1ed">
         <name>.const:$P$T12$1</name>
         <load_address>0xecc0</load_address>
         <run_address>0xecc0</run_address>
         <size>0x4</size>
         <input_file_ref idref="fl-b"/>
      </object_component>
      <object_component id="oc-10e">
         <name>.const:$P$T12$4</name>
         <load_address>0xecc4</load_address>
         <run_address>0xecc4</run_address>
         <size>0x4</size>
         <input_file_ref idref="fl-7"/>
      </object_component>
      <object_component id="oc-1f0">
         <name>.const:$P$T13$2</name>
         <load_address>0xecc8</load_address>
         <run_address>0xecc8</run_address>
         <size>0x4</size>
         <input_file_ref idref="fl-b"/>
      </object_component>
      <object_component id="oc-111">
         <name>.const:$P$T13$5</name>
         <load_address>0xeccc</load_address>
         <run_address>0xeccc</run_address>
         <size>0x4</size>
         <input_file_ref idref="fl-7"/>
      </object_component>
      <object_component id="oc-1f3">
         <name>.const:$P$T14$3</name>
         <load_address>0xecd0</load_address>
         <run_address>0xecd0</run_address>
         <size>0x4</size>
         <input_file_ref idref="fl-b"/>
      </object_component>
      <object_component id="oc-114">
         <name>.const:$P$T14$6</name>
         <load_address>0xecd4</load_address>
         <run_address>0xecd4</run_address>
         <size>0x4</size>
         <input_file_ref idref="fl-7"/>
      </object_component>
      <object_component id="oc-1f6">
         <name>.const:$P$T15$4</name>
         <load_address>0xecd8</load_address>
         <run_address>0xecd8</run_address>
         <size>0x4</size>
         <input_file_ref idref="fl-b"/>
      </object_component>
      <object_component id="oc-117">
         <name>.const:$P$T15$7</name>
         <load_address>0xecdc</load_address>
         <run_address>0xecdc</run_address>
         <size>0x4</size>
         <input_file_ref idref="fl-7"/>
      </object_component>
      <object_component id="oc-1f9">
         <name>.const:$P$T16$5</name>
         <load_address>0xece0</load_address>
         <run_address>0xece0</run_address>
         <size>0x4</size>
         <input_file_ref idref="fl-b"/>
      </object_component>
      <object_component id="oc-11a">
         <name>.const:$P$T16$8</name>
         <load_address>0xece4</load_address>
         <run_address>0xece4</run_address>
         <size>0x4</size>
         <input_file_ref idref="fl-7"/>
      </object_component>
      <object_component id="oc-1fc">
         <name>.const:$P$T17$6</name>
         <load_address>0xece8</load_address>
         <run_address>0xece8</run_address>
         <size>0x4</size>
         <input_file_ref idref="fl-b"/>
      </object_component>
      <object_component id="oc-1ff">
         <name>.const:$P$T18$7</name>
         <load_address>0xecec</load_address>
         <run_address>0xecec</run_address>
         <size>0x4</size>
         <input_file_ref idref="fl-b"/>
      </object_component>
      <object_component id="oc-202">
         <name>.const:$P$T19$8</name>
         <load_address>0xecf0</load_address>
         <run_address>0xecf0</run_address>
         <size>0x4</size>
         <input_file_ref idref="fl-b"/>
      </object_component>
      <object_component id="oc-205">
         <name>.const:$P$T20$9</name>
         <load_address>0xecf4</load_address>
         <run_address>0xecf4</run_address>
         <size>0x4</size>
         <input_file_ref idref="fl-b"/>
      </object_component>
      <object_component id="oc-208">
         <name>.const:$P$T21$10</name>
         <load_address>0xecf8</load_address>
         <run_address>0xecf8</run_address>
         <size>0x4</size>
         <input_file_ref idref="fl-b"/>
      </object_component>
      <object_component id="oc-20b">
         <name>.const:$P$T22$11</name>
         <load_address>0xecfc</load_address>
         <run_address>0xecfc</run_address>
         <size>0x4</size>
         <input_file_ref idref="fl-b"/>
      </object_component>
      <object_component id="oc-20e">
         <name>.const:$P$T24$12</name>
         <load_address>0xed00</load_address>
         <run_address>0xed00</run_address>
         <size>0x4</size>
         <input_file_ref idref="fl-b"/>
      </object_component>
      <object_component id="oc-217">
         <name>.const:$P$T38$13</name>
         <load_address>0xed04</load_address>
         <run_address>0xed04</run_address>
         <size>0x4</size>
         <input_file_ref idref="fl-b"/>
      </object_component>
      <object_component id="oc-21a">
         <name>.const:$P$T39$14</name>
         <load_address>0xed08</load_address>
         <run_address>0xed08</run_address>
         <size>0x4</size>
         <input_file_ref idref="fl-b"/>
      </object_component>
      <object_component id="oc-21d">
         <name>.const:$P$T40$15</name>
         <load_address>0xed0c</load_address>
         <run_address>0xed0c</run_address>
         <size>0x4</size>
         <input_file_ref idref="fl-b"/>
      </object_component>
      <object_component id="oc-220">
         <name>.const:$P$T41$16</name>
         <load_address>0xed10</load_address>
         <run_address>0xed10</run_address>
         <size>0x4</size>
         <input_file_ref idref="fl-b"/>
      </object_component>
      <object_component id="oc-223">
         <name>.const:$P$T42$17</name>
         <load_address>0xed14</load_address>
         <run_address>0xed14</run_address>
         <size>0x4</size>
         <input_file_ref idref="fl-b"/>
      </object_component>
      <object_component id="oc-226">
         <name>.const:$P$T43$18</name>
         <load_address>0xed18</load_address>
         <run_address>0xed18</run_address>
         <size>0x4</size>
         <input_file_ref idref="fl-b"/>
      </object_component>
      <object_component id="oc-229">
         <name>.const:$P$T44$19</name>
         <load_address>0xed1c</load_address>
         <run_address>0xed1c</run_address>
         <size>0x4</size>
         <input_file_ref idref="fl-b"/>
      </object_component>
      <object_component id="oc-241">
         <name>.const:$P$T45$20</name>
         <load_address>0xed20</load_address>
         <run_address>0xed20</run_address>
         <size>0x4</size>
         <input_file_ref idref="fl-b"/>
      </object_component>
      <object_component id="oc-244">
         <name>.const:$P$T46$21</name>
         <load_address>0xed24</load_address>
         <run_address>0xed24</run_address>
         <size>0x4</size>
         <input_file_ref idref="fl-b"/>
      </object_component>
      <object_component id="oc-247">
         <name>.const:$P$T47$22</name>
         <load_address>0xed28</load_address>
         <run_address>0xed28</run_address>
         <size>0x4</size>
         <input_file_ref idref="fl-b"/>
      </object_component>
      <object_component id="oc-24a">
         <name>.const:$P$T48$23</name>
         <load_address>0xed2c</load_address>
         <run_address>0xed2c</run_address>
         <size>0x4</size>
         <input_file_ref idref="fl-b"/>
      </object_component>
      <object_component id="oc-24d">
         <name>.const:$P$T49$24</name>
         <load_address>0xed30</load_address>
         <run_address>0xed30</run_address>
         <size>0x4</size>
         <input_file_ref idref="fl-b"/>
      </object_component>
      <object_component id="oc-250">
         <name>.const:$P$T50$25</name>
         <load_address>0xed34</load_address>
         <run_address>0xed34</run_address>
         <size>0x4</size>
         <input_file_ref idref="fl-b"/>
      </object_component>
      <object_component id="oc-259">
         <name>.const:$P$T57$26</name>
         <load_address>0xed38</load_address>
         <run_address>0xed38</run_address>
         <size>0x4</size>
         <input_file_ref idref="fl-b"/>
      </object_component>
      <object_component id="oc-25c">
         <name>.const:$P$T58$27</name>
         <load_address>0xed3c</load_address>
         <run_address>0xed3c</run_address>
         <size>0x4</size>
         <input_file_ref idref="fl-b"/>
      </object_component>
      <object_component id="oc-25f">
         <name>.const:$P$T59$28</name>
         <load_address>0xed40</load_address>
         <run_address>0xed40</run_address>
         <size>0x4</size>
         <input_file_ref idref="fl-b"/>
      </object_component>
      <object_component id="oc-262">
         <name>.const:$P$T60$29</name>
         <load_address>0xed44</load_address>
         <run_address>0xed44</run_address>
         <size>0x4</size>
         <input_file_ref idref="fl-b"/>
      </object_component>
      <object_component id="oc-265">
         <name>.const:$P$T61$30</name>
         <load_address>0xed48</load_address>
         <run_address>0xed48</run_address>
         <size>0x4</size>
         <input_file_ref idref="fl-b"/>
      </object_component>
      <object_component id="oc-268">
         <name>.const:$P$T62$31</name>
         <load_address>0xed4c</load_address>
         <run_address>0xed4c</run_address>
         <size>0x4</size>
         <input_file_ref idref="fl-b"/>
      </object_component>
      <object_component id="oc-26e">
         <name>.const:$P$T65$32</name>
         <load_address>0xed50</load_address>
         <run_address>0xed50</run_address>
         <size>0x4</size>
         <input_file_ref idref="fl-b"/>
      </object_component>
      <object_component id="oc-271">
         <name>.const:$P$T66$33</name>
         <load_address>0xed54</load_address>
         <run_address>0xed54</run_address>
         <size>0x4</size>
         <input_file_ref idref="fl-b"/>
      </object_component>
      <object_component id="oc-283">
         <name>.const:$P$T70$34</name>
         <load_address>0xed58</load_address>
         <run_address>0xed58</run_address>
         <size>0x4</size>
         <input_file_ref idref="fl-b"/>
      </object_component>
      <object_component id="oc-286">
         <name>.const:$P$T71$35</name>
         <load_address>0xed5c</load_address>
         <run_address>0xed5c</run_address>
         <size>0x4</size>
         <input_file_ref idref="fl-b"/>
      </object_component>
      <object_component id="oc-289">
         <name>.const:$P$T72$36</name>
         <load_address>0xed60</load_address>
         <run_address>0xed60</run_address>
         <size>0x4</size>
         <input_file_ref idref="fl-b"/>
      </object_component>
      <object_component id="oc-58e">
         <name>.cinit..data.load</name>
         <load_address>0xed68</load_address>
         <run_address>0xed68</run_address>
         <size>0xd2b</size>
      </object_component>
      <object_component id="oc-58b">
         <name>__TI_handler_table</name>
         <load_address>0xfa94</load_address>
         <run_address>0xfa94</run_address>
         <size>0xc</size>
      </object_component>
      <object_component id="oc-58f">
         <name>.cinit..bss.load</name>
         <load_address>0xfaa0</load_address>
         <run_address>0xfaa0</run_address>
         <size>0x8</size>
      </object_component>
      <object_component id="oc-58d">
         <name>.cinit..vtable.load</name>
         <load_address>0xfaa8</load_address>
         <run_address>0xfaa8</run_address>
         <size>0x8</size>
      </object_component>
      <object_component id="oc-58c">
         <name>__TI_cinit_table</name>
         <load_address>0xfab0</load_address>
         <run_address>0xfab0</run_address>
         <size>0x18</size>
      </object_component>
      <object_component id="oc-180">
         <name>.vtable</name>
         <uninitialized>true</uninitialized>
         <run_address>0x20000000</run_address>
         <size>0x26c</size>
         <input_file_ref idref="fl-1e"/>
      </object_component>
      <object_component id="oc-22f">
         <name>.data:imgArrayArrowLButton</name>
         <load_address>0x2000026c</load_address>
         <run_address>0x2000026c</run_address>
         <size>0x2400</size>
         <input_file_ref idref="fl-3"/>
      </object_component>
      <object_component id="oc-232">
         <name>.data:imgArrayArrowRButton</name>
         <load_address>0x2000266c</load_address>
         <run_address>0x2000266c</run_address>
         <size>0x2400</size>
         <input_file_ref idref="fl-4"/>
      </object_component>
      <object_component id="oc-23e">
         <name>.data:imgArrayStartButton</name>
         <load_address>0x20004a6c</load_address>
         <run_address>0x20004a6c</run_address>
         <size>0x2400</size>
         <input_file_ref idref="fl-5"/>
      </object_component>
      <object_component id="oc-238">
         <name>.data:imgArrayStopButton</name>
         <load_address>0x20006e6c</load_address>
         <run_address>0x20006e6c</run_address>
         <size>0x2400</size>
         <input_file_ref idref="fl-6"/>
      </object_component>
      <object_component id="oc-107">
         <name>.data</name>
         <load_address>0x20009276</load_address>
         <run_address>0x20009276</run_address>
         <size>0x2</size>
         <input_file_ref idref="fl-7"/>
      </object_component>
      <object_component id="oc-214">
         <name>.data:backColorArrowWindow</name>
         <load_address>0x20009278</load_address>
         <run_address>0x20009278</run_address>
         <size>0x4</size>
         <input_file_ref idref="fl-b"/>
      </object_component>
      <object_component id="oc-211">
         <name>.data:backColorTable</name>
         <load_address>0x20009288</load_address>
         <run_address>0x20009288</run_address>
         <size>0x4</size>
         <input_file_ref idref="fl-b"/>
      </object_component>
      <object_component id="oc-22c">
         <name>.data:backColorImgStart</name>
         <load_address>0x20009280</load_address>
         <run_address>0x20009280</run_address>
         <size>0x4</size>
         <input_file_ref idref="fl-b"/>
      </object_component>
      <object_component id="oc-235">
         <name>.data:backColorImgStop</name>
         <load_address>0x20009284</load_address>
         <run_address>0x20009284</run_address>
         <size>0x4</size>
         <input_file_ref idref="fl-b"/>
      </object_component>
      <object_component id="oc-23b">
         <name>.data:backColorImgRight</name>
         <load_address>0x2000927c</load_address>
         <run_address>0x2000927c</run_address>
         <size>0x4</size>
         <input_file_ref idref="fl-b"/>
      </object_component>
      <object_component id="oc-1d5">
         <name>.data:stepperMotorCommand$1</name>
         <load_address>0x2000926c</load_address>
         <run_address>0x2000926c</run_address>
         <size>0x9</size>
         <input_file_ref idref="fl-e"/>
      </object_component>
      <object_component id="oc-423">
         <name>.data</name>
         <load_address>0x2000928c</load_address>
         <run_address>0x2000928c</run_address>
         <size>0x4</size>
         <input_file_ref idref="fl-fc"/>
      </object_component>
      <object_component id="oc-102">
         <name>.bss</name>
         <uninitialized>true</uninitialized>
         <run_address>0x2000d4bc</run_address>
         <size>0x4</size>
         <input_file_ref idref="fl-7"/>
      </object_component>
      <object_component id="oc-1a9">
         <name>.bss:SinResults</name>
         <uninitialized>true</uninitialized>
         <run_address>0x2000cf82</run_address>
         <size>0x100</size>
         <input_file_ref idref="fl-9"/>
      </object_component>
      <object_component id="oc-1a6">
         <name>.bss:CosResults</name>
         <uninitialized>true</uninitialized>
         <run_address>0x2000ce82</run_address>
         <size>0x100</size>
         <input_file_ref idref="fl-9"/>
      </object_component>
      <object_component id="oc-1bd">
         <name>.bss:negSinResults$1</name>
         <uninitialized>true</uninitialized>
         <run_address>0x2000d102</run_address>
         <size>0x80</size>
         <input_file_ref idref="fl-9"/>
      </object_component>
      <object_component id="oc-1bf">
         <name>.bss:posSinResults$2</name>
         <uninitialized>true</uninitialized>
         <run_address>0x2000d202</run_address>
         <size>0x80</size>
         <input_file_ref idref="fl-9"/>
      </object_component>
      <object_component id="oc-1bc">
         <name>.bss:negCosResults$3</name>
         <uninitialized>true</uninitialized>
         <run_address>0x2000d082</run_address>
         <size>0x80</size>
         <input_file_ref idref="fl-9"/>
      </object_component>
      <object_component id="oc-1be">
         <name>.bss:posCosResults$4</name>
         <uninitialized>true</uninitialized>
         <run_address>0x2000d182</run_address>
         <size>0x80</size>
         <input_file_ref idref="fl-9"/>
      </object_component>
      <object_component id="oc-1d2">
         <name>.bss:UART0receive</name>
         <uninitialized>true</uninitialized>
         <run_address>0x2000d4ac</run_address>
         <size>0x8</size>
         <input_file_ref idref="fl-e"/>
      </object_component>
      <object_component id="oc-31e">
         <name>.bss:g_pui8OversampleFactor</name>
         <uninitialized>true</uninitialized>
         <run_address>0x2000d4b4</run_address>
         <size>0x8</size>
         <input_file_ref idref="fl-f"/>
      </object_component>
      <object_component id="oc-274">
         <name>.common:color</name>
         <uninitialized>true</uninitialized>
         <run_address>0x2000bc00</run_address>
         <size>0xc00</size>
      </object_component>
      <object_component id="oc-105">
         <name>.common:xpos</name>
         <uninitialized>true</uninitialized>
         <run_address>0x2000d482</run_address>
         <size>0x2</size>
      </object_component>
      <object_component id="oc-106">
         <name>.common:ypos</name>
         <uninitialized>true</uninitialized>
         <run_address>0x2000d4c4</run_address>
         <size>0x2</size>
      </object_component>
      <object_component id="oc-fe">
         <name>.common:setup</name>
         <uninitialized>true</uninitialized>
         <run_address>0x2000d484</run_address>
         <size>0x28</size>
      </object_component>
      <object_component id="oc-101">
         <name>.common:settings</name>
         <uninitialized>true</uninitialized>
         <run_address>0x2000d4c0</run_address>
         <size>0x4</size>
      </object_component>
      <object_component id="oc-1c3">
         <name>.common:SinOffset</name>
         <uninitialized>true</uninitialized>
         <run_address>0x2000d302</run_address>
         <size>0x80</size>
      </object_component>
      <object_component id="oc-1c0">
         <name>.common:CosOffset</name>
         <uninitialized>true</uninitialized>
         <run_address>0x2000d282</run_address>
         <size>0x80</size>
      </object_component>
      <object_component id="oc-1c4">
         <name>.common:SensorData</name>
         <uninitialized>true</uninitialized>
         <run_address>0x2000cc00</run_address>
         <size>0x282</size>
      </object_component>
      <object_component id="oc-278">
         <name>.common:oldDiffSinResults</name>
         <uninitialized>true</uninitialized>
         <run_address>0x2000d402</run_address>
         <size>0x80</size>
      </object_component>
      <object_component id="oc-277">
         <name>.common:oldDiffCosResults</name>
         <uninitialized>true</uninitialized>
         <run_address>0x2000d382</run_address>
         <size>0x80</size>
      </object_component>
      <object_component id="oc-1d9">
         <name>.common:pui8ControlTable</name>
         <uninitialized>true</uninitialized>
         <run_address>0x2000c800</run_address>
         <size>0x400</size>
      </object_component>
      <object_component id="oc-24">
         <name>.stack</name>
         <uninitialized>true</uninitialized>
         <run_address>0x20009290</run_address>
         <size>0x4</size>
         <input_file_ref idref="fl-fd"/>
      </object_component>
      <object_component id="oc-591">
         <name>.stack</name>
         <uninitialized>true</uninitialized>
         <run_address>0x20009290</run_address>
         <size>0x0</size>
      </object_component>
      <object_component id="oc-2f">
         <name>.debug_info</name>
         <load_address>0x0</load_address>
         <run_address>0x0</run_address>
         <size>0x2dc</size>
         <input_file_ref idref="fl-2"/>
      </object_component>
      <object_component id="oc-13">
         <name>.debug_info</name>
         <load_address>0x2dc</load_address>
         <run_address>0x2dc</run_address>
         <size>0x11b</size>
         <input_file_ref idref="fl-2"/>
      </object_component>
      <object_component id="oc-28">
         <name>.debug_info</name>
         <load_address>0x3f7</load_address>
         <run_address>0x3f7</run_address>
         <size>0x29a</size>
         <input_file_ref idref="fl-2"/>
      </object_component>
      <object_component id="oc-70">
         <name>.debug_info</name>
         <load_address>0x691</load_address>
         <run_address>0x691</run_address>
         <size>0x26b</size>
         <input_file_ref idref="fl-2"/>
      </object_component>
      <object_component id="oc-36">
         <name>.debug_info</name>
         <load_address>0x8fc</load_address>
         <run_address>0x8fc</run_address>
         <size>0x84</size>
         <input_file_ref idref="fl-2"/>
      </object_component>
      <object_component id="oc-ad">
         <name>.debug_info</name>
         <load_address>0x980</load_address>
         <run_address>0x980</run_address>
         <size>0x2a4</size>
         <input_file_ref idref="fl-2"/>
      </object_component>
      <object_component id="oc-17a">
         <name>.debug_info</name>
         <load_address>0xc24</load_address>
         <run_address>0xc24</run_address>
         <size>0xef</size>
         <input_file_ref idref="fl-2"/>
      </object_component>
      <object_component id="oc-75">
         <name>.debug_info</name>
         <load_address>0xd13</load_address>
         <run_address>0xd13</run_address>
         <size>0xbb</size>
         <input_file_ref idref="fl-2"/>
      </object_component>
      <object_component id="oc-399">
         <name>.debug_info</name>
         <load_address>0xdce</load_address>
         <run_address>0xdce</run_address>
         <size>0xfd</size>
         <input_file_ref idref="fl-3"/>
      </object_component>
      <object_component id="oc-230">
         <name>.debug_info</name>
         <load_address>0xecb</load_address>
         <run_address>0xecb</run_address>
         <size>0x126</size>
         <input_file_ref idref="fl-3"/>
      </object_component>
      <object_component id="oc-39c">
         <name>.debug_info</name>
         <load_address>0xff1</load_address>
         <run_address>0xff1</run_address>
         <size>0xfe</size>
         <input_file_ref idref="fl-4"/>
      </object_component>
      <object_component id="oc-233">
         <name>.debug_info</name>
         <load_address>0x10ef</load_address>
         <run_address>0x10ef</run_address>
         <size>0x127</size>
         <input_file_ref idref="fl-4"/>
      </object_component>
      <object_component id="oc-3a6">
         <name>.debug_info</name>
         <load_address>0x1216</load_address>
         <run_address>0x1216</run_address>
         <size>0xfe</size>
         <input_file_ref idref="fl-5"/>
      </object_component>
      <object_component id="oc-23f">
         <name>.debug_info</name>
         <load_address>0x1314</load_address>
         <run_address>0x1314</run_address>
         <size>0x125</size>
         <input_file_ref idref="fl-5"/>
      </object_component>
      <object_component id="oc-3a1">
         <name>.debug_info</name>
         <load_address>0x1439</load_address>
         <run_address>0x1439</run_address>
         <size>0xfd</size>
         <input_file_ref idref="fl-6"/>
      </object_component>
      <object_component id="oc-239">
         <name>.debug_info</name>
         <load_address>0x1536</load_address>
         <run_address>0x1536</run_address>
         <size>0x122</size>
         <input_file_ref idref="fl-6"/>
      </object_component>
      <object_component id="oc-ff">
         <name>.debug_info</name>
         <load_address>0x1658</load_address>
         <run_address>0x1658</run_address>
         <size>0xb48</size>
         <input_file_ref idref="fl-7"/>
      </object_component>
      <object_component id="oc-103">
         <name>.debug_info</name>
         <load_address>0x21a0</load_address>
         <run_address>0x21a0</run_address>
         <size>0x106</size>
         <input_file_ref idref="fl-7"/>
      </object_component>
      <object_component id="oc-109">
         <name>.debug_info</name>
         <load_address>0x22a6</load_address>
         <run_address>0x22a6</run_address>
         <size>0x103</size>
         <input_file_ref idref="fl-7"/>
      </object_component>
      <object_component id="oc-10c">
         <name>.debug_info</name>
         <load_address>0x23a9</load_address>
         <run_address>0x23a9</run_address>
         <size>0x103</size>
         <input_file_ref idref="fl-7"/>
      </object_component>
      <object_component id="oc-10f">
         <name>.debug_info</name>
         <load_address>0x24ac</load_address>
         <run_address>0x24ac</run_address>
         <size>0x103</size>
         <input_file_ref idref="fl-7"/>
      </object_component>
      <object_component id="oc-112">
         <name>.debug_info</name>
         <load_address>0x25af</load_address>
         <run_address>0x25af</run_address>
         <size>0x103</size>
         <input_file_ref idref="fl-7"/>
      </object_component>
      <object_component id="oc-115">
         <name>.debug_info</name>
         <load_address>0x26b2</load_address>
         <run_address>0x26b2</run_address>
         <size>0x103</size>
         <input_file_ref idref="fl-7"/>
      </object_component>
      <object_component id="oc-118">
         <name>.debug_info</name>
         <load_address>0x27b5</load_address>
         <run_address>0x27b5</run_address>
         <size>0x103</size>
         <input_file_ref idref="fl-7"/>
      </object_component>
      <object_component id="oc-11b">
         <name>.debug_info</name>
         <load_address>0x28b8</load_address>
         <run_address>0x28b8</run_address>
         <size>0x103</size>
         <input_file_ref idref="fl-7"/>
      </object_component>
      <object_component id="oc-9c">
         <name>.debug_info</name>
         <load_address>0x29bb</load_address>
         <run_address>0x29bb</run_address>
         <size>0x9ec</size>
         <input_file_ref idref="fl-7"/>
      </object_component>
      <object_component id="oc-2c1">
         <name>.debug_info</name>
         <load_address>0x33a7</load_address>
         <run_address>0x33a7</run_address>
         <size>0x125</size>
         <input_file_ref idref="fl-7"/>
      </object_component>
      <object_component id="oc-11e">
         <name>.debug_info</name>
         <load_address>0x34cc</load_address>
         <run_address>0x34cc</run_address>
         <size>0x1cd</size>
         <input_file_ref idref="fl-7"/>
      </object_component>
      <object_component id="oc-2c6">
         <name>.debug_info</name>
         <load_address>0x3699</load_address>
         <run_address>0x3699</run_address>
         <size>0x11d</size>
         <input_file_ref idref="fl-7"/>
      </object_component>
      <object_component id="oc-161">
         <name>.debug_info</name>
         <load_address>0x37b6</load_address>
         <run_address>0x37b6</run_address>
         <size>0x8b</size>
         <input_file_ref idref="fl-7"/>
      </object_component>
      <object_component id="oc-19f">
         <name>.debug_info</name>
         <load_address>0x3841</load_address>
         <run_address>0x3841</run_address>
         <size>0x368</size>
         <input_file_ref idref="fl-8"/>
      </object_component>
      <object_component id="oc-d5">
         <name>.debug_info</name>
         <load_address>0x3ba9</load_address>
         <run_address>0x3ba9</run_address>
         <size>0x367</size>
         <input_file_ref idref="fl-8"/>
      </object_component>
      <object_component id="oc-1c1">
         <name>.debug_info</name>
         <load_address>0x3f10</load_address>
         <run_address>0x3f10</run_address>
         <size>0x736</size>
         <input_file_ref idref="fl-9"/>
      </object_component>
      <object_component id="oc-1aa">
         <name>.debug_info</name>
         <load_address>0x4646</load_address>
         <run_address>0x4646</run_address>
         <size>0x10e</size>
         <input_file_ref idref="fl-9"/>
      </object_component>
      <object_component id="oc-1a7">
         <name>.debug_info</name>
         <load_address>0x4754</load_address>
         <run_address>0x4754</run_address>
         <size>0x10e</size>
         <input_file_ref idref="fl-9"/>
      </object_component>
      <object_component id="oc-db">
         <name>.debug_info</name>
         <load_address>0x4862</load_address>
         <run_address>0x4862</run_address>
         <size>0xbe7</size>
         <input_file_ref idref="fl-9"/>
      </object_component>
      <object_component id="oc-cf">
         <name>.debug_info</name>
         <load_address>0x5449</load_address>
         <run_address>0x5449</run_address>
         <size>0x4b4</size>
         <input_file_ref idref="fl-a"/>
      </object_component>
      <object_component id="oc-275">
         <name>.debug_info</name>
         <load_address>0x58fd</load_address>
         <run_address>0x58fd</run_address>
         <size>0x659</size>
         <input_file_ref idref="fl-b"/>
      </object_component>
      <object_component id="oc-26c">
         <name>.debug_info</name>
         <load_address>0x5f56</load_address>
         <run_address>0x5f56</run_address>
         <size>0x10e</size>
         <input_file_ref idref="fl-b"/>
      </object_component>
      <object_component id="oc-215">
         <name>.debug_info</name>
         <load_address>0x6064</load_address>
         <run_address>0x6064</run_address>
         <size>0x123</size>
         <input_file_ref idref="fl-b"/>
      </object_component>
      <object_component id="oc-212">
         <name>.debug_info</name>
         <load_address>0x6187</load_address>
         <run_address>0x6187</run_address>
         <size>0x117</size>
         <input_file_ref idref="fl-b"/>
      </object_component>
      <object_component id="oc-22d">
         <name>.debug_info</name>
         <load_address>0x629e</load_address>
         <run_address>0x629e</run_address>
         <size>0x11d</size>
         <input_file_ref idref="fl-b"/>
      </object_component>
      <object_component id="oc-236">
         <name>.debug_info</name>
         <load_address>0x63bb</load_address>
         <run_address>0x63bb</run_address>
         <size>0x11b</size>
         <input_file_ref idref="fl-b"/>
      </object_component>
      <object_component id="oc-23c">
         <name>.debug_info</name>
         <load_address>0x64d6</load_address>
         <run_address>0x64d6</run_address>
         <size>0x11d</size>
         <input_file_ref idref="fl-b"/>
      </object_component>
      <object_component id="oc-1ee">
         <name>.debug_info</name>
         <load_address>0x65f3</load_address>
         <run_address>0x65f3</run_address>
         <size>0x10a</size>
         <input_file_ref idref="fl-b"/>
      </object_component>
      <object_component id="oc-1f1">
         <name>.debug_info</name>
         <load_address>0x66fd</load_address>
         <run_address>0x66fd</run_address>
         <size>0x10a</size>
         <input_file_ref idref="fl-b"/>
      </object_component>
      <object_component id="oc-1f4">
         <name>.debug_info</name>
         <load_address>0x6807</load_address>
         <run_address>0x6807</run_address>
         <size>0x10a</size>
         <input_file_ref idref="fl-b"/>
      </object_component>
      <object_component id="oc-1f7">
         <name>.debug_info</name>
         <load_address>0x6911</load_address>
         <run_address>0x6911</run_address>
         <size>0x10a</size>
         <input_file_ref idref="fl-b"/>
      </object_component>
      <object_component id="oc-1fa">
         <name>.debug_info</name>
         <load_address>0x6a1b</load_address>
         <run_address>0x6a1b</run_address>
         <size>0x10a</size>
         <input_file_ref idref="fl-b"/>
      </object_component>
      <object_component id="oc-1fd">
         <name>.debug_info</name>
         <load_address>0x6b25</load_address>
         <run_address>0x6b25</run_address>
         <size>0x10a</size>
         <input_file_ref idref="fl-b"/>
      </object_component>
      <object_component id="oc-200">
         <name>.debug_info</name>
         <load_address>0x6c2f</load_address>
         <run_address>0x6c2f</run_address>
         <size>0x10a</size>
         <input_file_ref idref="fl-b"/>
      </object_component>
      <object_component id="oc-203">
         <name>.debug_info</name>
         <load_address>0x6d39</load_address>
         <run_address>0x6d39</run_address>
         <size>0x10a</size>
         <input_file_ref idref="fl-b"/>
      </object_component>
      <object_component id="oc-206">
         <name>.debug_info</name>
         <load_address>0x6e43</load_address>
         <run_address>0x6e43</run_address>
         <size>0x10a</size>
         <input_file_ref idref="fl-b"/>
      </object_component>
      <object_component id="oc-209">
         <name>.debug_info</name>
         <load_address>0x6f4d</load_address>
         <run_address>0x6f4d</run_address>
         <size>0x10c</size>
         <input_file_ref idref="fl-b"/>
      </object_component>
      <object_component id="oc-20c">
         <name>.debug_info</name>
         <load_address>0x7059</load_address>
         <run_address>0x7059</run_address>
         <size>0x10c</size>
         <input_file_ref idref="fl-b"/>
      </object_component>
      <object_component id="oc-20f">
         <name>.debug_info</name>
         <load_address>0x7165</load_address>
         <run_address>0x7165</run_address>
         <size>0x10c</size>
         <input_file_ref idref="fl-b"/>
      </object_component>
      <object_component id="oc-218">
         <name>.debug_info</name>
         <load_address>0x7271</load_address>
         <run_address>0x7271</run_address>
         <size>0x10c</size>
         <input_file_ref idref="fl-b"/>
      </object_component>
      <object_component id="oc-21b">
         <name>.debug_info</name>
         <load_address>0x737d</load_address>
         <run_address>0x737d</run_address>
         <size>0x10c</size>
         <input_file_ref idref="fl-b"/>
      </object_component>
      <object_component id="oc-21e">
         <name>.debug_info</name>
         <load_address>0x7489</load_address>
         <run_address>0x7489</run_address>
         <size>0x10c</size>
         <input_file_ref idref="fl-b"/>
      </object_component>
      <object_component id="oc-221">
         <name>.debug_info</name>
         <load_address>0x7595</load_address>
         <run_address>0x7595</run_address>
         <size>0x10c</size>
         <input_file_ref idref="fl-b"/>
      </object_component>
      <object_component id="oc-224">
         <name>.debug_info</name>
         <load_address>0x76a1</load_address>
         <run_address>0x76a1</run_address>
         <size>0x10c</size>
[...]
         <value>0x7adb</value>
         <object_component_ref idref="oc-1c6"/>
      </symbol>
      <symbol id="sm-a54">
         <name>UARTLoopbackEnable</name>
         <value>0x7ebd</value>
         <object_component_ref idref="oc-1c6"/>
      </symbol>
      <symbol id="sm-a55">
         <name>UARTIntEnable</name>
         <value>0x7d4d</value>
         <object_component_ref idref="oc-1c6"/>
      </symbol>
      <symbol id="sm-a56">
         <name>UARTCharsAvail</name>
         <value>0x7c17</value>
         <object_component_ref idref="oc-1c6"/>
      </symbol>
      <symbol id="sm-a57">
         <name>UARTCharGetNonBlocking</name>
         <value>0x7c53</value>
         <object_component_ref idref="oc-1c6"/>
      </symbol>
      <symbol id="sm-a58">
         <name>UARTClockSourceSet</name>
         <value>0x7dff</value>
         <object_component_ref idref="oc-1c6"/>
      </symbol>
      <symbol id="sm-a59">
         <name>UARTTxIntModeGet</name>
         <value>0x7c05</value>
         <object_component_ref idref="oc-1c6"/>
      </symbol>
      <symbol id="sm-a5a">
         <name>UARTModemStatusGet</name>
         <value>0x7ba7</value>
         <object_component_ref idref="oc-1c6"/>
      </symbol>
      <symbol id="sm-a5b">
         <name>UARTIntDisable</name>
         <value>0x7d65</value>
         <object_component_ref idref="oc-1c6"/>
      </symbol>
      <symbol id="sm-a5c">
         <name>UARTCharPut</name>
         <value>0x7ca9</value>
         <object_component_ref idref="oc-1c6"/>
      </symbol>
      <symbol id="sm-a5d">
         <name>UARTParityModeSet</name>
         <value>0x7903</value>
         <object_component_ref idref="oc-1c6"/>
      </symbol>
      <symbol id="sm-a5e">
         <name>UARTRxErrorGet</name>
         <value>0x7ddd</value>
         <object_component_ref idref="oc-1c6"/>
      </symbol>
      <symbol id="sm-a5f">
         <name>UARTConfigGetExpClk</name>
         <value>0x79e7</value>
         <object_component_ref idref="oc-1c6"/>
      </symbol>
      <symbol id="sm-a60">
         <name>UARTEnableSIR</name>
         <value>0x7aad</value>
         <object_component_ref idref="oc-1c6"/>
      </symbol>
      <symbol id="sm-a61">
         <name>UARTEnable</name>
         <value>0x7a33</value>
         <object_component_ref idref="oc-1c6"/>
      </symbol>
      <symbol id="sm-a62">
         <name>UART9BitAddrSend</name>
         <value>0x7e75</value>
         <object_component_ref idref="oc-1c6"/>
      </symbol>
      <symbol id="sm-a63">
         <name>UARTModemControlGet</name>
         <value>0x7b95</value>
         <object_component_ref idref="oc-1c6"/>
      </symbol>
      <symbol id="sm-a64">
         <name>UARTSmartCardEnable</name>
         <value>0x7af1</value>
         <object_component_ref idref="oc-1c6"/>
      </symbol>
      <symbol id="sm-a65">
         <name>UARTFlowControlGet</name>
         <value>0x7bd7</value>
         <object_component_ref idref="oc-1c6"/>
      </symbol>
      <symbol id="sm-a66">
         <name>UARTFIFOEnable</name>
         <value>0x7a81</value>
         <object_component_ref idref="oc-1c6"/>
      </symbol>
      <symbol id="sm-a67">
         <name>UARTIntClear</name>
         <value>0x7d9b</value>
         <object_component_ref idref="oc-1c6"/>
      </symbol>
      <symbol id="sm-a68">
         <name>UARTIntStatus</name>
         <value>0x7d7d</value>
         <object_component_ref idref="oc-1c6"/>
      </symbol>
      <symbol id="sm-a69">
         <name>UARTDMADisable</name>
         <value>0x7dc5</value>
         <object_component_ref idref="oc-1c6"/>
      </symbol>
      <symbol id="sm-a6a">
         <name>UART9BitEnable</name>
         <value>0x7e23</value>
         <object_component_ref idref="oc-1c6"/>
      </symbol>
      <symbol id="sm-a6b">
         <name>UARTSpaceAvail</name>
         <value>0x7c35</value>
         <object_component_ref idref="oc-1c6"/>
      </symbol>
      <symbol id="sm-a6c">
         <name>UARTCharGet</name>
         <value>0x7c6f</value>
         <object_component_ref idref="oc-1c6"/>
      </symbol>
      <symbol id="sm-a6d">
         <name>UARTFIFOLevelSet</name>
         <value>0x7931</value>
         <object_component_ref idref="oc-1c6"/>
      </symbol>
      <symbol id="sm-a6e">
         <name>UARTModemControlClear</name>
         <value>0x7b71</value>
         <object_component_ref idref="oc-1c6"/>
      </symbol>
      <symbol id="sm-a6f">
         <name>UARTParityModeGet</name>
         <value>0x791f</value>
         <object_component_ref idref="oc-1c6"/>
      </symbol>
      <symbol id="sm-a70">
         <name>UARTIntRegister</name>
         <value>0x7d0f</value>
         <object_component_ref idref="oc-1c6"/>
      </symbol>
      <symbol id="sm-a71">
         <name>UARTBreakCtl</name>
         <value>0x7cc7</value>
         <object_component_ref idref="oc-1c6"/>
      </symbol>
      <symbol id="sm-a72">
         <name>UART9BitAddrSet</name>
         <value>0x7e4f</value>
         <object_component_ref idref="oc-1c6"/>
      </symbol>
      <symbol id="sm-ad2">
         <name>uDMAChannelControlSet</name>
         <value>0x8c37</value>
         <object_component_ref idref="oc-1cc"/>
      </symbol>
      <symbol id="sm-ad3">
         <name>uDMAIntClear</name>
         <value>0x8eb9</value>
         <object_component_ref idref="oc-1cc"/>
      </symbol>
      <symbol id="sm-ad4">
         <name>uDMAControlAlternateBaseGet</name>
         <value>0x8b01</value>
         <object_component_ref idref="oc-1cc"/>
      </symbol>
      <symbol id="sm-ad5">
         <name>uDMAChannelSelectSecondary</name>
         <value>0x8f13</value>
         <object_component_ref idref="oc-1cc"/>
      </symbol>
      <symbol id="sm-ad6">
         <name>uDMAChannelIsEnabled</name>
         <value>0x8ac3</value>
         <object_component_ref idref="oc-1cc"/>
      </symbol>
      <symbol id="sm-ad7">
         <name>uDMAChannelScatterGatherSet</name>
         <value>0x8d6d</value>
         <object_component_ref idref="oc-1cc"/>
      </symbol>
      <symbol id="sm-ad8">
         <name>uDMAControlBaseGet</name>
         <value>0x8afb</value>
         <object_component_ref idref="oc-1cc"/>
      </symbol>
      <symbol id="sm-ad9">
         <name>uDMAChannelSelectDefault</name>
         <value>0x8f27</value>
         <object_component_ref idref="oc-1cc"/>
      </symbol>
      <symbol id="sm-ada">
         <name>uDMAErrorStatusGet</name>
         <value>0x8a85</value>
         <object_component_ref idref="oc-1cc"/>
      </symbol>
      <symbol id="sm-adb">
         <name>uDMAChannelDisable</name>
         <value>0x8aab</value>
         <object_component_ref idref="oc-1cc"/>
      </symbol>
      <symbol id="sm-adc">
         <name>uDMAChannelModeGet</name>
         <value>0x8e45</value>
         <object_component_ref idref="oc-1cc"/>
      </symbol>
      <symbol id="sm-add">
         <name>uDMAIntUnregister</name>
         <value>0x8ea1</value>
         <object_component_ref idref="oc-1cc"/>
      </symbol>
      <symbol id="sm-ade">
         <name>uDMAChannelSizeGet</name>
         <value>0x8dfd</value>
         <object_component_ref idref="oc-1cc"/>
      </symbol>
      <symbol id="sm-adf">
         <name>uDMAChannelAttributeEnable</name>
         <value>0x8b1f</value>
         <object_component_ref idref="oc-1cc"/>
      </symbol>
      <symbol id="sm-ae0">
         <name>uDMADisable</name>
         <value>0x8a7d</value>
         <object_component_ref idref="oc-1cc"/>
      </symbol>
      <symbol id="sm-ae1">
         <name>uDMAErrorStatusClear</name>
         <value>0x8a8b</value>
         <object_component_ref idref="oc-1cc"/>
      </symbol>
      <symbol id="sm-ae2">
         <name>uDMAChannelAttributeGet</name>
         <value>0x8bc7</value>
         <object_component_ref idref="oc-1cc"/>
      </symbol>
      <symbol id="sm-ae3">
         <name>uDMAChannelTransferSet</name>
         <value>0x8c75</value>
         <object_component_ref idref="oc-1cc"/>
      </symbol>
      <symbol id="sm-ae4">
         <name>uDMAIntStatus</name>
         <value>0x8eb3</value>
         <object_component_ref idref="oc-1cc"/>
      </symbol>
      <symbol id="sm-ae5">
         <name>uDMAChannelAssign</name>
         <value>0x8ecd</value>
         <object_component_ref idref="oc-1cc"/>
      </symbol>
      <symbol id="sm-ae6">
         <name>uDMAIntRegister</name>
         <value>0x8e8b</value>
         <object_component_ref idref="oc-1cc"/>
      </symbol>
      <symbol id="sm-ae7">
         <name>uDMAEnable</name>
         <value>0x8a75</value>
         <object_component_ref idref="oc-1cc"/>
      </symbol>
      <symbol id="sm-ae8">
         <name>uDMAControlBaseSet</name>
         <value>0x8aeb</value>
         <object_component_ref idref="oc-1cc"/>
      </symbol>
      <symbol id="sm-ae9">
         <name>uDMAChannelAttributeDisable</name>
         <value>0x8b73</value>
         <object_component_ref idref="oc-1cc"/>
      </symbol>
      <symbol id="sm-aea">
         <name>uDMAChannelEnable</name>
         <value>0x8a93</value>
         <object_component_ref idref="oc-1cc"/>
      </symbol>
      <symbol id="sm-aeb">
         <name>uDMAChannelRequest</name>
         <value>0x8b07</value>
         <object_component_ref idref="oc-1cc"/>
      </symbol>
      <symbol id="sm-b2f">
         <name>atan2</name>
         <value>0xa8f1</value>
         <object_component_ref idref="oc-29d"/>
      </symbol>
      <symbol id="sm-b30">
         <name>atan2l</name>
         <value>0xa8f1</value>
         <object_component_ref idref="oc-29d"/>
      </symbol>
      <symbol id="sm-b52">
         <name>sqrtl</name>
         <value>0xb131</value>
         <object_component_ref idref="oc-1b1"/>
      </symbol>
      <symbol id="sm-b53">
         <name>sqrt</name>
         <value>0xb131</value>
         <object_component_ref idref="oc-1b1"/>
      </symbol>
      <symbol id="sm-b89">
         <name>atanl</name>
         <value>0xa395</value>
         <object_component_ref idref="oc-2a3"/>
      </symbol>
      <symbol id="sm-b8a">
         <name>atan</name>
         <value>0xa395</value>
         <object_component_ref idref="oc-2a3"/>
      </symbol>
      <symbol id="sm-bdb">
         <name>cosl</name>
         <value>0x7ed5</value>
         <object_component_ref idref="oc-297"/>
      </symbol>
      <symbol id="sm-bdc">
         <name>cos</name>
         <value>0x7ed5</value>
         <object_component_ref idref="oc-297"/>
      </symbol>
      <symbol id="sm-c28">
         <name>sin</name>
         <value>0x84b1</value>
         <object_component_ref idref="oc-28c"/>
      </symbol>
      <symbol id="sm-c29">
         <name>sinl</name>
         <value>0x84b1</value>
         <object_component_ref idref="oc-28c"/>
      </symbol>
      <symbol id="sm-c50">
         <name>sprintf</name>
         <value>0xc0e9</value>
         <object_component_ref idref="oc-1e7"/>
      </symbol>
      <symbol id="sm-c67">
         <name>__aeabi_dsub</name>
         <value>0xac99</value>
         <object_component_ref idref="oc-292"/>
      </symbol>
      <symbol id="sm-c68">
         <name>__aeabi_dadd</name>
         <value>0xaca3</value>
         <object_component_ref idref="oc-292"/>
      </symbol>
      <symbol id="sm-c8a">
         <name>__aeabi_cdcmpeq</name>
         <value>0xbc55</value>
         <object_component_ref idref="oc-2a9"/>
      </symbol>
      <symbol id="sm-c8b">
         <name>__aeabi_cdcmple</name>
         <value>0xbc55</value>
         <object_component_ref idref="oc-2a9"/>
      </symbol>
      <symbol id="sm-c8c">
         <name>__aeabi_cdrcmple</name>
         <value>0xbcdb</value>
         <object_component_ref idref="oc-3ea"/>
      </symbol>
      <symbol id="sm-ca0">
         <name>__aeabi_ddiv</name>
         <value>0xb3c5</value>
         <object_component_ref idref="oc-279"/>
      </symbol>
      <symbol id="sm-cab">
         <name>__aeabi_dmul</name>
         <value>0xb731</value>
         <object_component_ref idref="oc-27e"/>
      </symbol>
      <symbol id="sm-cb5">
         <name>__aeabi_d2iz</name>
         <value>0xc05d</value>
         <object_component_ref idref="oc-1b7"/>
      </symbol>
      <symbol id="sm-cbf">
         <name>__aeabi_i2d</name>
         <value>0xc211</value>
         <object_component_ref idref="oc-1ac"/>
      </symbol>
      <symbol id="sm-cda">
         <name>memcpy</name>
         <value>0xba97</value>
         <object_component_ref idref="oc-3b"/>
      </symbol>
      <symbol id="sm-cdb">
         <name>__aeabi_memcpy</name>
         <value>0xba97</value>
         <object_component_ref idref="oc-3b"/>
      </symbol>
      <symbol id="sm-cdc">
         <name>__aeabi_memcpy8</name>
         <value>0xba97</value>
         <object_component_ref idref="oc-3b"/>
      </symbol>
      <symbol id="sm-cdd">
         <name>__aeabi_memcpy4</name>
         <value>0xba97</value>
         <object_component_ref idref="oc-3b"/>
      </symbol>
      <symbol id="sm-cef">
         <name>__TI_zero_init</name>
         <value>0xc2d7</value>
         <object_component_ref idref="oc-4d"/>
      </symbol>
      <symbol id="sm-d06">
         <name>__TI_decompress_none</name>
         <value>0xc2c9</value>
         <object_component_ref idref="oc-1b"/>
      </symbol>
      <symbol id="sm-d29">
         <name>__TI_decompress_lzss</name>
         <value>0xbe49</value>
         <object_component_ref idref="oc-15"/>
      </symbol>
      <symbol id="sm-d37">
         <name>strlen</name>
         <value>0xc2a3</value>
         <object_component_ref idref="oc-253"/>
      </symbol>
      <symbol id="sm-da7">
         <name>__kernel_rem_pio2</name>
         <value>0x6b29</value>
         <object_component_ref idref="oc-3d7"/>
      </symbol>
      <symbol id="sm-dbd">
         <name>__aeabi_errno_addr</name>
         <value>0xc2f9</value>
         <object_component_ref idref="oc-328"/>
      </symbol>
      <symbol id="sm-dbe">
         <name>errno</name>
         <value>0x2000928c</value>
         <object_component_ref idref="oc-423"/>
      </symbol>
      <symbol id="sm-dd1">
         <name>__stack</name>
         <value>0x20009290</value>
         <object_component_ref idref="oc-24"/>
      </symbol>
      <symbol id="sm-dd2">
         <name>_c_int00_noargs</name>
         <value>0xc1dd</value>
         <object_component_ref idref="oc-59"/>
      </symbol>
      <symbol id="sm-de8">
         <name>__kernel_cos</name>
         <value>0xafc5</value>
         <object_component_ref idref="oc-3dd"/>
      </symbol>
      <symbol id="sm-dff">
         <name>__kernel_sin</name>
         <value>0xae51</value>
         <object_component_ref idref="oc-3d1"/>
      </symbol>
      <symbol id="sm-e1c">
         <name>floorl</name>
         <value>0xb82d</value>
         <object_component_ref idref="oc-494"/>
      </symbol>
      <symbol id="sm-e1d">
         <name>floor</name>
         <value>0xb82d</value>
         <object_component_ref idref="oc-494"/>
      </symbol>
      <symbol id="sm-e3a">
         <name>scalbn</name>
         <value>0xb621</value>
         <object_component_ref idref="oc-48e"/>
      </symbol>
      <symbol id="sm-e3b">
         <name>scalbnl</name>
         <value>0xb621</value>
         <object_component_ref idref="oc-48e"/>
      </symbol>
      <symbol id="sm-e3c">
         <name>ldexpl</name>
         <value>0xb621</value>
         <object_component_ref idref="oc-48e"/>
      </symbol>
      <symbol id="sm-e3d">
         <name>ldexp</name>
         <value>0xb621</value>
         <object_component_ref idref="oc-48e"/>
      </symbol>
      <symbol id="sm-e47">
         <name>copysign</name>
         <value>0xc25b</value>
         <object_component_ref idref="oc-51a"/>
      </symbol>
      <symbol id="sm-e48">
         <name>copysignl</name>
         <value>0xc25b</value>
         <object_component_ref idref="oc-51a"/>
      </symbol>
      <symbol id="sm-fad">
         <name>__TI_printfi</name>
         <value>0x4eb1</value>
         <object_component_ref idref="oc-352"/>
      </symbol>
      <symbol id="sm-fbc">
         <name>__aeabi_memset</name>
         <value>0xbd63</value>
         <object_component_ref idref="oc-8f"/>
      </symbol>
      <symbol id="sm-fbd">
         <name>memset</name>
         <value>0xbd69</value>
         <object_component_ref idref="oc-8f"/>
      </symbol>
      <symbol id="sm-fbe">
         <name>__aeabi_memset8</name>
         <value>0xbd63</value>
         <object_component_ref idref="oc-8f"/>
      </symbol>
      <symbol id="sm-fbf">
         <name>__aeabi_memset4</name>
         <value>0xbd63</value>
         <object_component_ref idref="oc-8f"/>
      </symbol>
      <symbol id="sm-fc0">
         <name>__aeabi_memclr8</name>
         <value>0xbd61</value>
         <object_component_ref idref="oc-8f"/>
      </symbol>
      <symbol id="sm-fc1">
         <name>__aeabi_memclr4</name>
         <value>0xbd61</value>
         <object_component_ref idref="oc-8f"/>
      </symbol>
      <symbol id="sm-fc2">
         <name>__aeabi_memclr</name>
         <value>0xbd61</value>
         <object_component_ref idref="oc-8f"/>
      </symbol>
      <symbol id="sm-fcf">
         <name>__aeabi_uldivmod</name>
         <value>0xbb33</value>
         <object_component_ref idref="oc-4ca"/>
      </symbol>
      <symbol id="sm-ff7">
         <name>__TI_auto_init_nobinit_nopinit</name>
         <value>0xc0a5</value>
         <object_component_ref idref="oc-12f"/>
      </symbol>
      <symbol id="sm-1001">
         <name>_system_pre_init</name>
         <value>0xc307</value>
         <object_component_ref idref="oc-95"/>
      </symbol>
      <symbol id="sm-100d">
         <name>C$$EXIT</name>
         <value>0xc30b</value>
         <object_component_ref idref="oc-123"/>
      </symbol>
      <symbol id="sm-100e">
         <name>abort</name>
         <value>0xc30b</value>
         <object_component_ref idref="oc-123"/>
      </symbol>
      <symbol id="sm-101e">
         <name>__TI_ltoa</name>
         <value>0xbf6b</value>
         <object_component_ref idref="oc-4d0"/>
      </symbol>
      <symbol id="sm-1035">
         <name>atoi</name>
         <value>0xc011</value>
         <object_component_ref idref="oc-442"/>
      </symbol>
      <symbol id="sm-1040">
         <name>_ctypes_</name>
         <value>0xe618</value>
         <object_component_ref idref="oc-4c5"/>
      </symbol>
      <symbol id="sm-1050">
         <name>memccpy</name>
         <value>0xc23f</value>
         <object_component_ref idref="oc-466"/>
      </symbol>
      <symbol id="sm-1060">
         <name>strchr</name>
         <value>0xc28d</value>
         <object_component_ref idref="oc-4f7"/>
      </symbol>
      <symbol id="sm-1076">
         <name>frexpl</name>
         <value>0xbeb1</value>
         <object_component_ref idref="oc-4f1"/>
      </symbol>
      <symbol id="sm-1077">
         <name>frexp</name>
         <value>0xbeb1</value>
         <object_component_ref idref="oc-4f1"/>
      </symbol>
      <symbol id="sm-1090">
         <name>wcslen</name>
         <value>0xc2b7</value>
         <object_component_ref idref="oc-46c"/>
      </symbol>
      <symbol id="sm-109a">
         <name>__aeabi_idiv0</name>
         <value>0x58ff</value>
         <object_component_ref idref="oc-536"/>
      </symbol>
      <symbol id="sm-109b">
         <name>__aeabi_ldiv0</name>
         <value>0x58ff</value>
         <object_component_ref idref="oc-536"/>
      </symbol>
      <symbol id="sm-109c">
         <name>__TI_static_base__</name>
         <value>0x0</value>
      </symbol>
      <symbol id="sm-109f">
         <name>__mpu_init</name>
         <value>0x0</value>
      </symbol>
      <symbol id="sm-10a0">
         <name>_system_post_cinit</name>
         <value>0x0</value>
      </symbol>
   </symbol_table>
   <title>Link successful</title>
</link_info>
